<?xml version="1.0" encoding="ISO-8859-1" ?>
<link_info>
   <banner>TI ARM Linker PC v20.2.0.LTS</banner>
   <copyright>Copyright (c) 1996-2018 Texas Instruments Incorporated</copyright>
   <link_time>0x65bbc505</link_time>
   <link_errors>0x0</link_errors>
   <output_file>Project1.out</output_file>
   <entry_point>
      <name>_c_int00_noargs</name>
      <address>0x48d9</address>
   </entry_point>
   <input_file_list>
      <input_file id="fl-2">
         <path>.\</path>
         <kind>object</kind>
         <file>cart.obj</file>
         <name>cart.obj</name>
      </input_file>
      <input_file id="fl-3">
         <path>.\</path>
         <kind>object</kind>
         <file>claw_machine.obj</file>
         <name>claw_machine.obj</name>
      </input_file>
      <input_file id="fl-4">
         <path>.\</path>
         <kind>object</kind>
         <file>config.obj</file>
         <name>config.obj</name>
      </input_file>
      <input_file id="fl-5">
         <path>.\</path>
         <kind>object</kind>
         <file>global.obj</file>
         <name>global.obj</name>
      </input_file>
      <input_file id="fl-6">
         <path>.\</path>
         <kind>object</kind>
         <file>main.obj</file>
         <name>main.obj</name>
      </input_file>
      <input_file id="fl-7">
         <path>.\</path>
         <kind>object</kind>
         <file>servo.obj</file>
         <name>servo.obj</name>
      </input_file>
      <input_file id="fl-8">
         <path>.\</path>
         <kind>object</kind>
         <file>startup_msp432p401r_ccs.obj</file>
         <name>startup_msp432p401r_ccs.obj</name>
      </input_file>
      <input_file id="fl-9">
         <path>.\</path>
         <kind>object</kind>
         <file>stepper.obj</file>
         <name>stepper.obj</name>
      </input_file>
      <input_file id="fl-a">
         <path>.\</path>
         <kind>object</kind>
         <file>system_msp432p401r.obj</file>
         <name>system_msp432p401r.obj</name>
      </input_file>
      <input_file id="fl-b">
         <path>.\BlueTooth\BluetoothLib\</path>
         <kind>object</kind>
         <file>BitOperations.obj</file>
         <name>BitOperations.obj</name>
      </input_file>
      <input_file id="fl-c">
         <path>.\BlueTooth\BluetoothLib\</path>
         <kind>object</kind>
         <file>BlueLib.obj</file>
         <name>BlueLib.obj</name>
      </input_file>
      <input_file id="fl-d">
         <path>.\BlueTooth\Hardware\</path>
         <kind>object</kind>
         <file>UART_Driver.obj</file>
         <name>UART_Driver.obj</name>
      </input_file>
      <input_file id="fl-12">
         <kind>object</kind>
         <file>&lt;internal&gt;</file>
         <name>&lt;internal&gt;</name>
      </input_file>
      <input_file id="fl-c8">
         <path>C:\CCS\ccs\tools\compiler\ti-cgt-arm_20.2.0.LTS\lib\</path>
         <kind>archive</kind>
         <file>rtsv7M4_T_le_v4SPD16_eabi.lib</file>
         <name>printf.c.obj</name>
      </input_file>
      <input_file id="fl-c9">
         <path>C:\CCS\ccs\tools\compiler\ti-cgt-arm_20.2.0.LTS\lib\</path>
         <kind>archive</kind>
         <file>rtsv7M4_T_le_v4SPD16_eabi.lib</file>
         <name>_printfi.c.obj</name>
      </input_file>
      <input_file id="fl-ca">
         <path>C:\CCS\ccs\tools\compiler\ti-cgt-arm_20.2.0.LTS\lib\</path>
         <kind>archive</kind>
         <file>rtsv7M4_T_le_v4SPD16_eabi.lib</file>
         <name>fputc.c.obj</name>
      </input_file>
      <input_file id="fl-cb">
         <path>C:\CCS\ccs\tools\compiler\ti-cgt-arm_20.2.0.LTS\lib\</path>
         <kind>archive</kind>
         <file>rtsv7M4_T_le_v4SPD16_eabi.lib</file>
         <name>fputs.c.obj</name>
      </input_file>
      <input_file id="fl-cc">
         <path>C:\CCS\ccs\tools\compiler\ti-cgt-arm_20.2.0.LTS\lib\</path>
         <kind>archive</kind>
         <file>rtsv7M4_T_le_v4SPD16_eabi.lib</file>
         <name>_io_perm.c.obj</name>
      </input_file>
      <input_file id="fl-cd">
         <path>C:\CCS\ccs\tools\compiler\ti-cgt-arm_20.2.0.LTS\lib\</path>
         <kind>archive</kind>
         <file>rtsv7M4_T_le_v4SPD16_eabi.lib</file>
         <name>setvbuf.c.obj</name>
      </input_file>
      <input_file id="fl-ce">
         <path>C:\CCS\ccs\tools\compiler\ti-cgt-arm_20.2.0.LTS\lib\</path>
         <kind>archive</kind>
         <file>rtsv7M4_T_le_v4SPD16_eabi.lib</file>
         <name>fd_add_t2.asm.obj</name>
      </input_file>
      <input_file id="fl-cf">
         <path>C:\CCS\ccs\tools\compiler\ti-cgt-arm_20.2.0.LTS\lib\</path>
         <kind>archive</kind>
         <file>rtsv7M4_T_le_v4SPD16_eabi.lib</file>
         <name>fd_cmp_t2.asm.obj</name>
      </input_file>
      <input_file id="fl-d0">
         <path>C:\CCS\ccs\tools\compiler\ti-cgt-arm_20.2.0.LTS\lib\</path>
         <kind>archive</kind>
         <file>rtsv7M4_T_le_v4SPD16_eabi.lib</file>
         <name>fd_div_t2.asm.obj</name>
      </input_file>
      <input_file id="fl-d1">
         <path>C:\CCS\ccs\tools\compiler\ti-cgt-arm_20.2.0.LTS\lib\</path>
         <kind>archive</kind>
         <file>rtsv7M4_T_le_v4SPD16_eabi.lib</file>
         <name>fd_mul_t2.asm.obj</name>
      </input_file>
      <input_file id="fl-d2">
         <path>C:\CCS\ccs\tools\compiler\ti-cgt-arm_20.2.0.LTS\lib\</path>
         <kind>archive</kind>
         <file>rtsv7M4_T_le_v4SPD16_eabi.lib</file>
         <name>fd_toi_t2.asm.obj</name>
      </input_file>
      <input_file id="fl-d3">
         <path>C:\CCS\ccs\tools\compiler\ti-cgt-arm_20.2.0.LTS\lib\</path>
         <kind>archive</kind>
         <file>rtsv7M4_T_le_v4SPD16_eabi.lib</file>
         <name>fs_toull_t2.asm.obj</name>
      </input_file>
      <input_file id="fl-d4">
         <path>C:\CCS\ccs\tools\compiler\ti-cgt-arm_20.2.0.LTS\lib\</path>
         <kind>archive</kind>
         <file>rtsv7M4_T_le_v4SPD16_eabi.lib</file>
         <name>i_tofd_t2.asm.obj</name>
      </input_file>
      <input_file id="fl-d5">
         <path>C:\CCS\ccs\tools\compiler\ti-cgt-arm_20.2.0.LTS\lib\</path>
         <kind>archive</kind>
         <file>rtsv7M4_T_le_v4SPD16_eabi.lib</file>
         <name>memcpy_t2.asm.obj</name>
      </input_file>
      <input_file id="fl-d6">
         <path>C:\CCS\ccs\tools\compiler\ti-cgt-arm_20.2.0.LTS\lib\</path>
         <kind>archive</kind>
         <file>rtsv7M4_T_le_v4SPD16_eabi.lib</file>
         <name>memset_t2.asm.obj</name>
      </input_file>
      <input_file id="fl-d7">
         <path>C:\CCS\ccs\tools\compiler\ti-cgt-arm_20.2.0.LTS\lib\</path>
         <kind>archive</kind>
         <file>rtsv7M4_T_le_v4SPD16_eabi.lib</file>
         <name>ull_div_t2.asm.obj</name>
      </input_file>
      <input_file id="fl-d8">
         <path>C:\CCS\ccs\tools\compiler\ti-cgt-arm_20.2.0.LTS\lib\</path>
         <kind>archive</kind>
         <file>rtsv7M4_T_le_v4SPD16_eabi.lib</file>
         <name>copy_zero_init.c.obj</name>
      </input_file>
      <input_file id="fl-d9">
         <path>C:\CCS\ccs\tools\compiler\ti-cgt-arm_20.2.0.LTS\lib\</path>
         <kind>archive</kind>
         <file>rtsv7M4_T_le_v4SPD16_eabi.lib</file>
         <name>copy_decompress_none.c.obj</name>
      </input_file>
      <input_file id="fl-da">
         <path>C:\CCS\ccs\tools\compiler\ti-cgt-arm_20.2.0.LTS\lib\</path>
         <kind>archive</kind>
         <file>rtsv7M4_T_le_v4SPD16_eabi.lib</file>
         <name>copy_decompress_lzss.c.obj</name>
      </input_file>
      <input_file id="fl-db">
         <path>C:\CCS\ccs\tools\compiler\ti-cgt-arm_20.2.0.LTS\lib\</path>
         <kind>archive</kind>
         <file>rtsv7M4_T_le_v4SPD16_eabi.lib</file>
         <name>exit.c.obj</name>
      </input_file>
      <input_file id="fl-dc">
         <path>C:\CCS\ccs\tools\compiler\ti-cgt-arm_20.2.0.LTS\lib\</path>
         <kind>archive</kind>
         <file>rtsv7M4_T_le_v4SPD16_eabi.lib</file>
         <name>_lock.c.obj</name>
      </input_file>
      <input_file id="fl-dd">
         <path>C:\CCS\ccs\tools\compiler\ti-cgt-arm_20.2.0.LTS\lib\</path>
         <kind>archive</kind>
         <file>rtsv7M4_T_le_v4SPD16_eabi.lib</file>
         <name>_ltoa.c.obj</name>
      </input_file>
      <input_file id="fl-de">
         <path>C:\CCS\ccs\tools\compiler\ti-cgt-arm_20.2.0.LTS\lib\</path>
         <kind>archive</kind>
         <file>rtsv7M4_T_le_v4SPD16_eabi.lib</file>
         <name>atoi.c.obj</name>
      </input_file>
      <input_file id="fl-df">
         <path>C:\CCS\ccs\tools\compiler\ti-cgt-arm_20.2.0.LTS\lib\</path>
         <kind>archive</kind>
         <file>rtsv7M4_T_le_v4SPD16_eabi.lib</file>
         <name>ctype.c.obj</name>
      </input_file>
      <input_file id="fl-e0">
         <path>C:\CCS\ccs\tools\compiler\ti-cgt-arm_20.2.0.LTS\lib\</path>
         <kind>archive</kind>
         <file>rtsv7M4_T_le_v4SPD16_eabi.lib</file>
         <name>defs.c.obj</name>
      </input_file>
      <input_file id="fl-e1">
         <path>C:\CCS\ccs\tools\compiler\ti-cgt-arm_20.2.0.LTS\lib\</path>
         <kind>archive</kind>
         <file>rtsv7M4_T_le_v4SPD16_eabi.lib</file>
         <name>memccpy.c.obj</name>
      </input_file>
      <input_file id="fl-e2">
         <path>C:\CCS\ccs\tools\compiler\ti-cgt-arm_20.2.0.LTS\lib\</path>
         <kind>archive</kind>
         <file>rtsv7M4_T_le_v4SPD16_eabi.lib</file>
         <name>memchr.c.obj</name>
      </input_file>
      <input_file id="fl-e3">
         <path>C:\CCS\ccs\tools\compiler\ti-cgt-arm_20.2.0.LTS\lib\</path>
         <kind>archive</kind>
         <file>rtsv7M4_T_le_v4SPD16_eabi.lib</file>
         <name>memory.c.obj</name>
      </input_file>
      <input_file id="fl-e4">
         <path>C:\CCS\ccs\tools\compiler\ti-cgt-arm_20.2.0.LTS\lib\</path>
         <kind>archive</kind>
         <file>rtsv7M4_T_le_v4SPD16_eabi.lib</file>
         <name>strchr.c.obj</name>
      </input_file>
      <input_file id="fl-e5">
         <path>C:\CCS\ccs\tools\compiler\ti-cgt-arm_20.2.0.LTS\lib\</path>
         <kind>archive</kind>
         <file>rtsv7M4_T_le_v4SPD16_eabi.lib</file>
         <name>strlen.c.obj</name>
      </input_file>
      <input_file id="fl-e6">
         <path>C:\CCS\ccs\tools\compiler\ti-cgt-arm_20.2.0.LTS\lib\</path>
         <kind>archive</kind>
         <file>rtsv7M4_T_le_v4SPD16_eabi.lib</file>
         <name>write.c.obj</name>
      </input_file>
      <input_file id="fl-e7">
         <path>C:\CCS\ccs\tools\compiler\ti-cgt-arm_20.2.0.LTS\lib\</path>
         <kind>archive</kind>
         <file>rtsv7M4_T_le_v4SPD16_eabi.lib</file>
         <name>host_device.c.obj</name>
      </input_file>
      <input_file id="fl-e8">
         <path>C:\CCS\ccs\tools\compiler\ti-cgt-arm_20.2.0.LTS\lib\</path>
         <kind>archive</kind>
         <file>rtsv7M4_T_le_v4SPD16_eabi.lib</file>
         <name>errno.c.obj</name>
      </input_file>
      <input_file id="fl-e9">
         <path>C:\CCS\ccs\tools\compiler\ti-cgt-arm_20.2.0.LTS\lib\</path>
         <kind>archive</kind>
         <file>rtsv7M4_T_le_v4SPD16_eabi.lib</file>
         <name>boot_cortex_m.c.obj</name>
      </input_file>
      <input_file id="fl-ea">
         <path>C:\CCS\ccs\tools\compiler\ti-cgt-arm_20.2.0.LTS\lib\</path>
         <kind>archive</kind>
         <file>rtsv7M4_T_le_v4SPD16_eabi.lib</file>
         <name>s_frexp.c.obj</name>
      </input_file>
      <input_file id="fl-eb">
         <path>C:\CCS\ccs\tools\compiler\ti-cgt-arm_20.2.0.LTS\lib\</path>
         <kind>archive</kind>
         <file>rtsv7M4_T_le_v4SPD16_eabi.lib</file>
         <name>s_scalbn.c.obj</name>
      </input_file>
      <input_file id="fl-ec">
         <path>C:\CCS\ccs\tools\compiler\ti-cgt-arm_20.2.0.LTS\lib\</path>
         <kind>archive</kind>
         <file>rtsv7M4_T_le_v4SPD16_eabi.lib</file>
         <name>s_copysign.c.obj</name>
      </input_file>
      <input_file id="fl-ed">
         <path>C:\CCS\ccs\tools\compiler\ti-cgt-arm_20.2.0.LTS\lib\</path>
         <kind>archive</kind>
         <file>rtsv7M4_T_le_v4SPD16_eabi.lib</file>
         <name>wcslen.c.obj</name>
      </input_file>
      <input_file id="fl-ee">
         <path>C:\CCS\ccs\tools\compiler\ti-cgt-arm_20.2.0.LTS\lib\</path>
         <kind>archive</kind>
         <file>rtsv7M4_T_le_v4SPD16_eabi.lib</file>
         <name>fflush.c.obj</name>
      </input_file>
      <input_file id="fl-ef">
         <path>C:\CCS\ccs\tools\compiler\ti-cgt-arm_20.2.0.LTS\lib\</path>
         <kind>archive</kind>
         <file>rtsv7M4_T_le_v4SPD16_eabi.lib</file>
         <name>fopen.c.obj</name>
      </input_file>
      <input_file id="fl-f0">
         <path>C:\CCS\ccs\tools\compiler\ti-cgt-arm_20.2.0.LTS\lib\</path>
         <kind>archive</kind>
         <file>rtsv7M4_T_le_v4SPD16_eabi.lib</file>
         <name>fseek.c.obj</name>
      </input_file>
      <input_file id="fl-f1">
         <path>C:\CCS\ccs\tools\compiler\ti-cgt-arm_20.2.0.LTS\lib\</path>
         <kind>archive</kind>
         <file>rtsv7M4_T_le_v4SPD16_eabi.lib</file>
         <name>div0.asm.obj</name>
      </input_file>
      <input_file id="fl-f2">
         <path>C:\CCS\ccs\tools\compiler\ti-cgt-arm_20.2.0.LTS\lib\</path>
         <kind>archive</kind>
         <file>rtsv7M4_T_le_v4SPD16_eabi.lib</file>
         <name>autoinit.c.obj</name>
      </input_file>
      <input_file id="fl-f3">
         <path>C:\CCS\ccs\tools\compiler\ti-cgt-arm_20.2.0.LTS\lib\</path>
         <kind>archive</kind>
         <file>rtsv7M4_T_le_v4SPD16_eabi.lib</file>
         <name>pre_init.c.obj</name>
      </input_file>
      <input_file id="fl-f4">
         <path>C:\CCS\ccs\tools\compiler\ti-cgt-arm_20.2.0.LTS\lib\</path>
         <kind>archive</kind>
         <file>rtsv7M4_T_le_v4SPD16_eabi.lib</file>
         <name>cpy_tbl.c.obj</name>
      </input_file>
      <input_file id="fl-f5">
         <path>C:\CCS\ccs\tools\compiler\ti-cgt-arm_20.2.0.LTS\lib\</path>
         <kind>archive</kind>
         <file>rtsv7M4_T_le_v4SPD16_eabi.lib</file>
         <name>args_main.c.obj</name>
      </input_file>
      <input_file id="fl-f6">
         <path>C:\CCS\ccs\tools\compiler\ti-cgt-arm_20.2.0.LTS\lib\</path>
         <kind>archive</kind>
         <file>rtsv7M4_T_le_v4SPD16_eabi.lib</file>
         <name>hostclose.c.obj</name>
      </input_file>
      <input_file id="fl-f7">
         <path>C:\CCS\ccs\tools\compiler\ti-cgt-arm_20.2.0.LTS\lib\</path>
         <kind>archive</kind>
         <file>rtsv7M4_T_le_v4SPD16_eabi.lib</file>
         <name>hostlseek.c.obj</name>
      </input_file>
      <input_file id="fl-f8">
         <path>C:\CCS\ccs\tools\compiler\ti-cgt-arm_20.2.0.LTS\lib\</path>
         <kind>archive</kind>
         <file>rtsv7M4_T_le_v4SPD16_eabi.lib</file>
         <name>hostopen.c.obj</name>
      </input_file>
      <input_file id="fl-f9">
         <path>C:\CCS\ccs\tools\compiler\ti-cgt-arm_20.2.0.LTS\lib\</path>
         <kind>archive</kind>
         <file>rtsv7M4_T_le_v4SPD16_eabi.lib</file>
         <name>hostread.c.obj</name>
      </input_file>
      <input_file id="fl-fa">
         <path>C:\CCS\ccs\tools\compiler\ti-cgt-arm_20.2.0.LTS\lib\</path>
         <kind>archive</kind>
         <file>rtsv7M4_T_le_v4SPD16_eabi.lib</file>
         <name>hostrename.c.obj</name>
      </input_file>
      <input_file id="fl-fb">
         <path>C:\CCS\ccs\tools\compiler\ti-cgt-arm_20.2.0.LTS\lib\</path>
         <kind>archive</kind>
         <file>rtsv7M4_T_le_v4SPD16_eabi.lib</file>
         <name>hostunlink.c.obj</name>
      </input_file>
      <input_file id="fl-fc">
         <path>C:\CCS\ccs\tools\compiler\ti-cgt-arm_20.2.0.LTS\lib\</path>
         <kind>archive</kind>
         <file>rtsv7M4_T_le_v4SPD16_eabi.lib</file>
         <name>hostwrite.c.obj</name>
      </input_file>
      <input_file id="fl-fd">
         <path>C:\CCS\ccs\tools\compiler\ti-cgt-arm_20.2.0.LTS\lib\</path>
         <kind>archive</kind>
         <file>rtsv7M4_T_le_v4SPD16_eabi.lib</file>
         <name>trgmsg.c.obj</name>
      </input_file>
      <input_file id="fl-fe">
         <path>C:\CCS\ccs\tools\compiler\ti-cgt-arm_20.2.0.LTS\lib\</path>
         <kind>archive</kind>
         <file>rtsv7M4_T_le_v4SPD16_eabi.lib</file>
         <name>open.c.obj</name>
      </input_file>
      <input_file id="fl-ff">
         <path>C:\CCS\ccs\tools\compiler\ti-cgt-arm_20.2.0.LTS\lib\</path>
         <kind>archive</kind>
         <file>rtsv7M4_T_le_v4SPD16_eabi.lib</file>
         <name>lseek.c.obj</name>
      </input_file>
      <input_file id="fl-100">
         <path>C:\CCS\ccs\tools\compiler\ti-cgt-arm_20.2.0.LTS\lib\</path>
         <kind>archive</kind>
         <file>rtsv7M4_T_le_v4SPD16_eabi.lib</file>
         <name>fclose.c.obj</name>
      </input_file>
      <input_file id="fl-101">
         <path>C:\CCS\ccs\tools\compiler\ti-cgt-arm_20.2.0.LTS\lib\</path>
         <kind>archive</kind>
         <file>rtsv7M4_T_le_v4SPD16_eabi.lib</file>
         <name>getdevice.c.obj</name>
      </input_file>
      <input_file id="fl-102">
         <path>C:\CCS\ccs\tools\compiler\ti-cgt-arm_20.2.0.LTS\lib\</path>
         <kind>archive</kind>
         <file>rtsv7M4_T_le_v4SPD16_eabi.lib</file>
         <name>strcmp.c.obj</name>
      </input_file>
      <input_file id="fl-103">
         <path>C:\CCS\ccs\tools\compiler\ti-cgt-arm_20.2.0.LTS\lib\</path>
         <kind>archive</kind>
         <file>rtsv7M4_T_le_v4SPD16_eabi.lib</file>
         <name>strcpy.c.obj</name>
      </input_file>
      <input_file id="fl-104">
         <path>C:\CCS\ccs\tools\compiler\ti-cgt-arm_20.2.0.LTS\lib\</path>
         <kind>archive</kind>
         <file>rtsv7M4_T_le_v4SPD16_eabi.lib</file>
         <name>strncpy.c.obj</name>
      </input_file>
      <input_file id="fl-105">
         <path>C:\CCS\ccs\tools\compiler\ti-cgt-arm_20.2.0.LTS\lib\</path>
         <kind>archive</kind>
         <file>rtsv7M4_T_le_v4SPD16_eabi.lib</file>
         <name>remove.c.obj</name>
      </input_file>
      <input_file id="fl-106">
         <path>C:\CCS\ccs\tools\compiler\ti-cgt-arm_20.2.0.LTS\lib\</path>
         <kind>archive</kind>
         <file>rtsv7M4_T_le_v4SPD16_eabi.lib</file>
         <name>close.c.obj</name>
      </input_file>
      <input_file id="fl-107">
         <path>C:\CCS\ccs\tools\compiler\ti-cgt-arm_20.2.0.LTS\lib\</path>
         <kind>archive</kind>
         <file>rtsv7M4_T_le_v4SPD16_eabi.lib</file>
         <name>unlink.c.obj</name>
      </input_file>
      <input_file id="fl-108">
         <path>C:\Users\HUAWEI\Desktop\msp432Library\source\ti\devices\msp432p4xx\driverlib\ccs\</path>
         <kind>archive</kind>
         <file>msp432p4xx_driverlib.lib</file>
         <name>cs.o</name>
      </input_file>
      <input_file id="fl-109">
         <path>C:\Users\HUAWEI\Desktop\msp432Library\source\ti\devices\msp432p4xx\driverlib\ccs\</path>
         <kind>archive</kind>
         <file>msp432p4xx_driverlib.lib</file>
         <name>flash.o</name>
      </input_file>
      <input_file id="fl-10a">
         <path>C:\Users\HUAWEI\Desktop\msp432Library\source\ti\devices\msp432p4xx\driverlib\ccs\</path>
         <kind>archive</kind>
         <file>msp432p4xx_driverlib.lib</file>
         <name>gpio.o</name>
      </input_file>
      <input_file id="fl-10b">
         <path>C:\Users\HUAWEI\Desktop\msp432Library\source\ti\devices\msp432p4xx\driverlib\ccs\</path>
         <kind>archive</kind>
         <file>msp432p4xx_driverlib.lib</file>
         <name>interrupt.o</name>
      </input_file>
      <input_file id="fl-10c">
         <path>C:\Users\HUAWEI\Desktop\msp432Library\source\ti\devices\msp432p4xx\driverlib\ccs\</path>
         <kind>archive</kind>
         <file>msp432p4xx_driverlib.lib</file>
         <name>pcm.o</name>
      </input_file>
      <input_file id="fl-10d">
         <path>C:\Users\HUAWEI\Desktop\msp432Library\source\ti\devices\msp432p4xx\driverlib\ccs\</path>
         <kind>archive</kind>
         <file>msp432p4xx_driverlib.lib</file>
         <name>rtc_c.o</name>
      </input_file>
      <input_file id="fl-10e">
         <path>C:\Users\HUAWEI\Desktop\msp432Library\source\ti\devices\msp432p4xx\driverlib\ccs\</path>
         <kind>archive</kind>
         <file>msp432p4xx_driverlib.lib</file>
         <name>sysctl.o</name>
      </input_file>
      <input_file id="fl-10f">
         <path>C:\Users\HUAWEI\Desktop\msp432Library\source\ti\devices\msp432p4xx\driverlib\ccs\</path>
         <kind>archive</kind>
         <file>msp432p4xx_driverlib.lib</file>
         <name>sysctl_a.o</name>
      </input_file>
      <input_file id="fl-110">
         <path>C:\Users\HUAWEI\Desktop\msp432Library\source\ti\devices\msp432p4xx\driverlib\ccs\</path>
         <kind>archive</kind>
         <file>msp432p4xx_driverlib.lib</file>
         <name>timer_a.o</name>
      </input_file>
      <input_file id="fl-111">
         <path>C:\Users\HUAWEI\Desktop\msp432Library\source\ti\devices\msp432p4xx\driverlib\ccs\</path>
         <kind>archive</kind>
         <file>msp432p4xx_driverlib.lib</file>
         <name>uart.o</name>
      </input_file>
      <input_file id="fl-112">
         <path>C:\Users\HUAWEI\Desktop\msp432Library\source\ti\devices\msp432p4xx\driverlib\ccs\</path>
         <kind>archive</kind>
         <file>msp432p4xx_driverlib.lib</file>
         <name>wdt_a.o</name>
      </input_file>
      <input_file id="fl-113">
         <path>C:\Users\HUAWEI\Desktop\msp432Library\source\ti\devices\msp432p4xx\driverlib\ccs\</path>
         <kind>archive</kind>
         <file>msp432p4xx_driverlib.lib</file>
         <name>cpu.o</name>
      </input_file>
   </input_file_list>
   <object_component_list>
      <object_component id="oc-26">
         <name>.intvecs:retain</name>
         <load_address>0x0</load_address>
         <run_address>0x0</run_address>
         <size>0xe4</size>
         <input_file_ref idref="fl-8"/>
      </object_component>
      <object_component id="oc-1e2">
         <name>.text:__TI_printfi</name>
         <load_address>0xe4</load_address>
         <run_address>0xe4</run_address>
         <size>0xa4e</size>
         <input_file_ref idref="fl-c9"/>
      </object_component>
      <object_component id="oc-31f">
         <name>.text:_nop</name>
         <load_address>0xb32</load_address>
         <run_address>0xb32</run_address>
         <size>0x2</size>
         <input_file_ref idref="fl-dc"/>
      </object_component>
      <object_component id="oc-bf">
         <name>.text</name>
         <load_address>0xb34</load_address>
         <run_address>0xb34</run_address>
         <size>0x534</size>
         <input_file_ref idref="fl-c"/>
      </object_component>
      <object_component id="oc-f5">
         <name>.text</name>
         <load_address>0x1068</load_address>
         <run_address>0x1068</run_address>
         <size>0x380</size>
         <input_file_ref idref="fl-9"/>
      </object_component>
      <object_component id="oc-76">
         <name>.text</name>
         <load_address>0x13e8</load_address>
         <run_address>0x13e8</run_address>
         <size>0x378</size>
         <input_file_ref idref="fl-d"/>
      </object_component>
      <object_component id="oc-b2">
         <name>.text</name>
         <load_address>0x1760</load_address>
         <run_address>0x1760</run_address>
         <size>0x334</size>
         <input_file_ref idref="fl-a"/>
      </object_component>
      <object_component id="oc-2fb">
         <name>.text:_pconv_a</name>
         <load_address>0x1a94</load_address>
         <run_address>0x1a94</run_address>
         <size>0x270</size>
         <input_file_ref idref="fl-c9"/>
      </object_component>
      <object_component id="oc-70">
         <name>.text</name>
         <load_address>0x1d04</load_address>
         <run_address>0x1d04</run_address>
         <size>0x208</size>
         <input_file_ref idref="fl-6"/>
      </object_component>
      <object_component id="oc-101">
         <name>.text</name>
         <load_address>0x1f0c</load_address>
         <run_address>0x1f0c</run_address>
         <size>0x1d8</size>
         <input_file_ref idref="fl-3"/>
      </object_component>
      <object_component id="oc-2e9">
         <name>.text:_pconv_g</name>
         <load_address>0x20e4</load_address>
         <run_address>0x20e4</run_address>
         <size>0x1d0</size>
         <input_file_ref idref="fl-c9"/>
      </object_component>
      <object_component id="oc-422">
         <name>.text</name>
         <load_address>0x22b4</load_address>
         <run_address>0x22b4</run_address>
         <size>0x1b6</size>
         <input_file_ref idref="fl-ce"/>
      </object_component>
      <object_component id="oc-4d0">
         <name>.text</name>
         <load_address>0x246a</load_address>
         <run_address>0x246a</run_address>
         <size>0x2</size>
         <input_file_ref idref="fl-f1"/>
      </object_component>
      <object_component id="oc-4c2">
         <name>.text:__PCM_setPowerModeAdvanced</name>
         <load_address>0x246c</load_address>
         <run_address>0x246c</run_address>
         <size>0x15c</size>
         <input_file_ref idref="fl-10c"/>
      </object_component>
      <object_component id="oc-201">
         <name>.text:privateTimer_AProcessClockSourceDivider</name>
         <load_address>0x25c8</load_address>
         <run_address>0x25c8</run_address>
         <size>0x144</size>
         <input_file_ref idref="fl-110"/>
      </object_component>
      <object_component id="oc-2f5">
         <name>.text:_pconv_e</name>
         <load_address>0x270c</load_address>
         <run_address>0x270c</run_address>
         <size>0x13c</size>
         <input_file_ref idref="fl-c9"/>
      </object_component>
      <object_component id="oc-408">
         <name>.text</name>
         <load_address>0x2848</load_address>
         <run_address>0x2848</run_address>
         <size>0x136</size>
         <input_file_ref idref="fl-d0"/>
      </object_component>
      <object_component id="oc-e9">
         <name>.text:CS_initClockSignal</name>
         <load_address>0x2980</load_address>
         <run_address>0x2980</run_address>
         <size>0x130</size>
         <input_file_ref idref="fl-108"/>
      </object_component>
      <object_component id="oc-25b">
         <name>.text</name>
         <load_address>0x2ab0</load_address>
         <run_address>0x2ab0</run_address>
         <size>0x130</size>
         <input_file_ref idref="fl-7"/>
      </object_component>
      <object_component id="oc-434">
         <name>.text:fcvt</name>
         <load_address>0x2be0</load_address>
         <run_address>0x2be0</run_address>
         <size>0x124</size>
         <input_file_ref idref="fl-c9"/>
      </object_component>
      <object_component id="oc-130">
         <name>.text:UART_initModule</name>
         <load_address>0x2d04</load_address>
         <run_address>0x2d04</run_address>
         <size>0x11c</size>
         <input_file_ref idref="fl-111"/>
      </object_component>
      <object_component id="oc-32d">
         <name>.text:fputs</name>
         <load_address>0x2e20</load_address>
         <run_address>0x2e20</run_address>
         <size>0x114</size>
         <input_file_ref idref="fl-cb"/>
      </object_component>
      <object_component id="oc-448">
         <name>.text:scalbn</name>
         <load_address>0x2f34</load_address>
         <run_address>0x2f34</run_address>
         <size>0x110</size>
         <input_file_ref idref="fl-eb"/>
      </object_component>
      <object_component id="oc-2c5">
         <name>.text:__PCM_setCoreVoltageLevelAdvanced</name>
         <load_address>0x3044</load_address>
         <run_address>0x3044</run_address>
         <size>0x108</size>
         <input_file_ref idref="fl-10c"/>
      </object_component>
      <object_component id="oc-57e">
         <name>.text:aligned_alloc</name>
         <load_address>0x314c</load_address>
         <run_address>0x314c</run_address>
         <size>0x108</size>
         <input_file_ref idref="fl-e3"/>
      </object_component>
      <object_component id="oc-403">
         <name>.text</name>
         <load_address>0x3254</load_address>
         <run_address>0x3254</run_address>
         <size>0xfc</size>
         <input_file_ref idref="fl-d1"/>
      </object_component>
      <object_component id="oc-fb">
         <name>.text</name>
         <load_address>0x3350</load_address>
         <run_address>0x3350</run_address>
         <size>0xe8</size>
         <input_file_ref idref="fl-2"/>
      </object_component>
      <object_component id="oc-53c">
         <name>.text:free</name>
         <load_address>0x3438</load_address>
         <run_address>0x3438</run_address>
         <size>0xe4</size>
         <input_file_ref idref="fl-e3"/>
      </object_component>
      <object_component id="oc-50b">
         <name>.text:setvbuf</name>
         <load_address>0x351c</load_address>
         <run_address>0x351c</run_address>
         <size>0xdc</size>
         <input_file_ref idref="fl-cd"/>
      </object_component>
      <object_component id="oc-2de">
         <name>.text:_ltostr</name>
         <load_address>0x35f8</load_address>
         <run_address>0x35f8</run_address>
         <size>0xb1</size>
         <input_file_ref idref="fl-c9"/>
      </object_component>
      <object_component id="oc-1d2">
         <name>.text</name>
         <load_address>0x36ac</load_address>
         <run_address>0x36ac</run_address>
         <size>0xac</size>
         <input_file_ref idref="fl-b"/>
      </object_component>
      <object_component id="oc-3a">
         <name>.text</name>
         <load_address>0x3758</load_address>
         <run_address>0x3758</run_address>
         <size>0x9c</size>
         <input_file_ref idref="fl-d5"/>
      </object_component>
      <object_component id="oc-3fc">
         <name>.text</name>
         <load_address>0x37f4</load_address>
         <run_address>0x37f4</run_address>
         <size>0x96</size>
         <input_file_ref idref="fl-d7"/>
      </object_component>
      <object_component id="oc-334">
         <name>.text:fputc</name>
         <load_address>0x388c</load_address>
         <run_address>0x388c</run_address>
         <size>0x8c</size>
         <input_file_ref idref="fl-ca"/>
      </object_component>
      <object_component id="oc-396">
         <name>.text:GPIO_setAsPeripheralModuleFunctionOutputPin</name>
         <load_address>0x3918</load_address>
         <run_address>0x3918</run_address>
         <size>0x88</size>
         <input_file_ref idref="fl-10a"/>
      </object_component>
      <object_component id="oc-2e4">
         <name>.text:__aeabi_cdcmple</name>
         <load_address>0x39a0</load_address>
         <run_address>0x39a0</run_address>
         <size>0x86</size>
         <input_file_ref idref="fl-cf"/>
      </object_component>
      <object_component id="oc-40d">
         <name>.text:__aeabi_cdrcmple</name>
         <load_address>0x3a26</load_address>
         <run_address>0x3a26</run_address>
         <size>0x86</size>
         <input_file_ref idref="fl-cf"/>
      </object_component>
      <object_component id="oc-d7">
         <name>.text:Interrupt_enableInterrupt</name>
         <load_address>0x3aac</load_address>
         <run_address>0x3aac</run_address>
         <size>0x80</size>
         <input_file_ref idref="fl-10b"/>
      </object_component>
      <object_component id="oc-9a">
         <name>.text</name>
         <load_address>0x3b2c</load_address>
         <run_address>0x3b2c</run_address>
         <size>0x7a</size>
         <input_file_ref idref="fl-d6"/>
      </object_component>
      <object_component id="oc-585">
         <name>.text:__TI_closefile</name>
         <load_address>0x3ba8</load_address>
         <run_address>0x3ba8</run_address>
         <size>0x74</size>
         <input_file_ref idref="fl-100"/>
      </object_component>
      <object_component id="oc-5c6">
         <name>.text:split</name>
         <load_address>0x3c1c</load_address>
         <run_address>0x3c1c</run_address>
         <size>0x70</size>
         <input_file_ref idref="fl-e3"/>
      </object_component>
      <object_component id="oc-42d">
         <name>.text:_mcpy</name>
         <load_address>0x3c8c</load_address>
         <run_address>0x3c8c</run_address>
         <size>0x6e</size>
         <input_file_ref idref="fl-c9"/>
      </object_component>
      <object_component id="oc-5b5">
         <name>.text:HOSTrename</name>
         <load_address>0x3cfc</load_address>
         <run_address>0x3cfc</run_address>
         <size>0x6c</size>
         <input_file_ref idref="fl-fa"/>
      </object_component>
      <object_component id="oc-5a9">
         <name>.text:HOSTlseek</name>
         <load_address>0x3d68</load_address>
         <run_address>0x3d68</run_address>
         <size>0x68</size>
         <input_file_ref idref="fl-f7"/>
      </object_component>
      <object_component id="oc-cb">
         <name>.text:Timer_A_configureUpMode</name>
         <load_address>0x3dd0</load_address>
         <run_address>0x3dd0</run_address>
         <size>0x68</size>
         <input_file_ref idref="fl-110"/>
      </object_component>
      <object_component id="oc-17">
         <name>.text:decompress:lzss:__TI_decompress_lzss</name>
         <load_address>0x3e38</load_address>
         <run_address>0x3e38</run_address>
         <size>0x68</size>
         <input_file_ref idref="fl-da"/>
      </object_component>
      <object_component id="oc-c5">
         <name>.text:printf</name>
         <load_address>0x3ea0</load_address>
         <run_address>0x3ea0</run_address>
         <size>0x68</size>
         <input_file_ref idref="fl-c8"/>
      </object_component>
      <object_component id="oc-136">
         <name>.text:UART_getEnabledInterruptStatus</name>
         <load_address>0x3f08</load_address>
         <run_address>0x3f08</run_address>
         <size>0x64</size>
         <input_file_ref idref="fl-111"/>
      </object_component>
      <object_component id="oc-442">
         <name>.text:frexp</name>
         <load_address>0x3f6c</load_address>
         <run_address>0x3f6c</run_address>
         <size>0x64</size>
         <input_file_ref idref="fl-ea"/>
      </object_component>
      <object_component id="oc-505">
         <name>.text:fseek</name>
         <load_address>0x3fd0</load_address>
         <run_address>0x3fd0</run_address>
         <size>0x64</size>
         <input_file_ref idref="fl-f0"/>
      </object_component>
      <object_component id="oc-479">
         <name>.text:__TI_wrt_ok</name>
         <load_address>0x4034</load_address>
         <run_address>0x4034</run_address>
         <size>0x62</size>
         <input_file_ref idref="fl-cc"/>
      </object_component>
      <object_component id="oc-591">
         <name>.text:HOSTopen</name>
         <load_address>0x4098</load_address>
         <run_address>0x4098</run_address>
         <size>0x60</size>
         <input_file_ref idref="fl-f8"/>
      </object_component>
      <object_component id="oc-3e2">
         <name>.text:PCM_getCoreVoltageLevel</name>
         <load_address>0x40f8</load_address>
         <run_address>0x40f8</run_address>
         <size>0x5e</size>
         <input_file_ref idref="fl-10c"/>
      </object_component>
      <object_component id="oc-5cd">
         <name>.text:close</name>
         <load_address>0x4158</load_address>
         <run_address>0x4158</run_address>
         <size>0x5c</size>
         <input_file_ref idref="fl-106"/>
      </object_component>
      <object_component id="oc-3dc">
         <name>.text:PCM_getPowerMode</name>
         <load_address>0x41b4</load_address>
         <run_address>0x41b4</run_address>
         <size>0x5a</size>
         <input_file_ref idref="fl-10c"/>
      </object_component>
      <object_component id="oc-59d">
         <name>.text:HOSTread</name>
         <load_address>0x4210</load_address>
         <run_address>0x4210</run_address>
         <size>0x58</size>
         <input_file_ref idref="fl-f9"/>
      </object_component>
      <object_component id="oc-5a3">
         <name>.text:HOSTwrite</name>
         <load_address>0x4268</load_address>
         <run_address>0x4268</run_address>
         <size>0x58</size>
         <input_file_ref idref="fl-fc"/>
      </object_component>
      <object_component id="oc-2ef">
         <name>.text:_pconv_f</name>
         <load_address>0x42c0</load_address>
         <run_address>0x42c0</run_address>
         <size>0x56</size>
         <input_file_ref idref="fl-c9"/>
      </object_component>
      <object_component id="oc-417">
         <name>.text:__TI_ltoa</name>
         <load_address>0x4316</load_address>
         <run_address>0x4316</run_address>
         <size>0x54</size>
         <input_file_ref idref="fl-dd"/>
      </object_component>
      <object_component id="oc-427">
         <name>.text:_ecpy</name>
         <load_address>0x436a</load_address>
         <run_address>0x436a</run_address>
         <size>0x52</size>
         <input_file_ref idref="fl-c9"/>
      </object_component>
      <object_component id="oc-21d">
         <name>.text</name>
         <load_address>0x43bc</load_address>
         <run_address>0x43bc</run_address>
         <size>0x50</size>
         <input_file_ref idref="fl-d3"/>
      </object_component>
      <object_component id="oc-39c">
         <name>.text:Timer_A_initCompare</name>
         <load_address>0x440c</load_address>
         <run_address>0x440c</run_address>
         <size>0x4e</size>
         <input_file_ref idref="fl-110"/>
      </object_component>
      <object_component id="oc-485">
         <name>.text:__TI_doflush</name>
         <load_address>0x445a</load_address>
         <run_address>0x445a</run_address>
         <size>0x4c</size>
         <input_file_ref idref="fl-ee"/>
      </object_component>
      <object_component id="oc-2d8">
         <name>.text:atoi</name>
         <load_address>0x44a8</load_address>
         <run_address>0x44a8</run_address>
         <size>0x4c</size>
         <input_file_ref idref="fl-de"/>
      </object_component>
      <object_component id="oc-1c0">
         <name>.text:FlashCtl_setWaitState</name>
         <load_address>0x44f4</load_address>
         <run_address>0x44f4</run_address>
         <size>0x48</size>
         <input_file_ref idref="fl-109"/>
      </object_component>
      <object_component id="oc-17e">
         <name>.text:exit</name>
         <load_address>0x453c</load_address>
         <run_address>0x453c</run_address>
         <size>0x48</size>
         <input_file_ref idref="fl-db"/>
      </object_component>
      <object_component id="oc-412">
         <name>.text</name>
         <load_address>0x4584</load_address>
         <run_address>0x4584</run_address>
         <size>0x48</size>
         <input_file_ref idref="fl-d2"/>
      </object_component>
      <object_component id="oc-597">
         <name>.text:HOSTclose</name>
         <load_address>0x45cc</load_address>
         <run_address>0x45cc</run_address>
         <size>0x44</size>
         <input_file_ref idref="fl-f6"/>
      </object_component>
      <object_component id="oc-5af">
         <name>.text:HOSTunlink</name>
         <load_address>0x4610</load_address>
         <run_address>0x4610</run_address>
         <size>0x44</size>
         <input_file_ref idref="fl-fb"/>
      </object_component>
      <object_component id="oc-184">
         <name>.text:__TI_auto_init_nobinit_nopinit:__TI_auto_init_nobinit_nopinit</name>
         <load_address>0x4654</load_address>
         <run_address>0x4654</run_address>
         <size>0x44</size>
         <input_file_ref idref="fl-f2"/>
      </object_component>
      <object_component id="oc-605">
         <name>.text:getdevice</name>
         <load_address>0x4698</load_address>
         <run_address>0x4698</run_address>
         <size>0x44</size>
         <input_file_ref idref="fl-101"/>
      </object_component>
      <object_component id="oc-217">
         <name>.text:GPIO_setAsOutputPin</name>
         <load_address>0x46dc</load_address>
         <run_address>0x46dc</run_address>
         <size>0x40</size>
         <input_file_ref idref="fl-10a"/>
      </object_component>
      <object_component id="oc-43a">
         <name>.text:_fcpy</name>
         <load_address>0x471c</load_address>
         <run_address>0x471c</run_address>
         <size>0x3e</size>
         <input_file_ref idref="fl-c9"/>
      </object_component>
      <object_component id="oc-22f">
         <name>.text</name>
         <load_address>0x475a</load_address>
         <run_address>0x475a</run_address>
         <size>0x3e</size>
         <input_file_ref idref="fl-5"/>
      </object_component>
      <object_component id="oc-5de">
         <name>.text:__TI_writemsg</name>
         <load_address>0x4798</load_address>
         <run_address>0x4798</run_address>
         <size>0x38</size>
         <input_file_ref idref="fl-fd"/>
      </object_component>
      <object_component id="oc-627">
         <name>.text:strncpy</name>
         <load_address>0x47d0</load_address>
         <run_address>0x47d0</run_address>
         <size>0x36</size>
         <input_file_ref idref="fl-104"/>
      </object_component>
      <object_component id="oc-1cc">
         <name>.text:CS_setDCOCenteredFrequency</name>
         <load_address>0x4808</load_address>
         <run_address>0x4808</run_address>
         <size>0x34</size>
         <input_file_ref idref="fl-108"/>
      </object_component>
      <object_component id="oc-ef">
         <name>.text:Timer_A_configureContinuousMode</name>
         <load_address>0x483c</load_address>
         <run_address>0x483c</run_address>
         <size>0x34</size>
         <input_file_ref idref="fl-110"/>
      </object_component>
      <object_component id="oc-548">
         <name>.text:__TI_cleanup</name>
         <load_address>0x4870</load_address>
         <run_address>0x4870</run_address>
         <size>0x34</size>
         <input_file_ref idref="fl-ef"/>
      </object_component>
      <object_component id="oc-5e4">
         <name>.text:__TI_readmsg</name>
         <load_address>0x48a4</load_address>
         <run_address>0x48a4</run_address>
         <size>0x34</size>
         <input_file_ref idref="fl-fd"/>
      </object_component>
      <object_component id="oc-58">
         <name>.text:_c_int00_noargs:_c_int00_noargs</name>
         <load_address>0x48d8</load_address>
         <run_address>0x48d8</run_address>
         <size>0x34</size>
         <input_file_ref idref="fl-e9"/>
      </object_component>
      <object_component id="oc-e3">
         <name>.text:CS_setReferenceOscillatorFrequency</name>
         <load_address>0x490c</load_address>
         <run_address>0x490c</run_address>
         <size>0x30</size>
         <input_file_ref idref="fl-108"/>
      </object_component>
      <object_component id="oc-62d">
         <name>.text:finddevice</name>
         <load_address>0x493c</load_address>
         <run_address>0x493c</run_address>
         <size>0x30</size>
         <input_file_ref idref="fl-101"/>
      </object_component>
      <object_component id="oc-41d">
         <name>.text</name>
         <load_address>0x496c</load_address>
         <run_address>0x496c</run_address>
         <size>0x2e</size>
         <input_file_ref idref="fl-d4"/>
      </object_component>
      <object_component id="oc-10d">
         <name>.text:Timer_A_clearCaptureCompareInterrupt</name>
         <load_address>0x499c</load_address>
         <run_address>0x499c</run_address>
         <size>0x2c</size>
         <input_file_ref idref="fl-110"/>
      </object_component>
      <object_component id="oc-5d3">
         <name>.text:unlink</name>
         <load_address>0x49c8</load_address>
         <run_address>0x49c8</run_address>
         <size>0x2c</size>
         <input_file_ref idref="fl-107"/>
      </object_component>
      <object_component id="oc-369">
         <name>.text:GPIO_setOutputHighOnPin</name>
         <load_address>0x49f4</load_address>
         <run_address>0x49f4</run_address>
         <size>0x28</size>
         <input_file_ref idref="fl-10a"/>
      </object_component>
      <object_component id="oc-36f">
         <name>.text:GPIO_setOutputLowOnPin</name>
         <load_address>0x4a1c</load_address>
         <run_address>0x4a1c</run_address>
         <size>0x28</size>
         <input_file_ref idref="fl-10a"/>
      </object_component>
      <object_component id="oc-375">
         <name>.text:GPIO_toggleOutputOnPin</name>
         <load_address>0x4a44</load_address>
         <run_address>0x4a44</run_address>
         <size>0x28</size>
         <input_file_ref idref="fl-10a"/>
      </object_component>
      <object_component id="oc-577">
         <name>.text:free_list_insert</name>
         <load_address>0x4a6c</load_address>
         <run_address>0x4a6c</run_address>
         <size>0x28</size>
         <input_file_ref idref="fl-e3"/>
      </object_component>
      <object_component id="oc-534">
         <name>.text:lseek</name>
         <load_address>0x4a94</load_address>
         <run_address>0x4a94</run_address>
         <size>0x28</size>
         <input_file_ref idref="fl-ff"/>
      </object_component>
      <object_component id="oc-48b">
         <name>.text:write</name>
         <load_address>0x4abc</load_address>
         <run_address>0x4abc</run_address>
         <size>0x28</size>
         <input_file_ref idref="fl-e6"/>
      </object_component>
      <object_component id="oc-b9">
         <name>.text:WDT_A_holdTimer</name>
         <load_address>0x4ae4</load_address>
         <run_address>0x4ae4</run_address>
         <size>0x24</size>
         <input_file_ref idref="fl-112"/>
      </object_component>
      <object_component id="oc-47f">
         <name>.text:memchr</name>
         <load_address>0x4b08</load_address>
         <run_address>0x4b08</run_address>
         <size>0x20</size>
         <input_file_ref idref="fl-e2"/>
      </object_component>
      <object_component id="oc-571">
         <name>.text:free_list_remove</name>
         <load_address>0x4b28</load_address>
         <run_address>0x4b28</run_address>
         <size>0x1c</size>
         <input_file_ref idref="fl-e3"/>
      </object_component>
      <object_component id="oc-301">
         <name>.text:memccpy</name>
         <load_address>0x4b44</load_address>
         <run_address>0x4b44</run_address>
         <size>0x1c</size>
         <input_file_ref idref="fl-e1"/>
      </object_component>
      <object_component id="oc-4e9">
         <name>.text:copysign</name>
         <load_address>0x4b60</load_address>
         <run_address>0x4b60</run_address>
         <size>0x1a</size>
         <input_file_ref idref="fl-ec"/>
      </object_component>
      <object_component id="oc-291">
         <name>.text:UART_getInterruptStatus</name>
         <load_address>0x4b7a</load_address>
         <run_address>0x4b7a</run_address>
         <size>0x18</size>
         <input_file_ref idref="fl-111"/>
      </object_component>
      <object_component id="oc-644">
         <name>.text:strcmp</name>
         <load_address>0x4b92</load_address>
         <run_address>0x4b92</run_address>
         <size>0x18</size>
         <input_file_ref idref="fl-102"/>
      </object_component>
      <object_component id="oc-113">
         <name>.text:Timer_A_clearInterruptFlag</name>
         <load_address>0x4baa</load_address>
         <run_address>0x4baa</run_address>
         <size>0x16</size>
         <input_file_ref idref="fl-110"/>
      </object_component>
      <object_component id="oc-dd">
         <name>.text:Timer_A_startCounter</name>
         <load_address>0x4bc0</load_address>
         <run_address>0x4bc0</run_address>
         <size>0x16</size>
         <input_file_ref idref="fl-110"/>
      </object_component>
      <object_component id="oc-44e">
         <name>.text:strchr</name>
         <load_address>0x4bd6</load_address>
         <run_address>0x4bd6</run_address>
         <size>0x16</size>
         <input_file_ref idref="fl-e4"/>
      </object_component>
      <object_component id="oc-3e8">
         <name>.text:PCM_getPowerState</name>
         <load_address>0x4bec</load_address>
         <run_address>0x4bec</run_address>
         <size>0x14</size>
         <input_file_ref idref="fl-10c"/>
      </object_component>
      <object_component id="oc-5f8">
         <name>.text:strcpy</name>
         <load_address>0x4c00</load_address>
         <run_address>0x4c00</run_address>
         <size>0x14</size>
         <input_file_ref idref="fl-103"/>
      </object_component>
      <object_component id="oc-2d2">
         <name>.text:strlen</name>
         <load_address>0x4c14</load_address>
         <run_address>0x4c14</run_address>
         <size>0x14</size>
         <input_file_ref idref="fl-e5"/>
      </object_component>
      <object_component id="oc-307">
         <name>.text:wcslen</name>
         <load_address>0x4c28</load_address>
         <run_address>0x4c28</run_address>
         <size>0x12</size>
         <input_file_ref idref="fl-ed"/>
      </object_component>
      <object_component id="oc-13c">
         <name>.text:Interrupt_disableSleepOnIsrExit</name>
         <load_address>0x4c3c</load_address>
         <run_address>0x4c3c</run_address>
         <size>0x10</size>
         <input_file_ref idref="fl-10b"/>
      </object_component>
      <object_component id="oc-107">
         <name>.text:Interrupt_enableMaster</name>
         <load_address>0x4c4c</load_address>
         <run_address>0x4c4c</run_address>
         <size>0x10</size>
         <input_file_ref idref="fl-10b"/>
      </object_component>
      <object_component id="oc-d1">
         <name>.text:Interrupt_enableSleepOnIsrExit</name>
         <load_address>0x4c5c</load_address>
         <run_address>0x4c5c</run_address>
         <size>0x10</size>
         <input_file_ref idref="fl-10b"/>
      </object_component>
      <object_component id="oc-1c6">
         <name>.text:PCM_setCoreVoltageLevel</name>
         <load_address>0x4c6c</load_address>
         <run_address>0x4c6c</run_address>
         <size>0x10</size>
         <input_file_ref idref="fl-10c"/>
      </object_component>
      <object_component id="oc-3ee">
         <name>.text:PCM_setPowerMode</name>
         <load_address>0x4c7c</load_address>
         <run_address>0x4c7c</run_address>
         <size>0x10</size>
         <input_file_ref idref="fl-10c"/>
      </object_component>
      <object_component id="oc-1d">
         <name>.text:decompress:none:__TI_decompress_none</name>
         <load_address>0x4c8c</load_address>
         <run_address>0x4c8c</run_address>
         <size>0xe</size>
         <input_file_ref idref="fl-d9"/>
      </object_component>
      <object_component id="oc-6a">
         <name>.text</name>
         <load_address>0x4c9a</load_address>
         <run_address>0x4c9a</run_address>
         <size>0xe</size>
         <input_file_ref idref="fl-8"/>
      </object_component>
      <object_component id="oc-26f">
         <name>.text:CPU_cpsie</name>
         <load_address>0x4ca8</load_address>
         <run_address>0x4ca8</run_address>
         <size>0xc</size>
         <input_file_ref idref="fl-113"/>
      </object_component>
      <object_component id="oc-4c">
         <name>.text:decompress:ZI:__TI_zero_init</name>
         <load_address>0x4cb4</load_address>
         <run_address>0x4cb4</run_address>
         <size>0xc</size>
         <input_file_ref idref="fl-d8"/>
      </object_component>
      <object_component id="oc-30d">
         <name>.text:__aeabi_errno_addr</name>
         <load_address>0x4cc0</load_address>
         <run_address>0x4cc0</run_address>
         <size>0x8</size>
         <input_file_ref idref="fl-e8"/>
      </object_component>
      <object_component id="oc-542">
         <name>.text:malloc</name>
         <load_address>0x4cc8</load_address>
         <run_address>0x4cc8</run_address>
         <size>0x8</size>
         <input_file_ref idref="fl-e3"/>
      </object_component>
      <object_component id="oc-1f4">
         <name>.text:_outc</name>
         <load_address>0x4cd0</load_address>
         <run_address>0x4cd0</run_address>
         <size>0x4</size>
         <input_file_ref idref="fl-c8"/>
      </object_component>
      <object_component id="oc-1ee">
         <name>.text:_outs</name>
         <load_address>0x4cd4</load_address>
         <run_address>0x4cd4</run_address>
         <size>0x4</size>
         <input_file_ref idref="fl-c8"/>
      </object_component>
      <object_component id="oc-a0">
         <name>.text:_system_pre_init</name>
         <load_address>0x4cd8</load_address>
         <run_address>0x4cd8</run_address>
         <size>0x4</size>
         <input_file_ref idref="fl-f3"/>
      </object_component>
      <object_component id="oc-178">
         <name>.text:abort:abort</name>
         <load_address>0x4cdc</load_address>
         <run_address>0x4cdc</run_address>
         <size>0x4</size>
         <input_file_ref idref="fl-db"/>
      </object_component>
      <object_component id="oc-3f7">
         <name>.const:.string:_ctypes_</name>
         <load_address>0x4ce0</load_address>
         <run_address>0x4ce0</run_address>
         <size>0x101</size>
         <input_file_ref idref="fl-df"/>
      </object_component>
      <object_component id="oc-235">
         <name>.const:$P$T16$7</name>
         <load_address>0x4de1</load_address>
         <run_address>0x4de1</run_address>
         <size>0x5</size>
         <input_file_ref idref="fl-9"/>
      </object_component>
      <object_component id="oc-256">
         <name>.const:$P$T1$1</name>
         <load_address>0x4de8</load_address>
         <run_address>0x4de8</run_address>
         <size>0x98</size>
         <input_file_ref idref="fl-2"/>
      </object_component>
      <object_component id="oc-242">
         <name>.const:$P$T21$11</name>
         <load_address>0x4e80</load_address>
         <run_address>0x4e80</run_address>
         <size>0x48</size>
         <input_file_ref idref="fl-9"/>
      </object_component>
      <object_component id="oc-35c">
         <name>.const:GPIO_PORT_TO_BASE</name>
         <load_address>0x4ec8</load_address>
         <run_address>0x4ec8</run_address>
         <size>0x30</size>
         <input_file_ref idref="fl-10a"/>
      </object_component>
      <object_component id="oc-1d8">
         <name>.const:UART2Config</name>
         <load_address>0x4ef8</load_address>
         <run_address>0x4ef8</run_address>
         <size>0x28</size>
         <input_file_ref idref="fl-c"/>
      </object_component>
      <object_component id="oc-3a5">
         <name>.const:$P$T0$1</name>
         <load_address>0x4f20</load_address>
         <run_address>0x4f20</run_address>
         <size>0x20</size>
         <input_file_ref idref="fl-7"/>
      </object_component>
      <object_component id="oc-11c">
         <name>.const:timerConfig</name>
         <load_address>0x4f40</load_address>
         <run_address>0x4f40</run_address>
         <size>0x18</size>
         <input_file_ref idref="fl-9"/>
      </object_component>
      <object_component id="oc-261">
         <name>.const:$P$T4$2</name>
         <load_address>0x4f58</load_address>
         <run_address>0x4f58</run_address>
         <size>0xc</size>
         <input_file_ref idref="fl-3"/>
      </object_component>
      <object_component id="oc-264">
         <name>.const:$P$T7$3</name>
         <load_address>0x4f64</load_address>
         <run_address>0x4f64</run_address>
         <size>0xc</size>
         <input_file_ref idref="fl-3"/>
      </object_component>
      <object_component id="oc-267">
         <name>.const:$P$T8$4</name>
         <load_address>0x4f70</load_address>
         <run_address>0x4f70</run_address>
         <size>0xc</size>
         <input_file_ref idref="fl-3"/>
      </object_component>
      <object_component id="oc-20a">
         <name>.const:g_pulEnRegs</name>
         <load_address>0x4f7c</load_address>
         <run_address>0x4f7c</run_address>
         <size>0x8</size>
         <input_file_ref idref="fl-10b"/>
      </object_component>
      <object_component id="oc-238">
         <name>.const:$P$T17$8</name>
         <load_address>0x4f84</load_address>
         <run_address>0x4f84</run_address>
         <size>0x5</size>
         <input_file_ref idref="fl-9"/>
      </object_component>
      <object_component id="oc-23b">
         <name>.const:$P$T18$9</name>
         <load_address>0x4f89</load_address>
         <run_address>0x4f89</run_address>
         <size>0x5</size>
         <input_file_ref idref="fl-9"/>
      </object_component>
      <object_component id="oc-23e">
         <name>.const:$P$T19$10</name>
         <load_address>0x4f8e</load_address>
         <run_address>0x4f8e</run_address>
         <size>0x5</size>
         <input_file_ref idref="fl-9"/>
      </object_component>
      <object_component id="oc-222">
         <name>.const:$P$T6$2</name>
         <load_address>0x4f93</load_address>
         <run_address>0x4f93</run_address>
         <size>0x5</size>
         <input_file_ref idref="fl-9"/>
      </object_component>
      <object_component id="oc-225">
         <name>.const:$P$T7$3</name>
         <load_address>0x4f98</load_address>
         <run_address>0x4f98</run_address>
         <size>0x5</size>
         <input_file_ref idref="fl-9"/>
      </object_component>
      <object_component id="oc-228">
         <name>.const:$P$T8$4</name>
         <load_address>0x4f9d</load_address>
         <run_address>0x4f9d</run_address>
         <size>0x5</size>
         <input_file_ref idref="fl-9"/>
      </object_component>
      <object_component id="oc-22b">
         <name>.const:$P$T9$5</name>
         <load_address>0x4fa2</load_address>
         <run_address>0x4fa2</run_address>
         <size>0x5</size>
         <input_file_ref idref="fl-9"/>
      </object_component>
      <object_component id="oc-684">
         <name>.cinit..data.load</name>
         <load_address>0x4fa8</load_address>
         <run_address>0x4fa8</run_address>
         <size>0x88</size>
      </object_component>
      <object_component id="oc-682">
         <name>__TI_handler_table</name>
         <load_address>0x5030</load_address>
         <run_address>0x5030</run_address>
         <size>0xc</size>
      </object_component>
      <object_component id="oc-685">
         <name>.cinit..bss.load</name>
         <load_address>0x5040</load_address>
         <run_address>0x5040</run_address>
         <size>0x8</size>
      </object_component>
      <object_component id="oc-683">
         <name>__TI_cinit_table</name>
         <load_address>0x5048</load_address>
         <run_address>0x5048</run_address>
         <size>0x10</size>
      </object_component>
      <object_component id="oc-656">
         <name>.binit</name>
         <load_address>0x0</load_address>
         <run_address>0x0</run_address>
         <size>0x0</size>
      </object_component>
      <object_component id="oc-11f">
         <name>.data:mainLoopTimerConfig</name>
         <load_address>0x20001960</load_address>
         <run_address>0x20001960</run_address>
         <size>0x10</size>
         <input_file_ref idref="fl-4"/>
      </object_component>
      <object_component id="oc-3a2">
         <name>.data:servoTimerPWMConfig</name>
         <load_address>0x20001948</load_address>
         <run_address>0x20001948</run_address>
         <size>0x18</size>
         <input_file_ref idref="fl-4"/>
      </object_component>
      <object_component id="oc-122">
         <name>.data</name>
         <load_address>0x2000198c</load_address>
         <run_address>0x2000198c</run_address>
         <size>0xc</size>
         <input_file_ref idref="fl-6"/>
      </object_component>
      <object_component id="oc-1b6">
         <name>.data</name>
         <load_address>0x200019ac</load_address>
         <run_address>0x200019ac</run_address>
         <size>0x4</size>
         <input_file_ref idref="fl-a"/>
      </object_component>
      <object_component id="oc-2a1">
         <name>.data:$O1$$</name>
         <load_address>0x20001980</load_address>
         <run_address>0x20001980</run_address>
         <size>0xc</size>
         <input_file_ref idref="fl-db"/>
      </object_component>
      <object_component id="oc-1e8">
         <name>.data:$O1$$</name>
         <load_address>0x20001998</load_address>
         <run_address>0x20001998</run_address>
         <size>0x8</size>
         <input_file_ref idref="fl-dc"/>
      </object_component>
      <object_component id="oc-1eb">
         <name>.data:_ftable</name>
         <load_address>0x20001790</load_address>
         <run_address>0x20001790</run_address>
         <size>0xf0</size>
         <input_file_ref idref="fl-e0"/>
      </object_component>
      <object_component id="oc-58b">
         <name>.data</name>
         <load_address>0x20001970</load_address>
         <run_address>0x20001970</run_address>
         <size>0x10</size>
         <input_file_ref idref="fl-e0"/>
      </object_component>
      <object_component id="oc-5c1">
         <name>.data:$O1$$</name>
         <load_address>0x200019a0</load_address>
         <run_address>0x200019a0</run_address>
         <size>0x8</size>
         <input_file_ref idref="fl-e3"/>
      </object_component>
      <object_component id="oc-55b">
         <name>.data:_device</name>
         <load_address>0x20001880</load_address>
         <run_address>0x20001880</run_address>
         <size>0x78</size>
         <input_file_ref idref="fl-e7"/>
      </object_component>
      <object_component id="oc-517">
         <name>.data:_stream</name>
         <load_address>0x200018f8</load_address>
         <run_address>0x200018f8</run_address>
         <size>0x50</size>
         <input_file_ref idref="fl-e7"/>
      </object_component>
      <object_component id="oc-45e">
         <name>.data</name>
         <load_address>0x200019a8</load_address>
         <run_address>0x200019a8</run_address>
         <size>0x4</size>
         <input_file_ref idref="fl-e8"/>
      </object_component>
      <object_component id="oc-22e">
         <name>.bss:$P$T0$1</name>
         <uninitialized>true</uninitialized>
         <run_address>0x20001370</run_address>
         <size>0x5</size>
         <input_file_ref idref="fl-9"/>
      </object_component>
      <object_component id="oc-241">
         <name>.bss:$P$T10$6</name>
         <uninitialized>true</uninitialized>
         <run_address>0x20001375</run_address>
         <size>0x5</size>
         <input_file_ref idref="fl-9"/>
      </object_component>
      <object_component id="oc-60f">
         <name>.bss:_CIOBUF_</name>
         <uninitialized>true</uninitialized>
         <run_address>0x200011a8</run_address>
         <size>0x120</size>
         <input_file_ref idref="fl-fd"/>
      </object_component>
      <object_component id="oc-119">
         <name>.common:clawMachine</name>
         <uninitialized>true</uninitialized>
         <run_address>0x20001000</run_address>
         <size>0x1a8</size>
      </object_component>
      <object_component id="oc-146">
         <name>.common:UARTA0Data</name>
         <uninitialized>true</uninitialized>
         <run_address>0x20000000</run_address>
         <size>0x800</size>
      </object_component>
      <object_component id="oc-142">
         <name>.common:UARTA0ReadIndex</name>
         <uninitialized>true</uninitialized>
         <run_address>0x2000137c</run_address>
         <size>0x4</size>
      </object_component>
      <object_component id="oc-145">
         <name>.common:UARTA0WriteIndex</name>
         <uninitialized>true</uninitialized>
         <run_address>0x20001380</run_address>
         <size>0x4</size>
      </object_component>
      <object_component id="oc-149">
         <name>.common:UARTA2Data</name>
         <uninitialized>true</uninitialized>
         <run_address>0x20000800</run_address>
         <size>0x800</size>
      </object_component>
      <object_component id="oc-147">
         <name>.common:UARTA2ReadIndex</name>
         <uninitialized>true</uninitialized>
         <run_address>0x20001384</run_address>
         <size>0x4</size>
      </object_component>
      <object_component id="oc-148">
         <name>.common:UARTA2WriteIndex</name>
         <uninitialized>true</uninitialized>
         <run_address>0x20001388</run_address>
         <size>0x4</size>
      </object_component>
      <object_component id="oc-5d9">
         <name>.common:__TI_tmpnams</name>
         <uninitialized>true</uninitialized>
         <run_address>0x200012c8</run_address>
         <size>0xa0</size>
      </object_component>
      <object_component id="oc-5ea">
         <name>.common:parmbuf</name>
         <uninitialized>true</uninitialized>
         <run_address>0x20001368</run_address>
         <size>0x8</size>
      </object_component>
      <object_component id="oc-29">
         <name>.sysmem</name>
         <uninitialized>true</uninitialized>
         <run_address>0x20001390</run_address>
         <size>0x10</size>
         <input_file_ref idref="fl-e3"/>
      </object_component>
      <object_component id="oc-688">
         <name>.sysmem</name>
         <uninitialized>true</uninitialized>
         <run_address>0x20001390</run_address>
         <size>0x0</size>
      </object_component>
      <object_component id="oc-2c">
         <name>.stack</name>
         <uninitialized>true</uninitialized>
         <run_address>0x2000fe00</run_address>
         <size>0x4</size>
         <input_file_ref idref="fl-e9"/>
      </object_component>
      <object_component id="oc-687">
         <name>.stack</name>
         <uninitialized>true</uninitialized>
         <run_address>0x2000fe00</run_address>
         <size>0x0</size>
      </object_component>
      <object_component id="oc-25a">
         <name>.debug_info</name>
         <load_address>0x0</load_address>
         <run_address>0x0</run_address>
         <size>0x5ca</size>
         <input_file_ref idref="fl-2"/>
      </object_component>
      <object_component id="oc-257">
         <name>.debug_info</name>
         <load_address>0x5ca</load_address>
         <run_address>0x5ca</run_address>
         <size>0xcd</size>
         <input_file_ref idref="fl-2"/>
      </object_component>
      <object_component id="oc-fc">
         <name>.debug_info</name>
         <load_address>0x697</load_address>
         <run_address>0x697</run_address>
         <size>0x436</size>
         <input_file_ref idref="fl-2"/>
      </object_component>
      <object_component id="oc-12b">
         <name>.debug_info</name>
         <load_address>0xacd</load_address>
         <run_address>0xacd</run_address>
         <size>0x18d</size>
         <input_file_ref idref="fl-2"/>
      </object_component>
      <object_component id="oc-251">
         <name>.debug_info</name>
         <load_address>0xc5a</load_address>
         <run_address>0xc5a</run_address>
         <size>0x6b</size>
         <input_file_ref idref="fl-2"/>
      </object_component>
      <object_component id="oc-126">
         <name>.debug_info</name>
         <load_address>0xcc5</load_address>
         <run_address>0xcc5</run_address>
         <size>0x73</size>
         <input_file_ref idref="fl-2"/>
      </object_component>
      <object_component id="oc-157">
         <name>.debug_info</name>
         <load_address>0xd38</load_address>
         <run_address>0xd38</run_address>
         <size>0x26b</size>
         <input_file_ref idref="fl-2"/>
      </object_component>
      <object_component id="oc-27f">
         <name>.debug_info</name>
         <load_address>0xfa3</load_address>
         <run_address>0xfa3</run_address>
         <size>0x1055</size>
         <input_file_ref idref="fl-2"/>
      </object_component>
      <object_component id="oc-391">
         <name>.debug_info</name>
         <load_address>0x1ff8</load_address>
         <run_address>0x1ff8</run_address>
         <size>0x37e2</size>
         <input_file_ref idref="fl-2"/>
      </object_component>
      <object_component id="oc-284">
         <name>.debug_info</name>
         <load_address>0x57da</load_address>
         <run_address>0x57da</run_address>
         <size>0x341</size>
         <input_file_ref idref="fl-2"/>
      </object_component>
      <object_component id="oc-35">
         <name>.debug_info</name>
         <load_address>0x5b1b</load_address>
         <run_address>0x5b1b</run_address>
         <size>0x84</size>
         <input_file_ref idref="fl-2"/>
      </object_component>
      <object_component id="oc-29b">
         <name>.debug_info</name>
         <load_address>0x5b9f</load_address>
         <run_address>0x5b9f</run_address>
         <size>0x2a4</size>
         <input_file_ref idref="fl-2"/>
      </object_component>
      <object_component id="oc-24c">
         <name>.debug_info</name>
         <load_address>0x5e43</load_address>
         <run_address>0x5e43</run_address>
         <size>0xef</size>
         <input_file_ref idref="fl-2"/>
      </object_component>
      <object_component id="oc-14b">
         <name>.debug_info</name>
         <load_address>0x5f32</load_address>
         <run_address>0x5f32</run_address>
         <size>0xbb</size>
         <input_file_ref idref="fl-2"/>
      </object_component>
      <object_component id="oc-1fc">
         <name>.debug_info</name>
         <load_address>0x5fed</load_address>
         <run_address>0x5fed</run_address>
         <size>0x2c</size>
         <input_file_ref idref="fl-2"/>
      </object_component>
      <object_component id="oc-150">
         <name>.debug_info</name>
         <load_address>0x6019</load_address>
         <run_address>0x6019</run_address>
         <size>0x102</size>
         <input_file_ref idref="fl-2"/>
      </object_component>
      <object_component id="oc-26e">
         <name>.debug_info</name>
         <load_address>0x611b</load_address>
         <run_address>0x611b</run_address>
         <size>0x6fe</size>
         <input_file_ref idref="fl-3"/>
      </object_component>
      <object_component id="oc-262">
         <name>.debug_info</name>
         <load_address>0x6819</load_address>
         <run_address>0x6819</run_address>
         <size>0xd5</size>
         <input_file_ref idref="fl-3"/>
      </object_component>
      <object_component id="oc-265">
         <name>.debug_info</name>
         <load_address>0x68ee</load_address>
         <run_address>0x68ee</run_address>
         <size>0xd5</size>
         <input_file_ref idref="fl-3"/>
      </object_component>
      <object_component id="oc-102">
         <name>.debug_info</name>
         <load_address>0x69c3</load_address>
         <run_address>0x69c3</run_address>
         <size>0x9f6</size>
         <input_file_ref idref="fl-3"/>
      </object_component>
      <object_component id="oc-269">
         <name>.debug_info</name>
         <load_address>0x73b9</load_address>
         <run_address>0x73b9</run_address>
         <size>0x1a8</size>
         <input_file_ref idref="fl-3"/>
      </object_component>
      <object_component id="oc-3a9">
         <name>.debug_info</name>
         <load_address>0x7561</load_address>
         <run_address>0x7561</run_address>
         <size>0x9a</size>
         <input_file_ref idref="fl-3"/>
      </object_component>
      <object_component id="oc-3b5">
         <name>.debug_info</name>
         <load_address>0x75fb</load_address>
         <run_address>0x75fb</run_address>
         <size>0x37e2</size>
         <input_file_ref idref="fl-3"/>
      </object_component>
      <object_component id="oc-3bb">
         <name>.debug_info</name>
         <load_address>0xaddd</load_address>
         <run_address>0xaddd</run_address>
         <size>0x39a</size>
         <input_file_ref idref="fl-4"/>
      </object_component>
      <object_component id="oc-120">
         <name>.debug_info</name>
         <load_address>0xb177</load_address>
         <run_address>0xb177</run_address>
         <size>0xe8</size>
         <input_file_ref idref="fl-4"/>
      </object_component>
      <object_component id="oc-3a3">
         <name>.debug_info</name>
         <load_address>0xb25f</load_address>
         <run_address>0xb25f</run_address>
         <size>0xe8</size>
         <input_file_ref idref="fl-4"/>
      </object_component>
      <object_component id="oc-27a">
         <name>.debug_info</name>
         <load_address>0xb347</load_address>
         <run_address>0xb347</run_address>
         <size>0x37e2</size>
         <input_file_ref idref="fl-4"/>
      </object_component>
      <object_component id="oc-231">
         <name>.debug_info</name>
         <load_address>0xeb29</load_address>
         <run_address>0xeb29</run_address>
         <size>0x21b</size>
         <input_file_ref idref="fl-5"/>
      </object_component>
      <object_component id="oc-11a">
         <name>.debug_info</name>
         <load_address>0xed44</load_address>
         <run_address>0xed44</run_address>
         <size>0xb9d</size>
         <input_file_ref idref="fl-6"/>
      </object_component>
      <object_component id="oc-123">
         <name>.debug_info</name>
         <load_address>0xf8e1</load_address>
         <run_address>0xf8e1</run_address>
         <size>0x118</size>
         <input_file_ref idref="fl-6"/>
      </object_component>
      <object_component id="oc-72">
         <name>.debug_info</name>
         <load_address>0xf9f9</load_address>
         <run_address>0xf9f9</run_address>
         <size>0x6ef</size>
         <input_file_ref idref="fl-6"/>
      </object_component>
      <object_component id="oc-1dc">
         <name>.debug_info</name>
         <load_address>0x100e8</load_address>
         <run_address>0x100e8</run_address>
         <size>0x8b</size>
         <input_file_ref idref="fl-6"/>
      </object_component>
      <object_component id="oc-3ae">
         <name>.debug_info</name>
         <load_address>0x10173</load_address>
         <run_address>0x10173</run_address>
         <size>0x6c3</size>
         <input_file_ref idref="fl-7"/>
      </object_component>
      <object_component id="oc-3a6">
         <name>.debug_info</name>
         <load_address>0x10836</load_address>
         <run_address>0x10836</run_address>
         <size>0xce</size>
         <input_file_ref idref="fl-7"/>
      </object_component>
      <object_component id="oc-25c">
         <name>.debug_info</name>
         <load_address>0x10904</load_address>
         <run_address>0x10904</run_address>
         <size>0x2d1</size>
         <input_file_ref idref="fl-7"/>
      </object_component>
      <object_component id="oc-4a5">
         <name>.debug_info</name>
         <load_address>0x10bd5</load_address>
         <run_address>0x10bd5</run_address>
         <size>0x37e2</size>
         <input_file_ref idref="fl-7"/>
      </object_component>
      <object_component id="oc-7e">
         <name>.debug_info</name>
         <load_address>0x143b7</load_address>
         <run_address>0x143b7</run_address>
         <size>0x2c7</size>
         <input_file_ref idref="fl-8"/>
      </object_component>
      <object_component id="oc-27">
         <name>.debug_info</name>
         <load_address>0x1467e</load_address>
         <run_address>0x1467e</run_address>
         <size>0xf3</size>
         <input_file_ref idref="fl-8"/>
      </object_component>
      <object_component id="oc-6b">
         <name>.debug_info</name>
         <load_address>0x14771</load_address>
         <run_address>0x14771</run_address>
         <size>0x1ba</size>
         <input_file_ref idref="fl-8"/>
      </object_component>
      <object_component id="oc-24b">
         <name>.debug_info</name>
         <load_address>0x1492b</load_address>
         <run_address>0x1492b</run_address>
         <size>0x602</size>
         <input_file_ref idref="fl-9"/>
      </object_component>
      <object_component id="oc-11d">
         <name>.debug_info</name>
         <load_address>0x14f2d</load_address>
         <run_address>0x14f2d</run_address>
         <size>0xd9</size>
         <input_file_ref idref="fl-9"/>
      </object_component>
      <object_component id="oc-223">
         <name>.debug_info</name>
         <load_address>0x15006</load_address>
         <run_address>0x15006</run_address>
         <size>0xd0</size>
         <input_file_ref idref="fl-9"/>
      </object_component>
      <object_component id="oc-226">
         <name>.debug_info</name>
         <load_address>0x150d6</load_address>
         <run_address>0x150d6</run_address>
         <size>0xd0</size>
         <input_file_ref idref="fl-9"/>
      </object_component>
      <object_component id="oc-229">
         <name>.debug_info</name>
         <load_address>0x151a6</load_address>
         <run_address>0x151a6</run_address>
         <size>0xd0</size>
         <input_file_ref idref="fl-9"/>
      </object_component>
      <object_component id="oc-22c">
         <name>.debug_info</name>
         <load_address>0x15276</load_address>
         <run_address>0x15276</run_address>
         <size>0xd0</size>
         <input_file_ref idref="fl-9"/>
      </object_component>
      <object_component id="oc-236">
         <name>.debug_info</name>
         <load_address>0x15346</load_address>
         <run_address>0x15346</run_address>
         <size>0xd2</size>
         <input_file_ref idref="fl-9"/>
      </object_component>
      <object_component id="oc-239">
         <name>.debug_info</name>
         <load_address>0x15418</load_address>
         <run_address>0x15418</run_address>
         <size>0xd2</size>
         <input_file_ref idref="fl-9"/>
      </object_component>
      <object_component id="oc-23c">
         <name>.debug_info</name>
         <load_address>0x154ea</load_address>
         <run_address>0x154ea</run_address>
         <size>0xd2</size>
         <input_file_ref idref="fl-9"/>
      </object_component>
      <object_component id="oc-23f">
         <name>.debug_info</name>
         <load_address>0x155bc</load_address>
         <run_address>0x155bc</run_address>
         <size>0xd4</size>
         <input_file_ref idref="fl-9"/>
      </object_component>
      <object_component id="oc-243">
         <name>.debug_info</name>
         <load_address>0x15690</load_address>
         <run_address>0x15690</run_address>
         <size>0xd4</size>
         <input_file_ref idref="fl-9"/>
      </object_component>
      <object_component id="oc-f6">
         <name>.debug_info</name>
         <load_address>0x15764</load_address>
         <run_address>0x15764</run_address>
         <size>0x8fa</size>
         <input_file_ref idref="fl-9"/>
      </object_component>
      <object_component id="oc-388">
         <name>.debug_info</name>
         <load_address>0x1605e</load_address>
         <run_address>0x1605e</run_address>
         <size>0x37e2</size>
         <input_file_ref idref="fl-9"/>
      </object_component>
      <object_component id="oc-246">
         <name>.debug_info</name>
         <load_address>0x19840</load_address>
         <run_address>0x19840</run_address>
         <size>0x9e</size>
         <input_file_ref idref="fl-9"/>
      </object_component>
      <object_component id="oc-1b7">
         <name>.debug_info</name>
         <load_address>0x198de</load_address>
         <run_address>0x198de</run_address>
         <size>0xec</size>
         <input_file_ref idref="fl-a"/>
      </object_component>
      <object_component id="oc-b3">
         <name>.debug_info</name>
         <load_address>0x199ca</load_address>
         <run_address>0x199ca</run_address>
         <size>0x25e</size>
         <input_file_ref idref="fl-a"/>
      </object_component>
      <object_component id="oc-1d6">
         <name>.debug_info</name>
         <load_address>0x19c28</load_address>
         <run_address>0x19c28</run_address>
         <size>0x41e</size>
         <input_file_ref idref="fl-b"/>
[...]
      </symbol>
      <symbol id="sm-6a6">
         <name>__aeabi_stdout</name>
         <value>0x20001978</value>
         <object_component_ref idref="oc-58b"/>
      </symbol>
      <symbol id="sm-6a7">
         <name>__aeabi_stderr</name>
         <value>0x2000197c</value>
         <object_component_ref idref="oc-58b"/>
      </symbol>
      <symbol id="sm-6a8">
         <name>__aeabi_stdin</name>
         <value>0x20001974</value>
         <object_component_ref idref="oc-58b"/>
      </symbol>
      <symbol id="sm-6a9">
         <name>_ftable</name>
         <value>0x20001790</value>
         <object_component_ref idref="oc-1eb"/>
      </symbol>
      <symbol id="sm-6aa">
         <name>__TI_ft_end</name>
         <value>0x20001970</value>
         <object_component_ref idref="oc-58b"/>
      </symbol>
      <symbol id="sm-6ba">
         <name>memccpy</name>
         <value>0x4b45</value>
         <object_component_ref idref="oc-301"/>
      </symbol>
      <symbol id="sm-6ca">
         <name>memchr</name>
         <value>0x4b09</value>
         <object_component_ref idref="oc-47f"/>
      </symbol>
      <symbol id="sm-753">
         <name>_sys_memory</name>
         <value>0x20001390</value>
         <object_component_ref idref="oc-29"/>
      </symbol>
      <symbol id="sm-754">
         <name>free</name>
         <value>0x3439</value>
         <object_component_ref idref="oc-53c"/>
      </symbol>
      <symbol id="sm-755">
         <name>memalign</name>
         <value>0x314d</value>
         <object_component_ref idref="oc-57e"/>
      </symbol>
      <symbol id="sm-756">
         <name>malloc</name>
         <value>0x4cc9</value>
         <object_component_ref idref="oc-542"/>
      </symbol>
      <symbol id="sm-757">
         <name>aligned_alloc</name>
         <value>0x314d</value>
         <object_component_ref idref="oc-57e"/>
      </symbol>
      <symbol id="sm-767">
         <name>strchr</name>
         <value>0x4bd7</value>
         <object_component_ref idref="oc-44e"/>
      </symbol>
      <symbol id="sm-775">
         <name>strlen</name>
         <value>0x4c15</value>
         <object_component_ref idref="oc-2d2"/>
      </symbol>
      <symbol id="sm-78f">
         <name>write</name>
         <value>0x4abd</value>
         <object_component_ref idref="oc-48b"/>
      </symbol>
      <symbol id="sm-7a0">
         <name>_stream</name>
         <value>0x200018f8</value>
         <object_component_ref idref="oc-517"/>
      </symbol>
      <symbol id="sm-7a1">
         <name>_device</name>
         <value>0x20001880</value>
         <object_component_ref idref="oc-55b"/>
      </symbol>
      <symbol id="sm-7b7">
         <name>__aeabi_errno_addr</name>
         <value>0x4cc1</value>
         <object_component_ref idref="oc-30d"/>
      </symbol>
      <symbol id="sm-7b8">
         <name>errno</name>
         <value>0x200019a8</value>
         <object_component_ref idref="oc-45e"/>
      </symbol>
      <symbol id="sm-7cb">
         <name>__stack</name>
         <value>0x2000fe00</value>
         <object_component_ref idref="oc-2c"/>
      </symbol>
      <symbol id="sm-7cc">
         <name>_c_int00_noargs</name>
         <value>0x48d9</value>
         <object_component_ref idref="oc-58"/>
      </symbol>
      <symbol id="sm-7ec">
         <name>frexpl</name>
         <value>0x3f6d</value>
         <object_component_ref idref="oc-442"/>
      </symbol>
      <symbol id="sm-7ed">
         <name>frexp</name>
         <value>0x3f6d</value>
         <object_component_ref idref="oc-442"/>
      </symbol>
      <symbol id="sm-80a">
         <name>scalbn</name>
         <value>0x2f35</value>
         <object_component_ref idref="oc-448"/>
      </symbol>
      <symbol id="sm-80b">
         <name>scalbnl</name>
         <value>0x2f35</value>
         <object_component_ref idref="oc-448"/>
      </symbol>
      <symbol id="sm-80c">
         <name>ldexpl</name>
         <value>0x2f35</value>
         <object_component_ref idref="oc-448"/>
      </symbol>
      <symbol id="sm-80d">
         <name>ldexp</name>
         <value>0x2f35</value>
         <object_component_ref idref="oc-448"/>
      </symbol>
      <symbol id="sm-817">
         <name>copysign</name>
         <value>0x4b61</value>
         <object_component_ref idref="oc-4e9"/>
      </symbol>
      <symbol id="sm-818">
         <name>copysignl</name>
         <value>0x4b61</value>
         <object_component_ref idref="oc-4e9"/>
      </symbol>
      <symbol id="sm-831">
         <name>wcslen</name>
         <value>0x4c29</value>
         <object_component_ref idref="oc-307"/>
      </symbol>
      <symbol id="sm-841">
         <name>__TI_doflush</name>
         <value>0x445b</value>
         <object_component_ref idref="oc-485"/>
      </symbol>
      <symbol id="sm-851">
         <name>__TI_cleanup</name>
         <value>0x4871</value>
         <object_component_ref idref="oc-548"/>
      </symbol>
      <symbol id="sm-863">
         <name>fseek</name>
         <value>0x3fd1</value>
         <object_component_ref idref="oc-505"/>
      </symbol>
      <symbol id="sm-86d">
         <name>__aeabi_idiv0</name>
         <value>0x246b</value>
         <object_component_ref idref="oc-4d0"/>
      </symbol>
      <symbol id="sm-86e">
         <name>__aeabi_ldiv0</name>
         <value>0x246b</value>
         <object_component_ref idref="oc-4d0"/>
      </symbol>
      <symbol id="sm-896">
         <name>__TI_auto_init_nobinit_nopinit</name>
         <value>0x4655</value>
         <object_component_ref idref="oc-184"/>
      </symbol>
      <symbol id="sm-8a0">
         <name>_system_pre_init</name>
         <value>0x4cd9</value>
         <object_component_ref idref="oc-a0"/>
      </symbol>
      <symbol id="sm-8b3">
         <name>HOSTclose</name>
         <value>0x45cd</value>
         <object_component_ref idref="oc-597"/>
      </symbol>
      <symbol id="sm-8c4">
         <name>HOSTlseek</name>
         <value>0x3d69</value>
         <object_component_ref idref="oc-5a9"/>
      </symbol>
      <symbol id="sm-8d6">
         <name>parmbuf</name>
         <value>0x20001368</value>
      </symbol>
      <symbol id="sm-8d7">
         <name>HOSTopen</name>
         <value>0x4099</value>
         <object_component_ref idref="oc-591"/>
      </symbol>
      <symbol id="sm-8e8">
         <name>HOSTread</name>
         <value>0x4211</value>
         <object_component_ref idref="oc-59d"/>
      </symbol>
      <symbol id="sm-8f9">
         <name>HOSTrename</name>
         <value>0x3cfd</value>
         <object_component_ref idref="oc-5b5"/>
      </symbol>
      <symbol id="sm-90a">
         <name>HOSTunlink</name>
         <value>0x4611</value>
         <object_component_ref idref="oc-5af"/>
      </symbol>
      <symbol id="sm-91b">
         <name>HOSTwrite</name>
         <value>0x4269</value>
         <object_component_ref idref="oc-5a3"/>
      </symbol>
      <symbol id="sm-93f">
         <name>__TI_readmsg</name>
         <value>0x48a5</value>
         <object_component_ref idref="oc-5e4"/>
      </symbol>
      <symbol id="sm-940">
         <name>C$$IO$$</name>
         <value>0x47c7</value>
         <object_component_ref idref="oc-5de"/>
      </symbol>
      <symbol id="sm-941">
         <name>__CIOBUF_</name>
         <value>0x200011a8</value>
         <object_component_ref idref="oc-60f"/>
      </symbol>
      <symbol id="sm-942">
         <name>__TI_writemsg</name>
         <value>0x4799</value>
         <object_component_ref idref="oc-5de"/>
      </symbol>
      <symbol id="sm-953">
         <name>lseek</name>
         <value>0x4a95</value>
         <object_component_ref idref="oc-534"/>
      </symbol>
      <symbol id="sm-968">
         <name>__TI_closefile</name>
         <value>0x3ba9</value>
         <object_component_ref idref="oc-585"/>
      </symbol>
      <symbol id="sm-98b">
         <name>finddevice</name>
         <value>0x493d</value>
         <object_component_ref idref="oc-62d"/>
      </symbol>
      <symbol id="sm-98c">
         <name>getdevice</name>
         <value>0x4699</value>
         <object_component_ref idref="oc-605"/>
      </symbol>
      <symbol id="sm-99b">
         <name>strcmp</name>
         <value>0x4b93</value>
         <object_component_ref idref="oc-644"/>
      </symbol>
      <symbol id="sm-9a9">
         <name>strcpy</name>
         <value>0x4c01</value>
         <object_component_ref idref="oc-5f8"/>
      </symbol>
      <symbol id="sm-9b9">
         <name>strncpy</name>
         <value>0x47d1</value>
         <object_component_ref idref="oc-627"/>
      </symbol>
      <symbol id="sm-9ce">
         <name>close</name>
         <value>0x4159</value>
         <object_component_ref idref="oc-5cd"/>
      </symbol>
      <symbol id="sm-9de">
         <name>unlink</name>
         <value>0x49c9</value>
         <object_component_ref idref="oc-5d3"/>
      </symbol>
      <symbol id="sm-a3f">
         <name>CS_setDCOCenteredFrequency</name>
         <value>0x4809</value>
         <object_component_ref idref="oc-1cc"/>
      </symbol>
      <symbol id="sm-a40">
         <name>CS_setReferenceOscillatorFrequency</name>
         <value>0x490d</value>
         <object_component_ref idref="oc-e3"/>
      </symbol>
      <symbol id="sm-a41">
         <name>CS_initClockSignal</name>
         <value>0x2981</value>
         <object_component_ref idref="oc-e9"/>
      </symbol>
      <symbol id="sm-a50">
         <name>FlashCtl_setWaitState</name>
         <value>0x44f5</value>
         <object_component_ref idref="oc-1c0"/>
      </symbol>
      <symbol id="sm-a93">
         <name>GPIO_setOutputHighOnPin</name>
         <value>0x49f5</value>
         <object_component_ref idref="oc-369"/>
      </symbol>
      <symbol id="sm-a94">
         <name>GPIO_setAsOutputPin</name>
         <value>0x46dd</value>
         <object_component_ref idref="oc-217"/>
      </symbol>
      <symbol id="sm-a95">
         <name>GPIO_setOutputLowOnPin</name>
         <value>0x4a1d</value>
         <object_component_ref idref="oc-36f"/>
      </symbol>
      <symbol id="sm-a96">
         <name>GPIO_toggleOutputOnPin</name>
         <value>0x4a45</value>
         <object_component_ref idref="oc-375"/>
      </symbol>
      <symbol id="sm-a97">
         <name>GPIO_setAsPeripheralModuleFunctionOutputPin</name>
         <value>0x3919</value>
         <object_component_ref idref="oc-396"/>
      </symbol>
      <symbol id="sm-ad1">
         <name>Interrupt_enableSleepOnIsrExit</name>
         <value>0x4c5d</value>
         <object_component_ref idref="oc-d1"/>
      </symbol>
      <symbol id="sm-ad2">
         <name>Interrupt_enableMaster</name>
         <value>0x4c4d</value>
         <object_component_ref idref="oc-107"/>
      </symbol>
      <symbol id="sm-ad3">
         <name>Interrupt_enableInterrupt</name>
         <value>0x3aad</value>
         <object_component_ref idref="oc-d7"/>
      </symbol>
      <symbol id="sm-ad4">
         <name>Interrupt_disableSleepOnIsrExit</name>
         <value>0x4c3d</value>
         <object_component_ref idref="oc-13c"/>
      </symbol>
      <symbol id="sm-b52">
         <name>PCM_setCoreVoltageLevel</name>
         <value>0x4c6d</value>
         <object_component_ref idref="oc-1c6"/>
      </symbol>
      <symbol id="sm-b53">
         <name>PCM_getCoreVoltageLevel</name>
         <value>0x40f9</value>
         <object_component_ref idref="oc-3e2"/>
      </symbol>
      <symbol id="sm-b54">
         <name>PCM_getPowerMode</name>
         <value>0x41b5</value>
         <object_component_ref idref="oc-3dc"/>
      </symbol>
      <symbol id="sm-b55">
         <name>PCM_getPowerState</name>
         <value>0x4bed</value>
         <object_component_ref idref="oc-3e8"/>
      </symbol>
      <symbol id="sm-b56">
         <name>PCM_setPowerMode</name>
         <value>0x4c7d</value>
         <object_component_ref idref="oc-3ee"/>
      </symbol>
      <symbol id="sm-bb3">
         <name>Timer_A_clearCaptureCompareInterrupt</name>
         <value>0x499d</value>
         <object_component_ref idref="oc-10d"/>
      </symbol>
      <symbol id="sm-bb4">
         <name>Timer_A_initCompare</name>
         <value>0x440d</value>
         <object_component_ref idref="oc-39c"/>
      </symbol>
      <symbol id="sm-bb5">
         <name>Timer_A_startCounter</name>
         <value>0x4bc1</value>
         <object_component_ref idref="oc-dd"/>
      </symbol>
      <symbol id="sm-bb6">
         <name>Timer_A_clearInterruptFlag</name>
         <value>0x4bab</value>
         <object_component_ref idref="oc-113"/>
      </symbol>
      <symbol id="sm-bb7">
         <name>Timer_A_configureUpMode</name>
         <value>0x3dd1</value>
         <object_component_ref idref="oc-cb"/>
      </symbol>
      <symbol id="sm-bb8">
         <name>Timer_A_configureContinuousMode</name>
         <value>0x483d</value>
         <object_component_ref idref="oc-ef"/>
      </symbol>
      <symbol id="sm-bf0">
         <name>UART_getEnabledInterruptStatus</name>
         <value>0x3f09</value>
         <object_component_ref idref="oc-136"/>
      </symbol>
      <symbol id="sm-bf1">
         <name>UART_getInterruptStatus</name>
         <value>0x4b7b</value>
         <object_component_ref idref="oc-291"/>
      </symbol>
      <symbol id="sm-bf2">
         <name>UART_initModule</name>
         <value>0x2d05</value>
         <object_component_ref idref="oc-130"/>
      </symbol>
      <symbol id="sm-bfe">
         <name>WDT_A_holdTimer</name>
         <value>0x4ae5</value>
         <object_component_ref idref="oc-b9"/>
      </symbol>
      <symbol id="sm-c08">
         <name>CPU_cpsie</name>
         <value>0x4ca9</value>
         <object_component_ref idref="oc-26f"/>
      </symbol>
      <symbol id="sm-c09">
         <name>__TI_static_base__</name>
         <value>0x0</value>
      </symbol>
      <symbol id="sm-c0c">
         <name>__mpu_init</name>
         <value>0x0</value>
      </symbol>
      <symbol id="sm-c0d">
         <name>_system_post_cinit</name>
         <value>0x0</value>
      </symbol>
      <symbol id="sm-c0e">
         <name>NMI_Handler</name>
         <value>0x4ca7</value>
      </symbol>
      <symbol id="sm-c0f">
         <name>HardFault_Handler</name>
         <value>0x4ca7</value>
      </symbol>
      <symbol id="sm-c10">
         <name>MemManage_Handler</name>
         <value>0x4ca7</value>
      </symbol>
      <symbol id="sm-c11">
         <name>BusFault_Handler</name>
         <value>0x4ca7</value>
      </symbol>
      <symbol id="sm-c12">
         <name>UsageFault_Handler</name>
         <value>0x4ca7</value>
      </symbol>
      <symbol id="sm-c13">
         <name>SVC_Handler</name>
         <value>0x4ca7</value>
      </symbol>
      <symbol id="sm-c14">
         <name>DebugMon_Handler</name>
         <value>0x4ca7</value>
      </symbol>
      <symbol id="sm-c15">
         <name>PendSV_Handler</name>
         <value>0x4ca7</value>
      </symbol>
      <symbol id="sm-c16">
         <name>SysTick_Handler</name>
         <value>0x4ca7</value>
      </symbol>
      <symbol id="sm-c17">
         <name>PSS_IRQHandler</name>
         <value>0x4ca7</value>
      </symbol>
      <symbol id="sm-c18">
         <name>CS_IRQHandler</name>
         <value>0x4ca7</value>
      </symbol>
      <symbol id="sm-c19">
         <name>PCM_IRQHandler</name>
         <value>0x4ca7</value>
      </symbol>
      <symbol id="sm-c1a">
         <name>WDT_A_IRQHandler</name>
         <value>0x4ca7</value>
      </symbol>
      <symbol id="sm-c1b">
         <name>FPU_IRQHandler</name>
         <value>0x4ca7</value>
      </symbol>
      <symbol id="sm-c1c">
         <name>FLCTL_IRQHandler</name>
         <value>0x4ca7</value>
      </symbol>
      <symbol id="sm-c1d">
         <name>COMP_E0_IRQHandler</name>
         <value>0x4ca7</value>
      </symbol>
      <symbol id="sm-c1e">
         <name>COMP_E1_IRQHandler</name>
         <value>0x4ca7</value>
      </symbol>
      <symbol id="sm-c1f">
         <name>TA0_0_IRQHandler</name>
         <value>0x4ca7</value>
      </symbol>
      <symbol id="sm-c20">
         <name>TA0_N_IRQHandler</name>
         <value>0x1edb</value>
      </symbol>
      <symbol id="sm-c21">
         <name>TA1_0_IRQHandler</name>
         <value>0x1ec9</value>
      </symbol>
      <symbol id="sm-c22">
         <name>TA1_N_IRQHandler</name>
         <value>0x4ca7</value>
      </symbol>
      <symbol id="sm-c23">
         <name>TA2_0_IRQHandler</name>
         <value>0x4ca7</value>
      </symbol>
      <symbol id="sm-c24">
         <name>TA2_N_IRQHandler</name>
         <value>0x4ca7</value>
      </symbol>
      <symbol id="sm-c25">
         <name>TA3_0_IRQHandler</name>
         <value>0x4ca7</value>
      </symbol>
      <symbol id="sm-c26">
         <name>TA3_N_IRQHandler</name>
         <value>0x4ca7</value>
      </symbol>
      <symbol id="sm-c27">
         <name>EUSCIA0_IRQHandler</name>
         <value>0x1631</value>
      </symbol>
      <symbol id="sm-c28">
         <name>EUSCIA1_IRQHandler</name>
         <value>0x4ca7</value>
      </symbol>
      <symbol id="sm-c29">
         <name>EUSCIA2_IRQHandler</name>
         <value>0x16b5</value>
      </symbol>
      <symbol id="sm-c2a">
         <name>EUSCIA3_IRQHandler</name>
         <value>0x4ca7</value>
      </symbol>
      <symbol id="sm-c2b">
         <name>EUSCIB0_IRQHandler</name>
         <value>0x4ca7</value>
      </symbol>
      <symbol id="sm-c2c">
         <name>EUSCIB1_IRQHandler</name>
         <value>0x4ca7</value>
      </symbol>
      <symbol id="sm-c2d">
         <name>EUSCIB2_IRQHandler</name>
         <value>0x4ca7</value>
      </symbol>
      <symbol id="sm-c2e">
         <name>EUSCIB3_IRQHandler</name>
         <value>0x4ca7</value>
      </symbol>
      <symbol id="sm-c2f">
         <name>ADC14_IRQHandler</name>
         <value>0x4ca7</value>
      </symbol>
      <symbol id="sm-c30">
         <name>T32_INT1_IRQHandler</name>
         <value>0x4ca7</value>
      </symbol>
      <symbol id="sm-c31">
         <name>T32_INT2_IRQHandler</name>
         <value>0x4ca7</value>
      </symbol>
      <symbol id="sm-c32">
         <name>T32_INTC_IRQHandler</name>
         <value>0x4ca7</value>
      </symbol>
      <symbol id="sm-c33">
         <name>AES256_IRQHandler</name>
         <value>0x4ca7</value>
      </symbol>
      <symbol id="sm-c34">
         <name>RTC_C_IRQHandler</name>
         <value>0x4ca7</value>
      </symbol>
      <symbol id="sm-c35">
         <name>DMA_ERR_IRQHandler</name>
         <value>0x4ca7</value>
      </symbol>
      <symbol id="sm-c36">
         <name>DMA_INT3_IRQHandler</name>
         <value>0x4ca7</value>
      </symbol>
      <symbol id="sm-c37">
         <name>DMA_INT2_IRQHandler</name>
         <value>0x4ca7</value>
      </symbol>
      <symbol id="sm-c38">
         <name>DMA_INT1_IRQHandler</name>
         <value>0x4ca7</value>
      </symbol>
      <symbol id="sm-c39">
         <name>DMA_INT0_IRQHandler</name>
         <value>0x4ca7</value>
      </symbol>
      <symbol id="sm-c3a">
         <name>PORT1_IRQHandler</name>
         <value>0x4ca7</value>
      </symbol>
      <symbol id="sm-c3b">
         <name>PORT2_IRQHandler</name>
         <value>0x4ca7</value>
      </symbol>
      <symbol id="sm-c3c">
         <name>PORT3_IRQHandler</name>
         <value>0x4ca7</value>
      </symbol>
      <symbol id="sm-c3d">
         <name>PORT4_IRQHandler</name>
         <value>0x4ca7</value>
      </symbol>
      <symbol id="sm-c3e">
         <name>PORT5_IRQHandler</name>
         <value>0x4ca7</value>
      </symbol>
      <symbol id="sm-c3f">
         <name>PORT6_IRQHandler</name>
         <value>0x4ca7</value>
      </symbol>
      <symbol id="sm-c40">
         <name>remove</name>
         <value>0x49c9</value>
      </symbol>
   </symbol_table>
   <title>Link successful</title>
</link_info>
