******************************************************************************
                  TI ARM Linker PC v20.2.0                     
******************************************************************************
>> Linked Thu Feb  1 17:21:25 2024

OUTPUT FILE NAME:   <Project1.out>
ENTRY POINT SYMBOL: "_c_int00_noargs"  address: 000048d9


MEMORY CONFIGURATION

         name            origin    length      used     unused   attr    fill
----------------------  --------  ---------  --------  --------  ----  --------
  MAIN                  00000000   00040000  00005057  0003afa9  R  X
  INFO                  00200000   00004000  00000000  00004000  R  X
  SRAM_CODE             01000000   00010000  00001bac  0000e454  RW X
  SRAM_DATA             20000000   00010000  00001bac  0000e454  RW  


SEGMENT ALLOCATION MAP

run origin  load origin   length   init length attrs members
----------  ----------- ---------- ----------- ----- -------
00000000    00000000    00005058   00005058    r-x
  00000000    00000000    000000e4   000000e4    r-- .intvecs
  000000e4    000000e4    00004bfc   00004bfc    r-x .text
  00004ce0    00004ce0    000002c7   000002c7    r-- .const
  00004fa8    00004fa8    000000b0   000000b0    r-- .cinit
20000000    20000000    000019b0   00000000    rw-
  20000000    20000000    0000138c   00000000    rw- .bss
  20001390    20001390    00000400   00000000    rw- .sysmem
  20001790    20001790    00000220   00000000    rw- .data
2000fe00    2000fe00    00000200   00000000    rw-
  2000fe00    2000fe00    00000200   00000000    rw- .stack


SECTION ALLOCATION MAP

 output                                  attributes/
section   page    origin      length       input sections
--------  ----  ----------  ----------   ----------------
.intvecs   0    00000000    000000e4     
                  00000000    000000e4     startup_msp432p401r_ccs.obj (.intvecs:retain)

.text      0    000000e4    00004bfc     
                  000000e4    00000a4e     rtsv7M4_T_le_v4SPD16_eabi.lib : _printfi.c.obj (.text:__TI_printfi)
                  00000b32    00000002                                   : _lock.c.obj (.text:_nop)
                  00000b34    00000534     BlueLib.obj (.text)
                  00001068    00000380     stepper.obj (.text)
                  000013e8    00000378     UART_Driver.obj (.text)
                  00001760    00000334     system_msp432p401r.obj (.text)
                  00001a94    00000270     rtsv7M4_T_le_v4SPD16_eabi.lib : _printfi.c.obj (.text:_pconv_a)
                  00001d04    00000208     main.obj (.text)
                  00001f0c    000001d8     claw_machine.obj (.text)
                  000020e4    000001d0     rtsv7M4_T_le_v4SPD16_eabi.lib : _printfi.c.obj (.text:_pconv_g)
                  000022b4    000001b6                                   : fd_add_t2.asm.obj (.text)
                  0000246a    00000002                                   : div0.asm.obj (.text)
                  0000246c    0000015c     msp432p4xx_driverlib.lib : pcm.o (.text:__PCM_setPowerModeAdvanced)
                  000025c8    00000144                              : timer_a.o (.text:privateTimer_AProcessClockSourceDivider)
                  0000270c    0000013c     rtsv7M4_T_le_v4SPD16_eabi.lib : _printfi.c.obj (.text:_pconv_e)
                  00002848    00000136                                   : fd_div_t2.asm.obj (.text)
                  0000297e    00000002     --HOLE-- [fill = 0]
                  00002980    00000130     msp432p4xx_driverlib.lib : cs.o (.text:CS_initClockSignal)
                  00002ab0    00000130     servo.obj (.text)
                  00002be0    00000124     rtsv7M4_T_le_v4SPD16_eabi.lib : _printfi.c.obj (.text:fcvt)
                  00002d04    0000011c     msp432p4xx_driverlib.lib : uart.o (.text:UART_initModule)
                  00002e20    00000114     rtsv7M4_T_le_v4SPD16_eabi.lib : fputs.c.obj (.text:fputs)
                  00002f34    00000110                                   : s_scalbn.c.obj (.text:scalbn)
                  00003044    00000108     msp432p4xx_driverlib.lib : pcm.o (.text:__PCM_setCoreVoltageLevelAdvanced)
                  0000314c    00000108     rtsv7M4_T_le_v4SPD16_eabi.lib : memory.c.obj (.text:aligned_alloc)
                  00003254    000000fc                                   : fd_mul_t2.asm.obj (.text)
                  00003350    000000e8     cart.obj (.text)
                  00003438    000000e4     rtsv7M4_T_le_v4SPD16_eabi.lib : memory.c.obj (.text:free)
                  0000351c    000000dc                                   : setvbuf.c.obj (.text:setvbuf)
                  000035f8    000000b1                                   : _printfi.c.obj (.text:_ltostr)
                  000036a9    00000003     --HOLE-- [fill = 0]
                  000036ac    000000ac     BitOperations.obj (.text)
                  00003758    0000009c     rtsv7M4_T_le_v4SPD16_eabi.lib : memcpy_t2.asm.obj (.text)
                  000037f4    00000096                                   : ull_div_t2.asm.obj (.text)
                  0000388a    00000002     --HOLE-- [fill = 0]
                  0000388c    0000008c                                   : fputc.c.obj (.text:fputc)
                  00003918    00000088     msp432p4xx_driverlib.lib : gpio.o (.text:GPIO_setAsPeripheralModuleFunctionOutputPin)
                  000039a0    00000086     rtsv7M4_T_le_v4SPD16_eabi.lib : fd_cmp_t2.asm.obj (.text:__aeabi_cdcmple)
                  00003a26    00000086                                   : fd_cmp_t2.asm.obj (.text:__aeabi_cdrcmple)
                  00003aac    00000080     msp432p4xx_driverlib.lib : interrupt.o (.text:Interrupt_enableInterrupt)
                  00003b2c    0000007a     rtsv7M4_T_le_v4SPD16_eabi.lib : memset_t2.asm.obj (.text)
                  00003ba6    00000002     --HOLE-- [fill = 0]
                  00003ba8    00000074                                   : fclose.c.obj (.text:__TI_closefile)
                  00003c1c    00000070                                   : memory.c.obj (.text:split)
                  00003c8c    0000006e                                   : _printfi.c.obj (.text:_mcpy)
                  00003cfa    00000002     --HOLE-- [fill = 0]
                  00003cfc    0000006c                                   : hostrename.c.obj (.text:HOSTrename)
                  00003d68    00000068                                   : hostlseek.c.obj (.text:HOSTlseek)
                  00003dd0    00000068     msp432p4xx_driverlib.lib : timer_a.o (.text:Timer_A_configureUpMode)
                  00003e38    00000068     rtsv7M4_T_le_v4SPD16_eabi.lib : copy_decompress_lzss.c.obj (.text:decompress:lzss:__TI_decompress_lzss)
                  00003ea0    00000068                                   : printf.c.obj (.text:printf)
                  00003f08    00000064     msp432p4xx_driverlib.lib : uart.o (.text:UART_getEnabledInterruptStatus)
                  00003f6c    00000064     rtsv7M4_T_le_v4SPD16_eabi.lib : s_frexp.c.obj (.text:frexp)
                  00003fd0    00000064                                   : fseek.c.obj (.text:fseek)
                  00004034    00000062                                   : _io_perm.c.obj (.text:__TI_wrt_ok)
                  00004096    00000002     --HOLE-- [fill = 0]
                  00004098    00000060                                   : hostopen.c.obj (.text:HOSTopen)
                  000040f8    0000005e     msp432p4xx_driverlib.lib : pcm.o (.text:PCM_getCoreVoltageLevel)
                  00004156    00000002     --HOLE-- [fill = 0]
                  00004158    0000005c     rtsv7M4_T_le_v4SPD16_eabi.lib : close.c.obj (.text:close)
                  000041b4    0000005a     msp432p4xx_driverlib.lib : pcm.o (.text:PCM_getPowerMode)
                  0000420e    00000002     --HOLE-- [fill = 0]
                  00004210    00000058     rtsv7M4_T_le_v4SPD16_eabi.lib : hostread.c.obj (.text:HOSTread)
                  00004268    00000058                                   : hostwrite.c.obj (.text:HOSTwrite)
                  000042c0    00000056                                   : _printfi.c.obj (.text:_pconv_f)
                  00004316    00000054                                   : _ltoa.c.obj (.text:__TI_ltoa)
                  0000436a    00000052                                   : _printfi.c.obj (.text:_ecpy)
                  000043bc    00000050                                   : fs_toull_t2.asm.obj (.text)
                  0000440c    0000004e     msp432p4xx_driverlib.lib : timer_a.o (.text:Timer_A_initCompare)
                  0000445a    0000004c     rtsv7M4_T_le_v4SPD16_eabi.lib : fflush.c.obj (.text:__TI_doflush)
                  000044a6    00000002     --HOLE-- [fill = 0]
                  000044a8    0000004c                                   : atoi.c.obj (.text:atoi)
                  000044f4    00000048     msp432p4xx_driverlib.lib : flash.o (.text:FlashCtl_setWaitState)
                  0000453c    00000048     rtsv7M4_T_le_v4SPD16_eabi.lib : exit.c.obj (.text:exit)
                  00004584    00000048                                   : fd_toi_t2.asm.obj (.text)
                  000045cc    00000044                                   : hostclose.c.obj (.text:HOSTclose)
                  00004610    00000044                                   : hostunlink.c.obj (.text:HOSTunlink)
                  00004654    00000044                                   : autoinit.c.obj (.text:__TI_auto_init_nobinit_nopinit:__TI_auto_init_nobinit_nopinit)
                  00004698    00000044                                   : getdevice.c.obj (.text:getdevice)
                  000046dc    00000040     msp432p4xx_driverlib.lib : gpio.o (.text:GPIO_setAsOutputPin)
                  0000471c    0000003e     rtsv7M4_T_le_v4SPD16_eabi.lib : _printfi.c.obj (.text:_fcpy)
                  0000475a    0000003e     global.obj (.text)
                  00004798    00000038     rtsv7M4_T_le_v4SPD16_eabi.lib : trgmsg.c.obj (.text:__TI_writemsg)
                  000047d0    00000036                                   : strncpy.c.obj (.text:strncpy)
                  00004806    00000002     --HOLE-- [fill = 0]
                  00004808    00000034     msp432p4xx_driverlib.lib : cs.o (.text:CS_setDCOCenteredFrequency)
                  0000483c    00000034                              : timer_a.o (.text:Timer_A_configureContinuousMode)
                  00004870    00000034     rtsv7M4_T_le_v4SPD16_eabi.lib : fopen.c.obj (.text:__TI_cleanup)
                  000048a4    00000034                                   : trgmsg.c.obj (.text:__TI_readmsg)
                  000048d8    00000034                                   : boot_cortex_m.c.obj (.text:_c_int00_noargs:_c_int00_noargs)
                  0000490c    00000030     msp432p4xx_driverlib.lib : cs.o (.text:CS_setReferenceOscillatorFrequency)
                  0000493c    00000030     rtsv7M4_T_le_v4SPD16_eabi.lib : getdevice.c.obj (.text:finddevice)
                  0000496c    0000002e                                   : i_tofd_t2.asm.obj (.text)
                  0000499a    00000002     --HOLE-- [fill = 0]
                  0000499c    0000002c     msp432p4xx_driverlib.lib : timer_a.o (.text:Timer_A_clearCaptureCompareInterrupt)
                  000049c8    0000002c     rtsv7M4_T_le_v4SPD16_eabi.lib : unlink.c.obj (.text:unlink)
                  000049f4    00000028     msp432p4xx_driverlib.lib : gpio.o (.text:GPIO_setOutputHighOnPin)
                  00004a1c    00000028                              : gpio.o (.text:GPIO_setOutputLowOnPin)
                  00004a44    00000028                              : gpio.o (.text:GPIO_toggleOutputOnPin)
                  00004a6c    00000028     rtsv7M4_T_le_v4SPD16_eabi.lib : memory.c.obj (.text:free_list_insert)
                  00004a94    00000028                                   : lseek.c.obj (.text:lseek)
                  00004abc    00000028                                   : write.c.obj (.text:write)
                  00004ae4    00000024     msp432p4xx_driverlib.lib : wdt_a.o (.text:WDT_A_holdTimer)
                  00004b08    00000020     rtsv7M4_T_le_v4SPD16_eabi.lib : memchr.c.obj (.text:memchr)
                  00004b28    0000001c                                   : memory.c.obj (.text:free_list_remove)
                  00004b44    0000001c                                   : memccpy.c.obj (.text:memccpy)
                  00004b60    0000001a                                   : s_copysign.c.obj (.text:copysign)
                  00004b7a    00000018     msp432p4xx_driverlib.lib : uart.o (.text:UART_getInterruptStatus)
                  00004b92    00000018     rtsv7M4_T_le_v4SPD16_eabi.lib : strcmp.c.obj (.text:strcmp)
                  00004baa    00000016     msp432p4xx_driverlib.lib : timer_a.o (.text:Timer_A_clearInterruptFlag)
                  00004bc0    00000016                              : timer_a.o (.text:Timer_A_startCounter)
                  00004bd6    00000016     rtsv7M4_T_le_v4SPD16_eabi.lib : strchr.c.obj (.text:strchr)
                  00004bec    00000014     msp432p4xx_driverlib.lib : pcm.o (.text:PCM_getPowerState)
                  00004c00    00000014     rtsv7M4_T_le_v4SPD16_eabi.lib : strcpy.c.obj (.text:strcpy)
                  00004c14    00000014                                   : strlen.c.obj (.text:strlen)
                  00004c28    00000012                                   : wcslen.c.obj (.text:wcslen)
                  00004c3a    00000002     --HOLE-- [fill = 0]
                  00004c3c    00000010     msp432p4xx_driverlib.lib : interrupt.o (.text:Interrupt_disableSleepOnIsrExit)
                  00004c4c    00000010                              : interrupt.o (.text:Interrupt_enableMaster)
                  00004c5c    00000010                              : interrupt.o (.text:Interrupt_enableSleepOnIsrExit)
                  00004c6c    00000010                              : pcm.o (.text:PCM_setCoreVoltageLevel)
                  00004c7c    00000010                              : pcm.o (.text:PCM_setPowerMode)
                  00004c8c    0000000e     rtsv7M4_T_le_v4SPD16_eabi.lib : copy_decompress_none.c.obj (.text:decompress:none:__TI_decompress_none)
                  00004c9a    0000000e     startup_msp432p401r_ccs.obj (.text)
                  00004ca8    0000000c     msp432p4xx_driverlib.lib : cpu.o (.text:CPU_cpsie)
                  00004cb4    0000000c     rtsv7M4_T_le_v4SPD16_eabi.lib : copy_zero_init.c.obj (.text:decompress:ZI:__TI_zero_init)
                  00004cc0    00000008                                   : errno.c.obj (.text:__aeabi_errno_addr)
                  00004cc8    00000008                                   : memory.c.obj (.text:malloc)
                  00004cd0    00000004                                   : printf.c.obj (.text:_outc)
                  00004cd4    00000004                                   : printf.c.obj (.text:_outs)
                  00004cd8    00000004                                   : pre_init.c.obj (.text:_system_pre_init)
                  00004cdc    00000004                                   : exit.c.obj (.text:abort:abort)

.const     0    00004ce0    000002c7     
                  00004ce0    00000101     rtsv7M4_T_le_v4SPD16_eabi.lib : ctype.c.obj (.const:.string:_ctypes_)
                  00004de1    00000005     stepper.obj (.const:$P$T16$7)
                  00004de6    00000002     --HOLE-- [fill = 0]
                  00004de8    00000098     cart.obj (.const:$P$T1$1)
                  00004e80    00000048     stepper.obj (.const:$P$T21$11)
                  00004ec8    00000030     msp432p4xx_driverlib.lib : gpio.o (.const:GPIO_PORT_TO_BASE)
                  00004ef8    00000028     BlueLib.obj (.const:UART2Config)
                  00004f20    00000020     servo.obj (.const:$P$T0$1)
                  00004f40    00000018     stepper.obj (.const:timerConfig)
                  00004f58    0000000c     claw_machine.obj (.const:$P$T4$2)
                  00004f64    0000000c     claw_machine.obj (.const:$P$T7$3)
                  00004f70    0000000c     claw_machine.obj (.const:$P$T8$4)
                  00004f7c    00000008     msp432p4xx_driverlib.lib : interrupt.o (.const:g_pulEnRegs)
                  00004f84    00000005     stepper.obj (.const:$P$T17$8)
                  00004f89    00000005     stepper.obj (.const:$P$T18$9)
                  00004f8e    00000005     stepper.obj (.const:$P$T19$10)
                  00004f93    00000005     stepper.obj (.const:$P$T6$2)
                  00004f98    00000005     stepper.obj (.const:$P$T7$3)
                  00004f9d    00000005     stepper.obj (.const:$P$T8$4)
                  00004fa2    00000005     stepper.obj (.const:$P$T9$5)

.cinit     0    00004fa8    000000b0     
                  00004fa8    00000088     (.cinit..data.load) [load image, compression = lzss]
                  00005030    0000000c     (__TI_handler_table)
                  0000503c    00000004     --HOLE-- [fill = 0]
                  00005040    00000008     (.cinit..bss.load) [load image, compression = zero_init]
                  00005048    00000010     (__TI_cinit_table)

.init_array 
*          0    00000000    00000000     UNINITIALIZED

.binit     0    00000000    00000000     

.bss       0    20000000    0000138c     UNINITIALIZED
                  20000000    00000800     (.common:UARTA0Data)
                  20000800    00000800     (.common:UARTA2Data)
                  20001000    000001a8     (.common:clawMachine)
                  200011a8    00000120     rtsv7M4_T_le_v4SPD16_eabi.lib : trgmsg.c.obj (.bss:_CIOBUF_)
                  200012c8    000000a0     (.common:__TI_tmpnams)
                  20001368    00000008     (.common:parmbuf)
                  20001370    00000005     stepper.obj (.bss:$P$T0$1)
                  20001375    00000005     stepper.obj (.bss:$P$T10$6)
                  2000137a    00000002     --HOLE--
                  2000137c    00000004     (.common:UARTA0ReadIndex)
                  20001380    00000004     (.common:UARTA0WriteIndex)
                  20001384    00000004     (.common:UARTA2ReadIndex)
                  20001388    00000004     (.common:UARTA2WriteIndex)

.sysmem    0    20001390    00000400     UNINITIALIZED
                  20001390    00000010     rtsv7M4_T_le_v4SPD16_eabi.lib : memory.c.obj (.sysmem)
                  200013a0    000003f0     --HOLE--

.data      0    20001790    00000220     UNINITIALIZED
                  20001790    000000f0     rtsv7M4_T_le_v4SPD16_eabi.lib : defs.c.obj (.data:_ftable)
                  20001880    00000078                                   : host_device.c.obj (.data:_device)
                  200018f8    00000050                                   : host_device.c.obj (.data:_stream)
                  20001948    00000018     config.obj (.data:servoTimerPWMConfig)
                  20001960    00000010     config.obj (.data:mainLoopTimerConfig)
                  20001970    00000010     rtsv7M4_T_le_v4SPD16_eabi.lib : defs.c.obj (.data)
                  20001980    0000000c                                   : exit.c.obj (.data:$O1$$)
                  2000198c    0000000c     main.obj (.data)
                  20001998    00000008     rtsv7M4_T_le_v4SPD16_eabi.lib : _lock.c.obj (.data:$O1$$)
                  200019a0    00000008                                   : memory.c.obj (.data:$O1$$)
                  200019a8    00000004                                   : errno.c.obj (.data)
                  200019ac    00000004     system_msp432p401r.obj (.data)

.stack     0    2000fe00    00000200     UNINITIALIZED
                  2000fe00    00000004     rtsv7M4_T_le_v4SPD16_eabi.lib : boot_cortex_m.c.obj (.stack)
                  2000fe04    000001fc     --HOLE--

__llvm_prf_cnts 
*          0    20000000    00000000     UNINITIALIZED

MODULE SUMMARY

       Module                        code    ro data   rw data
       ------                        ----    -------   -------
    .\
       main.obj                      520     0         872    
       stepper.obj                   896     136       20     
       system_msp432p401r.obj        820     0         8      
       claw_machine.obj              472     36        0      
       cart.obj                      232     152       0      
       servo.obj                     304     32        0      
       startup_msp432p401r_ccs.obj   14      228       0      
       config.obj                    0       0         80     
       global.obj                    62      0         0      
    +--+-----------------------------+-------+---------+---------+
       Total:                        3320    584       980    
                                                              
    .\BlueTooth\BluetoothLib\
       BlueLib.obj                   1332    40        0      
       BitOperations.obj             172     0         0      
    +--+-----------------------------+-------+---------+---------+
       Total:                        1504    40        0      
                                                              
    .\BlueTooth\Hardware\
       UART_Driver.obj               888     0         8224   
    +--+-----------------------------+-------+---------+---------+
       Total:                        888     0         8224   
                                                              
    C:/Users/HUAWEI/Desktop/msp432Library/source/ti/devices/msp432p4xx/driverlib/ccs/msp432p4xx_driverlib.lib
       pcm.o                         848     0         0      
       timer_a.o                     646     0         0      
       uart.o                        408     0         0      
       cs.o                          404     0         0      
       gpio.o                        320     48        0      
       interrupt.o                   176     8         0      
       flash.o                       72      0         0      
       wdt_a.o                       36      0         0      
       cpu.o                         12      0         0      
    +--+-----------------------------+-------+---------+---------+
       Total:                        2922    56        0      
                                                              
    C:\CCS\ccs\tools\compiler\ti-cgt-arm_20.2.0.LTS\lib\rtsv7M4_T_le_v4SPD16_eabi.lib
       _printfi.c.obj                4851    0         0      
       defs.c.obj                    0       0         832    
       memory.c.obj                  680     0         16     
       trgmsg.c.obj                  108     0         576    
       fd_add_t2.asm.obj             438     0         0      
       host_device.c.obj             0       0         400    
       fd_div_t2.asm.obj             310     0         0      
       fputs.c.obj                   276     0         0      
       s_scalbn.c.obj                272     0         0      
       fd_cmp_t2.asm.obj             268     0         0      
       ctype.c.obj                   0       257       0      
       fd_mul_t2.asm.obj             252     0         0      
       setvbuf.c.obj                 220     0         0      
       memcpy_t2.asm.obj             156     0         0      
       ull_div_t2.asm.obj            150     0         0      
       fputc.c.obj                   140     0         0      
       memset_t2.asm.obj             122     0         0      
       fclose.c.obj                  116     0         0      
       getdevice.c.obj               116     0         0      
       hostopen.c.obj                96      0         16     
       printf.c.obj                  112     0         0      
       hostrename.c.obj              108     0         0      
       copy_decompress_lzss.c.obj    104     0         0      
       hostlseek.c.obj               104     0         0      
       exit.c.obj                    76      0         24     
       fseek.c.obj                   100     0         0      
       s_frexp.c.obj                 100     0         0      
       _io_perm.c.obj                98      0         0      
       close.c.obj                   92      0         0      
       hostread.c.obj                88      0         0      
       hostwrite.c.obj               88      0         0      
       _ltoa.c.obj                   84      0         0      
       fs_toull_t2.asm.obj           80      0         0      
       atoi.c.obj                    76      0         0      
       fflush.c.obj                  76      0         0      
       fd_toi_t2.asm.obj             72      0         0      
       autoinit.c.obj                68      0         0      
       hostclose.c.obj               68      0         0      
       hostunlink.c.obj              68      0         0      
       strncpy.c.obj                 54      0         0      
       boot_cortex_m.c.obj           52      0         0      
       fopen.c.obj                   52      0         0      
       i_tofd_t2.asm.obj             46      0         0      
       unlink.c.obj                  44      0         0      
       lseek.c.obj                   40      0         0      
       write.c.obj                   40      0         0      
       memchr.c.obj                  32      0         0      
       memccpy.c.obj                 28      0         0      
       s_copysign.c.obj              26      0         0      
       strcmp.c.obj                  24      0         0      
       strchr.c.obj                  22      0         0      
       strcpy.c.obj                  20      0         0      
       strlen.c.obj                  20      0         0      
       _lock.c.obj                   2       0         16     
       wcslen.c.obj                  18      0         0      
       errno.c.obj                   8       0         8      
       copy_decompress_none.c.obj    14      0         0      
       copy_zero_init.c.obj          12      0         0      
       pre_init.c.obj                4       0         0      
       div0.asm.obj                  2       0         0      
    +--+-----------------------------+-------+---------+---------+
       Total:                        10793   257       1888   
                                                              
       Heap:                         0       0         2048   
       Stack:                        0       0         1024   
       Linker Generated:             0       172       0      
    +--+-----------------------------+-------+---------+---------+
       Grand Total:                  19427   1109      14164  


LINKER GENERATED COPY TABLES

__TI_cinit_table @ 00005048 records: 2, size/record: 8, table size: 16
	.data: load addr=00004fa8, load size=00000088 bytes, run addr=20001790, run size=00000220 bytes, compression=lzss
	.bss: load addr=00005040, load size=00000008 bytes, run addr=20000000, run size=0000138c bytes, compression=zero_init


LINKER GENERATED HANDLER TABLE

__TI_handler_table @ 00005030 records: 3, size/record: 4, table size: 12
	index: 0, handler: __TI_decompress_lzss
	index: 1, handler: __TI_decompress_none
	index: 2, handler: __TI_zero_init


GLOBAL SYMBOLS: SORTED ALPHABETICALLY BY Name 

address   name                                       
-------   ----                                       
00004ca7  ADC14_IRQHandler                           
00004ca7  AES256_IRQHandler                          
00000b5f  BlueToothHardwareInit                      
00004ca7  BusFault_Handler                           
00004cdd  C$$EXIT                                    
000047c7  C$$IO$$                                    
00004ca7  COMP_E0_IRQHandler                         
00004ca7  COMP_E1_IRQHandler                         
00004ca9  CPU_cpsie                                  
00004ca7  CS_IRQHandler                              
00002981  CS_initClockSignal                         
00004809  CS_setDCOCenteredFrequency                 
0000490d  CS_setReferenceOscillatorFrequency         
00003351  Cart_INIT                                  
000033e9  Cart_goTo                                  
00003391  Cart_setSpeed_Percentage                   
000033b5  Cart_tryMove                               
00001f0d  Claw_INIT                                  
00002057  Claw_getCurrentPosition                    
00002039  Claw_setGripperSpeed                       
00001fc5  Claw_setManualMode                         
00001f6b  Claw_setTargetMode                         
00001fe5  Claw_setXSpeed                             
00001fff  Claw_setYSpeed                             
0000201b  Claw_setZSpeed                             
00002079  Claw_tryMove                               
00000f69  CloseGripper                               
00004ca7  DMA_ERR_IRQHandler                         
00004ca7  DMA_INT0_IRQHandler                        
00004ca7  DMA_INT1_IRQHandler                        
00004ca7  DMA_INT2_IRQHandler                        
00004ca7  DMA_INT3_IRQHandler                        
00004ca7  DebugMon_Handler                           
00004ca7  Default_Handler                            
00001631  EUSCIA0_IRQHandler                         
00001631  EUSCIA0_IRQHandler                         
00004ca7  EUSCIA1_IRQHandler                         
000016b5  EUSCIA2_IRQHandler                         
000016b5  EUSCIA2_IRQHandler                         
00004ca7  EUSCIA3_IRQHandler                         
00004ca7  EUSCIB0_IRQHandler                         
00004ca7  EUSCIB1_IRQHandler                         
00004ca7  EUSCIB2_IRQHandler                         
00004ca7  EUSCIB3_IRQHandler                         
00004ca7  FLCTL_IRQHandler                           
00004ca7  FPU_IRQHandler                             
000044f5  FlashCtl_setWaitState                      
000046dd  GPIO_setAsOutputPin                        
00003919  GPIO_setAsPeripheralModuleFunctionOutputPin
000049f5  GPIO_setOutputHighOnPin                    
00004a1d  GPIO_setOutputLowOnPin                     
0000475b  GPIO_setOutputOnPin                        
00004a45  GPIO_toggleOutputOnPin                     
00000fbd  GoToTarget                                 
000045cd  HOSTclose                                  
00003d69  HOSTlseek                                  
00004099  HOSTopen                                   
00004211  HOSTread                                   
00003cfd  HOSTrename                                 
00004611  HOSTunlink                                 
00004269  HOSTwrite                                  
00004ca7  HardFault_Handler                          
00000baf  InterpretCommand                           
00004c3d  Interrupt_disableSleepOnIsrExit            
00003aad  Interrupt_enableInterrupt                  
00004c4d  Interrupt_enableMaster                     
00004c5d  Interrupt_enableSleepOnIsrExit             
00004ca7  MemManage_Handler                          
00004ca7  NMI_Handler                                
00000ee1  OpenGripper                                
00004ca7  PCM_IRQHandler                             
000040f9  PCM_getCoreVoltageLevel                    
000041b5  PCM_getPowerMode                           
00004bed  PCM_getPowerState                          
00004c6d  PCM_setCoreVoltageLevel                    
00004c7d  PCM_setPowerMode                           
00004ca7  PORT1_IRQHandler                           
00004ca7  PORT2_IRQHandler                           
00004ca7  PORT3_IRQHandler                           
00004ca7  PORT4_IRQHandler                           
00004ca7  PORT5_IRQHandler                           
00004ca7  PORT6_IRQHandler                           
00004ca7  PSS_IRQHandler                             
00004ca7  PendSV_Handler                             
00004ca7  RTC_C_IRQHandler                           
00000b35  ReadFromBlueTooth                          
00004c9b  Reset_Handler                              
00004ca7  SVC_Handler                                
00001009  SaveTarget                                 
00000b45  SendToBlueTooth                            
00002ab1  Servo_INIT                                 
00002af9  Servo_setSpeed                             
00002b6b  Servo_tryMove                              
000036ad  SetNbitToOne                               
00000b89  Settings                                   
0000116d  Stepper_INIT                               
0000122f  Stepper_setSpeed_Percentage                
000011d3  Stepper_setSpeed_RPM                       
000012a5  Stepper_shouldMoveAfterIncrement           
00001309  Stepper_tryMove                            
00004ca7  SysTick_Handler                            
200019ac  SystemCoreClock                            
00001761  SystemCoreClockUpdate                      
000019d9  SystemInit                                 
00004ca7  T32_INT1_IRQHandler                        
00004ca7  T32_INT2_IRQHandler                        
00004ca7  T32_INTC_IRQHandler                        
00004ca7  TA0_0_IRQHandler                           
00001edb  TA0_N_IRQHandler                           
00001edb  TA0_N_IRQHandler                           
00001ec9  TA1_0_IRQHandler                           
00001ec9  TA1_0_IRQHandler                           
00004ca7  TA1_N_IRQHandler                           
00004ca7  TA2_0_IRQHandler                           
00004ca7  TA2_N_IRQHandler                           
00004ca7  TA3_0_IRQHandler                           
00004ca7  TA3_N_IRQHandler                           
0000499d  Timer_A_clearCaptureCompareInterrupt       
00004bab  Timer_A_clearInterruptFlag                 
0000483d  Timer_A_configureContinuousMode            
00003dd1  Timer_A_configureUpMode                    
0000440d  Timer_A_initCompare                        
00004bc1  Timer_A_startCounter                       
00004ef8  UART2Config                                
20000000  UARTA0Data                                 
2000137c  UARTA0ReadIndex                            
20001380  UARTA0WriteIndex                           
20000800  UARTA2Data                                 
20001384  UARTA2ReadIndex                            
20001388  UARTA2WriteIndex                           
000015c5  UART_Available                             
000015fd  UART_Flush                                 
000013e9  UART_Init                                  
000014cd  UART_Read                                  
00001491  UART_Write                                 
00003f09  UART_getEnabledInterruptStatus             
00004b7b  UART_getInterruptStatus                    
00002d05  UART_initModule                            
00004ca7  UsageFault_Handler                         
4000480c  WDTCTL_SYM                                 
00004ca7  WDT_A_IRQHandler                           
00004ae5  WDT_A_holdTimer                            
200011a8  __CIOBUF_                                  
20010000  __STACK_END                                
00000200  __STACK_SIZE                               
00000400  __SYSMEM_SIZE                              
00005048  __TI_CINIT_Base                            
00005058  __TI_CINIT_Limit                           
00005030  __TI_Handler_Table_Base                    
0000503c  __TI_Handler_Table_Limit                   
00004655  __TI_auto_init_nobinit_nopinit             
00004871  __TI_cleanup                               
20001980  __TI_cleanup_ptr                           
00003ba9  __TI_closefile                             
00003e39  __TI_decompress_lzss                       
00004c8d  __TI_decompress_none                       
0000445b  __TI_doflush                               
20001984  __TI_dtors_ptr                             
20001988  __TI_enable_exit_profile_output            
20001970  __TI_ft_end                                
00004317  __TI_ltoa                                  
ffffffff  __TI_pprof_out_hndl                        
000000e5  __TI_printfi                               
ffffffff  __TI_prof_data_size                        
ffffffff  __TI_prof_data_start                       
000048a5  __TI_readmsg                               
00000000  __TI_static_base__                         
200012c8  __TI_tmpnams                               
00004799  __TI_writemsg                              
00004035  __TI_wrt_ok                                
00004cb5  __TI_zero_init                             
000039a1  __aeabi_cdcmpeq                            
000039a1  __aeabi_cdcmple                            
00003a27  __aeabi_cdrcmple                           
00004585  __aeabi_d2iz                               
000022bf  __aeabi_dadd                               
00002849  __aeabi_ddiv                               
00003255  __aeabi_dmul                               
000022b5  __aeabi_dsub                               
00004cc1  __aeabi_errno_addr                         
000043bd  __aeabi_f2ulz                              
0000496d  __aeabi_i2d                                
0000246b  __aeabi_idiv0                              
0000246b  __aeabi_ldiv0                              
00003b2d  __aeabi_memclr                             
00003b2d  __aeabi_memclr4                            
00003b2d  __aeabi_memclr8                            
00003759  __aeabi_memcpy                             
00003759  __aeabi_memcpy4                            
00003759  __aeabi_memcpy8                            
00003b2f  __aeabi_memset                             
00003b2f  __aeabi_memset4                            
00003b2f  __aeabi_memset8                            
2000197c  __aeabi_stderr                             
20001974  __aeabi_stdin                              
20001978  __aeabi_stdout                             
000037f5  __aeabi_uldivmod                           
ffffffff  __binit__                                  
ffffffff  __c_args__                                 
UNDEFED   __mpu_init                                 
2000fe00  __stack                                    
20000000  __start___llvm_prf_cnts                    
20000000  __stop___llvm_prf_cnts                     
000048d9  _c_int00_noargs                            
00004ce0  _ctypes_                                   
20001880  _device                                    
20001790  _ftable                                    
20001998  _lock                                      
00000b33  _nop                                       
00001069  _step                                      
200018f8  _stream                                    
20001390  _sys_memory                                
UNDEFED   _system_post_cinit                         
00004cd9  _system_pre_init                           
2000199c  _unlock                                    
00004cdd  abort                                      
0000314d  aligned_alloc                              
000044a9  atoi                                       
ffffffff  binit                                      
20001000  clawMachine                                
00004159  close                                      
00001d49  configureMainLoopTimer_ContinuoiusMode     
00001d2b  configureMotorsTimer_UpMode                
00004b61  copysign                                   
00004b61  copysignl                                  
20001994  counter                                    
2000198c  direction                                  
20001990  direction_b                                
0000372b  encodeTarget                               
00003707  encodeVelocity                             
200019a8  errno                                      
0000453d  exit                                       
0000493d  finddevice                                 
0000388d  fputc                                      
00002e21  fputs                                      
00003439  free                                       
00003f6d  frexp                                      
00003f6d  frexpl                                     
00003fd1  fseek                                      
00004699  getdevice                                  
00001d7b  init                                       
00000d3d  interpretAutomatic                         
00000bef  interpretManual                            
00000000  interruptVectors                           
00002f35  ldexp                                      
00002f35  ldexpl                                     
00004a95  lseek                                      
00001d05  main                                       
20001960  mainLoopTimerConfig                        
00004cc9  malloc                                     
000036c9  mapTo15                                    
0000314d  memalign                                   
00004b45  memccpy                                    
00004b09  memchr                                     
00003759  memcpy                                     
00003b35  memset                                     
00000e9b  moveGripperDown                            
00000e63  moveGripperUp                              
00000dad  moveXBackwards                             
00000d6d  moveXForward                               
00000e1d  moveYBackwards                             
00000de5  moveYForward                               
20001368  parmbuf                                    
00003ea1  printf                                     
0000388d  putc                                       
000049c9  remove                                     
00002f35  scalbn                                     
00002f35  scalbnl                                    
20001948  servoTimerPWMConfig                        
0000351d  setvbuf                                    
000010eb  step                                       
00004bd7  strchr                                     
00004b93  strcmp                                     
00004c01  strcpy                                     
00004c15  strlen                                     
000047d1  strncpy                                    
00004f40  timerConfig                                
000049c9  unlink                                     
00004c29  wcslen                                     
00004abd  write                                      


GLOBAL SYMBOLS: SORTED BY Symbol Address 

address   name                                       
-------   ----                                       
00000000  __TI_static_base__                         
00000000  interruptVectors                           
000000e5  __TI_printfi                               
00000200  __STACK_SIZE                               
00000400  __SYSMEM_SIZE                              
00000b33  _nop                                       
00000b35  ReadFromBlueTooth                          
00000b45  SendToBlueTooth                            
00000b5f  BlueToothHardwareInit                      
00000b89  Settings                                   
00000baf  InterpretCommand                           
00000bef  interpretManual                            
00000d3d  interpretAutomatic                         
00000d6d  moveXForward                               
00000dad  moveXBackwards                             
00000de5  moveYForward                               
00000e1d  moveYBackwards                             
00000e63  moveGripperUp                              
00000e9b  moveGripperDown                            
00000ee1  OpenGripper                                
00000f69  CloseGripper                               
00000fbd  GoToTarget                                 
00001009  SaveTarget                                 
00001069  _step                                      
000010eb  step                                       
0000116d  Stepper_INIT                               
000011d3  Stepper_setSpeed_RPM                       
0000122f  Stepper_setSpeed_Percentage                
000012a5  Stepper_shouldMoveAfterIncrement           
00001309  Stepper_tryMove                            
000013e9  UART_Init                                  
00001491  UART_Write                                 
000014cd  UART_Read                                  
000015c5  UART_Available                             
000015fd  UART_Flush                                 
00001631  EUSCIA0_IRQHandler                         
00001631  EUSCIA0_IRQHandler                         
000016b5  EUSCIA2_IRQHandler                         
000016b5  EUSCIA2_IRQHandler                         
00001761  SystemCoreClockUpdate                      
000019d9  SystemInit                                 
00001d05  main                                       
00001d2b  configureMotorsTimer_UpMode                
00001d49  configureMainLoopTimer_ContinuoiusMode     
00001d7b  init                                       
00001ec9  TA1_0_IRQHandler                           
00001ec9  TA1_0_IRQHandler                           
00001edb  TA0_N_IRQHandler                           
00001edb  TA0_N_IRQHandler                           
00001f0d  Claw_INIT                                  
00001f6b  Claw_setTargetMode                         
00001fc5  Claw_setManualMode                         
00001fe5  Claw_setXSpeed                             
00001fff  Claw_setYSpeed                             
0000201b  Claw_setZSpeed                             
00002039  Claw_setGripperSpeed                       
00002057  Claw_getCurrentPosition                    
00002079  Claw_tryMove                               
000022b5  __aeabi_dsub                               
000022bf  __aeabi_dadd                               
0000246b  __aeabi_idiv0                              
0000246b  __aeabi_ldiv0                              
00002849  __aeabi_ddiv                               
00002981  CS_initClockSignal                         
00002ab1  Servo_INIT                                 
00002af9  Servo_setSpeed                             
00002b6b  Servo_tryMove                              
00002d05  UART_initModule                            
00002e21  fputs                                      
00002f35  ldexp                                      
00002f35  ldexpl                                     
00002f35  scalbn                                     
00002f35  scalbnl                                    
0000314d  aligned_alloc                              
0000314d  memalign                                   
00003255  __aeabi_dmul                               
00003351  Cart_INIT                                  
00003391  Cart_setSpeed_Percentage                   
000033b5  Cart_tryMove                               
000033e9  Cart_goTo                                  
00003439  free                                       
0000351d  setvbuf                                    
000036ad  SetNbitToOne                               
000036c9  mapTo15                                    
00003707  encodeVelocity                             
0000372b  encodeTarget                               
00003759  __aeabi_memcpy                             
00003759  __aeabi_memcpy4                            
00003759  __aeabi_memcpy8                            
00003759  memcpy                                     
000037f5  __aeabi_uldivmod                           
0000388d  fputc                                      
0000388d  putc                                       
00003919  GPIO_setAsPeripheralModuleFunctionOutputPin
000039a1  __aeabi_cdcmpeq                            
000039a1  __aeabi_cdcmple                            
00003a27  __aeabi_cdrcmple                           
00003aad  Interrupt_enableInterrupt                  
00003b2d  __aeabi_memclr                             
00003b2d  __aeabi_memclr4                            
00003b2d  __aeabi_memclr8                            
00003b2f  __aeabi_memset                             
00003b2f  __aeabi_memset4                            
00003b2f  __aeabi_memset8                            
00003b35  memset                                     
00003ba9  __TI_closefile                             
00003cfd  HOSTrename                                 
00003d69  HOSTlseek                                  
00003dd1  Timer_A_configureUpMode                    
00003e39  __TI_decompress_lzss                       
00003ea1  printf                                     
00003f09  UART_getEnabledInterruptStatus             
00003f6d  frexp                                      
00003f6d  frexpl                                     
00003fd1  fseek                                      
00004035  __TI_wrt_ok                                
00004099  HOSTopen                                   
000040f9  PCM_getCoreVoltageLevel                    
00004159  close                                      
000041b5  PCM_getPowerMode                           
00004211  HOSTread                                   
00004269  HOSTwrite                                  
00004317  __TI_ltoa                                  
000043bd  __aeabi_f2ulz                              
0000440d  Timer_A_initCompare                        
0000445b  __TI_doflush                               
000044a9  atoi                                       
000044f5  FlashCtl_setWaitState                      
0000453d  exit                                       
00004585  __aeabi_d2iz                               
000045cd  HOSTclose                                  
00004611  HOSTunlink                                 
00004655  __TI_auto_init_nobinit_nopinit             
00004699  getdevice                                  
000046dd  GPIO_setAsOutputPin                        
0000475b  GPIO_setOutputOnPin                        
00004799  __TI_writemsg                              
000047c7  C$$IO$$                                    
000047d1  strncpy                                    
00004809  CS_setDCOCenteredFrequency                 
0000483d  Timer_A_configureContinuousMode            
00004871  __TI_cleanup                               
000048a5  __TI_readmsg                               
000048d9  _c_int00_noargs                            
0000490d  CS_setReferenceOscillatorFrequency         
0000493d  finddevice                                 
0000496d  __aeabi_i2d                                
0000499d  Timer_A_clearCaptureCompareInterrupt       
000049c9  remove                                     
000049c9  unlink                                     
000049f5  GPIO_setOutputHighOnPin                    
00004a1d  GPIO_setOutputLowOnPin                     
00004a45  GPIO_toggleOutputOnPin                     
00004a95  lseek                                      
00004abd  write                                      
00004ae5  WDT_A_holdTimer                            
00004b09  memchr                                     
00004b45  memccpy                                    
00004b61  copysign                                   
00004b61  copysignl                                  
00004b7b  UART_getInterruptStatus                    
00004b93  strcmp                                     
00004bab  Timer_A_clearInterruptFlag                 
00004bc1  Timer_A_startCounter                       
00004bd7  strchr                                     
00004bed  PCM_getPowerState                          
00004c01  strcpy                                     
00004c15  strlen                                     
00004c29  wcslen                                     
00004c3d  Interrupt_disableSleepOnIsrExit            
00004c4d  Interrupt_enableMaster                     
00004c5d  Interrupt_enableSleepOnIsrExit             
00004c6d  PCM_setCoreVoltageLevel                    
00004c7d  PCM_setPowerMode                           
00004c8d  __TI_decompress_none                       
00004c9b  Reset_Handler                              
00004ca7  ADC14_IRQHandler                           
00004ca7  AES256_IRQHandler                          
00004ca7  BusFault_Handler                           
00004ca7  COMP_E0_IRQHandler                         
00004ca7  COMP_E1_IRQHandler                         
00004ca7  CS_IRQHandler                              
00004ca7  DMA_ERR_IRQHandler                         
00004ca7  DMA_INT0_IRQHandler                        
00004ca7  DMA_INT1_IRQHandler                        
00004ca7  DMA_INT2_IRQHandler                        
00004ca7  DMA_INT3_IRQHandler                        
00004ca7  DebugMon_Handler                           
00004ca7  Default_Handler                            
00004ca7  EUSCIA1_IRQHandler                         
00004ca7  EUSCIA3_IRQHandler                         
00004ca7  EUSCIB0_IRQHandler                         
00004ca7  EUSCIB1_IRQHandler                         
00004ca7  EUSCIB2_IRQHandler                         
00004ca7  EUSCIB3_IRQHandler                         
00004ca7  FLCTL_IRQHandler                           
00004ca7  FPU_IRQHandler                             
00004ca7  HardFault_Handler                          
00004ca7  MemManage_Handler                          
00004ca7  NMI_Handler                                
00004ca7  PCM_IRQHandler                             
00004ca7  PORT1_IRQHandler                           
00004ca7  PORT2_IRQHandler                           
00004ca7  PORT3_IRQHandler                           
00004ca7  PORT4_IRQHandler                           
00004ca7  PORT5_IRQHandler                           
00004ca7  PORT6_IRQHandler                           
00004ca7  PSS_IRQHandler                             
00004ca7  PendSV_Handler                             
00004ca7  RTC_C_IRQHandler                           
00004ca7  SVC_Handler                                
00004ca7  SysTick_Handler                            
00004ca7  T32_INT1_IRQHandler                        
00004ca7  T32_INT2_IRQHandler                        
00004ca7  T32_INTC_IRQHandler                        
00004ca7  TA0_0_IRQHandler                           
00004ca7  TA1_N_IRQHandler                           
00004ca7  TA2_0_IRQHandler                           
00004ca7  TA2_N_IRQHandler                           
00004ca7  TA3_0_IRQHandler                           
00004ca7  TA3_N_IRQHandler                           
00004ca7  UsageFault_Handler                         
00004ca7  WDT_A_IRQHandler                           
00004ca9  CPU_cpsie                                  
00004cb5  __TI_zero_init                             
00004cc1  __aeabi_errno_addr                         
00004cc9  malloc                                     
00004cd9  _system_pre_init                           
00004cdd  C$$EXIT                                    
00004cdd  abort                                      
00004ce0  _ctypes_                                   
00004ef8  UART2Config                                
00004f40  timerConfig                                
00005030  __TI_Handler_Table_Base                    
0000503c  __TI_Handler_Table_Limit                   
00005048  __TI_CINIT_Base                            
00005058  __TI_CINIT_Limit                           
20000000  UARTA0Data                                 
20000000  __start___llvm_prf_cnts                    
20000000  __stop___llvm_prf_cnts                     
20000800  UARTA2Data                                 
20001000  clawMachine                                
200011a8  __CIOBUF_                                  
200012c8  __TI_tmpnams                               
20001368  parmbuf                                    
2000137c  UARTA0ReadIndex                            
20001380  UARTA0WriteIndex                           
20001384  UARTA2ReadIndex                            
20001388  UARTA2WriteIndex                           
20001390  _sys_memory                                
20001790  _ftable                                    
20001880  _device                                    
200018f8  _stream                                    
20001948  servoTimerPWMConfig                        
20001960  mainLoopTimerConfig                        
20001970  __TI_ft_end                                
20001974  __aeabi_stdin                              
20001978  __aeabi_stdout                             
2000197c  __aeabi_stderr                             
20001980  __TI_cleanup_ptr                           
20001984  __TI_dtors_ptr                             
20001988  __TI_enable_exit_profile_output            
2000198c  direction                                  
20001990  direction_b                                
20001994  counter                                    
20001998  _lock                                      
2000199c  _unlock                                    
200019a8  errno                                      
200019ac  SystemCoreClock                            
2000fe00  __stack                                    
20010000  __STACK_END                                
4000480c  WDTCTL_SYM                                 
ffffffff  __TI_pprof_out_hndl                        
ffffffff  __TI_prof_data_size                        
ffffffff  __TI_prof_data_start                       
ffffffff  __binit__                                  
ffffffff  __c_args__                                 
ffffffff  binit                                      
UNDEFED   __mpu_init                                 
UNDEFED   _system_post_cinit                         

[280 symbols]
