******************************************************************************
                  TI ARM Linker Unix v20.2.7                   
******************************************************************************
>> Linked Fri Jan 19 23:56:40 2024

OUTPUT FILE NAME:   <stepper_motor.out>
ENTRY POINT SYMBOL: "_c_int00_noargs"  address: 00000cc5


MEMORY CONFIGURATION

         name            origin    length      used     unused   attr    fill
----------------------  --------  ---------  --------  --------  ----  --------
  MAIN                  00000000   00040000  00000f5c  0003f0a4  R  X
  INFO                  00200000   00004000  00000000  00004000  R  X
  SRAM_CODE             01000000   00010000  00000256  0000fdaa  RW X
  SRAM_DATA             20000000   00010000  00000256  0000fdaa  RW  


SEGMENT ALLOCATION MAP

run origin  load origin   length   init length attrs members
----------  ----------- ---------- ----------- ----- -------
00000000    00000000    00000f60   00000f60    r-x
  00000000    00000000    000000e4   000000e4    r-- .intvecs
  000000e4    000000e4    00000d88   00000d88    r-x .text
  00000e70    00000e70    000000c0   000000c0    r-- .const
  00000f30    00000f30    00000030   00000030    r-- .cinit
20000000    20000000    00000058   00000000    rw-
  20000000    20000000    00000052   00000000    rw- .bss
  20000054    20000054    00000004   00000000    rw- .data
2000fe00    2000fe00    00000200   00000000    rw-
  2000fe00    2000fe00    00000200   00000000    rw- .stack


SECTION ALLOCATION MAP

 output                                  attributes/
section   page    origin      length       input sections
--------  ----  ----------  ----------   ----------------
.intvecs   0    00000000    000000e4     
                  00000000    000000e4     startup_msp432p401r_ccs.obj (.intvecs:retain)

.text      0    000000e4    00000d88     
                  000000e4    00000388     stepper.obj (.text)
                  0000046c    00000334     system_msp432p401r.obj (.text)
                  000007a0    00000144     msp432p4xx_driverlib.lib : timer_a.o (.text:privateTimer_AProcessClockSourceDivider)
                  000008e4    0000009c     rtsv7M4_T_le_v4SPD16_eabi.lib : memcpy_t2.asm.obj (.text)
                  00000980    00000094     main.obj (.text)
                  00000a14    00000080     msp432p4xx_driverlib.lib : interrupt.o (.text:Interrupt_enableInterrupt)
                  00000a94    00000068                              : timer_a.o (.text:Timer_A_configureUpMode)
                  00000afc    00000068     rtsv7M4_T_le_v4SPD16_eabi.lib : copy_decompress_lzss.c.obj (.text:decompress:lzss:__TI_decompress_lzss)
                  00000b64    00000050                                   : fs_toull_t2.asm.obj (.text)
                  00000bb4    0000004c     msp432p4xx_driverlib.lib : gpio.o (.text:GPIO_setAsInputPin)
                  00000c00    00000044     rtsv7M4_T_le_v4SPD16_eabi.lib : autoinit.c.obj (.text:__TI_auto_init_nobinit_nopinit:__TI_auto_init_nobinit_nopinit)
                  00000c44    00000040     msp432p4xx_driverlib.lib : gpio.o (.text:GPIO_setAsOutputPin)
                  00000c84    0000003e     global.obj (.text)
                  00000cc2    00000002     --HOLE-- [fill = 0]
                  00000cc4    00000034     rtsv7M4_T_le_v4SPD16_eabi.lib : boot_cortex_m.c.obj (.text:_c_int00_noargs:_c_int00_noargs)
                  00000cf8    0000002c     msp432p4xx_driverlib.lib : timer_a.o (.text:Timer_A_clearCaptureCompareInterrupt)
                  00000d24    00000028                              : gpio.o (.text:GPIO_enableInterrupt)
                  00000d4c    00000028                              : gpio.o (.text:GPIO_setOutputHighOnPin)
                  00000d74    00000028                              : gpio.o (.text:GPIO_setOutputLowOnPin)
                  00000d9c    00000028                              : gpio.o (.text:GPIO_toggleOutputOnPin)
                  00000dc4    00000024                              : wdt_a.o (.text:WDT_A_holdTimer)
                  00000de8    0000001c     rtsv7M4_T_le_v4SPD16_eabi.lib : copy_zero_init.c.obj (.text:decompress:ZI:__TI_zero_init_nomemset:__TI_zero_init_nomemset)
                  00000e04    00000016     msp432p4xx_driverlib.lib : timer_a.o (.text:Timer_A_startCounter)
                  00000e1a    00000010                              : interrupt.o (.text:Interrupt_enableMaster)
                  00000e2a    00000002     --HOLE-- [fill = 0]
                  00000e2c    00000010                              : interrupt.o (.text:Interrupt_enableSleepOnIsrExit)
                  00000e3c    0000000e     rtsv7M4_T_le_v4SPD16_eabi.lib : copy_decompress_none.c.obj (.text:decompress:none:__TI_decompress_none)
                  00000e4a    0000000e     startup_msp432p401r_ccs.obj (.text)
                  00000e58    0000000c     msp432p4xx_driverlib.lib : cpu.o (.text:CPU_cpsie)
                  00000e64    00000004     rtsv7M4_T_le_v4SPD16_eabi.lib : pre_init.c.obj (.text:_system_pre_init)
                  00000e68    00000004                                   : exit.c.obj (.text:abort:abort)

.const     0    00000e70    000000c0     
                  00000e70    00000048     stepper.obj (.const:$P$T21$11)
                  00000eb8    00000030     msp432p4xx_driverlib.lib : gpio.o (.const:GPIO_PORT_TO_BASE)
                  00000ee8    00000018     stepper.obj (.const:timerConfig)
                  00000f00    00000008     msp432p4xx_driverlib.lib : interrupt.o (.const:g_pulEnRegs)
                  00000f08    00000005     stepper.obj (.const:$P$T16$7)
                  00000f0d    00000005     stepper.obj (.const:$P$T17$8)
                  00000f12    00000005     stepper.obj (.const:$P$T18$9)
                  00000f17    00000005     stepper.obj (.const:$P$T19$10)
                  00000f1c    00000005     stepper.obj (.const:$P$T6$2)
                  00000f21    00000005     stepper.obj (.const:$P$T7$3)
                  00000f26    00000005     stepper.obj (.const:$P$T8$4)
                  00000f2b    00000005     stepper.obj (.const:$P$T9$5)

.cinit     0    00000f30    00000030     
                  00000f30    0000000c     (__TI_handler_table)
                  00000f3c    00000004     --HOLE-- [fill = 0]
                  00000f40    00000008     (.cinit..bss.load) [load image, compression = zero_init]
                  00000f48    00000008     (.cinit..data.load) [load image, compression = lzss]
                  00000f50    00000010     (__TI_cinit_table)

.init_array 
*          0    00000000    00000000     UNINITIALIZED

.binit     0    00000000    00000000     

.bss       0    20000000    00000052     UNINITIALIZED
                  20000000    00000048     (.common:cart_a_dx)
                  20000048    00000005     stepper.obj (.bss:$P$T0$1)
                  2000004d    00000005     stepper.obj (.bss:$P$T10$6)

.data      0    20000054    00000004     UNINITIALIZED
                  20000054    00000004     system_msp432p401r.obj (.data)

.stack     0    2000fe00    00000200     UNINITIALIZED
                  2000fe00    00000004     rtsv7M4_T_le_v4SPD16_eabi.lib : boot_cortex_m.c.obj (.stack)
                  2000fe04    000001fc     --HOLE--

__llvm_prf_cnts 
*          0    20000000    00000000     UNINITIALIZED

MODULE SUMMARY

       Module                        code   ro data   rw data
       ------                        ----   -------   -------
    ./
       stepper.obj                   904    136       20     
       system_msp432p401r.obj        820    0         8      
       main.obj                      148    0         144    
       startup_msp432p401r_ccs.obj   14     228       0      
       global.obj                    62     0         0      
    +--+-----------------------------+------+---------+---------+
       Total:                        1948   364       172    
                                                             
    /Applications/ti/ccs1240/ccs/tools/compiler/ti-cgt-arm_20.2.7.LTS/lib/rtsv7M4_T_le_v4SPD16_eabi.lib
       memcpy_t2.asm.obj             156    0         0      
       copy_decompress_lzss.c.obj    104    0         0      
       fs_toull_t2.asm.obj           80     0         0      
       autoinit.c.obj                68     0         0      
       boot_cortex_m.c.obj           52     0         0      
       copy_zero_init.c.obj          28     0         0      
       copy_decompress_none.c.obj    14     0         0      
       exit.c.obj                    4      0         0      
       pre_init.c.obj                4      0         0      
    +--+-----------------------------+------+---------+---------+
       Total:                        510    0         0      
                                                             
    /Users/lucapodavini/Library/CloudStorage/GoogleDrive-luca.podavini@studenti.unitn.it/My Drive/UNI/Embedded Software for the Internet of Things/Exercises/simplelink_msp432p4_sdk_3_40_01_02/source/ti/devices/msp432p4xx/driverlib/ccs/msp432p4xx_driverlib.lib
       timer_a.o                     494    0         0      
       gpio.o                        300    48        0      
       interrupt.o                   160    8         0      
       wdt_a.o                       36     0         0      
       cpu.o                         12     0         0      
    +--+-----------------------------+------+---------+---------+
       Total:                        1002   56        0      
                                                             
       Stack:                        0      0         1024   
       Linker Generated:             0      44        0      
    +--+-----------------------------+------+---------+---------+
       Grand Total:                  3460   464       1196   


LINKER GENERATED COPY TABLES

__TI_cinit_table @ 00000f50 records: 2, size/record: 8, table size: 16
	.bss: load addr=00000f40, load size=00000008 bytes, run addr=20000000, run size=00000052 bytes, compression=zero_init
	.data: load addr=00000f48, load size=00000008 bytes, run addr=20000054, run size=00000004 bytes, compression=lzss


LINKER GENERATED HANDLER TABLE

__TI_handler_table @ 00000f30 records: 3, size/record: 4, table size: 12
	index: 0, handler: __TI_decompress_lzss
	index: 1, handler: __TI_decompress_none
	index: 2, handler: __TI_zero_init


GLOBAL SYMBOLS: SORTED ALPHABETICALLY BY Name 

address   name                                
-------   ----                                
00000e57  ADC14_IRQHandler                    
00000e57  AES256_IRQHandler                   
00000e57  BusFault_Handler                    
00000e69  C$$EXIT                             
00000e57  COMP_E0_IRQHandler                  
00000e57  COMP_E1_IRQHandler                  
00000e59  CPU_cpsie                           
00000e57  CS_IRQHandler                       
00000e57  DMA_ERR_IRQHandler                  
00000e57  DMA_INT0_IRQHandler                 
00000e57  DMA_INT1_IRQHandler                 
00000e57  DMA_INT2_IRQHandler                 
00000e57  DMA_INT3_IRQHandler                 
00000e57  DebugMon_Handler                    
00000e57  Default_Handler                     
00000e57  EUSCIA0_IRQHandler                  
00000e57  EUSCIA1_IRQHandler                  
00000e57  EUSCIA2_IRQHandler                  
00000e57  EUSCIA3_IRQHandler                  
00000e57  EUSCIB0_IRQHandler                  
00000e57  EUSCIB1_IRQHandler                  
00000e57  EUSCIB2_IRQHandler                  
00000e57  EUSCIB3_IRQHandler                  
00000e57  FLCTL_IRQHandler                    
00000e57  FPU_IRQHandler                      
00000d25  GPIO_enableInterrupt                
00000bb5  GPIO_setAsInputPin                  
00000c45  GPIO_setAsOutputPin                 
00000d4d  GPIO_setOutputHighOnPin             
00000d75  GPIO_setOutputLowOnPin              
00000c85  GPIO_setOutputOnPin                 
00000d9d  GPIO_toggleOutputOnPin              
00000e57  HardFault_Handler                   
00000a15  Interrupt_enableInterrupt           
00000e1b  Interrupt_enableMaster              
00000e2d  Interrupt_enableSleepOnIsrExit      
00000e57  MemManage_Handler                   
00000e57  NMI_Handler                         
00000e57  PCM_IRQHandler                      
00000e57  PORT1_IRQHandler                    
00000e57  PORT2_IRQHandler                    
00000e57  PORT3_IRQHandler                    
00000e57  PORT4_IRQHandler                    
00000e57  PORT5_IRQHandler                    
00000e57  PORT6_IRQHandler                    
00000e57  PSS_IRQHandler                      
00000e57  PendSV_Handler                      
00000e57  RTC_C_IRQHandler                    
00000e4b  Reset_Handler                       
00000e57  SVC_Handler                         
000001e9  Stepper_INIT                        
00000391  Stepper_MoveIfShuld                 
000002ab  Stepper_setSpeed_Percentage         
0000024f  Stepper_setSpeed_RPM                
00000321  Stepper_shouldMoveAfterIncrement    
00000e57  SysTick_Handler                     
20000054  SystemCoreClock                     
0000046d  SystemCoreClockUpdate               
000006e5  SystemInit                          
00000e57  T32_INT1_IRQHandler                 
00000e57  T32_INT2_IRQHandler                 
00000e57  T32_INTC_IRQHandler                 
00000e57  TA0_0_IRQHandler                    
00000e57  TA0_N_IRQHandler                    
000009f7  TA1_0_IRQHandler                    
000009f7  TA1_0_IRQHandler                    
00000e57  TA1_N_IRQHandler                    
00000e57  TA2_0_IRQHandler                    
00000e57  TA2_N_IRQHandler                    
00000e57  TA3_0_IRQHandler                    
00000e57  TA3_N_IRQHandler                    
00000cf9  Timer_A_clearCaptureCompareInterrupt
00000a95  Timer_A_configureUpMode             
00000e05  Timer_A_startCounter                
00000e57  UsageFault_Handler                  
4000480c  WDTCTL_SYM                          
00000e57  WDT_A_IRQHandler                    
00000dc5  WDT_A_holdTimer                     
20010000  __STACK_END                         
00000200  __STACK_SIZE                        
00000f50  __TI_CINIT_Base                     
00000f60  __TI_CINIT_Limit                    
00000f30  __TI_Handler_Table_Base             
00000f3c  __TI_Handler_Table_Limit            
00000c01  __TI_auto_init_nobinit_nopinit      
00000afd  __TI_decompress_lzss                
00000e3d  __TI_decompress_none                
ffffffff  __TI_pprof_out_hndl                 
ffffffff  __TI_prof_data_size                 
ffffffff  __TI_prof_data_start                
00000000  __TI_static_base__                  
00000de9  __TI_zero_init_nomemset             
00000b65  __aeabi_f2ulz                       
000008e5  __aeabi_memcpy                      
000008e5  __aeabi_memcpy4                     
000008e5  __aeabi_memcpy8                     
ffffffff  __binit__                           
ffffffff  __c_args__                          
UNDEFED   __mpu_init                          
2000fe00  __stack                             
20000000  __start___llvm_prf_cnts             
20000000  __stop___llvm_prf_cnts              
00000cc5  _c_int00_noargs                     
000000e5  _step                               
UNDEFED   _system_post_cinit                  
00000e65  _system_pre_init                    
00000e69  abort                               
ffffffff  binit                               
20000000  cart_a_dx                           
00000981  configurePorts                      
0000099b  configureTimerUpMode                
00000000  interruptVectors                    
000009bd  main                                
000008e5  memcpy                              
00000167  step                                
00000ee8  timerConfig                         


GLOBAL SYMBOLS: SORTED BY Symbol Address 

address   name                                
-------   ----                                
00000000  __TI_static_base__                  
00000000  interruptVectors                    
000000e5  _step                               
00000167  step                                
000001e9  Stepper_INIT                        
00000200  __STACK_SIZE                        
0000024f  Stepper_setSpeed_RPM                
000002ab  Stepper_setSpeed_Percentage         
00000321  Stepper_shouldMoveAfterIncrement    
00000391  Stepper_MoveIfShuld                 
0000046d  SystemCoreClockUpdate               
000006e5  SystemInit                          
000008e5  __aeabi_memcpy                      
000008e5  __aeabi_memcpy4                     
000008e5  __aeabi_memcpy8                     
000008e5  memcpy                              
00000981  configurePorts                      
0000099b  configureTimerUpMode                
000009bd  main                                
000009f7  TA1_0_IRQHandler                    
000009f7  TA1_0_IRQHandler                    
00000a15  Interrupt_enableInterrupt           
00000a95  Timer_A_configureUpMode             
00000afd  __TI_decompress_lzss                
00000b65  __aeabi_f2ulz                       
00000bb5  GPIO_setAsInputPin                  
00000c01  __TI_auto_init_nobinit_nopinit      
00000c45  GPIO_setAsOutputPin                 
00000c85  GPIO_setOutputOnPin                 
00000cc5  _c_int00_noargs                     
00000cf9  Timer_A_clearCaptureCompareInterrupt
00000d25  GPIO_enableInterrupt                
00000d4d  GPIO_setOutputHighOnPin             
00000d75  GPIO_setOutputLowOnPin              
00000d9d  GPIO_toggleOutputOnPin              
00000dc5  WDT_A_holdTimer                     
00000de9  __TI_zero_init_nomemset             
00000e05  Timer_A_startCounter                
00000e1b  Interrupt_enableMaster              
00000e2d  Interrupt_enableSleepOnIsrExit      
00000e3d  __TI_decompress_none                
00000e4b  Reset_Handler                       
00000e57  ADC14_IRQHandler                    
00000e57  AES256_IRQHandler                   
00000e57  BusFault_Handler                    
00000e57  COMP_E0_IRQHandler                  
00000e57  COMP_E1_IRQHandler                  
00000e57  CS_IRQHandler                       
00000e57  DMA_ERR_IRQHandler                  
00000e57  DMA_INT0_IRQHandler                 
00000e57  DMA_INT1_IRQHandler                 
00000e57  DMA_INT2_IRQHandler                 
00000e57  DMA_INT3_IRQHandler                 
00000e57  DebugMon_Handler                    
00000e57  Default_Handler                     
00000e57  EUSCIA0_IRQHandler                  
00000e57  EUSCIA1_IRQHandler                  
00000e57  EUSCIA2_IRQHandler                  
00000e57  EUSCIA3_IRQHandler                  
00000e57  EUSCIB0_IRQHandler                  
00000e57  EUSCIB1_IRQHandler                  
00000e57  EUSCIB2_IRQHandler                  
00000e57  EUSCIB3_IRQHandler                  
00000e57  FLCTL_IRQHandler                    
00000e57  FPU_IRQHandler                      
00000e57  HardFault_Handler                   
00000e57  MemManage_Handler                   
00000e57  NMI_Handler                         
00000e57  PCM_IRQHandler                      
00000e57  PORT1_IRQHandler                    
00000e57  PORT2_IRQHandler                    
00000e57  PORT3_IRQHandler                    
00000e57  PORT4_IRQHandler                    
00000e57  PORT5_IRQHandler                    
00000e57  PORT6_IRQHandler                    
00000e57  PSS_IRQHandler                      
00000e57  PendSV_Handler                      
00000e57  RTC_C_IRQHandler                    
00000e57  SVC_Handler                         
00000e57  SysTick_Handler                     
00000e57  T32_INT1_IRQHandler                 
00000e57  T32_INT2_IRQHandler                 
00000e57  T32_INTC_IRQHandler                 
00000e57  TA0_0_IRQHandler                    
00000e57  TA0_N_IRQHandler                    
00000e57  TA1_N_IRQHandler                    
00000e57  TA2_0_IRQHandler                    
00000e57  TA2_N_IRQHandler                    
00000e57  TA3_0_IRQHandler                    
00000e57  TA3_N_IRQHandler                    
00000e57  UsageFault_Handler                  
00000e57  WDT_A_IRQHandler                    
00000e59  CPU_cpsie                           
00000e65  _system_pre_init                    
00000e69  C$$EXIT                             
00000e69  abort                               
00000ee8  timerConfig                         
00000f30  __TI_Handler_Table_Base             
00000f3c  __TI_Handler_Table_Limit            
00000f50  __TI_CINIT_Base                     
00000f60  __TI_CINIT_Limit                    
20000000  __start___llvm_prf_cnts             
20000000  __stop___llvm_prf_cnts              
20000000  cart_a_dx                           
20000054  SystemCoreClock                     
2000fe00  __stack                             
20010000  __STACK_END                         
4000480c  WDTCTL_SYM                          
ffffffff  __TI_pprof_out_hndl                 
ffffffff  __TI_prof_data_size                 
ffffffff  __TI_prof_data_start                
ffffffff  __binit__                           
ffffffff  __c_args__                          
ffffffff  binit                               
UNDEFED   __mpu_init                          
UNDEFED   _system_post_cinit                  

[116 symbols]
