<?xml version="1.0" encoding="ISO-8859-1" ?>
<link_info>
   <banner>TI ARM Linker PC v20.2.7.LTS</banner>
   <copyright>Copyright (c) 1996-2018 Texas Instruments Incorporated</copyright>
   <link_time>0x65bd2716</link_time>
   <link_errors>0x0</link_errors>
   <output_file>ClawMachine_MotorDriver.out</output_file>
   <entry_point>
      <name>_c_int00_noargs</name>
      <address>0x78c9</address>
   </entry_point>
   <input_file_list>
      <input_file id="fl-2">
         <path>.\</path>
         <kind>object</kind>
         <file>cart.obj</file>
         <name>cart.obj</name>
      </input_file>
      <input_file id="fl-3">
         <path>.\</path>
         <kind>object</kind>
         <file>claw_machine.obj</file>
         <name>claw_machine.obj</name>
      </input_file>
      <input_file id="fl-4">
         <path>.\</path>
         <kind>object</kind>
         <file>config.obj</file>
         <name>config.obj</name>
      </input_file>
      <input_file id="fl-5">
         <path>.\</path>
         <kind>object</kind>
         <file>global.obj</file>
         <name>global.obj</name>
      </input_file>
      <input_file id="fl-6">
         <path>.\</path>
         <kind>object</kind>
         <file>main.obj</file>
         <name>main.obj</name>
      </input_file>
      <input_file id="fl-7">
         <path>.\</path>
         <kind>object</kind>
         <file>servo.obj</file>
         <name>servo.obj</name>
      </input_file>
      <input_file id="fl-8">
         <path>.\</path>
         <kind>object</kind>
         <file>startup_msp432p401r_ccs.obj</file>
         <name>startup_msp432p401r_ccs.obj</name>
      </input_file>
      <input_file id="fl-9">
         <path>.\</path>
         <kind>object</kind>
         <file>stepper.obj</file>
         <name>stepper.obj</name>
      </input_file>
      <input_file id="fl-a">
         <path>.\</path>
         <kind>object</kind>
         <file>system_msp432p401r.obj</file>
         <name>system_msp432p401r.obj</name>
      </input_file>
      <input_file id="fl-b">
         <path>.\BlueTooth\BluetoothLib\</path>
         <kind>object</kind>
         <file>BitOperations.obj</file>
         <name>BitOperations.obj</name>
      </input_file>
      <input_file id="fl-c">
         <path>.\BlueTooth\BluetoothLib\</path>
         <kind>object</kind>
         <file>BlueLib.obj</file>
         <name>BlueLib.obj</name>
      </input_file>
      <input_file id="fl-d">
         <path>.\BlueTooth\Hardware\</path>
         <kind>object</kind>
         <file>UART_Driver.obj</file>
         <name>UART_Driver.obj</name>
      </input_file>
      <input_file id="fl-e">
         <path>.\Controller\</path>
         <kind>object</kind>
         <file>ControllerFSM.obj</file>
         <name>ControllerFSM.obj</name>
      </input_file>
      <input_file id="fl-f">
         <path>.\Controller\</path>
         <kind>object</kind>
         <file>ControllerSetup.obj</file>
         <name>ControllerSetup.obj</name>
      </input_file>
      <input_file id="fl-10">
         <path>.\Controller\</path>
         <kind>object</kind>
         <file>InterruptHandler.obj</file>
         <name>InterruptHandler.obj</name>
      </input_file>
      <input_file id="fl-11">
         <path>.\Graphics\LcdDriver\</path>
         <kind>object</kind>
         <file>Crystalfontz128x128_ST7735.obj</file>
         <name>Crystalfontz128x128_ST7735.obj</name>
      </input_file>
      <input_file id="fl-12">
         <path>.\Graphics\LcdDriver\</path>
         <kind>object</kind>
         <file>HAL_MSP_EXP432P401R_Crystalfontz128x128_ST7735.obj</file>
         <name>HAL_MSP_EXP432P401R_Crystalfontz128x128_ST7735.obj</name>
      </input_file>
      <input_file id="fl-13">
         <path>.\Graphics\</path>
         <kind>object</kind>
         <file>default_screens.obj</file>
         <name>default_screens.obj</name>
      </input_file>
      <input_file id="fl-14">
         <path>.\Graphics\</path>
         <kind>object</kind>
         <file>screen_manager.obj</file>
         <name>screen_manager.obj</name>
      </input_file>
      <input_file id="fl-15">
         <path>.\Graphics\images\</path>
         <kind>object</kind>
         <file>bluetooth.obj</file>
         <name>bluetooth.obj</name>
      </input_file>
      <input_file id="fl-16">
         <path>.\Graphics\images\</path>
         <kind>object</kind>
         <file>claw.obj</file>
         <name>claw.obj</name>
      </input_file>
      <input_file id="fl-17">
         <path>.\Graphics\images\</path>
         <kind>object</kind>
         <file>thumbsup.obj</file>
         <name>thumbsup.obj</name>
      </input_file>
      <input_file id="fl-1d">
         <kind>object</kind>
         <file>&lt;internal&gt;</file>
         <name>&lt;internal&gt;</name>
      </input_file>
      <input_file id="fl-1e">
         <path>C:\Users\betto\Desktop\driverLib\source\ti\devices\msp432p4xx\driverlib\ccs\</path>
         <kind>archive</kind>
         <file>msp432p4xx_driverlib.lib</file>
         <name>adc14.o</name>
      </input_file>
      <input_file id="fl-1f">
         <path>C:\Users\betto\Desktop\driverLib\source\ti\devices\msp432p4xx\driverlib\ccs\</path>
         <kind>archive</kind>
         <file>msp432p4xx_driverlib.lib</file>
         <name>cs.o</name>
      </input_file>
      <input_file id="fl-20">
         <path>C:\Users\betto\Desktop\driverLib\source\ti\devices\msp432p4xx\driverlib\ccs\</path>
         <kind>archive</kind>
         <file>msp432p4xx_driverlib.lib</file>
         <name>flash.o</name>
      </input_file>
      <input_file id="fl-21">
         <path>C:\Users\betto\Desktop\driverLib\source\ti\devices\msp432p4xx\driverlib\ccs\</path>
         <kind>archive</kind>
         <file>msp432p4xx_driverlib.lib</file>
         <name>gpio.o</name>
      </input_file>
      <input_file id="fl-22">
         <path>C:\Users\betto\Desktop\driverLib\source\ti\devices\msp432p4xx\driverlib\ccs\</path>
         <kind>archive</kind>
         <file>msp432p4xx_driverlib.lib</file>
         <name>interrupt.o</name>
      </input_file>
      <input_file id="fl-23">
         <path>C:\Users\betto\Desktop\driverLib\source\ti\devices\msp432p4xx\driverlib\ccs\</path>
         <kind>archive</kind>
         <file>msp432p4xx_driverlib.lib</file>
         <name>pcm.o</name>
      </input_file>
      <input_file id="fl-24">
         <path>C:\Users\betto\Desktop\driverLib\source\ti\devices\msp432p4xx\driverlib\ccs\</path>
         <kind>archive</kind>
         <file>msp432p4xx_driverlib.lib</file>
         <name>rtc_c.o</name>
      </input_file>
      <input_file id="fl-25">
         <path>C:\Users\betto\Desktop\driverLib\source\ti\devices\msp432p4xx\driverlib\ccs\</path>
         <kind>archive</kind>
         <file>msp432p4xx_driverlib.lib</file>
         <name>spi.o</name>
      </input_file>
      <input_file id="fl-26">
         <path>C:\Users\betto\Desktop\driverLib\source\ti\devices\msp432p4xx\driverlib\ccs\</path>
         <kind>archive</kind>
         <file>msp432p4xx_driverlib.lib</file>
         <name>sysctl.o</name>
      </input_file>
      <input_file id="fl-27">
         <path>C:\Users\betto\Desktop\driverLib\source\ti\devices\msp432p4xx\driverlib\ccs\</path>
         <kind>archive</kind>
         <file>msp432p4xx_driverlib.lib</file>
         <name>sysctl_a.o</name>
      </input_file>
      <input_file id="fl-28">
         <path>C:\Users\betto\Desktop\driverLib\source\ti\devices\msp432p4xx\driverlib\ccs\</path>
         <kind>archive</kind>
         <file>msp432p4xx_driverlib.lib</file>
         <name>timer_a.o</name>
      </input_file>
      <input_file id="fl-29">
         <path>C:\Users\betto\Desktop\driverLib\source\ti\devices\msp432p4xx\driverlib\ccs\</path>
         <kind>archive</kind>
         <file>msp432p4xx_driverlib.lib</file>
         <name>uart.o</name>
      </input_file>
      <input_file id="fl-2a">
         <path>C:\Users\betto\Desktop\driverLib\source\ti\devices\msp432p4xx\driverlib\ccs\</path>
         <kind>archive</kind>
         <file>msp432p4xx_driverlib.lib</file>
         <name>wdt_a.o</name>
      </input_file>
      <input_file id="fl-2b">
         <path>C:\Users\betto\Desktop\driverLib\source\ti\devices\msp432p4xx\driverlib\ccs\</path>
         <kind>archive</kind>
         <file>msp432p4xx_driverlib.lib</file>
         <name>cpu.o</name>
      </input_file>
      <input_file id="fl-2c">
         <path>C:\Users\betto\Desktop\driverLib\source\ti\grlib\lib\ccs\m4\</path>
         <kind>archive</kind>
         <file>grlib.a</file>
         <name>context.obj</name>
      </input_file>
      <input_file id="fl-2d">
         <path>C:\Users\betto\Desktop\driverLib\source\ti\grlib\lib\ccs\m4\</path>
         <kind>archive</kind>
         <file>grlib.a</file>
         <name>display.obj</name>
      </input_file>
      <input_file id="fl-2e">
         <path>C:\Users\betto\Desktop\driverLib\source\ti\grlib\lib\ccs\m4\</path>
         <kind>archive</kind>
         <file>grlib.a</file>
         <name>fontfixed6x8.obj</name>
      </input_file>
      <input_file id="fl-2f">
         <path>C:\Users\betto\Desktop\driverLib\source\ti\grlib\lib\ccs\m4\</path>
         <kind>archive</kind>
         <file>grlib.a</file>
         <name>image.obj</name>
      </input_file>
      <input_file id="fl-30">
         <path>C:\Users\betto\Desktop\driverLib\source\ti\grlib\lib\ccs\m4\</path>
         <kind>archive</kind>
         <file>grlib.a</file>
         <name>line.obj</name>
      </input_file>
      <input_file id="fl-31">
         <path>C:\Users\betto\Desktop\driverLib\source\ti\grlib\lib\ccs\m4\</path>
         <kind>archive</kind>
         <file>grlib.a</file>
         <name>rectangle.obj</name>
      </input_file>
      <input_file id="fl-32">
         <path>C:\Users\betto\Desktop\driverLib\source\ti\grlib\lib\ccs\m4\</path>
         <kind>archive</kind>
         <file>grlib.a</file>
         <name>string.obj</name>
      </input_file>
      <input_file id="fl-e8">
         <path>C:\ti\ccs1240\ccs\tools\compiler\ti-cgt-arm_20.2.7.LTS\lib\</path>
         <kind>archive</kind>
         <file>rtsv7M4_T_le_v4SPD16_eabi.lib</file>
         <name>printf.c.obj</name>
      </input_file>
      <input_file id="fl-e9">
         <path>C:\ti\ccs1240\ccs\tools\compiler\ti-cgt-arm_20.2.7.LTS\lib\</path>
         <kind>archive</kind>
         <file>rtsv7M4_T_le_v4SPD16_eabi.lib</file>
         <name>fprintf.c.obj</name>
      </input_file>
      <input_file id="fl-ea">
         <path>C:\ti\ccs1240\ccs\tools\compiler\ti-cgt-arm_20.2.7.LTS\lib\</path>
         <kind>archive</kind>
         <file>rtsv7M4_T_le_v4SPD16_eabi.lib</file>
         <name>_printfi.c.obj</name>
      </input_file>
      <input_file id="fl-eb">
         <path>C:\ti\ccs1240\ccs\tools\compiler\ti-cgt-arm_20.2.7.LTS\lib\</path>
         <kind>archive</kind>
         <file>rtsv7M4_T_le_v4SPD16_eabi.lib</file>
         <name>fputc.c.obj</name>
      </input_file>
      <input_file id="fl-ec">
         <path>C:\ti\ccs1240\ccs\tools\compiler\ti-cgt-arm_20.2.7.LTS\lib\</path>
         <kind>archive</kind>
         <file>rtsv7M4_T_le_v4SPD16_eabi.lib</file>
         <name>fputs.c.obj</name>
      </input_file>
      <input_file id="fl-ed">
         <path>C:\ti\ccs1240\ccs\tools\compiler\ti-cgt-arm_20.2.7.LTS\lib\</path>
         <kind>archive</kind>
         <file>rtsv7M4_T_le_v4SPD16_eabi.lib</file>
         <name>_io_perm.c.obj</name>
      </input_file>
      <input_file id="fl-ee">
         <path>C:\ti\ccs1240\ccs\tools\compiler\ti-cgt-arm_20.2.7.LTS\lib\</path>
         <kind>archive</kind>
         <file>rtsv7M4_T_le_v4SPD16_eabi.lib</file>
         <name>setvbuf.c.obj</name>
      </input_file>
      <input_file id="fl-ef">
         <path>C:\ti\ccs1240\ccs\tools\compiler\ti-cgt-arm_20.2.7.LTS\lib\</path>
         <kind>archive</kind>
         <file>rtsv7M4_T_le_v4SPD16_eabi.lib</file>
         <name>fd_add_t2.asm.obj</name>
      </input_file>
      <input_file id="fl-f0">
         <path>C:\ti\ccs1240\ccs\tools\compiler\ti-cgt-arm_20.2.7.LTS\lib\</path>
         <kind>archive</kind>
         <file>rtsv7M4_T_le_v4SPD16_eabi.lib</file>
         <name>fd_cmp_t2.asm.obj</name>
      </input_file>
      <input_file id="fl-f1">
         <path>C:\ti\ccs1240\ccs\tools\compiler\ti-cgt-arm_20.2.7.LTS\lib\</path>
         <kind>archive</kind>
         <file>rtsv7M4_T_le_v4SPD16_eabi.lib</file>
         <name>fd_div_t2.asm.obj</name>
      </input_file>
      <input_file id="fl-f2">
         <path>C:\ti\ccs1240\ccs\tools\compiler\ti-cgt-arm_20.2.7.LTS\lib\</path>
         <kind>archive</kind>
         <file>rtsv7M4_T_le_v4SPD16_eabi.lib</file>
         <name>fd_mul_t2.asm.obj</name>
      </input_file>
      <input_file id="fl-f3">
         <path>C:\ti\ccs1240\ccs\tools\compiler\ti-cgt-arm_20.2.7.LTS\lib\</path>
         <kind>archive</kind>
         <file>rtsv7M4_T_le_v4SPD16_eabi.lib</file>
         <name>fd_toi_t2.asm.obj</name>
      </input_file>
      <input_file id="fl-f4">
         <path>C:\ti\ccs1240\ccs\tools\compiler\ti-cgt-arm_20.2.7.LTS\lib\</path>
         <kind>archive</kind>
         <file>rtsv7M4_T_le_v4SPD16_eabi.lib</file>
         <name>fs_tod_t2.asm.obj</name>
      </input_file>
      <input_file id="fl-f5">
         <path>C:\ti\ccs1240\ccs\tools\compiler\ti-cgt-arm_20.2.7.LTS\lib\</path>
         <kind>archive</kind>
         <file>rtsv7M4_T_le_v4SPD16_eabi.lib</file>
         <name>fs_toull_t2.asm.obj</name>
      </input_file>
      <input_file id="fl-f6">
         <path>C:\ti\ccs1240\ccs\tools\compiler\ti-cgt-arm_20.2.7.LTS\lib\</path>
         <kind>archive</kind>
         <file>rtsv7M4_T_le_v4SPD16_eabi.lib</file>
         <name>i_tofd_t2.asm.obj</name>
      </input_file>
      <input_file id="fl-f7">
         <path>C:\ti\ccs1240\ccs\tools\compiler\ti-cgt-arm_20.2.7.LTS\lib\</path>
         <kind>archive</kind>
         <file>rtsv7M4_T_le_v4SPD16_eabi.lib</file>
         <name>memcpy_t2.asm.obj</name>
      </input_file>
      <input_file id="fl-f8">
         <path>C:\ti\ccs1240\ccs\tools\compiler\ti-cgt-arm_20.2.7.LTS\lib\</path>
         <kind>archive</kind>
         <file>rtsv7M4_T_le_v4SPD16_eabi.lib</file>
         <name>memset_t2.asm.obj</name>
      </input_file>
      <input_file id="fl-f9">
         <path>C:\ti\ccs1240\ccs\tools\compiler\ti-cgt-arm_20.2.7.LTS\lib\</path>
         <kind>archive</kind>
         <file>rtsv7M4_T_le_v4SPD16_eabi.lib</file>
         <name>ull_div_t2.asm.obj</name>
      </input_file>
      <input_file id="fl-fa">
         <path>C:\ti\ccs1240\ccs\tools\compiler\ti-cgt-arm_20.2.7.LTS\lib\</path>
         <kind>archive</kind>
         <file>rtsv7M4_T_le_v4SPD16_eabi.lib</file>
         <name>copy_zero_init.c.obj</name>
      </input_file>
      <input_file id="fl-fb">
         <path>C:\ti\ccs1240\ccs\tools\compiler\ti-cgt-arm_20.2.7.LTS\lib\</path>
         <kind>archive</kind>
         <file>rtsv7M4_T_le_v4SPD16_eabi.lib</file>
         <name>copy_decompress_none.c.obj</name>
      </input_file>
      <input_file id="fl-fc">
         <path>C:\ti\ccs1240\ccs\tools\compiler\ti-cgt-arm_20.2.7.LTS\lib\</path>
         <kind>archive</kind>
         <file>rtsv7M4_T_le_v4SPD16_eabi.lib</file>
         <name>copy_decompress_lzss.c.obj</name>
      </input_file>
      <input_file id="fl-fd">
         <path>C:\ti\ccs1240\ccs\tools\compiler\ti-cgt-arm_20.2.7.LTS\lib\</path>
         <kind>archive</kind>
         <file>rtsv7M4_T_le_v4SPD16_eabi.lib</file>
         <name>exit.c.obj</name>
      </input_file>
      <input_file id="fl-fe">
         <path>C:\ti\ccs1240\ccs\tools\compiler\ti-cgt-arm_20.2.7.LTS\lib\</path>
         <kind>archive</kind>
         <file>rtsv7M4_T_le_v4SPD16_eabi.lib</file>
         <name>_lock.c.obj</name>
      </input_file>
      <input_file id="fl-ff">
         <path>C:\ti\ccs1240\ccs\tools\compiler\ti-cgt-arm_20.2.7.LTS\lib\</path>
         <kind>archive</kind>
         <file>rtsv7M4_T_le_v4SPD16_eabi.lib</file>
         <name>_ltoa.c.obj</name>
      </input_file>
      <input_file id="fl-100">
         <path>C:\ti\ccs1240\ccs\tools\compiler\ti-cgt-arm_20.2.7.LTS\lib\</path>
         <kind>archive</kind>
         <file>rtsv7M4_T_le_v4SPD16_eabi.lib</file>
         <name>assert.c.obj</name>
      </input_file>
      <input_file id="fl-101">
         <path>C:\ti\ccs1240\ccs\tools\compiler\ti-cgt-arm_20.2.7.LTS\lib\</path>
         <kind>archive</kind>
         <file>rtsv7M4_T_le_v4SPD16_eabi.lib</file>
         <name>atoi.c.obj</name>
      </input_file>
      <input_file id="fl-102">
         <path>C:\ti\ccs1240\ccs\tools\compiler\ti-cgt-arm_20.2.7.LTS\lib\</path>
         <kind>archive</kind>
         <file>rtsv7M4_T_le_v4SPD16_eabi.lib</file>
         <name>ctype.c.obj</name>
      </input_file>
      <input_file id="fl-103">
         <path>C:\ti\ccs1240\ccs\tools\compiler\ti-cgt-arm_20.2.7.LTS\lib\</path>
         <kind>archive</kind>
         <file>rtsv7M4_T_le_v4SPD16_eabi.lib</file>
         <name>defs.c.obj</name>
      </input_file>
      <input_file id="fl-104">
         <path>C:\ti\ccs1240\ccs\tools\compiler\ti-cgt-arm_20.2.7.LTS\lib\</path>
         <kind>archive</kind>
         <file>rtsv7M4_T_le_v4SPD16_eabi.lib</file>
         <name>memccpy.c.obj</name>
      </input_file>
      <input_file id="fl-105">
         <path>C:\ti\ccs1240\ccs\tools\compiler\ti-cgt-arm_20.2.7.LTS\lib\</path>
         <kind>archive</kind>
         <file>rtsv7M4_T_le_v4SPD16_eabi.lib</file>
         <name>memchr.c.obj</name>
      </input_file>
      <input_file id="fl-106">
         <path>C:\ti\ccs1240\ccs\tools\compiler\ti-cgt-arm_20.2.7.LTS\lib\</path>
         <kind>archive</kind>
         <file>rtsv7M4_T_le_v4SPD16_eabi.lib</file>
         <name>memory.c.obj</name>
      </input_file>
      <input_file id="fl-107">
         <path>C:\ti\ccs1240\ccs\tools\compiler\ti-cgt-arm_20.2.7.LTS\lib\</path>
         <kind>archive</kind>
         <file>rtsv7M4_T_le_v4SPD16_eabi.lib</file>
         <name>strchr.c.obj</name>
      </input_file>
      <input_file id="fl-108">
         <path>C:\ti\ccs1240\ccs\tools\compiler\ti-cgt-arm_20.2.7.LTS\lib\</path>
         <kind>archive</kind>
         <file>rtsv7M4_T_le_v4SPD16_eabi.lib</file>
         <name>strlen.c.obj</name>
      </input_file>
      <input_file id="fl-109">
         <path>C:\ti\ccs1240\ccs\tools\compiler\ti-cgt-arm_20.2.7.LTS\lib\</path>
         <kind>archive</kind>
         <file>rtsv7M4_T_le_v4SPD16_eabi.lib</file>
         <name>boot_cortex_m.c.obj</name>
      </input_file>
      <input_file id="fl-10a">
         <path>C:\ti\ccs1240\ccs\tools\compiler\ti-cgt-arm_20.2.7.LTS\lib\</path>
         <kind>archive</kind>
         <file>rtsv7M4_T_le_v4SPD16_eabi.lib</file>
         <name>write.c.obj</name>
      </input_file>
      <input_file id="fl-10b">
         <path>C:\ti\ccs1240\ccs\tools\compiler\ti-cgt-arm_20.2.7.LTS\lib\</path>
         <kind>archive</kind>
         <file>rtsv7M4_T_le_v4SPD16_eabi.lib</file>
         <name>host_device.c.obj</name>
      </input_file>
      <input_file id="fl-10c">
         <path>C:\ti\ccs1240\ccs\tools\compiler\ti-cgt-arm_20.2.7.LTS\lib\</path>
         <kind>archive</kind>
         <file>rtsv7M4_T_le_v4SPD16_eabi.lib</file>
         <name>errno.c.obj</name>
      </input_file>
      <input_file id="fl-10d">
         <path>C:\ti\ccs1240\ccs\tools\compiler\ti-cgt-arm_20.2.7.LTS\lib\</path>
         <kind>archive</kind>
         <file>rtsv7M4_T_le_v4SPD16_eabi.lib</file>
         <name>wcslen.c.obj</name>
      </input_file>
      <input_file id="fl-10e">
         <path>C:\ti\ccs1240\ccs\tools\compiler\ti-cgt-arm_20.2.7.LTS\lib\</path>
         <kind>archive</kind>
         <file>rtsv7M4_T_le_v4SPD16_eabi.lib</file>
         <name>s_frexp.c.obj</name>
      </input_file>
      <input_file id="fl-10f">
         <path>C:\ti\ccs1240\ccs\tools\compiler\ti-cgt-arm_20.2.7.LTS\lib\</path>
         <kind>archive</kind>
         <file>rtsv7M4_T_le_v4SPD16_eabi.lib</file>
         <name>s_scalbn.c.obj</name>
      </input_file>
      <input_file id="fl-110">
         <path>C:\ti\ccs1240\ccs\tools\compiler\ti-cgt-arm_20.2.7.LTS\lib\</path>
         <kind>archive</kind>
         <file>rtsv7M4_T_le_v4SPD16_eabi.lib</file>
         <name>fflush.c.obj</name>
      </input_file>
      <input_file id="fl-111">
         <path>C:\ti\ccs1240\ccs\tools\compiler\ti-cgt-arm_20.2.7.LTS\lib\</path>
         <kind>archive</kind>
         <file>rtsv7M4_T_le_v4SPD16_eabi.lib</file>
         <name>fopen.c.obj</name>
      </input_file>
      <input_file id="fl-112">
         <path>C:\ti\ccs1240\ccs\tools\compiler\ti-cgt-arm_20.2.7.LTS\lib\</path>
         <kind>archive</kind>
         <file>rtsv7M4_T_le_v4SPD16_eabi.lib</file>
         <name>fseek.c.obj</name>
      </input_file>
      <input_file id="fl-113">
         <path>C:\ti\ccs1240\ccs\tools\compiler\ti-cgt-arm_20.2.7.LTS\lib\</path>
         <kind>archive</kind>
         <file>rtsv7M4_T_le_v4SPD16_eabi.lib</file>
         <name>div0.asm.obj</name>
      </input_file>
      <input_file id="fl-114">
         <path>C:\ti\ccs1240\ccs\tools\compiler\ti-cgt-arm_20.2.7.LTS\lib\</path>
         <kind>archive</kind>
         <file>rtsv7M4_T_le_v4SPD16_eabi.lib</file>
         <name>autoinit.c.obj</name>
      </input_file>
      <input_file id="fl-115">
         <path>C:\ti\ccs1240\ccs\tools\compiler\ti-cgt-arm_20.2.7.LTS\lib\</path>
         <kind>archive</kind>
         <file>rtsv7M4_T_le_v4SPD16_eabi.lib</file>
         <name>pre_init.c.obj</name>
      </input_file>
      <input_file id="fl-116">
         <path>C:\ti\ccs1240\ccs\tools\compiler\ti-cgt-arm_20.2.7.LTS\lib\</path>
         <kind>archive</kind>
         <file>rtsv7M4_T_le_v4SPD16_eabi.lib</file>
         <name>cpy_tbl.c.obj</name>
      </input_file>
      <input_file id="fl-117">
         <path>C:\ti\ccs1240\ccs\tools\compiler\ti-cgt-arm_20.2.7.LTS\lib\</path>
         <kind>archive</kind>
         <file>rtsv7M4_T_le_v4SPD16_eabi.lib</file>
         <name>args_main.c.obj</name>
      </input_file>
      <input_file id="fl-118">
         <path>C:\ti\ccs1240\ccs\tools\compiler\ti-cgt-arm_20.2.7.LTS\lib\</path>
         <kind>archive</kind>
         <file>rtsv7M4_T_le_v4SPD16_eabi.lib</file>
         <name>hostclose.c.obj</name>
      </input_file>
      <input_file id="fl-119">
         <path>C:\ti\ccs1240\ccs\tools\compiler\ti-cgt-arm_20.2.7.LTS\lib\</path>
         <kind>archive</kind>
         <file>rtsv7M4_T_le_v4SPD16_eabi.lib</file>
         <name>hostlseek.c.obj</name>
      </input_file>
      <input_file id="fl-11a">
         <path>C:\ti\ccs1240\ccs\tools\compiler\ti-cgt-arm_20.2.7.LTS\lib\</path>
         <kind>archive</kind>
         <file>rtsv7M4_T_le_v4SPD16_eabi.lib</file>
         <name>hostopen.c.obj</name>
      </input_file>
      <input_file id="fl-11b">
         <path>C:\ti\ccs1240\ccs\tools\compiler\ti-cgt-arm_20.2.7.LTS\lib\</path>
         <kind>archive</kind>
         <file>rtsv7M4_T_le_v4SPD16_eabi.lib</file>
         <name>hostread.c.obj</name>
      </input_file>
      <input_file id="fl-11c">
         <path>C:\ti\ccs1240\ccs\tools\compiler\ti-cgt-arm_20.2.7.LTS\lib\</path>
         <kind>archive</kind>
         <file>rtsv7M4_T_le_v4SPD16_eabi.lib</file>
         <name>hostrename.c.obj</name>
      </input_file>
      <input_file id="fl-11d">
         <path>C:\ti\ccs1240\ccs\tools\compiler\ti-cgt-arm_20.2.7.LTS\lib\</path>
         <kind>archive</kind>
         <file>rtsv7M4_T_le_v4SPD16_eabi.lib</file>
         <name>hostunlink.c.obj</name>
      </input_file>
      <input_file id="fl-11e">
         <path>C:\ti\ccs1240\ccs\tools\compiler\ti-cgt-arm_20.2.7.LTS\lib\</path>
         <kind>archive</kind>
         <file>rtsv7M4_T_le_v4SPD16_eabi.lib</file>
         <name>hostwrite.c.obj</name>
      </input_file>
      <input_file id="fl-11f">
         <path>C:\ti\ccs1240\ccs\tools\compiler\ti-cgt-arm_20.2.7.LTS\lib\</path>
         <kind>archive</kind>
         <file>rtsv7M4_T_le_v4SPD16_eabi.lib</file>
         <name>trgmsg.c.obj</name>
      </input_file>
      <input_file id="fl-120">
         <path>C:\ti\ccs1240\ccs\tools\compiler\ti-cgt-arm_20.2.7.LTS\lib\</path>
         <kind>archive</kind>
         <file>rtsv7M4_T_le_v4SPD16_eabi.lib</file>
         <name>open.c.obj</name>
      </input_file>
      <input_file id="fl-121">
         <path>C:\ti\ccs1240\ccs\tools\compiler\ti-cgt-arm_20.2.7.LTS\lib\</path>
         <kind>archive</kind>
         <file>rtsv7M4_T_le_v4SPD16_eabi.lib</file>
         <name>lseek.c.obj</name>
      </input_file>
      <input_file id="fl-122">
         <path>C:\ti\ccs1240\ccs\tools\compiler\ti-cgt-arm_20.2.7.LTS\lib\</path>
         <kind>archive</kind>
         <file>rtsv7M4_T_le_v4SPD16_eabi.lib</file>
         <name>s_copysign.c.obj</name>
      </input_file>
      <input_file id="fl-123">
         <path>C:\ti\ccs1240\ccs\tools\compiler\ti-cgt-arm_20.2.7.LTS\lib\</path>
         <kind>archive</kind>
         <file>rtsv7M4_T_le_v4SPD16_eabi.lib</file>
         <name>fclose.c.obj</name>
      </input_file>
      <input_file id="fl-124">
         <path>C:\ti\ccs1240\ccs\tools\compiler\ti-cgt-arm_20.2.7.LTS\lib\</path>
         <kind>archive</kind>
         <file>rtsv7M4_T_le_v4SPD16_eabi.lib</file>
         <name>getdevice.c.obj</name>
      </input_file>
      <input_file id="fl-125">
         <path>C:\ti\ccs1240\ccs\tools\compiler\ti-cgt-arm_20.2.7.LTS\lib\</path>
         <kind>archive</kind>
         <file>rtsv7M4_T_le_v4SPD16_eabi.lib</file>
         <name>strcmp.c.obj</name>
      </input_file>
      <input_file id="fl-126">
         <path>C:\ti\ccs1240\ccs\tools\compiler\ti-cgt-arm_20.2.7.LTS\lib\</path>
         <kind>archive</kind>
         <file>rtsv7M4_T_le_v4SPD16_eabi.lib</file>
         <name>strcpy.c.obj</name>
      </input_file>
      <input_file id="fl-127">
         <path>C:\ti\ccs1240\ccs\tools\compiler\ti-cgt-arm_20.2.7.LTS\lib\</path>
         <kind>archive</kind>
         <file>rtsv7M4_T_le_v4SPD16_eabi.lib</file>
         <name>strncpy.c.obj</name>
      </input_file>
      <input_file id="fl-128">
         <path>C:\ti\ccs1240\ccs\tools\compiler\ti-cgt-arm_20.2.7.LTS\lib\</path>
         <kind>archive</kind>
         <file>rtsv7M4_T_le_v4SPD16_eabi.lib</file>
         <name>remove.c.obj</name>
      </input_file>
      <input_file id="fl-129">
         <path>C:\ti\ccs1240\ccs\tools\compiler\ti-cgt-arm_20.2.7.LTS\lib\</path>
         <kind>archive</kind>
         <file>rtsv7M4_T_le_v4SPD16_eabi.lib</file>
         <name>close.c.obj</name>
      </input_file>
      <input_file id="fl-12a">
         <path>C:\ti\ccs1240\ccs\tools\compiler\ti-cgt-arm_20.2.7.LTS\lib\</path>
         <kind>archive</kind>
         <file>rtsv7M4_T_le_v4SPD16_eabi.lib</file>
         <name>unlink.c.obj</name>
      </input_file>
   </input_file_list>
   <object_component_list>
      <object_component id="oc-26">
         <name>.intvecs:retain</name>
         <load_address>0x0</load_address>
         <run_address>0x0</run_address>
         <size>0xe4</size>
         <input_file_ref idref="fl-8"/>
      </object_component>
      <object_component id="oc-281">
         <name>.text:__TI_printfi</name>
         <load_address>0xe4</load_address>
         <run_address>0xe4</run_address>
         <size>0xa4e</size>
         <input_file_ref idref="fl-ea"/>
      </object_component>
      <object_component id="oc-493">
         <name>.text:_nop</name>
         <load_address>0xb32</load_address>
         <run_address>0xb32</run_address>
         <size>0x2</size>
         <input_file_ref idref="fl-fe"/>
      </object_component>
      <object_component id="oc-3dc">
         <name>.text</name>
         <load_address>0xb34</load_address>
         <run_address>0xb34</run_address>
         <size>0x680</size>
         <input_file_ref idref="fl-11"/>
      </object_component>
      <object_component id="oc-dd">
         <name>.text</name>
         <load_address>0x11b4</load_address>
         <run_address>0x11b4</run_address>
         <size>0x5a0</size>
         <input_file_ref idref="fl-e"/>
      </object_component>
      <object_component id="oc-c5">
         <name>.text</name>
         <load_address>0x1754</load_address>
         <run_address>0x1754</run_address>
         <size>0x534</size>
         <input_file_ref idref="fl-c"/>
      </object_component>
      <object_component id="oc-277">
         <name>.text</name>
         <load_address>0x1c88</load_address>
         <run_address>0x1c88</run_address>
         <size>0x50c</size>
         <input_file_ref idref="fl-14"/>
      </object_component>
      <object_component id="oc-412">
         <name>.text:Graphics_drawString</name>
         <load_address>0x2194</load_address>
         <run_address>0x2194</run_address>
         <size>0x47e</size>
         <input_file_ref idref="fl-32"/>
      </object_component>
      <object_component id="oc-421">
         <name>.text:Graphics_drawImage</name>
         <load_address>0x2612</load_address>
         <run_address>0x2612</run_address>
         <size>0x390</size>
         <input_file_ref idref="fl-2f"/>
      </object_component>
      <object_component id="oc-749">
         <name>.text</name>
         <load_address>0x29a2</load_address>
         <run_address>0x29a2</run_address>
         <size>0x2</size>
         <input_file_ref idref="fl-113"/>
      </object_component>
      <object_component id="oc-10d">
         <name>.text</name>
         <load_address>0x29a4</load_address>
         <run_address>0x29a4</run_address>
         <size>0x380</size>
         <input_file_ref idref="fl-9"/>
      </object_component>
      <object_component id="oc-7c">
         <name>.text</name>
         <load_address>0x2d24</load_address>
         <run_address>0x2d24</run_address>
         <size>0x378</size>
         <input_file_ref idref="fl-d"/>
      </object_component>
      <object_component id="oc-d1">
         <name>.text</name>
         <load_address>0x309c</load_address>
         <run_address>0x309c</run_address>
         <size>0x348</size>
         <input_file_ref idref="fl-13"/>
      </object_component>
      <object_component id="oc-b8">
         <name>.text</name>
         <load_address>0x33e4</load_address>
         <run_address>0x33e4</run_address>
         <size>0x334</size>
         <input_file_ref idref="fl-a"/>
      </object_component>
      <object_component id="oc-46f">
         <name>.text:_pconv_a</name>
         <load_address>0x3718</load_address>
         <run_address>0x3718</run_address>
         <size>0x270</size>
         <input_file_ref idref="fl-ea"/>
      </object_component>
      <object_component id="oc-70">
         <name>.text</name>
         <load_address>0x3988</load_address>
         <run_address>0x3988</run_address>
         <size>0x228</size>
         <input_file_ref idref="fl-6"/>
      </object_component>
      <object_component id="oc-119">
         <name>.text</name>
         <load_address>0x3bb0</load_address>
         <run_address>0x3bb0</run_address>
         <size>0x1d8</size>
         <input_file_ref idref="fl-3"/>
      </object_component>
      <object_component id="oc-45d">
         <name>.text:_pconv_g</name>
         <load_address>0x3d88</load_address>
         <run_address>0x3d88</run_address>
         <size>0x1d0</size>
         <input_file_ref idref="fl-ea"/>
      </object_component>
      <object_component id="oc-2ab">
         <name>.text</name>
         <load_address>0x3f58</load_address>
         <run_address>0x3f58</run_address>
         <size>0x1b6</size>
         <input_file_ref idref="fl-ef"/>
      </object_component>
      <object_component id="oc-5fc">
         <name>.text:Graphics_clipLine</name>
         <load_address>0x410e</load_address>
         <run_address>0x410e</run_address>
         <size>0x180</size>
         <input_file_ref idref="fl-30"/>
      </object_component>
      <object_component id="oc-42a">
         <name>.text:Graphics_drawLine</name>
         <load_address>0x428e</load_address>
         <run_address>0x428e</run_address>
         <size>0x174</size>
         <input_file_ref idref="fl-30"/>
      </object_component>
      <object_component id="oc-356">
         <name>.text:_getIndexForMemRegister</name>
         <load_address>0x4404</load_address>
         <run_address>0x4404</run_address>
         <size>0x160</size>
         <input_file_ref idref="fl-1e"/>
      </object_component>
      <object_component id="oc-cb">
         <name>.text</name>
         <load_address>0x4564</load_address>
         <run_address>0x4564</run_address>
         <size>0x15c</size>
         <input_file_ref idref="fl-f"/>
      </object_component>
      <object_component id="oc-6da">
         <name>.text:__PCM_setPowerModeAdvanced</name>
         <load_address>0x46c0</load_address>
         <run_address>0x46c0</run_address>
         <size>0x15c</size>
         <input_file_ref idref="fl-23"/>
      </object_component>
      <object_component id="oc-2c6">
         <name>.text:privateTimer_AProcessClockSourceDivider</name>
         <load_address>0x481c</load_address>
         <run_address>0x481c</run_address>
         <size>0x144</size>
         <input_file_ref idref="fl-28"/>
      </object_component>
      <object_component id="oc-469">
         <name>.text:_pconv_e</name>
         <load_address>0x4960</load_address>
         <run_address>0x4960</run_address>
         <size>0x13c</size>
         <input_file_ref idref="fl-ea"/>
      </object_component>
      <object_component id="oc-2b0">
         <name>.text</name>
         <load_address>0x4a9c</load_address>
         <run_address>0x4a9c</run_address>
         <size>0x136</size>
         <input_file_ref idref="fl-f1"/>
      </object_component>
      <object_component id="oc-101">
         <name>.text:CS_initClockSignal</name>
         <load_address>0x4bd4</load_address>
         <run_address>0x4bd4</run_address>
         <size>0x130</size>
         <input_file_ref idref="fl-1f"/>
      </object_component>
      <object_component id="oc-31a">
         <name>.text</name>
         <load_address>0x4d04</load_address>
         <run_address>0x4d04</run_address>
         <size>0x130</size>
         <input_file_ref idref="fl-7"/>
      </object_component>
      <object_component id="oc-64a">
         <name>.text:fcvt</name>
         <load_address>0x4e34</load_address>
         <run_address>0x4e34</run_address>
         <size>0x124</size>
         <input_file_ref idref="fl-ea"/>
      </object_component>
      <object_component id="oc-178">
         <name>.text:UART_initModule</name>
         <load_address>0x4f58</load_address>
         <run_address>0x4f58</run_address>
         <size>0x11c</size>
         <input_file_ref idref="fl-29"/>
      </object_component>
      <object_component id="oc-4a1">
         <name>.text:fputs</name>
         <load_address>0x5074</load_address>
         <run_address>0x5074</run_address>
         <size>0x114</size>
         <input_file_ref idref="fl-ec"/>
      </object_component>
      <object_component id="oc-406">
         <name>.text:Graphics_fillRectangle</name>
         <load_address>0x5188</load_address>
         <run_address>0x5188</run_address>
         <size>0x112</size>
         <input_file_ref idref="fl-31"/>
      </object_component>
      <object_component id="oc-65e">
         <name>.text:scalbn</name>
         <load_address>0x529c</load_address>
         <run_address>0x529c</run_address>
         <size>0x110</size>
         <input_file_ref idref="fl-10f"/>
      </object_component>
      <object_component id="oc-3ac">
         <name>.text:__PCM_setCoreVoltageLevelAdvanced</name>
         <load_address>0x53ac</load_address>
         <run_address>0x53ac</run_address>
         <size>0x108</size>
         <input_file_ref idref="fl-23"/>
      </object_component>
      <object_component id="oc-81d">
         <name>.text:aligned_alloc</name>
         <load_address>0x54b4</load_address>
         <run_address>0x54b4</run_address>
         <size>0x100</size>
         <input_file_ref idref="fl-106"/>
      </object_component>
      <object_component id="oc-76">
         <name>.text</name>
         <load_address>0x55b4</load_address>
         <run_address>0x55b4</run_address>
         <size>0xfc</size>
         <input_file_ref idref="fl-10"/>
      </object_component>
      <object_component id="oc-2b5">
         <name>.text</name>
         <load_address>0x56b0</load_address>
         <run_address>0x56b0</run_address>
         <size>0xfc</size>
         <input_file_ref idref="fl-f2"/>
      </object_component>
      <object_component id="oc-5cd">
         <name>.text:Graphics_getStringWidth</name>
         <load_address>0x57ac</load_address>
         <run_address>0x57ac</run_address>
         <size>0xfa</size>
         <input_file_ref idref="fl-32"/>
      </object_component>
      <object_component id="oc-113">
         <name>.text</name>
         <load_address>0x58a8</load_address>
         <run_address>0x58a8</run_address>
         <size>0xe8</size>
         <input_file_ref idref="fl-2"/>
      </object_component>
      <object_component id="oc-7d1">
         <name>.text:free</name>
         <load_address>0x5990</load_address>
         <run_address>0x5990</run_address>
         <size>0xe4</size>
         <input_file_ref idref="fl-106"/>
      </object_component>
      <object_component id="oc-780">
         <name>.text:setvbuf</name>
         <load_address>0x5a74</load_address>
         <run_address>0x5a74</run_address>
         <size>0xdc</size>
         <input_file_ref idref="fl-ee"/>
      </object_component>
      <object_component id="oc-58e">
         <name>.text</name>
         <load_address>0x5b50</load_address>
         <run_address>0x5b50</run_address>
         <size>0xcc</size>
         <input_file_ref idref="fl-12"/>
      </object_component>
      <object_component id="oc-243">
         <name>.text:ADC14_configureConversionMemory</name>
         <load_address>0x5c1c</load_address>
         <run_address>0x5c1c</run_address>
         <size>0xb4</size>
         <input_file_ref idref="fl-1e"/>
      </object_component>
      <object_component id="oc-23d">
         <name>.text:ADC14_configureMultiSequenceMode</name>
         <load_address>0x5cd0</load_address>
         <run_address>0x5cd0</run_address>
         <size>0xb4</size>
         <input_file_ref idref="fl-1e"/>
      </object_component>
      <object_component id="oc-452">
         <name>.text:_ltostr</name>
         <load_address>0x5d84</load_address>
         <run_address>0x5d84</run_address>
         <size>0xb1</size>
         <input_file_ref idref="fl-ea"/>
      </object_component>
      <object_component id="oc-6e8">
         <name>.text:SPI_initMaster</name>
         <load_address>0x5e36</load_address>
         <run_address>0x5e36</run_address>
         <size>0xb0</size>
         <input_file_ref idref="fl-25"/>
      </object_component>
      <object_component id="oc-215">
         <name>.text</name>
         <load_address>0x5ee8</load_address>
         <run_address>0x5ee8</run_address>
         <size>0xac</size>
         <input_file_ref idref="fl-b"/>
      </object_component>
      <object_component id="oc-400">
         <name>.text:Graphics_drawRectangle</name>
         <load_address>0x5f94</load_address>
         <run_address>0x5f94</run_address>
         <size>0xa2</size>
         <input_file_ref idref="fl-31"/>
      </object_component>
      <object_component id="oc-5b3">
         <name>.text:Graphics_drawLineH</name>
         <load_address>0x6036</load_address>
         <run_address>0x6036</run_address>
         <size>0x9c</size>
         <input_file_ref idref="fl-30"/>
      </object_component>
      <object_component id="oc-5b9">
         <name>.text:Graphics_drawLineV</name>
         <load_address>0x60d2</load_address>
         <run_address>0x60d2</run_address>
         <size>0x9c</size>
         <input_file_ref idref="fl-30"/>
      </object_component>
      <object_component id="oc-3a">
         <name>.text</name>
         <load_address>0x616e</load_address>
         <run_address>0x616e</run_address>
         <size>0x9c</size>
         <input_file_ref idref="fl-f7"/>
      </object_component>
      <object_component id="oc-626">
         <name>.text</name>
         <load_address>0x620a</load_address>
         <run_address>0x620a</run_address>
         <size>0x96</size>
         <input_file_ref idref="fl-f9"/>
      </object_component>
      <object_component id="oc-4a8">
         <name>.text:fputc</name>
         <load_address>0x62a0</load_address>
         <run_address>0x62a0</run_address>
         <size>0x8c</size>
         <input_file_ref idref="fl-eb"/>
      </object_component>
      <object_component id="oc-22b">
         <name>.text:GPIO_setAsPeripheralModuleFunctionInputPin</name>
         <load_address>0x632c</load_address>
         <run_address>0x632c</run_address>
         <size>0x88</size>
         <input_file_ref idref="fl-21"/>
      </object_component>
      <object_component id="oc-518">
         <name>.text:GPIO_setAsPeripheralModuleFunctionOutputPin</name>
         <load_address>0x63b4</load_address>
         <run_address>0x63b4</run_address>
         <size>0x88</size>
         <input_file_ref idref="fl-21"/>
      </object_component>
      <object_component id="oc-458">
         <name>.text:__aeabi_cdcmple</name>
         <load_address>0x643c</load_address>
         <run_address>0x643c</run_address>
         <size>0x86</size>
         <input_file_ref idref="fl-f0"/>
      </object_component>
      <object_component id="oc-62d">
         <name>.text:__aeabi_cdrcmple</name>
         <load_address>0x64c2</load_address>
         <run_address>0x64c2</run_address>
         <size>0x86</size>
         <input_file_ref idref="fl-f0"/>
      </object_component>
      <object_component id="oc-15a">
         <name>.text:GPIO_getEnabledInterruptStatus</name>
         <load_address>0x6548</load_address>
         <run_address>0x6548</run_address>
         <size>0x84</size>
         <input_file_ref idref="fl-21"/>
      </object_component>
      <object_component id="oc-ef">
         <name>.text:Interrupt_enableInterrupt</name>
         <load_address>0x65cc</load_address>
         <run_address>0x65cc</run_address>
         <size>0x80</size>
         <input_file_ref idref="fl-22"/>
      </object_component>
      <object_component id="oc-586">
         <name>.text:fflush</name>
         <load_address>0x664c</load_address>
         <run_address>0x664c</run_address>
         <size>0x7c</size>
         <input_file_ref idref="fl-110"/>
      </object_component>
      <object_component id="oc-a0">
         <name>.text</name>
         <load_address>0x66c8</load_address>
         <run_address>0x66c8</run_address>
         <size>0x7a</size>
         <input_file_ref idref="fl-f8"/>
      </object_component>
      <object_component id="oc-824">
         <name>.text:__TI_closefile</name>
         <load_address>0x6744</load_address>
         <run_address>0x6744</run_address>
         <size>0x74</size>
         <input_file_ref idref="fl-123"/>
      </object_component>
      <object_component id="oc-862">
         <name>.text:split</name>
         <load_address>0x67b8</load_address>
         <run_address>0x67b8</run_address>
         <size>0x70</size>
         <input_file_ref idref="fl-106"/>
      </object_component>
      <object_component id="oc-643">
         <name>.text:_mcpy</name>
         <load_address>0x6828</load_address>
         <run_address>0x6828</run_address>
         <size>0x6e</size>
         <input_file_ref idref="fl-ea"/>
      </object_component>
      <object_component id="oc-5ec">
         <name>.text:Graphics_convertPalette</name>
         <load_address>0x6898</load_address>
         <run_address>0x6898</run_address>
         <size>0x6c</size>
         <input_file_ref idref="fl-2f"/>
      </object_component>
      <object_component id="oc-851">
         <name>.text:HOSTrename</name>
         <load_address>0x6904</load_address>
         <run_address>0x6904</run_address>
         <size>0x6c</size>
         <input_file_ref idref="fl-11c"/>
      </object_component>
      <object_component id="oc-845">
         <name>.text:HOSTlseek</name>
         <load_address>0x6970</load_address>
         <run_address>0x6970</run_address>
         <size>0x68</size>
         <input_file_ref idref="fl-119"/>
      </object_component>
      <object_component id="oc-e3">
         <name>.text:Timer_A_configureUpMode</name>
         <load_address>0x69d8</load_address>
         <run_address>0x69d8</run_address>
         <size>0x68</size>
         <input_file_ref idref="fl-28"/>
      </object_component>
      <object_component id="oc-17">
         <name>.text:decompress:lzss:__TI_decompress_lzss</name>
         <load_address>0x6a40</load_address>
         <run_address>0x6a40</run_address>
         <size>0x68</size>
         <input_file_ref idref="fl-fc"/>
      </object_component>
      <object_component id="oc-d7">
         <name>.text:printf</name>
         <load_address>0x6aa8</load_address>
         <run_address>0x6aa8</run_address>
         <size>0x68</size>
         <input_file_ref idref="fl-e8"/>
      </object_component>
      <object_component id="oc-727">
         <name>.text:Graphics_getClipCode</name>
         <load_address>0x6b10</load_address>
         <run_address>0x6b10</run_address>
         <size>0x64</size>
         <input_file_ref idref="fl-30"/>
      </object_component>
      <object_component id="oc-17e">
         <name>.text:UART_getEnabledInterruptStatus</name>
         <load_address>0x6b74</load_address>
         <run_address>0x6b74</run_address>
         <size>0x64</size>
         <input_file_ref idref="fl-29"/>
      </object_component>
      <object_component id="oc-2a0">
         <name>.text:fprintf</name>
         <load_address>0x6bd8</load_address>
         <run_address>0x6bd8</run_address>
         <size>0x64</size>
         <input_file_ref idref="fl-e9"/>
      </object_component>
      <object_component id="oc-658">
         <name>.text:frexp</name>
         <load_address>0x6c3c</load_address>
         <run_address>0x6c3c</run_address>
         <size>0x64</size>
         <input_file_ref idref="fl-10e"/>
      </object_component>
      <object_component id="oc-77a">
         <name>.text:fseek</name>
         <load_address>0x6ca0</load_address>
         <run_address>0x6ca0</run_address>
         <size>0x64</size>
         <input_file_ref idref="fl-112"/>
      </object_component>
      <object_component id="oc-68f">
         <name>.text:__TI_wrt_ok</name>
         <load_address>0x6d04</load_address>
         <run_address>0x6d04</run_address>
         <size>0x62</size>
         <input_file_ref idref="fl-ed"/>
      </object_component>
      <object_component id="oc-82d">
         <name>.text:HOSTopen</name>
         <load_address>0x6d68</load_address>
         <run_address>0x6d68</run_address>
         <size>0x60</size>
         <input_file_ref idref="fl-11a"/>
      </object_component>
      <object_component id="oc-56d">
         <name>.text:PCM_getCoreVoltageLevel</name>
         <load_address>0x6dc8</load_address>
         <run_address>0x6dc8</run_address>
         <size>0x5e</size>
         <input_file_ref idref="fl-23"/>
      </object_component>
      <object_component id="oc-869">
         <name>.text:close</name>
         <load_address>0x6e28</load_address>
         <run_address>0x6e28</run_address>
         <size>0x5c</size>
         <input_file_ref idref="fl-129"/>
      </object_component>
      <object_component id="oc-567">
         <name>.text:PCM_getPowerMode</name>
         <load_address>0x6e84</load_address>
         <run_address>0x6e84</run_address>
         <size>0x5a</size>
         <input_file_ref idref="fl-23"/>
      </object_component>
      <object_component id="oc-25b">
         <name>.text:GPIO_setAsInputPinWithPullUpResistor</name>
         <load_address>0x6ee0</load_address>
         <run_address>0x6ee0</run_address>
         <size>0x58</size>
         <input_file_ref idref="fl-21"/>
      </object_component>
      <object_component id="oc-839">
         <name>.text:HOSTread</name>
         <load_address>0x6f38</load_address>
         <run_address>0x6f38</run_address>
         <size>0x58</size>
         <input_file_ref idref="fl-11b"/>
      </object_component>
      <object_component id="oc-83f">
         <name>.text:HOSTwrite</name>
         <load_address>0x6f90</load_address>
         <run_address>0x6f90</run_address>
         <size>0x58</size>
         <input_file_ref idref="fl-11e"/>
      </object_component>
      <object_component id="oc-463">
         <name>.text:_pconv_f</name>
         <load_address>0x6fe8</load_address>
         <run_address>0x6fe8</run_address>
         <size>0x56</size>
         <input_file_ref idref="fl-ea"/>
      </object_component>
      <object_component id="oc-237">
         <name>.text:ADC14_initModule</name>
         <load_address>0x7040</load_address>
         <run_address>0x7040</run_address>
         <size>0x54</size>
         <input_file_ref idref="fl-1e"/>
      </object_component>
      <object_component id="oc-632">
         <name>.text:__TI_ltoa</name>
         <load_address>0x7094</load_address>
         <run_address>0x7094</run_address>
         <size>0x54</size>
         <input_file_ref idref="fl-ff"/>
      </object_component>
      <object_component id="oc-3e2">
         <name>.text:Graphics_initContext</name>
         <load_address>0x70e8</load_address>
         <run_address>0x70e8</run_address>
         <size>0x52</size>
         <input_file_ref idref="fl-2c"/>
      </object_component>
      <object_component id="oc-63d">
         <name>.text:_ecpy</name>
         <load_address>0x713a</load_address>
         <run_address>0x713a</run_address>
         <size>0x52</size>
         <input_file_ref idref="fl-ea"/>
      </object_component>
      <object_component id="oc-2dc">
         <name>.text</name>
         <load_address>0x718c</load_address>
         <run_address>0x718c</run_address>
         <size>0x50</size>
         <input_file_ref idref="fl-f5"/>
      </object_component>
      <object_component id="oc-51e">
         <name>.text:Timer_A_initCompare</name>
         <load_address>0x71dc</load_address>
         <run_address>0x71dc</run_address>
         <size>0x4e</size>
         <input_file_ref idref="fl-28"/>
      </object_component>
      <object_component id="oc-69b">
         <name>.text:__TI_doflush</name>
         <load_address>0x722a</load_address>
         <run_address>0x722a</run_address>
         <size>0x4c</size>
         <input_file_ref idref="fl-110"/>
      </object_component>
      <object_component id="oc-44c">
         <name>.text:atoi</name>
         <load_address>0x7278</load_address>
         <run_address>0x7278</run_address>
         <size>0x4c</size>
         <input_file_ref idref="fl-101"/>
      </object_component>
      <object_component id="oc-203">
         <name>.text:FlashCtl_setWaitState</name>
         <load_address>0x72c4</load_address>
         <run_address>0x72c4</run_address>
         <size>0x48</size>
         <input_file_ref idref="fl-20"/>
      </object_component>
      <object_component id="oc-40c">
         <name>.text:Graphics_drawStringCentered</name>
         <load_address>0x730c</load_address>
         <run_address>0x730c</run_address>
         <size>0x48</size>
         <input_file_ref idref="fl-32"/>
      </object_component>
      <object_component id="oc-1c1">
         <name>.text:exit</name>
         <load_address>0x7354</load_address>
         <run_address>0x7354</run_address>
         <size>0x48</size>
         <input_file_ref idref="fl-fd"/>
      </object_component>
      <object_component id="oc-2ba">
         <name>.text</name>
         <load_address>0x739c</load_address>
         <run_address>0x739c</run_address>
         <size>0x48</size>
         <input_file_ref idref="fl-f3"/>
      </object_component>
      <object_component id="oc-5f2">
         <name>.text:Graphics_drawMultiplePixelsOnDisplay</name>
         <load_address>0x73e4</load_address>
         <run_address>0x73e4</run_address>
         <size>0x46</size>
         <input_file_ref idref="fl-2d"/>
      </object_component>
      <object_component id="oc-833">
         <name>.text:HOSTclose</name>
         <load_address>0x742c</load_address>
         <run_address>0x742c</run_address>
         <size>0x44</size>
         <input_file_ref idref="fl-118"/>
      </object_component>
      <object_component id="oc-84b">
         <name>.text:HOSTunlink</name>
         <load_address>0x7470</load_address>
         <run_address>0x7470</run_address>
         <size>0x44</size>
         <input_file_ref idref="fl-11d"/>
      </object_component>
      <object_component id="oc-1c7">
         <name>.text:__TI_auto_init_nobinit_nopinit:__TI_auto_init_nobinit_nopinit</name>
         <load_address>0x74b4</load_address>
         <run_address>0x74b4</run_address>
         <size>0x44</size>
         <input_file_ref idref="fl-114"/>
      </object_component>
      <object_component id="oc-89f">
         <name>.text:getdevice</name>
         <load_address>0x74f8</load_address>
         <run_address>0x74f8</run_address>
         <size>0x44</size>
         <input_file_ref idref="fl-124"/>
      </object_component>
      <object_component id="oc-267">
         <name>.text:GPIO_setAsOutputPin</name>
         <load_address>0x753c</load_address>
         <run_address>0x753c</run_address>
         <size>0x40</size>
         <input_file_ref idref="fl-21"/>
      </object_component>
      <object_component id="oc-5d5">
         <name>.text:Graphics_getNumberOfLeadingZeros</name>
         <load_address>0x757c</load_address>
         <run_address>0x757c</run_address>
         <size>0x40</size>
         <input_file_ref idref="fl-32"/>
      </object_component>
      <object_component id="oc-799">
         <name>.text:is_A_Module</name>
         <load_address>0x75bc</load_address>
         <run_address>0x75bc</run_address>
         <size>0x40</size>
         <input_file_ref idref="fl-25"/>
      </object_component>
      <object_component id="oc-650">
         <name>.text:_fcpy</name>
         <load_address>0x75fc</load_address>
         <run_address>0x75fc</run_address>
         <size>0x3e</size>
         <input_file_ref idref="fl-ea"/>
      </object_component>
      <object_component id="oc-2ee">
         <name>.text</name>
         <load_address>0x763a</load_address>
         <run_address>0x763a</run_address>
         <size>0x3e</size>
         <input_file_ref idref="fl-5"/>
      </object_component>
      <object_component id="oc-148">
         <name>.text:ADC14_getEnabledInterruptStatus</name>
         <load_address>0x7678</load_address>
         <run_address>0x7678</run_address>
         <size>0x38</size>
         <input_file_ref idref="fl-1e"/>
      </object_component>
      <object_component id="oc-878">
         <name>.text:__TI_writemsg</name>
         <load_address>0x76b0</load_address>
         <run_address>0x76b0</run_address>
         <size>0x38</size>
         <input_file_ref idref="fl-11f"/>
      </object_component>
      <object_component id="oc-2a6">
         <name>.text</name>
         <load_address>0x76e8</load_address>
         <run_address>0x76e8</run_address>
         <size>0x38</size>
         <input_file_ref idref="fl-f4"/>
      </object_component>
      <object_component id="oc-706">
         <name>.text:Graphics_drawHorizontalLineOnDisplay</name>
         <load_address>0x7720</load_address>
         <run_address>0x7720</run_address>
         <size>0x36</size>
         <input_file_ref idref="fl-2d"/>
      </object_component>
      <object_component id="oc-70d">
         <name>.text:Graphics_drawVerticalLineOnDisplay</name>
         <load_address>0x7756</load_address>
         <run_address>0x7756</run_address>
         <size>0x36</size>
         <input_file_ref idref="fl-2d"/>
      </object_component>
      <object_component id="oc-8c1">
         <name>.text:strncpy</name>
         <load_address>0x778c</load_address>
         <run_address>0x778c</run_address>
         <size>0x36</size>
         <input_file_ref idref="fl-127"/>
      </object_component>
      <object_component id="oc-24f">
         <name>.text:ADC14_enableSampleTimer</name>
         <load_address>0x77c4</load_address>
         <run_address>0x77c4</run_address>
         <size>0x34</size>
         <input_file_ref idref="fl-1e"/>
      </object_component>
      <object_component id="oc-20f">
         <name>.text:CS_setDCOCenteredFrequency</name>
         <load_address>0x77f8</load_address>
         <run_address>0x77f8</run_address>
         <size>0x34</size>
         <input_file_ref idref="fl-1f"/>
      </object_component>
      <object_component id="oc-107">
         <name>.text:Timer_A_configureContinuousMode</name>
         <load_address>0x782c</load_address>
         <run_address>0x782c</run_address>
         <size>0x34</size>
         <input_file_ref idref="fl-28"/>
      </object_component>
      <object_component id="oc-7dd">
         <name>.text:__TI_cleanup</name>
         <load_address>0x7860</load_address>
         <run_address>0x7860</run_address>
         <size>0x34</size>
         <input_file_ref idref="fl-111"/>
      </object_component>
      <object_component id="oc-87e">
         <name>.text:__TI_readmsg</name>
         <load_address>0x7894</load_address>
         <run_address>0x7894</run_address>
         <size>0x34</size>
         <input_file_ref idref="fl-11f"/>
      </object_component>
      <object_component id="oc-58">
         <name>.text:_c_int00_noargs:_c_int00_noargs</name>
         <load_address>0x78c8</load_address>
         <run_address>0x78c8</run_address>
         <size>0x34</size>
         <input_file_ref idref="fl-109"/>
      </object_component>
      <object_component id="oc-14e">
         <name>.text:ADC14_clearInterruptFlag</name>
         <load_address>0x78fc</load_address>
         <run_address>0x78fc</run_address>
         <size>0x30</size>
         <input_file_ref idref="fl-1e"/>
      </object_component>
      <object_component id="oc-249">
         <name>.text:ADC14_enableInterrupt</name>
         <load_address>0x792c</load_address>
         <run_address>0x792c</run_address>
         <size>0x30</size>
         <input_file_ref idref="fl-1e"/>
      </object_component>
      <object_component id="oc-fb">
         <name>.text:CS_setReferenceOscillatorFrequency</name>
         <load_address>0x795c</load_address>
         <run_address>0x795c</run_address>
         <size>0x30</size>
         <input_file_ref idref="fl-1f"/>
      </object_component>
      <object_component id="oc-8c7">
         <name>.text:finddevice</name>
         <load_address>0x798c</load_address>
         <run_address>0x798c</run_address>
         <size>0x30</size>
         <input_file_ref idref="fl-124"/>
      </object_component>
      <object_component id="oc-638">
         <name>.text</name>
         <load_address>0x79bc</load_address>
         <run_address>0x79bc</run_address>
         <size>0x2e</size>
         <input_file_ref idref="fl-f6"/>
      </object_component>
      <object_component id="oc-34e">
         <name>.text:ADC14_getInterruptStatus</name>
         <load_address>0x79ec</load_address>
         <run_address>0x79ec</run_address>
         <size>0x2c</size>
         <input_file_ref idref="fl-1e"/>
      </object_component>
      <object_component id="oc-166">
         <name>.text:ADC14_toggleConversionTrigger</name>
         <load_address>0x7a18</load_address>
         <run_address>0x7a18</run_address>
         <size>0x2c</size>
         <input_file_ref idref="fl-1e"/>
      </object_component>
      <object_component id="oc-5db">
         <name>.text:Graphics_drawPixelOnDisplay</name>
         <load_address>0x7a44</load_address>
         <run_address>0x7a44</run_address>
         <size>0x2c</size>
         <input_file_ref idref="fl-2d"/>
      </object_component>
      <object_component id="oc-125">
         <name>.text:Timer_A_clearCaptureCompareInterrupt</name>
         <load_address>0x7a70</load_address>
         <run_address>0x7a70</run_address>
         <size>0x2c</size>
         <input_file_ref idref="fl-28"/>
      </object_component>
      <object_component id="oc-86f">
         <name>.text:unlink</name>
         <load_address>0x7a9c</load_address>
         <run_address>0x7a9c</run_address>
         <size>0x2c</size>
         <input_file_ref idref="fl-12a"/>
      </object_component>
      <object_component id="oc-255">
         <name>.text:ADC14_enableConversion</name>
         <load_address>0x7ac8</load_address>
         <run_address>0x7ac8</run_address>
         <size>0x28</size>
         <input_file_ref idref="fl-1e"/>
      </object_component>
      <object_component id="oc-154">
         <name>.text:ADC14_getResult</name>
         <load_address>0x7af0</load_address>
         <run_address>0x7af0</run_address>
         <size>0x28</size>
         <input_file_ref idref="fl-1e"/>
      </object_component>
      <object_component id="oc-160">
         <name>.text:GPIO_clearInterruptFlag</name>
         <load_address>0x7b18</load_address>
         <run_address>0x7b18</run_address>
         <size>0x28</size>
         <input_file_ref idref="fl-21"/>
      </object_component>
      <object_component id="oc-261">
         <name>.text:GPIO_enableInterrupt</name>
         <load_address>0x7b40</load_address>
         <run_address>0x7b40</run_address>
         <size>0x28</size>
         <input_file_ref idref="fl-21"/>
      </object_component>
      <object_component id="oc-4f1">
         <name>.text:GPIO_setOutputHighOnPin</name>
         <load_address>0x7b68</load_address>
         <run_address>0x7b68</run_address>
         <size>0x28</size>
         <input_file_ref idref="fl-21"/>
      </object_component>
      <object_component id="oc-26d">
         <name>.text:GPIO_setOutputLowOnPin</name>
         <load_address>0x7b90</load_address>
         <run_address>0x7b90</run_address>
         <size>0x28</size>
         <input_file_ref idref="fl-21"/>
      </object_component>
      <object_component id="oc-4f7">
         <name>.text:GPIO_toggleOutputOnPin</name>
         <load_address>0x7bb8</load_address>
         <run_address>0x7bb8</run_address>
         <size>0x28</size>
         <input_file_ref idref="fl-21"/>
      </object_component>
      <object_component id="oc-816">
         <name>.text:free_list_insert</name>
         <load_address>0x7be0</load_address>
         <run_address>0x7be0</run_address>
         <size>0x28</size>
         <input_file_ref idref="fl-106"/>
      </object_component>
      <object_component id="oc-7c9">
         <name>.text:lseek</name>
         <load_address>0x7c08</load_address>
         <run_address>0x7c08</run_address>
         <size>0x28</size>
         <input_file_ref idref="fl-121"/>
      </object_component>
      <object_component id="oc-6a1">
         <name>.text:write</name>
         <load_address>0x7c30</load_address>
         <run_address>0x7c30</run_address>
         <size>0x28</size>
         <input_file_ref idref="fl-10a"/>
      </object_component>
      <object_component id="oc-360">
         <name>.text:GPIO_getInterruptStatus</name>
         <load_address>0x7c58</load_address>
         <run_address>0x7c58</run_address>
         <size>0x24</size>
         <input_file_ref idref="fl-21"/>
      </object_component>
      <object_component id="oc-bf">
         <name>.text:WDT_A_holdTimer</name>
         <load_address>0x7c7c</load_address>
         <run_address>0x7c7c</run_address>
         <size>0x24</size>
         <input_file_ref idref="fl-2a"/>
      </object_component>
      <object_component id="oc-695">
         <name>.text:memchr</name>
         <load_address>0x7ca0</load_address>
         <run_address>0x7ca0</run_address>
         <size>0x20</size>
         <input_file_ref idref="fl-105"/>
      </object_component>
      <object_component id="oc-5c1">
         <name>.text:Graphics_fillRectangleOnDisplay</name>
         <load_address>0x7cc0</load_address>
         <run_address>0x7cc0</run_address>
         <size>0x1e</size>
         <input_file_ref idref="fl-2d"/>
      </object_component>
      <object_component id="oc-6ee">
         <name>.text:SPI_enableModule</name>
         <load_address>0x7cde</load_address>
         <run_address>0x7cde</run_address>
         <size>0x1c</size>
         <input_file_ref idref="fl-25"/>
      </object_component>
      <object_component id="oc-3d6">
         <name>.text:_abort_msg</name>
         <load_address>0x7cfc</load_address>
         <run_address>0x7cfc</run_address>
         <size>0x1c</size>
         <input_file_ref idref="fl-100"/>
      </object_component>
      <object_component id="oc-810">
         <name>.text:free_list_remove</name>
         <load_address>0x7d18</load_address>
         <run_address>0x7d18</run_address>
         <size>0x1c</size>
         <input_file_ref idref="fl-106"/>
      </object_component>
      <object_component id="oc-475">
         <name>.text:memccpy</name>
         <load_address>0x7d34</load_address>
         <run_address>0x7d34</run_address>
         <size>0x1c</size>
         <input_file_ref idref="fl-104"/>
      </object_component>
      <object_component id="oc-5ac">
         <name>.text:Graphics_clearDisplayOnDisplay</name>
         <load_address>0x7d50</load_address>
         <run_address>0x7d50</run_address>
         <size>0x1a</size>
         <input_file_ref idref="fl-2d"/>
      </object_component>
      <object_component id="oc-3ee">
         <name>.text:Graphics_setBackgroundColor</name>
         <load_address>0x7d6a</load_address>
         <run_address>0x7d6a</run_address>
         <size>0x1a</size>
         <input_file_ref idref="fl-2c"/>
      </object_component>
      <object_component id="oc-3f4">
         <name>.text:Graphics_setFont</name>
         <load_address>0x7d84</load_address>
         <run_address>0x7d84</run_address>
         <size>0x1a</size>
         <input_file_ref idref="fl-2c"/>
      </object_component>
      <object_component id="oc-75e">
         <name>.text:copysign</name>
         <load_address>0x7d9e</load_address>
         <run_address>0x7d9e</run_address>
         <size>0x1a</size>
         <input_file_ref idref="fl-122"/>
      </object_component>
      <object_component id="oc-37d">
         <name>.text:UART_getInterruptStatus</name>
         <load_address>0x7db8</load_address>
         <run_address>0x7db8</run_address>
         <size>0x18</size>
         <input_file_ref idref="fl-29"/>
      </object_component>
      <object_component id="oc-8de">
         <name>.text:strcmp</name>
         <load_address>0x7dd0</load_address>
         <run_address>0x7dd0</run_address>
         <size>0x18</size>
         <input_file_ref idref="fl-125"/>
      </object_component>
      <object_component id="oc-7a1">
         <name>.text:EUSCI_A_SPI_enable</name>
         <load_address>0x7de8</load_address>
         <run_address>0x7de8</run_address>
         <size>0x16</size>
         <input_file_ref idref="fl-25"/>
      </object_component>
      <object_component id="oc-7a7">
         <name>.text:EUSCI_B_SPI_enable</name>
         <load_address>0x7dfe</load_address>
         <run_address>0x7dfe</run_address>
         <size>0x16</size>
         <input_file_ref idref="fl-25"/>
      </object_component>
      <object_component id="oc-3e8">
         <name>.text:Graphics_setForegroundColor</name>
         <load_address>0x7e14</load_address>
         <run_address>0x7e14</run_address>
         <size>0x16</size>
         <input_file_ref idref="fl-2c"/>
      </object_component>
      <object_component id="oc-5a3">
         <name>.text:Graphics_translateColorOnDisplay</name>
         <load_address>0x7e2a</load_address>
         <run_address>0x7e2a</run_address>
         <size>0x16</size>
         <input_file_ref idref="fl-2d"/>
      </object_component>
      <object_component id="oc-12b">
         <name>.text:Timer_A_clearInterruptFlag</name>
         <load_address>0x7e40</load_address>
         <run_address>0x7e40</run_address>
         <size>0x16</size>
         <input_file_ref idref="fl-28"/>
      </object_component>
      <object_component id="oc-f5">
         <name>.text:Timer_A_startCounter</name>
         <load_address>0x7e56</load_address>
         <run_address>0x7e56</run_address>
         <size>0x16</size>
         <input_file_ref idref="fl-28"/>
      </object_component>
      <object_component id="oc-664">
         <name>.text:strchr</name>
         <load_address>0x7e6c</load_address>
         <run_address>0x7e6c</run_address>
         <size>0x16</size>
         <input_file_ref idref="fl-107"/>
      </object_component>
      <object_component id="oc-573">
         <name>.text:PCM_getPowerState</name>
         <load_address>0x7e84</load_address>
         <run_address>0x7e84</run_address>
         <size>0x14</size>
         <input_file_ref idref="fl-23"/>
      </object_component>
      <object_component id="oc-892">
         <name>.text:strcpy</name>
         <load_address>0x7e98</load_address>
         <run_address>0x7e98</run_address>
         <size>0x14</size>
         <input_file_ref idref="fl-126"/>
      </object_component>
      <object_component id="oc-446">
         <name>.text:strlen</name>
         <load_address>0x7eac</load_address>
         <run_address>0x7eac</run_address>
         <size>0x14</size>
         <input_file_ref idref="fl-108"/>
      </object_component>
      <object_component id="oc-3fa">
         <name>.text:Graphics_clearDisplay</name>
         <load_address>0x7ec0</load_address>
         <run_address>0x7ec0</run_address>
         <size>0x12</size>
         <input_file_ref idref="fl-2c"/>
      </object_component>
      <object_component id="oc-47b">
         <name>.text:wcslen</name>
         <load_address>0x7ed2</load_address>
         <run_address>0x7ed2</run_address>
         <size>0x12</size>
         <input_file_ref idref="fl-10d"/>
      </object_component>
      <object_component id="oc-3c2">
         <name>.text:ADCIsConversionRunning</name>
         <load_address>0x7ee4</load_address>
         <run_address>0x7ee4</run_address>
         <size>0x10</size>
         <input_file_ref idref="fl-1e"/>
      </object_component>
      <object_component id="oc-225">
         <name>.text:Interrupt_disableMaster</name>
         <load_address>0x7ef4</load_address>
         <run_address>0x7ef4</run_address>
         <size>0x10</size>
         <input_file_ref idref="fl-22"/>
      </object_component>
      <object_component id="oc-184">
         <name>.text:Interrupt_disableSleepOnIsrExit</name>
         <load_address>0x7f04</load_address>
         <run_address>0x7f04</run_address>
         <size>0x10</size>
         <input_file_ref idref="fl-22"/>
      </object_component>
      <object_component id="oc-11f">
         <name>.text:Interrupt_enableMaster</name>
         <load_address>0x7f14</load_address>
         <run_address>0x7f14</run_address>
         <size>0x10</size>
         <input_file_ref idref="fl-22"/>
      </object_component>
      <object_component id="oc-e9">
         <name>.text:Interrupt_enableSleepOnIsrExit</name>
         <load_address>0x7f24</load_address>
         <run_address>0x7f24</run_address>
         <size>0x10</size>
         <input_file_ref idref="fl-22"/>
      </object_component>
      <object_component id="oc-209">
         <name>.text:PCM_setCoreVoltageLevel</name>
         <load_address>0x7f34</load_address>
         <run_address>0x7f34</run_address>
         <size>0x10</size>
         <input_file_ref idref="fl-23"/>
      </object_component>
      <object_component id="oc-579">
         <name>.text:PCM_setPowerMode</name>
         <load_address>0x7f44</load_address>
         <run_address>0x7f44</run_address>
         <size>0x10</size>
         <input_file_ref idref="fl-23"/>
      </object_component>
      <object_component id="oc-1d">
         <name>.text:decompress:none:__TI_decompress_none</name>
         <load_address>0x7f54</load_address>
         <run_address>0x7f54</run_address>
         <size>0xe</size>
         <input_file_ref idref="fl-fb"/>
      </object_component>
      <object_component id="oc-6a">
         <name>.text</name>
         <load_address>0x7f62</load_address>
         <run_address>0x7f62</run_address>
         <size>0xe</size>
         <input_file_ref idref="fl-8"/>
      </object_component>
      <object_component id="oc-231">
         <name>.text:ADC14_enableModule</name>
         <load_address>0x7f70</load_address>
         <run_address>0x7f70</run_address>
         <size>0xc</size>
         <input_file_ref idref="fl-1e"/>
      </object_component>
      <object_component id="oc-3b9">
         <name>.text:CPU_cpsid</name>
         <load_address>0x7f7c</load_address>
         <run_address>0x7f7c</run_address>
         <size>0xc</size>
         <input_file_ref idref="fl-2b"/>
      </object_component>
      <object_component id="oc-32e">
         <name>.text:CPU_cpsie</name>
         <load_address>0x7f88</load_address>
         <run_address>0x7f88</run_address>
         <size>0xc</size>
         <input_file_ref idref="fl-2b"/>
      </object_component>
      <object_component id="oc-4c">
         <name>.text:decompress:ZI:__TI_zero_init</name>
         <load_address>0x7f94</load_address>
         <run_address>0x7f94</run_address>
         <size>0xc</size>
         <input_file_ref idref="fl-fa"/>
      </object_component>
      <object_component id="oc-481">
         <name>.text:__aeabi_errno_addr</name>
         <load_address>0x7fa0</load_address>
         <run_address>0x7fa0</run_address>
         <size>0x8</size>
         <input_file_ref idref="fl-10c"/>
      </object_component>
      <object_component id="oc-7d7">
         <name>.text:malloc</name>
         <load_address>0x7fa8</load_address>
         <run_address>0x7fa8</run_address>
         <size>0x8</size>
         <input_file_ref idref="fl-106"/>
      </object_component>
      <object_component id="oc-4bc">
         <name>.text:_outc</name>
         <load_address>0x7fb0</load_address>
         <run_address>0x7fb0</run_address>
         <size>0x4</size>
         <input_file_ref idref="fl-e9"/>
      </object_component>
      <object_component id="oc-293">
         <name>.text:_outc</name>
         <load_address>0x7fb4</load_address>
         <run_address>0x7fb4</run_address>
         <size>0x4</size>
         <input_file_ref idref="fl-e8"/>
      </object_component>
      <object_component id="oc-4b6">
         <name>.text:_outs</name>
         <load_address>0x7fb8</load_address>
         <run_address>0x7fb8</run_address>
         <size>0x4</size>
         <input_file_ref idref="fl-e9"/>
      </object_component>
      <object_component id="oc-28d">
         <name>.text:_outs</name>
         <load_address>0x7fbc</load_address>
         <run_address>0x7fbc</run_address>
         <size>0x4</size>
         <input_file_ref idref="fl-e8"/>
      </object_component>
      <object_component id="oc-a6">
         <name>.text:_system_pre_init</name>
         <load_address>0x7fc0</load_address>
         <run_address>0x7fc0</run_address>
         <size>0x4</size>
         <input_file_ref idref="fl-115"/>
      </object_component>
      <object_component id="oc-1bb">
         <name>.text:abort:abort</name>
         <load_address>0x7fc4</load_address>
         <run_address>0x7fc4</run_address>
         <size>0x4</size>
         <input_file_ref idref="fl-fd"/>
      </object_component>
      <object_component id="oc-607">
         <name>.const:.string:pixel_claw8BPP_UNCOMP</name>
         <load_address>0x7fc8</load_address>
         <run_address>0x7fc8</run_address>
         <size>0x4000</size>
         <input_file_ref idref="fl-16"/>
      </object_component>
      <object_component id="oc-610">
         <name>.const:.string:pixel_bluetooth4BPP_UNCOMP</name>
         <load_address>0xbfc8</load_address>
         <run_address>0xbfc8</run_address>
         <size>0x800</size>
         <input_file_ref idref="fl-15"/>
      </object_component>
      <object_component id="oc-619">
         <name>.const:.string:pixel_thumbsup4BPP_UNCOMP</name>
         <load_address>0xc7c8</load_address>
         <run_address>0xc7c8</run_address>
         <size>0x480</size>
         <input_file_ref idref="fl-17"/>
      </object_component>
      <object_component id="oc-604">
         <name>.const:palette_claw8BPP_UNCOMP</name>
         <load_address>0xcc48</load_address>
         <run_address>0xcc48</run_address>
         <size>0x400</size>
         <input_file_ref idref="fl-16"/>
      </object_component>
      <object_component id="oc-5e6">
         <name>.const:.string:g_pucFontFixed6x8Data</name>
         <load_address>0xd048</load_address>
         <run_address>0xd048</run_address>
         <size>0x2f8</size>
         <input_file_ref idref="fl-2e"/>
      </object_component>
      <object_component id="oc-621">
         <name>.const:.string:_ctypes_</name>
         <load_address>0xd340</load_address>
         <run_address>0xd340</run_address>
         <size>0x101</size>
         <input_file_ref idref="fl-102"/>
      </object_component>
      <object_component id="oc-41e">
         <name>.const:g_sFontFixed6x8</name>
         <load_address>0xd444</load_address>
         <run_address>0xd444</run_address>
         <size>0xc8</size>
         <input_file_ref idref="fl-2e"/>
      </object_component>
      <object_component id="oc-315">
         <name>.const:$P$T1$1</name>
         <load_address>0xd510</load_address>
         <run_address>0xd510</run_address>
         <size>0x98</size>
         <input_file_ref idref="fl-2"/>
      </object_component>
      <object_component id="oc-35c">
         <name>.const:_ctlRegs</name>
         <load_address>0xd5a8</load_address>
         <run_address>0xd5a8</run_address>
         <size>0x80</size>
         <input_file_ref idref="fl-1e"/>
      </object_component>
      <object_component id="oc-301">
         <name>.const:$P$T21$11</name>
         <load_address>0xd628</load_address>
         <run_address>0xd628</run_address>
         <size>0x48</size>
         <input_file_ref idref="fl-9"/>
      </object_component>
      <object_component id="oc-60d">
         <name>.const:palette_bluetooth4BPP_UNCOMP</name>
         <load_address>0xd670</load_address>
         <run_address>0xd670</run_address>
         <size>0x40</size>
         <input_file_ref idref="fl-15"/>
      </object_component>
      <object_component id="oc-616">
         <name>.const:palette_thumbsup4BPP_UNCOMP</name>
         <load_address>0xd6b0</load_address>
         <run_address>0xd6b0</run_address>
         <size>0x40</size>
         <input_file_ref idref="fl-17"/>
      </object_component>
      <object_component id="oc-366">
         <name>.const:GPIO_PORT_TO_BASE</name>
         <load_address>0xd6f0</load_address>
         <run_address>0xd6f0</run_address>
         <size>0x30</size>
         <input_file_ref idref="fl-21"/>
      </object_component>
      <object_component id="oc-21b">
         <name>.const:UART2Config</name>
         <load_address>0xd720</load_address>
         <run_address>0xd720</run_address>
         <size>0x28</size>
         <input_file_ref idref="fl-c"/>
      </object_component>
      <object_component id="oc-527">
         <name>.const:$P$T0$1</name>
         <load_address>0xd748</load_address>
         <run_address>0xd748</run_address>
         <size>0x20</size>
         <input_file_ref idref="fl-7"/>
      </object_component>
      <object_component id="oc-41b">
         <name>.const:g_sCrystalfontz128x128_funcs</name>
         <load_address>0xd768</load_address>
         <run_address>0xd768</run_address>
[...]
         <name>__aeabi_i2d</name>
         <value>0x79bd</value>
         <object_component_ref idref="oc-638"/>
      </symbol>
      <symbol id="sm-d79">
         <name>memcpy</name>
         <value>0x616f</value>
         <object_component_ref idref="oc-3a"/>
      </symbol>
      <symbol id="sm-d7a">
         <name>__aeabi_memcpy</name>
         <value>0x616f</value>
         <object_component_ref idref="oc-3a"/>
      </symbol>
      <symbol id="sm-d7b">
         <name>__aeabi_memcpy8</name>
         <value>0x616f</value>
         <object_component_ref idref="oc-3a"/>
      </symbol>
      <symbol id="sm-d7c">
         <name>__aeabi_memcpy4</name>
         <value>0x616f</value>
         <object_component_ref idref="oc-3a"/>
      </symbol>
      <symbol id="sm-d8b">
         <name>__aeabi_memset</name>
         <value>0x66cb</value>
         <object_component_ref idref="oc-a0"/>
      </symbol>
      <symbol id="sm-d8c">
         <name>memset</name>
         <value>0x66d1</value>
         <object_component_ref idref="oc-a0"/>
      </symbol>
      <symbol id="sm-d8d">
         <name>__aeabi_memset8</name>
         <value>0x66cb</value>
         <object_component_ref idref="oc-a0"/>
      </symbol>
      <symbol id="sm-d8e">
         <name>__aeabi_memset4</name>
         <value>0x66cb</value>
         <object_component_ref idref="oc-a0"/>
      </symbol>
      <symbol id="sm-d8f">
         <name>__aeabi_memclr8</name>
         <value>0x66c9</value>
         <object_component_ref idref="oc-a0"/>
      </symbol>
      <symbol id="sm-d90">
         <name>__aeabi_memclr4</name>
         <value>0x66c9</value>
         <object_component_ref idref="oc-a0"/>
      </symbol>
      <symbol id="sm-d91">
         <name>__aeabi_memclr</name>
         <value>0x66c9</value>
         <object_component_ref idref="oc-a0"/>
      </symbol>
      <symbol id="sm-d9e">
         <name>__aeabi_uldivmod</name>
         <value>0x620b</value>
         <object_component_ref idref="oc-626"/>
      </symbol>
      <symbol id="sm-db0">
         <name>__TI_zero_init</name>
         <value>0x7f95</value>
         <object_component_ref idref="oc-4c"/>
      </symbol>
      <symbol id="sm-dc7">
         <name>__TI_decompress_none</name>
         <value>0x7f55</value>
         <object_component_ref idref="oc-1d"/>
      </symbol>
      <symbol id="sm-dea">
         <name>__TI_decompress_lzss</name>
         <value>0x6a41</value>
         <object_component_ref idref="oc-17"/>
      </symbol>
      <symbol id="sm-e10">
         <name>C$$EXIT</name>
         <value>0x7fc5</value>
         <object_component_ref idref="oc-1bb"/>
      </symbol>
      <symbol id="sm-e11">
         <name>abort</name>
         <value>0x7fc5</value>
         <object_component_ref idref="oc-1bb"/>
      </symbol>
      <symbol id="sm-e12">
         <name>__TI_dtors_ptr</name>
         <value>0x20001dec</value>
         <object_component_ref idref="oc-388"/>
      </symbol>
      <symbol id="sm-e13">
         <name>__TI_cleanup_ptr</name>
         <value>0x20001de8</value>
         <object_component_ref idref="oc-388"/>
      </symbol>
      <symbol id="sm-e14">
         <name>__TI_enable_exit_profile_output</name>
         <value>0x20001df0</value>
         <object_component_ref idref="oc-388"/>
      </symbol>
      <symbol id="sm-e15">
         <name>exit</name>
         <value>0x7355</value>
         <object_component_ref idref="oc-1c1"/>
      </symbol>
      <symbol id="sm-e2a">
         <name>_nop</name>
         <value>0xb33</value>
         <object_component_ref idref="oc-493"/>
      </symbol>
      <symbol id="sm-e2b">
         <name>_lock</name>
         <value>0x20001e00</value>
         <object_component_ref idref="oc-287"/>
      </symbol>
      <symbol id="sm-e2c">
         <name>_unlock</name>
         <value>0x20001e04</value>
         <object_component_ref idref="oc-287"/>
      </symbol>
      <symbol id="sm-e3b">
         <name>__TI_ltoa</name>
         <value>0x7095</value>
         <object_component_ref idref="oc-632"/>
      </symbol>
      <symbol id="sm-e4a">
         <name>_abort_msg</name>
         <value>0x7cfd</value>
         <object_component_ref idref="oc-3d6"/>
      </symbol>
      <symbol id="sm-e60">
         <name>atoi</name>
         <value>0x7279</value>
         <object_component_ref idref="oc-44c"/>
      </symbol>
      <symbol id="sm-e6b">
         <name>_ctypes_</name>
         <value>0xd340</value>
         <object_component_ref idref="oc-621"/>
      </symbol>
      <symbol id="sm-e80">
         <name>__TI_tmpnams</name>
         <value>0x200016c8</value>
      </symbol>
      <symbol id="sm-e81">
         <name>__aeabi_stdout</name>
         <value>0x20001de0</value>
         <object_component_ref idref="oc-6e1"/>
      </symbol>
      <symbol id="sm-e82">
         <name>__aeabi_stderr</name>
         <value>0x20001de4</value>
         <object_component_ref idref="oc-6e1"/>
      </symbol>
      <symbol id="sm-e83">
         <name>__aeabi_stdin</name>
         <value>0x20001ddc</value>
         <object_component_ref idref="oc-6e1"/>
      </symbol>
      <symbol id="sm-e84">
         <name>_ftable</name>
         <value>0x20001bb0</value>
         <object_component_ref idref="oc-28a"/>
      </symbol>
      <symbol id="sm-e85">
         <name>__TI_ft_end</name>
         <value>0x20001dd8</value>
         <object_component_ref idref="oc-6e1"/>
      </symbol>
      <symbol id="sm-e95">
         <name>memccpy</name>
         <value>0x7d35</value>
         <object_component_ref idref="oc-475"/>
      </symbol>
      <symbol id="sm-ea5">
         <name>memchr</name>
         <value>0x7ca1</value>
         <object_component_ref idref="oc-695"/>
      </symbol>
      <symbol id="sm-f2e">
         <name>_sys_memory</name>
         <value>0x200017b0</value>
         <object_component_ref idref="oc-29"/>
      </symbol>
      <symbol id="sm-f2f">
         <name>free</name>
         <value>0x5991</value>
         <object_component_ref idref="oc-7d1"/>
      </symbol>
      <symbol id="sm-f30">
         <name>memalign</name>
         <value>0x54b5</value>
         <object_component_ref idref="oc-81d"/>
      </symbol>
      <symbol id="sm-f31">
         <name>malloc</name>
         <value>0x7fa9</value>
         <object_component_ref idref="oc-7d7"/>
      </symbol>
      <symbol id="sm-f32">
         <name>aligned_alloc</name>
         <value>0x54b5</value>
         <object_component_ref idref="oc-81d"/>
      </symbol>
      <symbol id="sm-f42">
         <name>strchr</name>
         <value>0x7e6d</value>
         <object_component_ref idref="oc-664"/>
      </symbol>
      <symbol id="sm-f50">
         <name>strlen</name>
         <value>0x7ead</value>
         <object_component_ref idref="oc-446"/>
      </symbol>
      <symbol id="sm-f63">
         <name>__stack</name>
         <value>0x2000fe00</value>
         <object_component_ref idref="oc-2c"/>
      </symbol>
      <symbol id="sm-f64">
         <name>_c_int00_noargs</name>
         <value>0x78c9</value>
         <object_component_ref idref="oc-58"/>
      </symbol>
      <symbol id="sm-f7e">
         <name>write</name>
         <value>0x7c31</value>
         <object_component_ref idref="oc-6a1"/>
      </symbol>
      <symbol id="sm-f8f">
         <name>_stream</name>
         <value>0x20001d18</value>
         <object_component_ref idref="oc-78b"/>
      </symbol>
      <symbol id="sm-f90">
         <name>_device</name>
         <value>0x20001ca0</value>
         <object_component_ref idref="oc-7ee"/>
      </symbol>
      <symbol id="sm-fa6">
         <name>__aeabi_errno_addr</name>
         <value>0x7fa1</value>
         <object_component_ref idref="oc-481"/>
      </symbol>
      <symbol id="sm-fa7">
         <name>errno</name>
         <value>0x20001e14</value>
         <object_component_ref idref="oc-674"/>
      </symbol>
      <symbol id="sm-fc0">
         <name>wcslen</name>
         <value>0x7ed3</value>
         <object_component_ref idref="oc-47b"/>
      </symbol>
      <symbol id="sm-fe0">
         <name>frexpl</name>
         <value>0x6c3d</value>
         <object_component_ref idref="oc-658"/>
      </symbol>
      <symbol id="sm-fe1">
         <name>frexp</name>
         <value>0x6c3d</value>
         <object_component_ref idref="oc-658"/>
      </symbol>
      <symbol id="sm-ffe">
         <name>scalbn</name>
         <value>0x529d</value>
         <object_component_ref idref="oc-65e"/>
      </symbol>
      <symbol id="sm-fff">
         <name>scalbnl</name>
         <value>0x529d</value>
         <object_component_ref idref="oc-65e"/>
      </symbol>
      <symbol id="sm-1000">
         <name>ldexpl</name>
         <value>0x529d</value>
         <object_component_ref idref="oc-65e"/>
      </symbol>
      <symbol id="sm-1001">
         <name>ldexp</name>
         <value>0x529d</value>
         <object_component_ref idref="oc-65e"/>
      </symbol>
      <symbol id="sm-1022">
         <name>__TI_doflush</name>
         <value>0x722b</value>
         <object_component_ref idref="oc-69b"/>
      </symbol>
      <symbol id="sm-1023">
         <name>fflush</name>
         <value>0x664d</value>
         <object_component_ref idref="oc-586"/>
      </symbol>
      <symbol id="sm-1033">
         <name>__TI_cleanup</name>
         <value>0x7861</value>
         <object_component_ref idref="oc-7dd"/>
      </symbol>
      <symbol id="sm-1045">
         <name>fseek</name>
         <value>0x6ca1</value>
         <object_component_ref idref="oc-77a"/>
      </symbol>
      <symbol id="sm-104f">
         <name>__aeabi_idiv0</name>
         <value>0x29a3</value>
         <object_component_ref idref="oc-749"/>
      </symbol>
      <symbol id="sm-1050">
         <name>__aeabi_ldiv0</name>
         <value>0x29a3</value>
         <object_component_ref idref="oc-749"/>
      </symbol>
      <symbol id="sm-1078">
         <name>__TI_auto_init_nobinit_nopinit</name>
         <value>0x74b5</value>
         <object_component_ref idref="oc-1c7"/>
      </symbol>
      <symbol id="sm-1082">
         <name>_system_pre_init</name>
         <value>0x7fc1</value>
         <object_component_ref idref="oc-a6"/>
      </symbol>
      <symbol id="sm-1095">
         <name>HOSTclose</name>
         <value>0x742d</value>
         <object_component_ref idref="oc-833"/>
      </symbol>
      <symbol id="sm-10a6">
         <name>HOSTlseek</name>
         <value>0x6971</value>
         <object_component_ref idref="oc-845"/>
      </symbol>
      <symbol id="sm-10b8">
         <name>parmbuf</name>
         <value>0x20001784</value>
      </symbol>
      <symbol id="sm-10b9">
         <name>HOSTopen</name>
         <value>0x6d69</value>
         <object_component_ref idref="oc-82d"/>
      </symbol>
      <symbol id="sm-10ca">
         <name>HOSTread</name>
         <value>0x6f39</value>
         <object_component_ref idref="oc-839"/>
      </symbol>
      <symbol id="sm-10db">
         <name>HOSTrename</name>
         <value>0x6905</value>
         <object_component_ref idref="oc-851"/>
      </symbol>
      <symbol id="sm-10ec">
         <name>HOSTunlink</name>
         <value>0x7471</value>
         <object_component_ref idref="oc-84b"/>
      </symbol>
      <symbol id="sm-10fd">
         <name>HOSTwrite</name>
         <value>0x6f91</value>
         <object_component_ref idref="oc-83f"/>
      </symbol>
      <symbol id="sm-1121">
         <name>__TI_readmsg</name>
         <value>0x7895</value>
         <object_component_ref idref="oc-87e"/>
      </symbol>
      <symbol id="sm-1122">
         <name>C$$IO$$</name>
         <value>0x76df</value>
         <object_component_ref idref="oc-878"/>
      </symbol>
      <symbol id="sm-1123">
         <name>__CIOBUF_</name>
         <value>0x200015a8</value>
         <object_component_ref idref="oc-8a9"/>
      </symbol>
      <symbol id="sm-1124">
         <name>__TI_writemsg</name>
         <value>0x76b1</value>
         <object_component_ref idref="oc-878"/>
      </symbol>
      <symbol id="sm-1135">
         <name>lseek</name>
         <value>0x7c09</value>
         <object_component_ref idref="oc-7c9"/>
      </symbol>
      <symbol id="sm-113f">
         <name>copysign</name>
         <value>0x7d9f</value>
         <object_component_ref idref="oc-75e"/>
      </symbol>
      <symbol id="sm-1140">
         <name>copysignl</name>
         <value>0x7d9f</value>
         <object_component_ref idref="oc-75e"/>
      </symbol>
      <symbol id="sm-1155">
         <name>__TI_closefile</name>
         <value>0x6745</value>
         <object_component_ref idref="oc-824"/>
      </symbol>
      <symbol id="sm-1178">
         <name>finddevice</name>
         <value>0x798d</value>
         <object_component_ref idref="oc-8c7"/>
      </symbol>
      <symbol id="sm-1179">
         <name>getdevice</name>
         <value>0x74f9</value>
         <object_component_ref idref="oc-89f"/>
      </symbol>
      <symbol id="sm-1188">
         <name>strcmp</name>
         <value>0x7dd1</value>
         <object_component_ref idref="oc-8de"/>
      </symbol>
      <symbol id="sm-1196">
         <name>strcpy</name>
         <value>0x7e99</value>
         <object_component_ref idref="oc-892"/>
      </symbol>
      <symbol id="sm-11a6">
         <name>strncpy</name>
         <value>0x778d</value>
         <object_component_ref idref="oc-8c1"/>
      </symbol>
      <symbol id="sm-11bb">
         <name>close</name>
         <value>0x6e29</value>
         <object_component_ref idref="oc-869"/>
      </symbol>
      <symbol id="sm-11cb">
         <name>unlink</name>
         <value>0x7a9d</value>
         <object_component_ref idref="oc-86f"/>
      </symbol>
      <symbol id="sm-11cc">
         <name>__TI_static_base__</name>
         <value>0x0</value>
      </symbol>
      <symbol id="sm-11cf">
         <name>__mpu_init</name>
         <value>0x0</value>
      </symbol>
      <symbol id="sm-11d0">
         <name>_system_post_cinit</name>
         <value>0x0</value>
      </symbol>
      <symbol id="sm-11d1">
         <name>NMI_Handler</name>
         <value>0x7f6f</value>
      </symbol>
      <symbol id="sm-11d2">
         <name>HardFault_Handler</name>
         <value>0x7f6f</value>
      </symbol>
      <symbol id="sm-11d3">
         <name>MemManage_Handler</name>
         <value>0x7f6f</value>
      </symbol>
      <symbol id="sm-11d4">
         <name>BusFault_Handler</name>
         <value>0x7f6f</value>
      </symbol>
      <symbol id="sm-11d5">
         <name>UsageFault_Handler</name>
         <value>0x7f6f</value>
      </symbol>
      <symbol id="sm-11d6">
         <name>SVC_Handler</name>
         <value>0x7f6f</value>
      </symbol>
      <symbol id="sm-11d7">
         <name>DebugMon_Handler</name>
         <value>0x7f6f</value>
      </symbol>
      <symbol id="sm-11d8">
         <name>PendSV_Handler</name>
         <value>0x7f6f</value>
      </symbol>
      <symbol id="sm-11d9">
         <name>SysTick_Handler</name>
         <value>0x7f6f</value>
      </symbol>
      <symbol id="sm-11da">
         <name>PSS_IRQHandler</name>
         <value>0x7f6f</value>
      </symbol>
      <symbol id="sm-11db">
         <name>CS_IRQHandler</name>
         <value>0x7f6f</value>
      </symbol>
      <symbol id="sm-11dc">
         <name>PCM_IRQHandler</name>
         <value>0x7f6f</value>
      </symbol>
      <symbol id="sm-11dd">
         <name>WDT_A_IRQHandler</name>
         <value>0x7f6f</value>
      </symbol>
      <symbol id="sm-11de">
         <name>FPU_IRQHandler</name>
         <value>0x7f6f</value>
      </symbol>
      <symbol id="sm-11df">
         <name>FLCTL_IRQHandler</name>
         <value>0x7f6f</value>
      </symbol>
      <symbol id="sm-11e0">
         <name>COMP_E0_IRQHandler</name>
         <value>0x7f6f</value>
      </symbol>
      <symbol id="sm-11e1">
         <name>COMP_E1_IRQHandler</name>
         <value>0x7f6f</value>
      </symbol>
      <symbol id="sm-11e2">
         <name>TA0_0_IRQHandler</name>
         <value>0x7f6f</value>
      </symbol>
      <symbol id="sm-11e3">
         <name>TA0_N_IRQHandler</name>
         <value>0x3b7f</value>
      </symbol>
      <symbol id="sm-11e4">
         <name>TA1_0_IRQHandler</name>
         <value>0x3b6d</value>
      </symbol>
      <symbol id="sm-11e5">
         <name>TA1_N_IRQHandler</name>
         <value>0x5661</value>
      </symbol>
      <symbol id="sm-11e6">
         <name>TA2_0_IRQHandler</name>
         <value>0x7f6f</value>
      </symbol>
      <symbol id="sm-11e7">
         <name>TA2_N_IRQHandler</name>
         <value>0x7f6f</value>
      </symbol>
      <symbol id="sm-11e8">
         <name>TA3_0_IRQHandler</name>
         <value>0x7f6f</value>
      </symbol>
      <symbol id="sm-11e9">
         <name>TA3_N_IRQHandler</name>
         <value>0x7f6f</value>
      </symbol>
      <symbol id="sm-11ea">
         <name>EUSCIA0_IRQHandler</name>
         <value>0x2f6d</value>
      </symbol>
      <symbol id="sm-11eb">
         <name>EUSCIA1_IRQHandler</name>
         <value>0x7f6f</value>
      </symbol>
      <symbol id="sm-11ec">
         <name>EUSCIA2_IRQHandler</name>
         <value>0x2ff1</value>
      </symbol>
      <symbol id="sm-11ed">
         <name>EUSCIA3_IRQHandler</name>
         <value>0x7f6f</value>
      </symbol>
      <symbol id="sm-11ee">
         <name>EUSCIB0_IRQHandler</name>
         <value>0x7f6f</value>
      </symbol>
      <symbol id="sm-11ef">
         <name>EUSCIB1_IRQHandler</name>
         <value>0x7f6f</value>
      </symbol>
      <symbol id="sm-11f0">
         <name>EUSCIB2_IRQHandler</name>
         <value>0x7f6f</value>
      </symbol>
      <symbol id="sm-11f1">
         <name>EUSCIB3_IRQHandler</name>
         <value>0x7f6f</value>
      </symbol>
      <symbol id="sm-11f2">
         <name>ADC14_IRQHandler</name>
         <value>0x55b5</value>
      </symbol>
      <symbol id="sm-11f3">
         <name>T32_INT1_IRQHandler</name>
         <value>0x7f6f</value>
      </symbol>
      <symbol id="sm-11f4">
         <name>T32_INT2_IRQHandler</name>
         <value>0x7f6f</value>
      </symbol>
      <symbol id="sm-11f5">
         <name>T32_INTC_IRQHandler</name>
         <value>0x7f6f</value>
      </symbol>
      <symbol id="sm-11f6">
         <name>AES256_IRQHandler</name>
         <value>0x7f6f</value>
      </symbol>
      <symbol id="sm-11f7">
         <name>RTC_C_IRQHandler</name>
         <value>0x7f6f</value>
      </symbol>
      <symbol id="sm-11f8">
         <name>DMA_ERR_IRQHandler</name>
         <value>0x7f6f</value>
      </symbol>
      <symbol id="sm-11f9">
         <name>DMA_INT3_IRQHandler</name>
         <value>0x7f6f</value>
      </symbol>
      <symbol id="sm-11fa">
         <name>DMA_INT2_IRQHandler</name>
         <value>0x7f6f</value>
      </symbol>
      <symbol id="sm-11fb">
         <name>DMA_INT1_IRQHandler</name>
         <value>0x7f6f</value>
      </symbol>
      <symbol id="sm-11fc">
         <name>DMA_INT0_IRQHandler</name>
         <value>0x7f6f</value>
      </symbol>
      <symbol id="sm-11fd">
         <name>PORT1_IRQHandler</name>
         <value>0x7f6f</value>
      </symbol>
      <symbol id="sm-11fe">
         <name>PORT2_IRQHandler</name>
         <value>0x7f6f</value>
      </symbol>
      <symbol id="sm-11ff">
         <name>PORT3_IRQHandler</name>
         <value>0x563b</value>
      </symbol>
      <symbol id="sm-1200">
         <name>PORT4_IRQHandler</name>
         <value>0x5615</value>
      </symbol>
      <symbol id="sm-1201">
         <name>PORT5_IRQHandler</name>
         <value>0x55ef</value>
      </symbol>
      <symbol id="sm-1202">
         <name>PORT6_IRQHandler</name>
         <value>0x7f6f</value>
      </symbol>
      <symbol id="sm-1203">
         <name>remove</name>
         <value>0x7a9d</value>
      </symbol>
   </symbol_table>
   <title>Link successful</title>
</link_info>
