******************************************************************************
                  TI ARM Linker PC v20.2.7                     
******************************************************************************
>> Linked Fri Feb  2 18:32:06 2024

OUTPUT FILE NAME:   <ClawMachine_MotorDriver.out>
ENTRY POINT SYMBOL: "_c_int00_noargs"  address: 000078c9


MEMORY CONFIGURATION

         name            origin    length      used     unused   attr    fill
----------------------  --------  ---------  --------  --------  ----  --------
  MAIN                  00000000   00040000  0000d938  000326c8  R  X
  INFO                  00200000   00004000  00000000  00004000  R  X
  SRAM_CODE             01000000   00010000  00002021  0000dfdf  RW X
  SRAM_DATA             20000000   00010000  00002021  0000dfdf  RW  


SEGMENT ALLOCATION MAP

run origin  load origin   length   init length attrs members
----------  ----------- ---------- ----------- ----- -------
00000000    00000000    0000d938   0000d938    r-x
  00000000    00000000    000000e4   000000e4    r-- .intvecs
  000000e4    000000e4    00007ee4   00007ee4    r-x .text
  00007fc8    00007fc8    00005890   00005890    r-- .const
  0000d858    0000d858    000000e0   000000e0    r-- .cinit
20000000    20000000    00001e21   00000000    rw-
  20000000    20000000    000017b0   00000000    rw- .bss
  200017b0    200017b0    00000400   00000000    rw- .sysmem
  20001bb0    20001bb0    00000271   00000000    rw- .data
2000fe00    2000fe00    00000200   00000000    rw-
  2000fe00    2000fe00    00000200   00000000    rw- .stack


SECTION ALLOCATION MAP

 output                                  attributes/
section   page    origin      length       input sections
--------  ----  ----------  ----------   ----------------
.intvecs   0    00000000    000000e4     
                  00000000    000000e4     startup_msp432p401r_ccs.obj (.intvecs:retain)

.text      0    000000e4    00007ee4     
                  000000e4    00000a4e     rtsv7M4_T_le_v4SPD16_eabi.lib : _printfi.c.obj (.text:__TI_printfi)
                  00000b32    00000002                                   : _lock.c.obj (.text:_nop)
                  00000b34    00000680     Crystalfontz128x128_ST7735.obj (.text)
                  000011b4    000005a0     ControllerFSM.obj (.text)
                  00001754    00000534     BlueLib.obj (.text)
                  00001c88    0000050c     screen_manager.obj (.text)
                  00002194    0000047e     grlib.a : string.obj (.text:Graphics_drawString)
                  00002612    00000390             : image.obj (.text:Graphics_drawImage)
                  000029a2    00000002     rtsv7M4_T_le_v4SPD16_eabi.lib : div0.asm.obj (.text)
                  000029a4    00000380     stepper.obj (.text)
                  00002d24    00000378     UART_Driver.obj (.text)
                  0000309c    00000348     default_screens.obj (.text)
                  000033e4    00000334     system_msp432p401r.obj (.text)
                  00003718    00000270     rtsv7M4_T_le_v4SPD16_eabi.lib : _printfi.c.obj (.text:_pconv_a)
                  00003988    00000228     main.obj (.text)
                  00003bb0    000001d8     claw_machine.obj (.text)
                  00003d88    000001d0     rtsv7M4_T_le_v4SPD16_eabi.lib : _printfi.c.obj (.text:_pconv_g)
                  00003f58    000001b6                                   : fd_add_t2.asm.obj (.text)
                  0000410e    00000180     grlib.a : line.obj (.text:Graphics_clipLine)
                  0000428e    00000174             : line.obj (.text:Graphics_drawLine)
                  00004402    00000002     --HOLE-- [fill = 0]
                  00004404    00000160     msp432p4xx_driverlib.lib : adc14.o (.text:_getIndexForMemRegister)
                  00004564    0000015c     ControllerSetup.obj (.text)
                  000046c0    0000015c     msp432p4xx_driverlib.lib : pcm.o (.text:__PCM_setPowerModeAdvanced)
                  0000481c    00000144                              : timer_a.o (.text:privateTimer_AProcessClockSourceDivider)
                  00004960    0000013c     rtsv7M4_T_le_v4SPD16_eabi.lib : _printfi.c.obj (.text:_pconv_e)
                  00004a9c    00000136                                   : fd_div_t2.asm.obj (.text)
                  00004bd2    00000002     --HOLE-- [fill = 0]
                  00004bd4    00000130     msp432p4xx_driverlib.lib : cs.o (.text:CS_initClockSignal)
                  00004d04    00000130     servo.obj (.text)
                  00004e34    00000124     rtsv7M4_T_le_v4SPD16_eabi.lib : _printfi.c.obj (.text:fcvt)
                  00004f58    0000011c     msp432p4xx_driverlib.lib : uart.o (.text:UART_initModule)
                  00005074    00000114     rtsv7M4_T_le_v4SPD16_eabi.lib : fputs.c.obj (.text:fputs)
                  00005188    00000112     grlib.a : rectangle.obj (.text:Graphics_fillRectangle)
                  0000529a    00000002     --HOLE-- [fill = 0]
                  0000529c    00000110     rtsv7M4_T_le_v4SPD16_eabi.lib : s_scalbn.c.obj (.text:scalbn)
                  000053ac    00000108     msp432p4xx_driverlib.lib : pcm.o (.text:__PCM_setCoreVoltageLevelAdvanced)
                  000054b4    00000100     rtsv7M4_T_le_v4SPD16_eabi.lib : memory.c.obj (.text:aligned_alloc)
                  000055b4    000000fc     InterruptHandler.obj (.text)
                  000056b0    000000fc     rtsv7M4_T_le_v4SPD16_eabi.lib : fd_mul_t2.asm.obj (.text)
                  000057ac    000000fa     grlib.a : string.obj (.text:Graphics_getStringWidth)
                  000058a6    00000002     --HOLE-- [fill = 0]
                  000058a8    000000e8     cart.obj (.text)
                  00005990    000000e4     rtsv7M4_T_le_v4SPD16_eabi.lib : memory.c.obj (.text:free)
                  00005a74    000000dc                                   : setvbuf.c.obj (.text:setvbuf)
                  00005b50    000000cc     HAL_MSP_EXP432P401R_Crystalfontz128x128_ST7735.obj (.text)
                  00005c1c    000000b4     msp432p4xx_driverlib.lib : adc14.o (.text:ADC14_configureConversionMemory)
                  00005cd0    000000b4                              : adc14.o (.text:ADC14_configureMultiSequenceMode)
                  00005d84    000000b1     rtsv7M4_T_le_v4SPD16_eabi.lib : _printfi.c.obj (.text:_ltostr)
                  00005e35    00000001     --HOLE-- [fill = 0]
                  00005e36    000000b0     msp432p4xx_driverlib.lib : spi.o (.text:SPI_initMaster)
                  00005ee6    00000002     --HOLE-- [fill = 0]
                  00005ee8    000000ac     BitOperations.obj (.text)
                  00005f94    000000a2     grlib.a : rectangle.obj (.text:Graphics_drawRectangle)
                  00006036    0000009c             : line.obj (.text:Graphics_drawLineH)
                  000060d2    0000009c             : line.obj (.text:Graphics_drawLineV)
                  0000616e    0000009c     rtsv7M4_T_le_v4SPD16_eabi.lib : memcpy_t2.asm.obj (.text)
                  0000620a    00000096                                   : ull_div_t2.asm.obj (.text)
                  000062a0    0000008c                                   : fputc.c.obj (.text:fputc)
                  0000632c    00000088     msp432p4xx_driverlib.lib : gpio.o (.text:GPIO_setAsPeripheralModuleFunctionInputPin)
                  000063b4    00000088                              : gpio.o (.text:GPIO_setAsPeripheralModuleFunctionOutputPin)
                  0000643c    00000086     rtsv7M4_T_le_v4SPD16_eabi.lib : fd_cmp_t2.asm.obj (.text:__aeabi_cdcmple)
                  000064c2    00000086                                   : fd_cmp_t2.asm.obj (.text:__aeabi_cdrcmple)
                  00006548    00000084     msp432p4xx_driverlib.lib : gpio.o (.text:GPIO_getEnabledInterruptStatus)
                  000065cc    00000080                              : interrupt.o (.text:Interrupt_enableInterrupt)
                  0000664c    0000007c     rtsv7M4_T_le_v4SPD16_eabi.lib : fflush.c.obj (.text:fflush)
                  000066c8    0000007a                                   : memset_t2.asm.obj (.text)
                  00006742    00000002     --HOLE-- [fill = 0]
                  00006744    00000074                                   : fclose.c.obj (.text:__TI_closefile)
                  000067b8    00000070                                   : memory.c.obj (.text:split)
                  00006828    0000006e                                   : _printfi.c.obj (.text:_mcpy)
                  00006896    00000002     --HOLE-- [fill = 0]
                  00006898    0000006c     grlib.a : image.obj (.text:Graphics_convertPalette)
                  00006904    0000006c     rtsv7M4_T_le_v4SPD16_eabi.lib : hostrename.c.obj (.text:HOSTrename)
                  00006970    00000068                                   : hostlseek.c.obj (.text:HOSTlseek)
                  000069d8    00000068     msp432p4xx_driverlib.lib : timer_a.o (.text:Timer_A_configureUpMode)
                  00006a40    00000068     rtsv7M4_T_le_v4SPD16_eabi.lib : copy_decompress_lzss.c.obj (.text:decompress:lzss:__TI_decompress_lzss)
                  00006aa8    00000068                                   : printf.c.obj (.text:printf)
                  00006b10    00000064     grlib.a : line.obj (.text:Graphics_getClipCode)
                  00006b74    00000064     msp432p4xx_driverlib.lib : uart.o (.text:UART_getEnabledInterruptStatus)
                  00006bd8    00000064     rtsv7M4_T_le_v4SPD16_eabi.lib : fprintf.c.obj (.text:fprintf)
                  00006c3c    00000064                                   : s_frexp.c.obj (.text:frexp)
                  00006ca0    00000064                                   : fseek.c.obj (.text:fseek)
                  00006d04    00000062                                   : _io_perm.c.obj (.text:__TI_wrt_ok)
                  00006d66    00000002     --HOLE-- [fill = 0]
                  00006d68    00000060                                   : hostopen.c.obj (.text:HOSTopen)
                  00006dc8    0000005e     msp432p4xx_driverlib.lib : pcm.o (.text:PCM_getCoreVoltageLevel)
                  00006e26    00000002     --HOLE-- [fill = 0]
                  00006e28    0000005c     rtsv7M4_T_le_v4SPD16_eabi.lib : close.c.obj (.text:close)
                  00006e84    0000005a     msp432p4xx_driverlib.lib : pcm.o (.text:PCM_getPowerMode)
                  00006ede    00000002     --HOLE-- [fill = 0]
                  00006ee0    00000058                              : gpio.o (.text:GPIO_setAsInputPinWithPullUpResistor)
                  00006f38    00000058     rtsv7M4_T_le_v4SPD16_eabi.lib : hostread.c.obj (.text:HOSTread)
                  00006f90    00000058                                   : hostwrite.c.obj (.text:HOSTwrite)
                  00006fe8    00000056                                   : _printfi.c.obj (.text:_pconv_f)
                  0000703e    00000002     --HOLE-- [fill = 0]
                  00007040    00000054     msp432p4xx_driverlib.lib : adc14.o (.text:ADC14_initModule)
                  00007094    00000054     rtsv7M4_T_le_v4SPD16_eabi.lib : _ltoa.c.obj (.text:__TI_ltoa)
                  000070e8    00000052     grlib.a : context.obj (.text:Graphics_initContext)
                  0000713a    00000052     rtsv7M4_T_le_v4SPD16_eabi.lib : _printfi.c.obj (.text:_ecpy)
                  0000718c    00000050                                   : fs_toull_t2.asm.obj (.text)
                  000071dc    0000004e     msp432p4xx_driverlib.lib : timer_a.o (.text:Timer_A_initCompare)
                  0000722a    0000004c     rtsv7M4_T_le_v4SPD16_eabi.lib : fflush.c.obj (.text:__TI_doflush)
                  00007276    00000002     --HOLE-- [fill = 0]
                  00007278    0000004c                                   : atoi.c.obj (.text:atoi)
                  000072c4    00000048     msp432p4xx_driverlib.lib : flash.o (.text:FlashCtl_setWaitState)
                  0000730c    00000048     grlib.a : string.obj (.text:Graphics_drawStringCentered)
                  00007354    00000048     rtsv7M4_T_le_v4SPD16_eabi.lib : exit.c.obj (.text:exit)
                  0000739c    00000048                                   : fd_toi_t2.asm.obj (.text)
                  000073e4    00000046     grlib.a : display.obj (.text:Graphics_drawMultiplePixelsOnDisplay)
                  0000742a    00000002     --HOLE-- [fill = 0]
                  0000742c    00000044     rtsv7M4_T_le_v4SPD16_eabi.lib : hostclose.c.obj (.text:HOSTclose)
                  00007470    00000044                                   : hostunlink.c.obj (.text:HOSTunlink)
                  000074b4    00000044                                   : autoinit.c.obj (.text:__TI_auto_init_nobinit_nopinit:__TI_auto_init_nobinit_nopinit)
                  000074f8    00000044                                   : getdevice.c.obj (.text:getdevice)
                  0000753c    00000040     msp432p4xx_driverlib.lib : gpio.o (.text:GPIO_setAsOutputPin)
                  0000757c    00000040     grlib.a : string.obj (.text:Graphics_getNumberOfLeadingZeros)
                  000075bc    00000040     msp432p4xx_driverlib.lib : spi.o (.text:is_A_Module)
                  000075fc    0000003e     rtsv7M4_T_le_v4SPD16_eabi.lib : _printfi.c.obj (.text:_fcpy)
                  0000763a    0000003e     global.obj (.text)
                  00007678    00000038     msp432p4xx_driverlib.lib : adc14.o (.text:ADC14_getEnabledInterruptStatus)
                  000076b0    00000038     rtsv7M4_T_le_v4SPD16_eabi.lib : trgmsg.c.obj (.text:__TI_writemsg)
                  000076e8    00000038                                   : fs_tod_t2.asm.obj (.text)
                  00007720    00000036     grlib.a : display.obj (.text:Graphics_drawHorizontalLineOnDisplay)
                  00007756    00000036             : display.obj (.text:Graphics_drawVerticalLineOnDisplay)
                  0000778c    00000036     rtsv7M4_T_le_v4SPD16_eabi.lib : strncpy.c.obj (.text:strncpy)
                  000077c2    00000002     --HOLE-- [fill = 0]
                  000077c4    00000034     msp432p4xx_driverlib.lib : adc14.o (.text:ADC14_enableSampleTimer)
                  000077f8    00000034                              : cs.o (.text:CS_setDCOCenteredFrequency)
                  0000782c    00000034                              : timer_a.o (.text:Timer_A_configureContinuousMode)
                  00007860    00000034     rtsv7M4_T_le_v4SPD16_eabi.lib : fopen.c.obj (.text:__TI_cleanup)
                  00007894    00000034                                   : trgmsg.c.obj (.text:__TI_readmsg)
                  000078c8    00000034                                   : boot_cortex_m.c.obj (.text:_c_int00_noargs:_c_int00_noargs)
                  000078fc    00000030     msp432p4xx_driverlib.lib : adc14.o (.text:ADC14_clearInterruptFlag)
                  0000792c    00000030                              : adc14.o (.text:ADC14_enableInterrupt)
                  0000795c    00000030                              : cs.o (.text:CS_setReferenceOscillatorFrequency)
                  0000798c    00000030     rtsv7M4_T_le_v4SPD16_eabi.lib : getdevice.c.obj (.text:finddevice)
                  000079bc    0000002e                                   : i_tofd_t2.asm.obj (.text)
                  000079ea    00000002     --HOLE-- [fill = 0]
                  000079ec    0000002c     msp432p4xx_driverlib.lib : adc14.o (.text:ADC14_getInterruptStatus)
                  00007a18    0000002c                              : adc14.o (.text:ADC14_toggleConversionTrigger)
                  00007a44    0000002c     grlib.a : display.obj (.text:Graphics_drawPixelOnDisplay)
                  00007a70    0000002c     msp432p4xx_driverlib.lib : timer_a.o (.text:Timer_A_clearCaptureCompareInterrupt)
                  00007a9c    0000002c     rtsv7M4_T_le_v4SPD16_eabi.lib : unlink.c.obj (.text:unlink)
                  00007ac8    00000028     msp432p4xx_driverlib.lib : adc14.o (.text:ADC14_enableConversion)
                  00007af0    00000028                              : adc14.o (.text:ADC14_getResult)
                  00007b18    00000028                              : gpio.o (.text:GPIO_clearInterruptFlag)
                  00007b40    00000028                              : gpio.o (.text:GPIO_enableInterrupt)
                  00007b68    00000028                              : gpio.o (.text:GPIO_setOutputHighOnPin)
                  00007b90    00000028                              : gpio.o (.text:GPIO_setOutputLowOnPin)
                  00007bb8    00000028                              : gpio.o (.text:GPIO_toggleOutputOnPin)
                  00007be0    00000028     rtsv7M4_T_le_v4SPD16_eabi.lib : memory.c.obj (.text:free_list_insert)
                  00007c08    00000028                                   : lseek.c.obj (.text:lseek)
                  00007c30    00000028                                   : write.c.obj (.text:write)
                  00007c58    00000024     msp432p4xx_driverlib.lib : gpio.o (.text:GPIO_getInterruptStatus)
                  00007c7c    00000024                              : wdt_a.o (.text:WDT_A_holdTimer)
                  00007ca0    00000020     rtsv7M4_T_le_v4SPD16_eabi.lib : memchr.c.obj (.text:memchr)
                  00007cc0    0000001e     grlib.a : display.obj (.text:Graphics_fillRectangleOnDisplay)
                  00007cde    0000001c     msp432p4xx_driverlib.lib : spi.o (.text:SPI_enableModule)
                  00007cfa    00000002     --HOLE-- [fill = 0]
                  00007cfc    0000001c     rtsv7M4_T_le_v4SPD16_eabi.lib : assert.c.obj (.text:_abort_msg)
                  00007d18    0000001c                                   : memory.c.obj (.text:free_list_remove)
                  00007d34    0000001c                                   : memccpy.c.obj (.text:memccpy)
                  00007d50    0000001a     grlib.a : display.obj (.text:Graphics_clearDisplayOnDisplay)
                  00007d6a    0000001a             : context.obj (.text:Graphics_setBackgroundColor)
                  00007d84    0000001a             : context.obj (.text:Graphics_setFont)
                  00007d9e    0000001a     rtsv7M4_T_le_v4SPD16_eabi.lib : s_copysign.c.obj (.text:copysign)
                  00007db8    00000018     msp432p4xx_driverlib.lib : uart.o (.text:UART_getInterruptStatus)
                  00007dd0    00000018     rtsv7M4_T_le_v4SPD16_eabi.lib : strcmp.c.obj (.text:strcmp)
                  00007de8    00000016     msp432p4xx_driverlib.lib : spi.o (.text:EUSCI_A_SPI_enable)
                  00007dfe    00000016                              : spi.o (.text:EUSCI_B_SPI_enable)
                  00007e14    00000016     grlib.a : context.obj (.text:Graphics_setForegroundColor)
                  00007e2a    00000016             : display.obj (.text:Graphics_translateColorOnDisplay)
                  00007e40    00000016     msp432p4xx_driverlib.lib : timer_a.o (.text:Timer_A_clearInterruptFlag)
                  00007e56    00000016                              : timer_a.o (.text:Timer_A_startCounter)
                  00007e6c    00000016     rtsv7M4_T_le_v4SPD16_eabi.lib : strchr.c.obj (.text:strchr)
                  00007e82    00000002     --HOLE-- [fill = 0]
                  00007e84    00000014     msp432p4xx_driverlib.lib : pcm.o (.text:PCM_getPowerState)
                  00007e98    00000014     rtsv7M4_T_le_v4SPD16_eabi.lib : strcpy.c.obj (.text:strcpy)
                  00007eac    00000014                                   : strlen.c.obj (.text:strlen)
                  00007ec0    00000012     grlib.a : context.obj (.text:Graphics_clearDisplay)
                  00007ed2    00000012     rtsv7M4_T_le_v4SPD16_eabi.lib : wcslen.c.obj (.text:wcslen)
                  00007ee4    00000010     msp432p4xx_driverlib.lib : adc14.o (.text:ADCIsConversionRunning)
                  00007ef4    00000010                              : interrupt.o (.text:Interrupt_disableMaster)
                  00007f04    00000010                              : interrupt.o (.text:Interrupt_disableSleepOnIsrExit)
                  00007f14    00000010                              : interrupt.o (.text:Interrupt_enableMaster)
                  00007f24    00000010                              : interrupt.o (.text:Interrupt_enableSleepOnIsrExit)
                  00007f34    00000010                              : pcm.o (.text:PCM_setCoreVoltageLevel)
                  00007f44    00000010                              : pcm.o (.text:PCM_setPowerMode)
                  00007f54    0000000e     rtsv7M4_T_le_v4SPD16_eabi.lib : copy_decompress_none.c.obj (.text:decompress:none:__TI_decompress_none)
                  00007f62    0000000e     startup_msp432p401r_ccs.obj (.text)
                  00007f70    0000000c     msp432p4xx_driverlib.lib : adc14.o (.text:ADC14_enableModule)
                  00007f7c    0000000c                              : cpu.o (.text:CPU_cpsid)
                  00007f88    0000000c                              : cpu.o (.text:CPU_cpsie)
                  00007f94    0000000c     rtsv7M4_T_le_v4SPD16_eabi.lib : copy_zero_init.c.obj (.text:decompress:ZI:__TI_zero_init)
                  00007fa0    00000008                                   : errno.c.obj (.text:__aeabi_errno_addr)
                  00007fa8    00000008                                   : memory.c.obj (.text:malloc)
                  00007fb0    00000004                                   : fprintf.c.obj (.text:_outc)
                  00007fb4    00000004                                   : printf.c.obj (.text:_outc)
                  00007fb8    00000004                                   : fprintf.c.obj (.text:_outs)
                  00007fbc    00000004                                   : printf.c.obj (.text:_outs)
                  00007fc0    00000004                                   : pre_init.c.obj (.text:_system_pre_init)
                  00007fc4    00000004                                   : exit.c.obj (.text:abort:abort)

.const     0    00007fc8    00005890     
                  00007fc8    00004000     claw.obj (.const:.string:pixel_claw8BPP_UNCOMP)
                  0000bfc8    00000800     bluetooth.obj (.const:.string:pixel_bluetooth4BPP_UNCOMP)
                  0000c7c8    00000480     thumbsup.obj (.const:.string:pixel_thumbsup4BPP_UNCOMP)
                  0000cc48    00000400     claw.obj (.const:palette_claw8BPP_UNCOMP)
                  0000d048    000002f8     grlib.a : fontfixed6x8.obj (.const:.string:g_pucFontFixed6x8Data)
                  0000d340    00000101     rtsv7M4_T_le_v4SPD16_eabi.lib : ctype.c.obj (.const:.string:_ctypes_)
                  0000d441    00000003     --HOLE-- [fill = 0]
                  0000d444    000000c8     grlib.a : fontfixed6x8.obj (.const:g_sFontFixed6x8)
                  0000d50c    00000004     --HOLE-- [fill = 0]
                  0000d510    00000098     cart.obj (.const:$P$T1$1)
                  0000d5a8    00000080     msp432p4xx_driverlib.lib : adc14.o (.const:_ctlRegs)
                  0000d628    00000048     stepper.obj (.const:$P$T21$11)
                  0000d670    00000040     bluetooth.obj (.const:palette_bluetooth4BPP_UNCOMP)
                  0000d6b0    00000040     thumbsup.obj (.const:palette_thumbsup4BPP_UNCOMP)
                  0000d6f0    00000030     msp432p4xx_driverlib.lib : gpio.o (.const:GPIO_PORT_TO_BASE)
                  0000d720    00000028     BlueLib.obj (.const:UART2Config)
                  0000d748    00000020     servo.obj (.const:$P$T0$1)
                  0000d768    00000020     Crystalfontz128x128_ST7735.obj (.const:g_sCrystalfontz128x128_funcs)
                  0000d788    0000001c     HAL_MSP_EXP432P401R_Crystalfontz128x128_ST7735.obj (.const:$P$T0$1)
                  0000d7a4    00000018     stepper.obj (.const:timerConfig)
                  0000d7bc    00000010     bluetooth.obj (.const:bluetooth4BPP_UNCOMP)
                  0000d7cc    00000010     claw.obj (.const:claw8BPP_UNCOMP)
                  0000d7dc    00000010     ControllerSetup.obj (.const:continuousModeConfig)
                  0000d7ec    00000010     thumbsup.obj (.const:thumbsup4BPP_UNCOMP)
                  0000d7fc    0000000c     claw_machine.obj (.const:$P$T4$2)
                  0000d808    0000000c     claw_machine.obj (.const:$P$T7$3)
                  0000d814    0000000c     claw_machine.obj (.const:$P$T8$4)
                  0000d820    00000008     Crystalfontz128x128_ST7735.obj (.const:$P$T0$1)
                  0000d828    00000008     msp432p4xx_driverlib.lib : interrupt.o (.const:g_pulEnRegs)
                  0000d830    00000005     stepper.obj (.const:$P$T16$7)
                  0000d835    00000005     stepper.obj (.const:$P$T17$8)
                  0000d83a    00000005     stepper.obj (.const:$P$T18$9)
                  0000d83f    00000005     stepper.obj (.const:$P$T19$10)
                  0000d844    00000005     stepper.obj (.const:$P$T6$2)
                  0000d849    00000005     stepper.obj (.const:$P$T7$3)
                  0000d84e    00000005     stepper.obj (.const:$P$T8$4)
                  0000d853    00000005     stepper.obj (.const:$P$T9$5)

.cinit     0    0000d858    000000e0     
                  0000d858    000000b9     (.cinit..data.load) [load image, compression = lzss]
                  0000d911    00000003     --HOLE-- [fill = 0]
                  0000d914    0000000c     (__TI_handler_table)
                  0000d920    00000008     (.cinit..bss.load) [load image, compression = zero_init]
                  0000d928    00000010     (__TI_cinit_table)

.init_array 
*          0    00000000    00000000     UNINITIALIZED

.binit     0    00000000    00000000     

.bss       0    20000000    000017b0     UNINITIALIZED
                  20000000    00000800     (.common:UARTA0Data)
                  20000800    00000800     (.common:UARTA2Data)
                  20001000    00000400     grlib.a : image.obj (.bss:g_pulConvertedPalette)
                  20001400    000001a8     (.common:clawMachine)
                  200015a8    00000120     rtsv7M4_T_le_v4SPD16_eabi.lib : trgmsg.c.obj (.bss:_CIOBUF_)
                  200016c8    000000a0     (.common:__TI_tmpnams)
                  20001768    0000001c     (.common:g_sContext)
                  20001784    00000008     (.common:parmbuf)
                  2000178c    00000005     stepper.obj (.bss:$P$T0$1)
                  20001791    00000005     stepper.obj (.bss:$P$T10$6)
                  20001796    00000002     (.common:Lcd_ScreenHeigth)
                  20001798    00000004     (.common:UARTA0ReadIndex)
                  2000179c    00000004     (.common:UARTA0WriteIndex)
                  200017a0    00000004     (.common:UARTA2ReadIndex)
                  200017a4    00000004     (.common:UARTA2WriteIndex)
                  200017a8    00000002     (.common:Lcd_ScreenWidth)
                  200017aa    00000002     (.common:Lcd_TouchTrim)
                  200017ac    00000001     (.common:Lcd_FlagRead)
                  200017ad    00000001     (.common:Lcd_FontSolid)
                  200017ae    00000001     (.common:Lcd_Orientation)
                  200017af    00000001     (.common:Lcd_PenSolid)

.sysmem    0    200017b0    00000400     UNINITIALIZED
                  200017b0    00000010     rtsv7M4_T_le_v4SPD16_eabi.lib : memory.c.obj (.sysmem)
                  200017c0    000003f0     --HOLE--

.data      0    20001bb0    00000271     UNINITIALIZED
                  20001bb0    000000f0     rtsv7M4_T_le_v4SPD16_eabi.lib : defs.c.obj (.data:_ftable)
                  20001ca0    00000078                                   : host_device.c.obj (.data:_device)
                  20001d18    00000050                                   : host_device.c.obj (.data:_stream)
                  20001d68    00000020     ControllerFSM.obj (.data:fsm)
                  20001d88    00000018     ControllerFSM.obj (.data:mfsm)
                  20001da0    00000018     config.obj (.data:servoTimerPWMConfig)
                  20001db8    00000010     Crystalfontz128x128_ST7735.obj (.data:g_sCrystalfontz128x128)
                  20001dc8    00000010     config.obj (.data:mainLoopTimerConfig)
                  20001dd8    00000010     rtsv7M4_T_le_v4SPD16_eabi.lib : defs.c.obj (.data)
                  20001de8    0000000c                                   : exit.c.obj (.data:$O1$$)
                  20001df4    0000000c     main.obj (.data)
                  20001e00    00000008     rtsv7M4_T_le_v4SPD16_eabi.lib : _lock.c.obj (.data:$O1$$)
                  20001e08    00000008                                   : memory.c.obj (.data:$O1$$)
                  20001e10    00000004     InterruptHandler.obj (.data:resultsBuffer)
                  20001e14    00000004     rtsv7M4_T_le_v4SPD16_eabi.lib : errno.c.obj (.data)
                  20001e18    00000004     system_msp432p401r.obj (.data)
                  20001e1c    00000003     ControllerFSM.obj (.data)
                  20001e1f    00000002     default_screens.obj (.data)

.stack     0    2000fe00    00000200     UNINITIALIZED
                  2000fe00    00000004     rtsv7M4_T_le_v4SPD16_eabi.lib : boot_cortex_m.c.obj (.stack)
                  2000fe04    000001fc     --HOLE--

__llvm_prf_cnts 
*          0    20000000    00000000     UNINITIALIZED

MODULE SUMMARY

       Module                                               code    ro data   rw data
       ------                                               ----    -------   -------
    .\
       main.obj                                             552     0         872    
       stepper.obj                                          896     136       20     
       system_msp432p401r.obj                               820     0         8      
       claw_machine.obj                                     472     36        0      
       cart.obj                                             232     152       0      
       servo.obj                                            304     32        0      
       startup_msp432p401r_ccs.obj                          14      228       0      
       config.obj                                           0       0         80     
       global.obj                                           62      0         0      
    +--+----------------------------------------------------+-------+---------+---------+
       Total:                                               3352    584       980    
                                                                                     
    .\BlueTooth\BluetoothLib\
       BlueLib.obj                                          1332    40        0      
       BitOperations.obj                                    172     0         0      
    +--+----------------------------------------------------+-------+---------+---------+
       Total:                                               1504    40        0      
                                                                                     
    .\BlueTooth\Hardware\
       UART_Driver.obj                                      888     0         8224   
    +--+----------------------------------------------------+-------+---------+---------+
       Total:                                               888     0         8224   
                                                                                     
    .\Controller\
       ControllerFSM.obj                                    1440    0         118    
       ControllerSetup.obj                                  348     16        0      
       InterruptHandler.obj                                 252     0         8      
    +--+----------------------------------------------------+-------+---------+---------+
       Total:                                               2040    16        126    
                                                                                     
    .\Graphics\
       screen_manager.obj                                   1292    0         56     
       default_screens.obj                                  840     0         4      
    +--+----------------------------------------------------+-------+---------+---------+
       Total:                                               2132    0         60     
                                                                                     
    .\Graphics\LcdDriver\
       Crystalfontz128x128_ST7735.obj                       1664    40        52     
       HAL_MSP_EXP432P401R_Crystalfontz128x128_ST7735.obj   204     28        0      
    +--+----------------------------------------------------+-------+---------+---------+
       Total:                                               1868    68        52     
                                                                                     
    .\Graphics\images\
       claw.obj                                             0       17424     0      
       bluetooth.obj                                        0       2128      0      
       thumbsup.obj                                         0       1232      0      
    +--+----------------------------------------------------+-------+---------+---------+
       Total:                                               0       20784     0      
                                                                                     
    C:/Users/betto/Desktop/driverLib/source/ti/devices/msp432p4xx/driverlib/ccs/msp432p4xx_driverlib.lib
       adc14.o                                              1196    128       0      
       pcm.o                                                848     0         0      
       gpio.o                                               792     48        0      
       timer_a.o                                            646     0         0      
       uart.o                                               408     0         0      
       cs.o                                                 404     0         0      
       spi.o                                                312     0         0      
       interrupt.o                                          192     8         0      
       flash.o                                              72      0         0      
       wdt_a.o                                              36      0         0      
       cpu.o                                                24      0         0      
    +--+----------------------------------------------------+-------+---------+---------+
       Total:                                               4930    184       0      
                                                                                     
    C:/Users/betto/Desktop/driverLib/source/ti/grlib/lib/ccs/m4/grlib.a
       image.obj                                            1020    0         2048   
       string.obj                                           1536    0         0      
       line.obj                                             1168    0         0      
       fontfixed6x8.obj                                     0       960       0      
       rectangle.obj                                        436     0         0      
       display.obj                                          300     0         0      
       context.obj                                          174     0         0      
    +--+----------------------------------------------------+-------+---------+---------+
       Total:                                               4634    960       2048   
                                                                                     
    C:\ti\ccs1240\ccs\tools\compiler\ti-cgt-arm_20.2.7.LTS\lib\rtsv7M4_T_le_v4SPD16_eabi.lib
       _printfi.c.obj                                       4851    0         0      
       defs.c.obj                                           0       0         832    
       memory.c.obj                                         672     0         16     
       trgmsg.c.obj                                         108     0         576    
       fd_add_t2.asm.obj                                    438     0         0      
       host_device.c.obj                                    0       0         400    
       fd_div_t2.asm.obj                                    310     0         0      
       fputs.c.obj                                          276     0         0      
       s_scalbn.c.obj                                       272     0         0      
       fd_cmp_t2.asm.obj                                    268     0         0      
       ctype.c.obj                                          0       257       0      
       fd_mul_t2.asm.obj                                    252     0         0      
       setvbuf.c.obj                                        220     0         0      
       fflush.c.obj                                         200     0         0      
       memcpy_t2.asm.obj                                    156     0         0      
       ull_div_t2.asm.obj                                   150     0         0      
       fputc.c.obj                                          140     0         0      
       memset_t2.asm.obj                                    122     0         0      
       fclose.c.obj                                         116     0         0      
       getdevice.c.obj                                      116     0         0      
       hostopen.c.obj                                       96      0         16     
       printf.c.obj                                         112     0         0      
       fprintf.c.obj                                        108     0         0      
       hostrename.c.obj                                     108     0         0      
       copy_decompress_lzss.c.obj                           104     0         0      
       hostlseek.c.obj                                      104     0         0      
       exit.c.obj                                           76      0         24     
       fseek.c.obj                                          100     0         0      
       s_frexp.c.obj                                        100     0         0      
       _io_perm.c.obj                                       98      0         0      
       close.c.obj                                          92      0         0      
       hostread.c.obj                                       88      0         0      
       hostwrite.c.obj                                      88      0         0      
       _ltoa.c.obj                                          84      0         0      
       fs_toull_t2.asm.obj                                  80      0         0      
       atoi.c.obj                                           76      0         0      
       fd_toi_t2.asm.obj                                    72      0         0      
       autoinit.c.obj                                       68      0         0      
       hostclose.c.obj                                      68      0         0      
       hostunlink.c.obj                                     68      0         0      
       fs_tod_t2.asm.obj                                    56      0         0      
       strncpy.c.obj                                        54      0         0      
       boot_cortex_m.c.obj                                  52      0         0      
       fopen.c.obj                                          52      0         0      
       i_tofd_t2.asm.obj                                    46      0         0      
       unlink.c.obj                                         44      0         0      
       lseek.c.obj                                          40      0         0      
       write.c.obj                                          40      0         0      
       memchr.c.obj                                         32      0         0      
       assert.c.obj                                         28      0         0      
       memccpy.c.obj                                        28      0         0      
       s_copysign.c.obj                                     26      0         0      
       strcmp.c.obj                                         24      0         0      
       strchr.c.obj                                         22      0         0      
       strcpy.c.obj                                         20      0         0      
       strlen.c.obj                                         20      0         0      
       _lock.c.obj                                          2       0         16     
       wcslen.c.obj                                         18      0         0      
       errno.c.obj                                          8       0         8      
       copy_decompress_none.c.obj                           14      0         0      
       copy_zero_init.c.obj                                 12      0         0      
       pre_init.c.obj                                       4       0         0      
       div0.asm.obj                                         2       0         0      
    +--+----------------------------------------------------+-------+---------+---------+
       Total:                                               11101   257       1888   
                                                                                     
       Heap:                                                0       0         2048   
       Stack:                                               0       0         1024   
       Linker Generated:                                    0       221       0      
    +--+----------------------------------------------------+-------+---------+---------+
       Grand Total:                                         32449   23114     16450  


LINKER GENERATED COPY TABLES

__TI_cinit_table @ 0000d928 records: 2, size/record: 8, table size: 16
	.data: load addr=0000d858, load size=000000b9 bytes, run addr=20001bb0, run size=00000271 bytes, compression=lzss
	.bss: load addr=0000d920, load size=00000008 bytes, run addr=20000000, run size=000017b0 bytes, compression=zero_init


LINKER GENERATED HANDLER TABLE

__TI_handler_table @ 0000d914 records: 3, size/record: 4, table size: 12
	index: 0, handler: __TI_decompress_lzss
	index: 1, handler: __TI_decompress_none
	index: 2, handler: __TI_zero_init


GLOBAL SYMBOLS: SORTED ALPHABETICALLY BY Name 

address   name                                       
-------   ----                                       
000055b5  ADC14_IRQHandler                           
000055b5  ADC14_IRQHandler                           
000078fd  ADC14_clearInterruptFlag                   
00005c1d  ADC14_configureConversionMemory            
00005cd1  ADC14_configureMultiSequenceMode           
00007ac9  ADC14_enableConversion                     
0000792d  ADC14_enableInterrupt                      
00007f71  ADC14_enableModule                         
000077c5  ADC14_enableSampleTimer                    
00007679  ADC14_getEnabledInterruptStatus            
000079ed  ADC14_getInterruptStatus                   
00007af1  ADC14_getResult                            
00007041  ADC14_initModule                           
00007a19  ADC14_toggleConversionTrigger              
00007f6f  AES256_IRQHandler                          
0000177f  BlueToothHardwareInit                      
00007f6f  BusFault_Handler                           
00007fc5  C$$EXIT                                    
000076df  C$$IO$$                                    
00007f6f  COMP_E0_IRQHandler                         
00007f6f  COMP_E1_IRQHandler                         
00007f7d  CPU_cpsid                                  
00007f89  CPU_cpsie                                  
00007f6f  CS_IRQHandler                              
00004bd5  CS_initClockSignal                         
000077f9  CS_setDCOCenteredFrequency                 
0000795d  CS_setReferenceOscillatorFrequency         
000058a9  Cart_INIT                                  
00005941  Cart_goTo                                  
000058e9  Cart_setSpeed_Percentage                   
0000590d  Cart_tryMove                               
00003bb1  Claw_INIT                                  
00003cfb  Claw_getCurrentPosition                    
00003cdd  Claw_setGripperSpeed                       
00003c69  Claw_setManualMode                         
00003c0f  Claw_setTargetMode                         
00003c89  Claw_setXSpeed                             
00003ca3  Claw_setYSpeed                             
00003cbf  Claw_setZSpeed                             
00003d1d  Claw_tryMove                               
00001b89  CloseGripper                               
00001337  Controller                                 
00000b35  Crystalfontz128x128_Init                   
00000c49  Crystalfontz128x128_SetDrawFrame           
00000d77  Crystalfontz128x128_SetOrientation         
00007f6f  DMA_ERR_IRQHandler                         
00007f6f  DMA_INT0_IRQHandler                        
00007f6f  DMA_INT1_IRQHandler                        
00007f6f  DMA_INT2_IRQHandler                        
00007f6f  DMA_INT3_IRQHandler                        
00007f6f  DebugMon_Handler                           
00007f6f  Default_Handler                            
00002f6d  EUSCIA0_IRQHandler                         
00002f6d  EUSCIA0_IRQHandler                         
00007f6f  EUSCIA1_IRQHandler                         
00002ff1  EUSCIA2_IRQHandler                         
00002ff1  EUSCIA2_IRQHandler                         
00007f6f  EUSCIA3_IRQHandler                         
00007f6f  EUSCIB0_IRQHandler                         
00007f6f  EUSCIB1_IRQHandler                         
00007f6f  EUSCIB2_IRQHandler                         
00007f6f  EUSCIB3_IRQHandler                         
00007de9  EUSCI_A_SPI_enable                         
00007dff  EUSCI_B_SPI_enable                         
00007f6f  FLCTL_IRQHandler                           
00007f6f  FPU_IRQHandler                             
000072c5  FlashCtl_setWaitState                      
00007b19  GPIO_clearInterruptFlag                    
00007b41  GPIO_enableInterrupt                       
00006549  GPIO_getEnabledInterruptStatus             
00007c59  GPIO_getInterruptStatus                    
00006ee1  GPIO_setAsInputPinWithPullUpResistor       
0000753d  GPIO_setAsOutputPin                        
0000632d  GPIO_setAsPeripheralModuleFunctionInputPin 
000063b5  GPIO_setAsPeripheralModuleFunctionOutputPin
00007b69  GPIO_setOutputHighOnPin                    
00007b91  GPIO_setOutputLowOnPin                     
0000763b  GPIO_setOutputOnPin                        
00007bb9  GPIO_toggleOutputOnPin                     
00001bdd  GoToTarget                                 
00007ec1  Graphics_clearDisplay                      
00007d51  Graphics_clearDisplayOnDisplay             
00007721  Graphics_drawHorizontalLineOnDisplay       
00002613  Graphics_drawImage                         
0000428f  Graphics_drawLine                          
00006037  Graphics_drawLineH                         
000060d3  Graphics_drawLineV                         
000073e5  Graphics_drawMultiplePixelsOnDisplay       
00007a45  Graphics_drawPixelOnDisplay                
00005f95  Graphics_drawRectangle                     
00002195  Graphics_drawString                        
0000730d  Graphics_drawStringCentered                
00007757  Graphics_drawVerticalLineOnDisplay         
00005189  Graphics_fillRectangle                     
00007cc1  Graphics_fillRectangleOnDisplay            
000057ad  Graphics_getStringWidth                    
000070e9  Graphics_initContext                       
00007d6b  Graphics_setBackgroundColor                
00007d85  Graphics_setFont                           
00007e15  Graphics_setForegroundColor                
00007e2b  Graphics_translateColorOnDisplay           
00005b51  HAL_LCD_PortInit                           
00005b81  HAL_LCD_SpiInit                            
00005bb7  HAL_LCD_writeCommand                       
00005be7  HAL_LCD_writeData                          
0000742d  HOSTclose                                  
00006971  HOSTlseek                                  
00006d69  HOSTopen                                   
00006f39  HOSTread                                   
00006905  HOSTrename                                 
00007471  HOSTunlink                                 
00006f91  HOSTwrite                                  
00007f6f  HardFault_Handler                          
000014e1  HorizontalMovement_setMessage              
000017cf  InterpretCommand                           
00007ef5  Interrupt_disableMaster                    
00007f05  Interrupt_disableSleepOnIsrExit            
000065cd  Interrupt_enableInterrupt                  
00007f15  Interrupt_enableMaster                     
00007f25  Interrupt_enableSleepOnIsrExit             
200017ac  Lcd_FlagRead                               
200017ad  Lcd_FontSolid                              
200017ae  Lcd_Orientation                            
200017af  Lcd_PenSolid                               
20001796  Lcd_ScreenHeigth                           
200017a8  Lcd_ScreenWidth                            
200017aa  Lcd_TouchTrim                              
00007f6f  MemManage_Handler                          
00007f6f  NMI_Handler                                
00001b01  OpenGripper                                
00007f6f  PCM_IRQHandler                             
00006dc9  PCM_getCoreVoltageLevel                    
00006e85  PCM_getPowerMode                           
00007e85  PCM_getPowerState                          
00007f35  PCM_setCoreVoltageLevel                    
00007f45  PCM_setPowerMode                           
00007f6f  PORT1_IRQHandler                           
00007f6f  PORT2_IRQHandler                           
0000563b  PORT3_IRQHandler                           
0000563b  PORT3_IRQHandler                           
00005615  PORT4_IRQHandler                           
00005615  PORT4_IRQHandler                           
000055ef  PORT5_IRQHandler                           
000055ef  PORT5_IRQHandler                           
00007f6f  PORT6_IRQHandler                           
00007f6f  PSS_IRQHandler                             
00007f6f  PendSV_Handler                             
20001e20  RELOAD_MENU                                
00007f6f  RTC_C_IRQHandler                           
00001755  ReadFromBlueTooth                          
00007f63  Reset_Handler                              
20001e1f  SELECTION                                  
00007cdf  SPI_enableModule                           
00005e37  SPI_initMaster                             
00007f6f  SVC_Handler                                
00001c29  SaveTarget                                 
00001765  SendToBlueTooth                            
00004d05  Servo_INIT                                 
00004d4d  Servo_setSpeed                             
00004dbf  Servo_tryMove                              
00005ee9  SetNbitToOne                               
000017a9  Settings                                   
00002aa9  Stepper_INIT                               
00002b6b  Stepper_setSpeed_Percentage                
00002b0f  Stepper_setSpeed_RPM                       
00002be1  Stepper_shouldMoveAfterIncrement           
00002c45  Stepper_tryMove                            
00007f6f  SysTick_Handler                            
20001e18  SystemCoreClock                            
000033e5  SystemCoreClockUpdate                      
0000365d  SystemInit                                 
00007f6f  T32_INT1_IRQHandler                        
00007f6f  T32_INT2_IRQHandler                        
00007f6f  T32_INTC_IRQHandler                        
00007f6f  TA0_0_IRQHandler                           
00003b7f  TA0_N_IRQHandler                           
00003b7f  TA0_N_IRQHandler                           
00003b6d  TA1_0_IRQHandler                           
00003b6d  TA1_0_IRQHandler                           
00005661  TA1_N_IRQHandler                           
00005661  TA1_N_IRQHandler                           
00007f6f  TA2_0_IRQHandler                           
00007f6f  TA2_N_IRQHandler                           
00007f6f  TA3_0_IRQHandler                           
00007f6f  TA3_N_IRQHandler                           
00007a71  Timer_A_clearCaptureCompareInterrupt       
00007e41  Timer_A_clearInterruptFlag                 
0000782d  Timer_A_configureContinuousMode            
000069d9  Timer_A_configureUpMode                    
000071dd  Timer_A_initCompare                        
00007e57  Timer_A_startCounter                       
0000d720  UART2Config                                
20000000  UARTA0Data                                 
20001798  UARTA0ReadIndex                            
2000179c  UARTA0WriteIndex                           
20000800  UARTA2Data                                 
200017a0  UARTA2ReadIndex                            
200017a4  UARTA2WriteIndex                           
00002f01  UART_Available                             
00002f39  UART_Flush                                 
00002d25  UART_Init                                  
00002e09  UART_Read                                  
00002dcd  UART_Write                                 
00006b75  UART_getEnabledInterruptStatus             
00007db9  UART_getInterruptStatus                    
00004f59  UART_initModule                            
00007f6f  UsageFault_Handler                         
00001379  VerticalMovement_setMessage                
4000480c  WDTCTL_SYM                                 
00007f6f  WDT_A_IRQHandler                           
00007c7d  WDT_A_holdTimer                            
200015a8  __CIOBUF_                                  
20010000  __STACK_END                                
00000200  __STACK_SIZE                               
00000400  __SYSMEM_SIZE                              
0000d928  __TI_CINIT_Base                            
0000d938  __TI_CINIT_Limit                           
0000d914  __TI_Handler_Table_Base                    
0000d920  __TI_Handler_Table_Limit                   
000074b5  __TI_auto_init_nobinit_nopinit             
00007861  __TI_cleanup                               
20001de8  __TI_cleanup_ptr                           
00006745  __TI_closefile                             
00006a41  __TI_decompress_lzss                       
00007f55  __TI_decompress_none                       
0000722b  __TI_doflush                               
20001dec  __TI_dtors_ptr                             
20001df0  __TI_enable_exit_profile_output            
20001dd8  __TI_ft_end                                
00007095  __TI_ltoa                                  
ffffffff  __TI_pprof_out_hndl                        
000000e5  __TI_printfi                               
ffffffff  __TI_prof_data_size                        
ffffffff  __TI_prof_data_start                       
00007895  __TI_readmsg                               
00000000  __TI_static_base__                         
200016c8  __TI_tmpnams                               
000076b1  __TI_writemsg                              
00006d05  __TI_wrt_ok                                
00007f95  __TI_zero_init                             
0000643d  __aeabi_cdcmpeq                            
0000643d  __aeabi_cdcmple                            
000064c3  __aeabi_cdrcmple                           
0000739d  __aeabi_d2iz                               
00003f63  __aeabi_dadd                               
00004a9d  __aeabi_ddiv                               
000056b1  __aeabi_dmul                               
00003f59  __aeabi_dsub                               
00007fa1  __aeabi_errno_addr                         
000076e9  __aeabi_f2d                                
0000718d  __aeabi_f2ulz                              
000079bd  __aeabi_i2d                                
000029a3  __aeabi_idiv0                              
000029a3  __aeabi_ldiv0                              
000066c9  __aeabi_memclr                             
000066c9  __aeabi_memclr4                            
000066c9  __aeabi_memclr8                            
0000616f  __aeabi_memcpy                             
0000616f  __aeabi_memcpy4                            
0000616f  __aeabi_memcpy8                            
000066cb  __aeabi_memset                             
000066cb  __aeabi_memset4                            
000066cb  __aeabi_memset8                            
20001de4  __aeabi_stderr                             
20001ddc  __aeabi_stdin                              
20001de0  __aeabi_stdout                             
0000620b  __aeabi_uldivmod                           
ffffffff  __binit__                                  
ffffffff  __c_args__                                 
UNDEFED   __mpu_init                                 
2000fe00  __stack                                    
20000000  __start___llvm_prf_cnts                    
20000000  __stop___llvm_prf_cnts                     
00007cfd  _abort_msg                                 
000078c9  _c_int00_noargs                            
0000d340  _ctypes_                                   
20001ca0  _device                                    
20001bb0  _ftable                                    
00001cc1  _graphicsInit                              
20001e00  _lock                                      
00000b33  _nop                                       
0000309d  _screenInit                                
000029a5  _step                                      
20001d18  _stream                                    
200017b0  _sys_memory                                
UNDEFED   _system_post_cinit                         
00007fc1  _system_pre_init                           
20001e04  _unlock                                    
00007fc5  abort                                      
000054b5  aligned_alloc                              
00007279  atoi                                       
ffffffff  binit                                      
00001d93  blackenArea                                
0000d7bc  bluetooth4BPP_UNCOMP                       
0000463d  buttonInit                                 
00001c89  clampX                                     
00001ca5  clampY                                     
0000d7cc  claw8BPP_UNCOMP                            
20001400  clawMachine                                
00001d89  cleanScreen                                
00006e29  close                                      
000039ed  configureMainLoopTimer_ContinuoiusMode     
000039cf  configureMotorsTimer_UpMode                
0000d7dc  continuousModeConfig                       
00007d9f  copysign                                   
00007d9f  copysignl                                  
20001dfc  counter                                    
20001e1c  current_mode                               
20001e1d  current_movement                           
20001df4  direction                                  
20001df8  direction_b                                
00001eb1  drawImage                                  
00002129  drawLine                                   
00005f67  encodeTarget                               
00005f43  encodeVelocity                             
20001e14  errno                                      
20001e1e  event                                      
00007355  exit                                       
0000664d  fflush                                     
0000798d  finddevice                                 
0000121f  fn_AUTOMATIC_MODE                          
000012bf  fn_HORIZONTAL_MODE                         
000011b5  fn_INIT_MODE                               
000011d9  fn_MANUAL_MODE                             
0000127d  fn_SCREEN_MODE                             
00001243  fn_SELECT_MODE                             
000012fb  fn_VERTICAL_MODE                           
00006bd9  fprintf                                    
000062a1  fputc                                      
00005075  fputs                                      
00005991  free                                       
00006c3d  frexp                                      
00006c3d  frexpl                                     
00006ca1  fseek                                      
20001d68  fsm                                        
20001768  g_sContext                                 
20001db8  g_sCrystalfontz128x128                     
0000d768  g_sCrystalfontz128x128_funcs               
0000d444  g_sFontFixed6x8                            
000074f9  getdevice                                  
00004565  hwInit                                     
00003a1f  init                                       
0000195d  interpretAutomatic                         
0000180f  interpretManual                            
00000000  interruptVectors                           
000045d3  joystickInit                               
0000529d  ldexp                                      
0000529d  ldexpl                                     
00004683  ledInit                                    
00007c09  lseek                                      
00003989  main                                       
20001dc8  mainLoopTimerConfig                        
00007fa9  malloc                                     
00005f05  mapTo15                                    
000054b5  memalign                                   
00007d35  memccpy                                    
00007ca1  memchr                                     
0000616f  memcpy                                     
000066d1  memset                                     
20001d88  mfsm                                       
00001abb  moveGripperDown                            
00001a83  moveGripperUp                              
000019cd  moveXBackwards                             
0000198d  moveXForward                               
00001a3d  moveYBackwards                             
00001a05  moveYForward                               
20001784  parmbuf                                    
00006aa9  printf                                     
000062a1  putc                                       
00007a9d  remove                                     
20001e10  resultsBuffer                              
0000529d  scalbn                                     
0000529d  scalbnl                                    
000030a5  screenBluetoothPairing                     
00003219  screenIntroduction                         
00003141  screenMenuPosition                         
00003115  screenMoveDown                             
000030e9  screenMoveUp                               
0000327b  screenSavingPosition                       
20001da0  servoTimerPWMConfig                        
00005a75  setvbuf                                    
00002a27  step                                       
00007e6d  strchr                                     
00007dd1  strcmp                                     
00007e99  strcpy                                     
00007ead  strlen                                     
0000778d  strncpy                                    
0000d7ec  thumbsup4BPP_UNCOMP                        
0000d7a4  timerConfig                                
000045b9  timerInit                                  
00007a9d  unlink                                     
00007ed3  wcslen                                     
00007c31  write                                      
00001e2f  writeToScreen                              


GLOBAL SYMBOLS: SORTED BY Symbol Address 

address   name                                       
-------   ----                                       
00000000  __TI_static_base__                         
00000000  interruptVectors                           
000000e5  __TI_printfi                               
00000200  __STACK_SIZE                               
00000400  __SYSMEM_SIZE                              
00000b33  _nop                                       
00000b35  Crystalfontz128x128_Init                   
00000c49  Crystalfontz128x128_SetDrawFrame           
00000d77  Crystalfontz128x128_SetOrientation         
000011b5  fn_INIT_MODE                               
000011d9  fn_MANUAL_MODE                             
0000121f  fn_AUTOMATIC_MODE                          
00001243  fn_SELECT_MODE                             
0000127d  fn_SCREEN_MODE                             
000012bf  fn_HORIZONTAL_MODE                         
000012fb  fn_VERTICAL_MODE                           
00001337  Controller                                 
00001379  VerticalMovement_setMessage                
000014e1  HorizontalMovement_setMessage              
00001755  ReadFromBlueTooth                          
00001765  SendToBlueTooth                            
0000177f  BlueToothHardwareInit                      
000017a9  Settings                                   
000017cf  InterpretCommand                           
0000180f  interpretManual                            
0000195d  interpretAutomatic                         
0000198d  moveXForward                               
000019cd  moveXBackwards                             
00001a05  moveYForward                               
00001a3d  moveYBackwards                             
00001a83  moveGripperUp                              
00001abb  moveGripperDown                            
00001b01  OpenGripper                                
00001b89  CloseGripper                               
00001bdd  GoToTarget                                 
00001c29  SaveTarget                                 
00001c89  clampX                                     
00001ca5  clampY                                     
00001cc1  _graphicsInit                              
00001d89  cleanScreen                                
00001d93  blackenArea                                
00001e2f  writeToScreen                              
00001eb1  drawImage                                  
00002129  drawLine                                   
00002195  Graphics_drawString                        
00002613  Graphics_drawImage                         
000029a3  __aeabi_idiv0                              
000029a3  __aeabi_ldiv0                              
000029a5  _step                                      
00002a27  step                                       
00002aa9  Stepper_INIT                               
00002b0f  Stepper_setSpeed_RPM                       
00002b6b  Stepper_setSpeed_Percentage                
00002be1  Stepper_shouldMoveAfterIncrement           
00002c45  Stepper_tryMove                            
00002d25  UART_Init                                  
00002dcd  UART_Write                                 
00002e09  UART_Read                                  
00002f01  UART_Available                             
00002f39  UART_Flush                                 
00002f6d  EUSCIA0_IRQHandler                         
00002f6d  EUSCIA0_IRQHandler                         
00002ff1  EUSCIA2_IRQHandler                         
00002ff1  EUSCIA2_IRQHandler                         
0000309d  _screenInit                                
000030a5  screenBluetoothPairing                     
000030e9  screenMoveUp                               
00003115  screenMoveDown                             
00003141  screenMenuPosition                         
00003219  screenIntroduction                         
0000327b  screenSavingPosition                       
000033e5  SystemCoreClockUpdate                      
0000365d  SystemInit                                 
00003989  main                                       
000039cf  configureMotorsTimer_UpMode                
000039ed  configureMainLoopTimer_ContinuoiusMode     
00003a1f  init                                       
00003b6d  TA1_0_IRQHandler                           
00003b6d  TA1_0_IRQHandler                           
00003b7f  TA0_N_IRQHandler                           
00003b7f  TA0_N_IRQHandler                           
00003bb1  Claw_INIT                                  
00003c0f  Claw_setTargetMode                         
00003c69  Claw_setManualMode                         
00003c89  Claw_setXSpeed                             
00003ca3  Claw_setYSpeed                             
00003cbf  Claw_setZSpeed                             
00003cdd  Claw_setGripperSpeed                       
00003cfb  Claw_getCurrentPosition                    
00003d1d  Claw_tryMove                               
00003f59  __aeabi_dsub                               
00003f63  __aeabi_dadd                               
0000428f  Graphics_drawLine                          
00004565  hwInit                                     
000045b9  timerInit                                  
000045d3  joystickInit                               
0000463d  buttonInit                                 
00004683  ledInit                                    
00004a9d  __aeabi_ddiv                               
00004bd5  CS_initClockSignal                         
00004d05  Servo_INIT                                 
00004d4d  Servo_setSpeed                             
00004dbf  Servo_tryMove                              
00004f59  UART_initModule                            
00005075  fputs                                      
00005189  Graphics_fillRectangle                     
0000529d  ldexp                                      
0000529d  ldexpl                                     
0000529d  scalbn                                     
0000529d  scalbnl                                    
000054b5  aligned_alloc                              
000054b5  memalign                                   
000055b5  ADC14_IRQHandler                           
000055b5  ADC14_IRQHandler                           
000055ef  PORT5_IRQHandler                           
000055ef  PORT5_IRQHandler                           
00005615  PORT4_IRQHandler                           
00005615  PORT4_IRQHandler                           
0000563b  PORT3_IRQHandler                           
0000563b  PORT3_IRQHandler                           
00005661  TA1_N_IRQHandler                           
00005661  TA1_N_IRQHandler                           
000056b1  __aeabi_dmul                               
000057ad  Graphics_getStringWidth                    
000058a9  Cart_INIT                                  
000058e9  Cart_setSpeed_Percentage                   
0000590d  Cart_tryMove                               
00005941  Cart_goTo                                  
00005991  free                                       
00005a75  setvbuf                                    
00005b51  HAL_LCD_PortInit                           
00005b81  HAL_LCD_SpiInit                            
00005bb7  HAL_LCD_writeCommand                       
00005be7  HAL_LCD_writeData                          
00005c1d  ADC14_configureConversionMemory            
00005cd1  ADC14_configureMultiSequenceMode           
00005e37  SPI_initMaster                             
00005ee9  SetNbitToOne                               
00005f05  mapTo15                                    
00005f43  encodeVelocity                             
00005f67  encodeTarget                               
00005f95  Graphics_drawRectangle                     
00006037  Graphics_drawLineH                         
000060d3  Graphics_drawLineV                         
0000616f  __aeabi_memcpy                             
0000616f  __aeabi_memcpy4                            
0000616f  __aeabi_memcpy8                            
0000616f  memcpy                                     
0000620b  __aeabi_uldivmod                           
000062a1  fputc                                      
000062a1  putc                                       
0000632d  GPIO_setAsPeripheralModuleFunctionInputPin 
000063b5  GPIO_setAsPeripheralModuleFunctionOutputPin
0000643d  __aeabi_cdcmpeq                            
0000643d  __aeabi_cdcmple                            
000064c3  __aeabi_cdrcmple                           
00006549  GPIO_getEnabledInterruptStatus             
000065cd  Interrupt_enableInterrupt                  
0000664d  fflush                                     
000066c9  __aeabi_memclr                             
000066c9  __aeabi_memclr4                            
000066c9  __aeabi_memclr8                            
000066cb  __aeabi_memset                             
000066cb  __aeabi_memset4                            
000066cb  __aeabi_memset8                            
000066d1  memset                                     
00006745  __TI_closefile                             
00006905  HOSTrename                                 
00006971  HOSTlseek                                  
000069d9  Timer_A_configureUpMode                    
00006a41  __TI_decompress_lzss                       
00006aa9  printf                                     
00006b75  UART_getEnabledInterruptStatus             
00006bd9  fprintf                                    
00006c3d  frexp                                      
00006c3d  frexpl                                     
00006ca1  fseek                                      
00006d05  __TI_wrt_ok                                
00006d69  HOSTopen                                   
00006dc9  PCM_getCoreVoltageLevel                    
00006e29  close                                      
00006e85  PCM_getPowerMode                           
00006ee1  GPIO_setAsInputPinWithPullUpResistor       
00006f39  HOSTread                                   
00006f91  HOSTwrite                                  
00007041  ADC14_initModule                           
00007095  __TI_ltoa                                  
000070e9  Graphics_initContext                       
0000718d  __aeabi_f2ulz                              
000071dd  Timer_A_initCompare                        
0000722b  __TI_doflush                               
00007279  atoi                                       
000072c5  FlashCtl_setWaitState                      
0000730d  Graphics_drawStringCentered                
00007355  exit                                       
0000739d  __aeabi_d2iz                               
000073e5  Graphics_drawMultiplePixelsOnDisplay       
0000742d  HOSTclose                                  
00007471  HOSTunlink                                 
000074b5  __TI_auto_init_nobinit_nopinit             
000074f9  getdevice                                  
0000753d  GPIO_setAsOutputPin                        
0000763b  GPIO_setOutputOnPin                        
00007679  ADC14_getEnabledInterruptStatus            
000076b1  __TI_writemsg                              
000076df  C$$IO$$                                    
000076e9  __aeabi_f2d                                
00007721  Graphics_drawHorizontalLineOnDisplay       
00007757  Graphics_drawVerticalLineOnDisplay         
0000778d  strncpy                                    
000077c5  ADC14_enableSampleTimer                    
000077f9  CS_setDCOCenteredFrequency                 
0000782d  Timer_A_configureContinuousMode            
00007861  __TI_cleanup                               
00007895  __TI_readmsg                               
000078c9  _c_int00_noargs                            
000078fd  ADC14_clearInterruptFlag                   
0000792d  ADC14_enableInterrupt                      
0000795d  CS_setReferenceOscillatorFrequency         
0000798d  finddevice                                 
000079bd  __aeabi_i2d                                
000079ed  ADC14_getInterruptStatus                   
00007a19  ADC14_toggleConversionTrigger              
00007a45  Graphics_drawPixelOnDisplay                
00007a71  Timer_A_clearCaptureCompareInterrupt       
00007a9d  remove                                     
00007a9d  unlink                                     
00007ac9  ADC14_enableConversion                     
00007af1  ADC14_getResult                            
00007b19  GPIO_clearInterruptFlag                    
00007b41  GPIO_enableInterrupt                       
00007b69  GPIO_setOutputHighOnPin                    
00007b91  GPIO_setOutputLowOnPin                     
00007bb9  GPIO_toggleOutputOnPin                     
00007c09  lseek                                      
00007c31  write                                      
00007c59  GPIO_getInterruptStatus                    
00007c7d  WDT_A_holdTimer                            
00007ca1  memchr                                     
00007cc1  Graphics_fillRectangleOnDisplay            
00007cdf  SPI_enableModule                           
00007cfd  _abort_msg                                 
00007d35  memccpy                                    
00007d51  Graphics_clearDisplayOnDisplay             
00007d6b  Graphics_setBackgroundColor                
00007d85  Graphics_setFont                           
00007d9f  copysign                                   
00007d9f  copysignl                                  
00007db9  UART_getInterruptStatus                    
00007dd1  strcmp                                     
00007de9  EUSCI_A_SPI_enable                         
00007dff  EUSCI_B_SPI_enable                         
00007e15  Graphics_setForegroundColor                
00007e2b  Graphics_translateColorOnDisplay           
00007e41  Timer_A_clearInterruptFlag                 
00007e57  Timer_A_startCounter                       
00007e6d  strchr                                     
00007e85  PCM_getPowerState                          
00007e99  strcpy                                     
00007ead  strlen                                     
00007ec1  Graphics_clearDisplay                      
00007ed3  wcslen                                     
00007ef5  Interrupt_disableMaster                    
00007f05  Interrupt_disableSleepOnIsrExit            
00007f15  Interrupt_enableMaster                     
00007f25  Interrupt_enableSleepOnIsrExit             
00007f35  PCM_setCoreVoltageLevel                    
00007f45  PCM_setPowerMode                           
00007f55  __TI_decompress_none                       
00007f63  Reset_Handler                              
00007f6f  AES256_IRQHandler                          
00007f6f  BusFault_Handler                           
00007f6f  COMP_E0_IRQHandler                         
00007f6f  COMP_E1_IRQHandler                         
00007f6f  CS_IRQHandler                              
00007f6f  DMA_ERR_IRQHandler                         
00007f6f  DMA_INT0_IRQHandler                        
00007f6f  DMA_INT1_IRQHandler                        
00007f6f  DMA_INT2_IRQHandler                        
00007f6f  DMA_INT3_IRQHandler                        
00007f6f  DebugMon_Handler                           
00007f6f  Default_Handler                            
00007f6f  EUSCIA1_IRQHandler                         
00007f6f  EUSCIA3_IRQHandler                         
00007f6f  EUSCIB0_IRQHandler                         
00007f6f  EUSCIB1_IRQHandler                         
00007f6f  EUSCIB2_IRQHandler                         
00007f6f  EUSCIB3_IRQHandler                         
00007f6f  FLCTL_IRQHandler                           
00007f6f  FPU_IRQHandler                             
00007f6f  HardFault_Handler                          
00007f6f  MemManage_Handler                          
00007f6f  NMI_Handler                                
00007f6f  PCM_IRQHandler                             
00007f6f  PORT1_IRQHandler                           
00007f6f  PORT2_IRQHandler                           
00007f6f  PORT6_IRQHandler                           
00007f6f  PSS_IRQHandler                             
00007f6f  PendSV_Handler                             
00007f6f  RTC_C_IRQHandler                           
00007f6f  SVC_Handler                                
00007f6f  SysTick_Handler                            
00007f6f  T32_INT1_IRQHandler                        
00007f6f  T32_INT2_IRQHandler                        
00007f6f  T32_INTC_IRQHandler                        
00007f6f  TA0_0_IRQHandler                           
00007f6f  TA2_0_IRQHandler                           
00007f6f  TA2_N_IRQHandler                           
00007f6f  TA3_0_IRQHandler                           
00007f6f  TA3_N_IRQHandler                           
00007f6f  UsageFault_Handler                         
00007f6f  WDT_A_IRQHandler                           
00007f71  ADC14_enableModule                         
00007f7d  CPU_cpsid                                  
00007f89  CPU_cpsie                                  
00007f95  __TI_zero_init                             
00007fa1  __aeabi_errno_addr                         
00007fa9  malloc                                     
00007fc1  _system_pre_init                           
00007fc5  C$$EXIT                                    
00007fc5  abort                                      
0000d340  _ctypes_                                   
0000d444  g_sFontFixed6x8                            
0000d720  UART2Config                                
0000d768  g_sCrystalfontz128x128_funcs               
0000d7a4  timerConfig                                
0000d7bc  bluetooth4BPP_UNCOMP                       
0000d7cc  claw8BPP_UNCOMP                            
0000d7dc  continuousModeConfig                       
0000d7ec  thumbsup4BPP_UNCOMP                        
0000d914  __TI_Handler_Table_Base                    
0000d920  __TI_Handler_Table_Limit                   
0000d928  __TI_CINIT_Base                            
0000d938  __TI_CINIT_Limit                           
20000000  UARTA0Data                                 
20000000  __start___llvm_prf_cnts                    
20000000  __stop___llvm_prf_cnts                     
20000800  UARTA2Data                                 
20001400  clawMachine                                
200015a8  __CIOBUF_                                  
200016c8  __TI_tmpnams                               
20001768  g_sContext                                 
20001784  parmbuf                                    
20001796  Lcd_ScreenHeigth                           
20001798  UARTA0ReadIndex                            
2000179c  UARTA0WriteIndex                           
200017a0  UARTA2ReadIndex                            
200017a4  UARTA2WriteIndex                           
200017a8  Lcd_ScreenWidth                            
200017aa  Lcd_TouchTrim                              
200017ac  Lcd_FlagRead                               
200017ad  Lcd_FontSolid                              
200017ae  Lcd_Orientation                            
200017af  Lcd_PenSolid                               
200017b0  _sys_memory                                
20001bb0  _ftable                                    
20001ca0  _device                                    
20001d18  _stream                                    
20001d68  fsm                                        
20001d88  mfsm                                       
20001da0  servoTimerPWMConfig                        
20001db8  g_sCrystalfontz128x128                     
20001dc8  mainLoopTimerConfig                        
20001dd8  __TI_ft_end                                
20001ddc  __aeabi_stdin                              
20001de0  __aeabi_stdout                             
20001de4  __aeabi_stderr                             
20001de8  __TI_cleanup_ptr                           
20001dec  __TI_dtors_ptr                             
20001df0  __TI_enable_exit_profile_output            
20001df4  direction                                  
20001df8  direction_b                                
20001dfc  counter                                    
20001e00  _lock                                      
20001e04  _unlock                                    
20001e10  resultsBuffer                              
20001e14  errno                                      
20001e18  SystemCoreClock                            
20001e1c  current_mode                               
20001e1d  current_movement                           
20001e1e  event                                      
20001e1f  SELECTION                                  
20001e20  RELOAD_MENU                                
2000fe00  __stack                                    
20010000  __STACK_END                                
4000480c  WDTCTL_SYM                                 
ffffffff  __TI_pprof_out_hndl                        
ffffffff  __TI_prof_data_size                        
ffffffff  __TI_prof_data_start                       
ffffffff  __binit__                                  
ffffffff  __c_args__                                 
ffffffff  binit                                      
UNDEFED   __mpu_init                                 
UNDEFED   _system_post_cinit                         

[394 symbols]
