******************************************************************************
                  TI ARM Linker PC v20.2.7                     
******************************************************************************
>> Linked Fri Feb  2 17:25:30 2024

OUTPUT FILE NAME:   <ClawMachine_MotorDriver.out>
ENTRY POINT SYMBOL: "_c_int00_noargs"  address: 0000765d


MEMORY CONFIGURATION

         name            origin    length      used     unused   attr    fill
----------------------  --------  ---------  --------  --------  ----  --------
  MAIN                  00000000   00040000  0000d6ac  00032954  R  X
  INFO                  00200000   00004000  00000000  00004000  R  X
  SRAM_CODE             01000000   00010000  00002020  0000dfe0  RW X
  SRAM_DATA             20000000   00010000  00002020  0000dfe0  RW  


SEGMENT ALLOCATION MAP

run origin  load origin   length   init length attrs members
----------  ----------- ---------- ----------- ----- -------
00000000    00000000    0000d6b0   0000d6b0    r-x
  00000000    00000000    000000e4   000000e4    r-- .intvecs
  000000e4    000000e4    00007c58   00007c58    r-x .text
  00007d40    00007d40    00005890   00005890    r-- .const
  0000d5d0    0000d5d0    000000e0   000000e0    r-- .cinit
20000000    20000000    00001e20   00000000    rw-
  20000000    20000000    000017b0   00000000    rw- .bss
  200017b0    200017b0    00000400   00000000    rw- .sysmem
  20001bb0    20001bb0    00000270   00000000    rw- .data
2000fe00    2000fe00    00000200   00000000    rw-
  2000fe00    2000fe00    00000200   00000000    rw- .stack


SECTION ALLOCATION MAP

 output                                  attributes/
section   page    origin      length       input sections
--------  ----  ----------  ----------   ----------------
.intvecs   0    00000000    000000e4     
                  00000000    000000e4     startup_msp432p401r_ccs.obj (.intvecs:retain)

.text      0    000000e4    00007c58     
                  000000e4    00000a4e     rtsv7M4_T_le_v4SPD16_eabi.lib : _printfi.c.obj (.text:__TI_printfi)
                  00000b32    00000002                                   : _lock.c.obj (.text:_nop)
                  00000b34    00000680     Crystalfontz128x128_ST7735.obj (.text)
                  000011b4    000005a0     ControllerFSM.obj (.text)
                  00001754    00000534     BlueLib.obj (.text)
                  00001c88    00000484     screen_manager.obj (.text)
                  0000210c    0000047e     grlib.a : string.obj (.text:Graphics_drawString)
                  0000258a    00000390             : image.obj (.text:Graphics_drawImage)
                  0000291a    00000002     rtsv7M4_T_le_v4SPD16_eabi.lib : div0.asm.obj (.text)
                  0000291c    00000380     stepper.obj (.text)
                  00002c9c    00000378     UART_Driver.obj (.text)
                  00003014    00000334     system_msp432p401r.obj (.text)
                  00003348    0000031c     default_screens.obj (.text)
                  00003664    00000270     rtsv7M4_T_le_v4SPD16_eabi.lib : _printfi.c.obj (.text:_pconv_a)
                  000038d4    00000224     main.obj (.text)
                  00003af8    000001d8     claw_machine.obj (.text)
                  00003cd0    000001d0     rtsv7M4_T_le_v4SPD16_eabi.lib : _printfi.c.obj (.text:_pconv_g)
                  00003ea0    000001b6                                   : fd_add_t2.asm.obj (.text)
                  00004056    00000180     grlib.a : line.obj (.text:Graphics_clipLine)
                  000041d6    00000174             : line.obj (.text:Graphics_drawLine)
                  0000434a    00000002     --HOLE-- [fill = 0]
                  0000434c    00000160     msp432p4xx_driverlib.lib : adc14.o (.text:_getIndexForMemRegister)
                  000044ac    0000015c     ControllerSetup.obj (.text)
                  00004608    0000015c     msp432p4xx_driverlib.lib : pcm.o (.text:__PCM_setPowerModeAdvanced)
                  00004764    00000144                              : timer_a.o (.text:privateTimer_AProcessClockSourceDivider)
                  000048a8    0000013c     rtsv7M4_T_le_v4SPD16_eabi.lib : _printfi.c.obj (.text:_pconv_e)
                  000049e4    00000136                                   : fd_div_t2.asm.obj (.text)
                  00004b1a    00000002     --HOLE-- [fill = 0]
                  00004b1c    00000130     msp432p4xx_driverlib.lib : cs.o (.text:CS_initClockSignal)
                  00004c4c    00000130     servo.obj (.text)
                  00004d7c    00000124     rtsv7M4_T_le_v4SPD16_eabi.lib : _printfi.c.obj (.text:fcvt)
                  00004ea0    0000011c     msp432p4xx_driverlib.lib : uart.o (.text:UART_initModule)
                  00004fbc    00000114     rtsv7M4_T_le_v4SPD16_eabi.lib : fputs.c.obj (.text:fputs)
                  000050d0    00000110                                   : s_scalbn.c.obj (.text:scalbn)
                  000051e0    00000108     msp432p4xx_driverlib.lib : pcm.o (.text:__PCM_setCoreVoltageLevelAdvanced)
                  000052e8    00000100     rtsv7M4_T_le_v4SPD16_eabi.lib : memory.c.obj (.text:aligned_alloc)
                  000053e8    000000fc     InterruptHandler.obj (.text)
                  000054e4    000000fc     rtsv7M4_T_le_v4SPD16_eabi.lib : fd_mul_t2.asm.obj (.text)
                  000055e0    000000fa     grlib.a : string.obj (.text:Graphics_getStringWidth)
                  000056da    00000002     --HOLE-- [fill = 0]
                  000056dc    000000e8     cart.obj (.text)
                  000057c4    000000e4     rtsv7M4_T_le_v4SPD16_eabi.lib : memory.c.obj (.text:free)
                  000058a8    000000dc                                   : setvbuf.c.obj (.text:setvbuf)
                  00005984    000000cc     HAL_MSP_EXP432P401R_Crystalfontz128x128_ST7735.obj (.text)
                  00005a50    000000b4     msp432p4xx_driverlib.lib : adc14.o (.text:ADC14_configureConversionMemory)
                  00005b04    000000b4                              : adc14.o (.text:ADC14_configureMultiSequenceMode)
                  00005bb8    000000b1     rtsv7M4_T_le_v4SPD16_eabi.lib : _printfi.c.obj (.text:_ltostr)
                  00005c69    00000001     --HOLE-- [fill = 0]
                  00005c6a    000000b0     msp432p4xx_driverlib.lib : spi.o (.text:SPI_initMaster)
                  00005d1a    00000002     --HOLE-- [fill = 0]
                  00005d1c    000000ac     BitOperations.obj (.text)
                  00005dc8    0000009c     grlib.a : line.obj (.text:Graphics_drawLineH)
                  00005e64    0000009c             : line.obj (.text:Graphics_drawLineV)
                  00005f00    0000009c     rtsv7M4_T_le_v4SPD16_eabi.lib : memcpy_t2.asm.obj (.text)
                  00005f9c    00000096                                   : ull_div_t2.asm.obj (.text)
                  00006032    00000002     --HOLE-- [fill = 0]
                  00006034    0000008c                                   : fputc.c.obj (.text:fputc)
                  000060c0    00000088     msp432p4xx_driverlib.lib : gpio.o (.text:GPIO_setAsPeripheralModuleFunctionInputPin)
                  00006148    00000088                              : gpio.o (.text:GPIO_setAsPeripheralModuleFunctionOutputPin)
                  000061d0    00000086     rtsv7M4_T_le_v4SPD16_eabi.lib : fd_cmp_t2.asm.obj (.text:__aeabi_cdcmple)
                  00006256    00000086                                   : fd_cmp_t2.asm.obj (.text:__aeabi_cdrcmple)
                  000062dc    00000084     msp432p4xx_driverlib.lib : gpio.o (.text:GPIO_getEnabledInterruptStatus)
                  00006360    00000080                              : interrupt.o (.text:Interrupt_enableInterrupt)
                  000063e0    0000007c     rtsv7M4_T_le_v4SPD16_eabi.lib : fflush.c.obj (.text:fflush)
                  0000645c    0000007a                                   : memset_t2.asm.obj (.text)
                  000064d6    00000002     --HOLE-- [fill = 0]
                  000064d8    00000074                                   : fclose.c.obj (.text:__TI_closefile)
                  0000654c    00000070                                   : memory.c.obj (.text:split)
                  000065bc    0000006e                                   : _printfi.c.obj (.text:_mcpy)
                  0000662a    00000002     --HOLE-- [fill = 0]
                  0000662c    0000006c     grlib.a : image.obj (.text:Graphics_convertPalette)
                  00006698    0000006c     rtsv7M4_T_le_v4SPD16_eabi.lib : hostrename.c.obj (.text:HOSTrename)
                  00006704    00000068                                   : hostlseek.c.obj (.text:HOSTlseek)
                  0000676c    00000068     msp432p4xx_driverlib.lib : timer_a.o (.text:Timer_A_configureUpMode)
                  000067d4    00000068     rtsv7M4_T_le_v4SPD16_eabi.lib : copy_decompress_lzss.c.obj (.text:decompress:lzss:__TI_decompress_lzss)
                  0000683c    00000068                                   : printf.c.obj (.text:printf)
                  000068a4    00000064     grlib.a : line.obj (.text:Graphics_getClipCode)
                  00006908    00000064     msp432p4xx_driverlib.lib : uart.o (.text:UART_getEnabledInterruptStatus)
                  0000696c    00000064     rtsv7M4_T_le_v4SPD16_eabi.lib : fprintf.c.obj (.text:fprintf)
                  000069d0    00000064                                   : s_frexp.c.obj (.text:frexp)
                  00006a34    00000064                                   : fseek.c.obj (.text:fseek)
                  00006a98    00000062                                   : _io_perm.c.obj (.text:__TI_wrt_ok)
                  00006afa    00000002     --HOLE-- [fill = 0]
                  00006afc    00000060                                   : hostopen.c.obj (.text:HOSTopen)
                  00006b5c    0000005e     msp432p4xx_driverlib.lib : pcm.o (.text:PCM_getCoreVoltageLevel)
                  00006bba    00000002     --HOLE-- [fill = 0]
                  00006bbc    0000005c     rtsv7M4_T_le_v4SPD16_eabi.lib : close.c.obj (.text:close)
                  00006c18    0000005a     msp432p4xx_driverlib.lib : pcm.o (.text:PCM_getPowerMode)
                  00006c72    00000002     --HOLE-- [fill = 0]
                  00006c74    00000058                              : gpio.o (.text:GPIO_setAsInputPinWithPullUpResistor)
                  00006ccc    00000058     rtsv7M4_T_le_v4SPD16_eabi.lib : hostread.c.obj (.text:HOSTread)
                  00006d24    00000058                                   : hostwrite.c.obj (.text:HOSTwrite)
                  00006d7c    00000056                                   : _printfi.c.obj (.text:_pconv_f)
                  00006dd2    00000002     --HOLE-- [fill = 0]
                  00006dd4    00000054     msp432p4xx_driverlib.lib : adc14.o (.text:ADC14_initModule)
                  00006e28    00000054     rtsv7M4_T_le_v4SPD16_eabi.lib : _ltoa.c.obj (.text:__TI_ltoa)
                  00006e7c    00000052     grlib.a : context.obj (.text:Graphics_initContext)
                  00006ece    00000052     rtsv7M4_T_le_v4SPD16_eabi.lib : _printfi.c.obj (.text:_ecpy)
                  00006f20    00000050                                   : fs_toull_t2.asm.obj (.text)
                  00006f70    0000004e     msp432p4xx_driverlib.lib : timer_a.o (.text:Timer_A_initCompare)
                  00006fbe    0000004c     rtsv7M4_T_le_v4SPD16_eabi.lib : fflush.c.obj (.text:__TI_doflush)
                  0000700a    00000002     --HOLE-- [fill = 0]
                  0000700c    0000004c                                   : atoi.c.obj (.text:atoi)
                  00007058    00000048     msp432p4xx_driverlib.lib : flash.o (.text:FlashCtl_setWaitState)
                  000070a0    00000048     grlib.a : string.obj (.text:Graphics_drawStringCentered)
                  000070e8    00000048     rtsv7M4_T_le_v4SPD16_eabi.lib : exit.c.obj (.text:exit)
                  00007130    00000048                                   : fd_toi_t2.asm.obj (.text)
                  00007178    00000046     grlib.a : display.obj (.text:Graphics_drawMultiplePixelsOnDisplay)
                  000071be    00000002     --HOLE-- [fill = 0]
                  000071c0    00000044     rtsv7M4_T_le_v4SPD16_eabi.lib : hostclose.c.obj (.text:HOSTclose)
                  00007204    00000044                                   : hostunlink.c.obj (.text:HOSTunlink)
                  00007248    00000044                                   : autoinit.c.obj (.text:__TI_auto_init_nobinit_nopinit:__TI_auto_init_nobinit_nopinit)
                  0000728c    00000044                                   : getdevice.c.obj (.text:getdevice)
                  000072d0    00000040     msp432p4xx_driverlib.lib : gpio.o (.text:GPIO_setAsOutputPin)
                  00007310    00000040     grlib.a : string.obj (.text:Graphics_getNumberOfLeadingZeros)
                  00007350    00000040     msp432p4xx_driverlib.lib : spi.o (.text:is_A_Module)
                  00007390    0000003e     rtsv7M4_T_le_v4SPD16_eabi.lib : _printfi.c.obj (.text:_fcpy)
                  000073ce    0000003e     global.obj (.text)
                  0000740c    00000038     msp432p4xx_driverlib.lib : adc14.o (.text:ADC14_getEnabledInterruptStatus)
                  00007444    00000038     rtsv7M4_T_le_v4SPD16_eabi.lib : trgmsg.c.obj (.text:__TI_writemsg)
                  0000747c    00000038                                   : fs_tod_t2.asm.obj (.text)
                  000074b4    00000036     grlib.a : display.obj (.text:Graphics_drawHorizontalLineOnDisplay)
                  000074ea    00000036             : display.obj (.text:Graphics_drawVerticalLineOnDisplay)
                  00007520    00000036     rtsv7M4_T_le_v4SPD16_eabi.lib : strncpy.c.obj (.text:strncpy)
                  00007556    00000002     --HOLE-- [fill = 0]
                  00007558    00000034     msp432p4xx_driverlib.lib : adc14.o (.text:ADC14_enableSampleTimer)
                  0000758c    00000034                              : cs.o (.text:CS_setDCOCenteredFrequency)
                  000075c0    00000034                              : timer_a.o (.text:Timer_A_configureContinuousMode)
                  000075f4    00000034     rtsv7M4_T_le_v4SPD16_eabi.lib : fopen.c.obj (.text:__TI_cleanup)
                  00007628    00000034                                   : trgmsg.c.obj (.text:__TI_readmsg)
                  0000765c    00000034                                   : boot_cortex_m.c.obj (.text:_c_int00_noargs:_c_int00_noargs)
                  00007690    00000030     msp432p4xx_driverlib.lib : adc14.o (.text:ADC14_clearInterruptFlag)
                  000076c0    00000030                              : adc14.o (.text:ADC14_enableInterrupt)
                  000076f0    00000030                              : cs.o (.text:CS_setReferenceOscillatorFrequency)
                  00007720    00000030     rtsv7M4_T_le_v4SPD16_eabi.lib : getdevice.c.obj (.text:finddevice)
                  00007750    0000002e                                   : i_tofd_t2.asm.obj (.text)
                  0000777e    00000002     --HOLE-- [fill = 0]
                  00007780    0000002c     msp432p4xx_driverlib.lib : adc14.o (.text:ADC14_getInterruptStatus)
                  000077ac    0000002c                              : adc14.o (.text:ADC14_toggleConversionTrigger)
                  000077d8    0000002c     grlib.a : display.obj (.text:Graphics_drawPixelOnDisplay)
                  00007804    0000002c     msp432p4xx_driverlib.lib : timer_a.o (.text:Timer_A_clearCaptureCompareInterrupt)
                  00007830    0000002c     rtsv7M4_T_le_v4SPD16_eabi.lib : unlink.c.obj (.text:unlink)
                  0000785c    00000028     msp432p4xx_driverlib.lib : adc14.o (.text:ADC14_enableConversion)
                  00007884    00000028                              : adc14.o (.text:ADC14_getResult)
                  000078ac    00000028                              : gpio.o (.text:GPIO_clearInterruptFlag)
                  000078d4    00000028                              : gpio.o (.text:GPIO_enableInterrupt)
                  000078fc    00000028                              : gpio.o (.text:GPIO_setOutputHighOnPin)
                  00007924    00000028                              : gpio.o (.text:GPIO_setOutputLowOnPin)
                  0000794c    00000028                              : gpio.o (.text:GPIO_toggleOutputOnPin)
                  00007974    00000028     rtsv7M4_T_le_v4SPD16_eabi.lib : memory.c.obj (.text:free_list_insert)
                  0000799c    00000028                                   : lseek.c.obj (.text:lseek)
                  000079c4    00000028                                   : write.c.obj (.text:write)
                  000079ec    00000024     msp432p4xx_driverlib.lib : gpio.o (.text:GPIO_getInterruptStatus)
                  00007a10    00000024                              : wdt_a.o (.text:WDT_A_holdTimer)
                  00007a34    00000020     rtsv7M4_T_le_v4SPD16_eabi.lib : memchr.c.obj (.text:memchr)
                  00007a54    0000001c     msp432p4xx_driverlib.lib : spi.o (.text:SPI_enableModule)
                  00007a70    0000001c     rtsv7M4_T_le_v4SPD16_eabi.lib : assert.c.obj (.text:_abort_msg)
                  00007a8c    0000001c                                   : memory.c.obj (.text:free_list_remove)
                  00007aa8    0000001c                                   : memccpy.c.obj (.text:memccpy)
                  00007ac4    0000001a     grlib.a : display.obj (.text:Graphics_clearDisplayOnDisplay)
                  00007ade    0000001a             : context.obj (.text:Graphics_setBackgroundColor)
                  00007af8    0000001a             : context.obj (.text:Graphics_setFont)
                  00007b12    0000001a     rtsv7M4_T_le_v4SPD16_eabi.lib : s_copysign.c.obj (.text:copysign)
                  00007b2c    00000018     msp432p4xx_driverlib.lib : uart.o (.text:UART_getInterruptStatus)
                  00007b44    00000018     rtsv7M4_T_le_v4SPD16_eabi.lib : strcmp.c.obj (.text:strcmp)
                  00007b5c    00000016     msp432p4xx_driverlib.lib : spi.o (.text:EUSCI_A_SPI_enable)
                  00007b72    00000016                              : spi.o (.text:EUSCI_B_SPI_enable)
                  00007b88    00000016     grlib.a : context.obj (.text:Graphics_setForegroundColor)
                  00007b9e    00000016             : display.obj (.text:Graphics_translateColorOnDisplay)
                  00007bb4    00000016     msp432p4xx_driverlib.lib : timer_a.o (.text:Timer_A_clearInterruptFlag)
                  00007bca    00000016                              : timer_a.o (.text:Timer_A_startCounter)
                  00007be0    00000016     rtsv7M4_T_le_v4SPD16_eabi.lib : strchr.c.obj (.text:strchr)
                  00007bf6    00000002     --HOLE-- [fill = 0]
                  00007bf8    00000014     msp432p4xx_driverlib.lib : pcm.o (.text:PCM_getPowerState)
                  00007c0c    00000014     rtsv7M4_T_le_v4SPD16_eabi.lib : strcpy.c.obj (.text:strcpy)
                  00007c20    00000014                                   : strlen.c.obj (.text:strlen)
                  00007c34    00000012     grlib.a : context.obj (.text:Graphics_clearDisplay)
                  00007c46    00000012     rtsv7M4_T_le_v4SPD16_eabi.lib : wcslen.c.obj (.text:wcslen)
                  00007c58    00000010     msp432p4xx_driverlib.lib : adc14.o (.text:ADCIsConversionRunning)
                  00007c68    00000010                              : interrupt.o (.text:Interrupt_disableMaster)
                  00007c78    00000010                              : interrupt.o (.text:Interrupt_disableSleepOnIsrExit)
                  00007c88    00000010                              : interrupt.o (.text:Interrupt_enableMaster)
                  00007c98    00000010                              : interrupt.o (.text:Interrupt_enableSleepOnIsrExit)
                  00007ca8    00000010                              : pcm.o (.text:PCM_setCoreVoltageLevel)
                  00007cb8    00000010                              : pcm.o (.text:PCM_setPowerMode)
                  00007cc8    0000000e     rtsv7M4_T_le_v4SPD16_eabi.lib : copy_decompress_none.c.obj (.text:decompress:none:__TI_decompress_none)
                  00007cd6    0000000e     startup_msp432p401r_ccs.obj (.text)
                  00007ce4    0000000c     msp432p4xx_driverlib.lib : adc14.o (.text:ADC14_enableModule)
                  00007cf0    0000000c                              : cpu.o (.text:CPU_cpsid)
                  00007cfc    0000000c                              : cpu.o (.text:CPU_cpsie)
                  00007d08    0000000c     rtsv7M4_T_le_v4SPD16_eabi.lib : copy_zero_init.c.obj (.text:decompress:ZI:__TI_zero_init)
                  00007d14    00000008                                   : errno.c.obj (.text:__aeabi_errno_addr)
                  00007d1c    00000008                                   : memory.c.obj (.text:malloc)
                  00007d24    00000004                                   : fprintf.c.obj (.text:_outc)
                  00007d28    00000004                                   : printf.c.obj (.text:_outc)
                  00007d2c    00000004                                   : fprintf.c.obj (.text:_outs)
                  00007d30    00000004                                   : printf.c.obj (.text:_outs)
                  00007d34    00000004                                   : pre_init.c.obj (.text:_system_pre_init)
                  00007d38    00000004                                   : exit.c.obj (.text:abort:abort)

.const     0    00007d40    00005890     
                  00007d40    00004000     claw.obj (.const:.string:pixel_claw8BPP_UNCOMP)
                  0000bd40    00000800     bluetooth.obj (.const:.string:pixel_bluetooth4BPP_UNCOMP)
                  0000c540    00000480     thumbsup.obj (.const:.string:pixel_thumbsup4BPP_UNCOMP)
                  0000c9c0    00000400     claw.obj (.const:palette_claw8BPP_UNCOMP)
                  0000cdc0    000002f8     grlib.a : fontfixed6x8.obj (.const:.string:g_pucFontFixed6x8Data)
                  0000d0b8    00000101     rtsv7M4_T_le_v4SPD16_eabi.lib : ctype.c.obj (.const:.string:_ctypes_)
                  0000d1b9    00000003     --HOLE-- [fill = 0]
                  0000d1bc    000000c8     grlib.a : fontfixed6x8.obj (.const:g_sFontFixed6x8)
                  0000d284    00000004     --HOLE-- [fill = 0]
                  0000d288    00000098     cart.obj (.const:$P$T1$1)
                  0000d320    00000080     msp432p4xx_driverlib.lib : adc14.o (.const:_ctlRegs)
                  0000d3a0    00000048     stepper.obj (.const:$P$T21$11)
                  0000d3e8    00000040     bluetooth.obj (.const:palette_bluetooth4BPP_UNCOMP)
                  0000d428    00000040     thumbsup.obj (.const:palette_thumbsup4BPP_UNCOMP)
                  0000d468    00000030     msp432p4xx_driverlib.lib : gpio.o (.const:GPIO_PORT_TO_BASE)
                  0000d498    00000028     BlueLib.obj (.const:UART2Config)
                  0000d4c0    00000020     servo.obj (.const:$P$T0$1)
                  0000d4e0    00000020     Crystalfontz128x128_ST7735.obj (.const:g_sCrystalfontz128x128_funcs)
                  0000d500    0000001c     HAL_MSP_EXP432P401R_Crystalfontz128x128_ST7735.obj (.const:$P$T0$1)
                  0000d51c    00000018     stepper.obj (.const:timerConfig)
                  0000d534    00000010     bluetooth.obj (.const:bluetooth4BPP_UNCOMP)
                  0000d544    00000010     claw.obj (.const:claw8BPP_UNCOMP)
                  0000d554    00000010     ControllerSetup.obj (.const:continuousModeConfig)
                  0000d564    00000010     thumbsup.obj (.const:thumbsup4BPP_UNCOMP)
                  0000d574    0000000c     claw_machine.obj (.const:$P$T4$2)
                  0000d580    0000000c     claw_machine.obj (.const:$P$T7$3)
                  0000d58c    0000000c     claw_machine.obj (.const:$P$T8$4)
                  0000d598    00000008     Crystalfontz128x128_ST7735.obj (.const:$P$T0$1)
                  0000d5a0    00000008     msp432p4xx_driverlib.lib : interrupt.o (.const:g_pulEnRegs)
                  0000d5a8    00000005     stepper.obj (.const:$P$T16$7)
                  0000d5ad    00000005     stepper.obj (.const:$P$T17$8)
                  0000d5b2    00000005     stepper.obj (.const:$P$T18$9)
                  0000d5b7    00000005     stepper.obj (.const:$P$T19$10)
                  0000d5bc    00000005     stepper.obj (.const:$P$T6$2)
                  0000d5c1    00000005     stepper.obj (.const:$P$T7$3)
                  0000d5c6    00000005     stepper.obj (.const:$P$T8$4)
                  0000d5cb    00000005     stepper.obj (.const:$P$T9$5)

.cinit     0    0000d5d0    000000e0     
                  0000d5d0    000000ba     (.cinit..data.load) [load image, compression = lzss]
                  0000d68a    00000002     --HOLE-- [fill = 0]
                  0000d68c    0000000c     (__TI_handler_table)
                  0000d698    00000008     (.cinit..bss.load) [load image, compression = zero_init]
                  0000d6a0    00000010     (__TI_cinit_table)

.init_array 
*          0    00000000    00000000     UNINITIALIZED

.binit     0    00000000    00000000     

.bss       0    20000000    000017b0     UNINITIALIZED
                  20000000    00000800     (.common:UARTA0Data)
                  20000800    00000800     (.common:UARTA2Data)
                  20001000    00000400     grlib.a : image.obj (.bss:g_pulConvertedPalette)
                  20001400    000001a8     (.common:clawMachine)
                  200015a8    00000120     rtsv7M4_T_le_v4SPD16_eabi.lib : trgmsg.c.obj (.bss:_CIOBUF_)
                  200016c8    000000a0     (.common:__TI_tmpnams)
                  20001768    0000001c     (.common:g_sContext)
                  20001784    00000008     (.common:parmbuf)
                  2000178c    00000005     stepper.obj (.bss:$P$T0$1)
                  20001791    00000005     stepper.obj (.bss:$P$T10$6)
                  20001796    00000002     (.common:Lcd_ScreenHeigth)
                  20001798    00000004     (.common:UARTA0ReadIndex)
                  2000179c    00000004     (.common:UARTA0WriteIndex)
                  200017a0    00000004     (.common:UARTA2ReadIndex)
                  200017a4    00000004     (.common:UARTA2WriteIndex)
                  200017a8    00000002     (.common:Lcd_ScreenWidth)
                  200017aa    00000002     (.common:Lcd_TouchTrim)
                  200017ac    00000001     (.common:Lcd_FlagRead)
                  200017ad    00000001     (.common:Lcd_FontSolid)
                  200017ae    00000001     (.common:Lcd_Orientation)
                  200017af    00000001     (.common:Lcd_PenSolid)

.sysmem    0    200017b0    00000400     UNINITIALIZED
                  200017b0    00000010     rtsv7M4_T_le_v4SPD16_eabi.lib : memory.c.obj (.sysmem)
                  200017c0    000003f0     --HOLE--

.data      0    20001bb0    00000270     UNINITIALIZED
                  20001bb0    000000f0     rtsv7M4_T_le_v4SPD16_eabi.lib : defs.c.obj (.data:_ftable)
                  20001ca0    00000078                                   : host_device.c.obj (.data:_device)
                  20001d18    00000050                                   : host_device.c.obj (.data:_stream)
                  20001d68    00000020     ControllerFSM.obj (.data:fsm)
                  20001d88    00000018     ControllerFSM.obj (.data:mfsm)
                  20001da0    00000018     config.obj (.data:servoTimerPWMConfig)
                  20001db8    00000010     Crystalfontz128x128_ST7735.obj (.data:g_sCrystalfontz128x128)
                  20001dc8    00000010     config.obj (.data:mainLoopTimerConfig)
                  20001dd8    00000010     rtsv7M4_T_le_v4SPD16_eabi.lib : defs.c.obj (.data)
                  20001de8    0000000c                                   : exit.c.obj (.data:$O1$$)
                  20001df4    0000000c     main.obj (.data)
                  20001e00    00000008     rtsv7M4_T_le_v4SPD16_eabi.lib : _lock.c.obj (.data:$O1$$)
                  20001e08    00000008                                   : memory.c.obj (.data:$O1$$)
                  20001e10    00000004     InterruptHandler.obj (.data:resultsBuffer)
                  20001e14    00000004     rtsv7M4_T_le_v4SPD16_eabi.lib : errno.c.obj (.data)
                  20001e18    00000004     system_msp432p401r.obj (.data)
                  20001e1c    00000003     ControllerFSM.obj (.data)
                  20001e1f    00000001     default_screens.obj (.data)

.stack     0    2000fe00    00000200     UNINITIALIZED
                  2000fe00    00000004     rtsv7M4_T_le_v4SPD16_eabi.lib : boot_cortex_m.c.obj (.stack)
                  2000fe04    000001fc     --HOLE--

__llvm_prf_cnts 
*          0    20000000    00000000     UNINITIALIZED

MODULE SUMMARY

       Module                                               code    ro data   rw data
       ------                                               ----    -------   -------
    .\
       main.obj                                             548     0         872    
       stepper.obj                                          896     136       20     
       system_msp432p401r.obj                               820     0         8      
       claw_machine.obj                                     472     36        0      
       cart.obj                                             232     152       0      
       servo.obj                                            304     32        0      
       startup_msp432p401r_ccs.obj                          14      228       0      
       config.obj                                           0       0         80     
       global.obj                                           62      0         0      
    +--+----------------------------------------------------+-------+---------+---------+
       Total:                                               3348    584       980    
                                                                                     
    .\BlueTooth\BluetoothLib\
       BlueLib.obj                                          1332    40        0      
       BitOperations.obj                                    172     0         0      
    +--+----------------------------------------------------+-------+---------+---------+
       Total:                                               1504    40        0      
                                                                                     
    .\BlueTooth\Hardware\
       UART_Driver.obj                                      888     0         8224   
    +--+----------------------------------------------------+-------+---------+---------+
       Total:                                               888     0         8224   
                                                                                     
    .\Controller\
       ControllerFSM.obj                                    1440    0         118    
       ControllerSetup.obj                                  348     16        0      
       InterruptHandler.obj                                 252     0         8      
    +--+----------------------------------------------------+-------+---------+---------+
       Total:                                               2040    16        126    
                                                                                     
    .\Graphics\
       screen_manager.obj                                   1156    0         56     
       default_screens.obj                                  796     0         2      
    +--+----------------------------------------------------+-------+---------+---------+
       Total:                                               1952    0         58     
                                                                                     
    .\Graphics\LcdDriver\
       Crystalfontz128x128_ST7735.obj                       1664    40        52     
       HAL_MSP_EXP432P401R_Crystalfontz128x128_ST7735.obj   204     28        0      
    +--+----------------------------------------------------+-------+---------+---------+
       Total:                                               1868    68        52     
                                                                                     
    .\Graphics\images\
       claw.obj                                             0       17424     0      
       bluetooth.obj                                        0       2128      0      
       thumbsup.obj                                         0       1232      0      
    +--+----------------------------------------------------+-------+---------+---------+
       Total:                                               0       20784     0      
                                                                                     
    C:/Users/betto/Desktop/driverLib/source/ti/devices/msp432p4xx/driverlib/ccs/msp432p4xx_driverlib.lib
       adc14.o                                              1196    128       0      
       pcm.o                                                848     0         0      
       gpio.o                                               792     48        0      
       timer_a.o                                            646     0         0      
       uart.o                                               408     0         0      
       cs.o                                                 404     0         0      
       spi.o                                                312     0         0      
       interrupt.o                                          192     8         0      
       flash.o                                              72      0         0      
       wdt_a.o                                              36      0         0      
       cpu.o                                                24      0         0      
    +--+----------------------------------------------------+-------+---------+---------+
       Total:                                               4930    184       0      
                                                                                     
    C:/Users/betto/Desktop/driverLib/source/ti/grlib/lib/ccs/m4/grlib.a
       image.obj                                            1020    0         2048   
       string.obj                                           1536    0         0      
       line.obj                                             1168    0         0      
       fontfixed6x8.obj                                     0       960       0      
       display.obj                                          270     0         0      
       context.obj                                          174     0         0      
    +--+----------------------------------------------------+-------+---------+---------+
       Total:                                               4168    960       2048   
                                                                                     
    C:\ti\ccs1240\ccs\tools\compiler\ti-cgt-arm_20.2.7.LTS\lib\rtsv7M4_T_le_v4SPD16_eabi.lib
       _printfi.c.obj                                       4851    0         0      
       defs.c.obj                                           0       0         832    
       memory.c.obj                                         672     0         16     
       trgmsg.c.obj                                         108     0         576    
       fd_add_t2.asm.obj                                    438     0         0      
       host_device.c.obj                                    0       0         400    
       fd_div_t2.asm.obj                                    310     0         0      
       fputs.c.obj                                          276     0         0      
       s_scalbn.c.obj                                       272     0         0      
       fd_cmp_t2.asm.obj                                    268     0         0      
       ctype.c.obj                                          0       257       0      
       fd_mul_t2.asm.obj                                    252     0         0      
       setvbuf.c.obj                                        220     0         0      
       fflush.c.obj                                         200     0         0      
       memcpy_t2.asm.obj                                    156     0         0      
       ull_div_t2.asm.obj                                   150     0         0      
       fputc.c.obj                                          140     0         0      
       memset_t2.asm.obj                                    122     0         0      
       fclose.c.obj                                         116     0         0      
       getdevice.c.obj                                      116     0         0      
       hostopen.c.obj                                       96      0         16     
       printf.c.obj                                         112     0         0      
       fprintf.c.obj                                        108     0         0      
       hostrename.c.obj                                     108     0         0      
       copy_decompress_lzss.c.obj                           104     0         0      
       hostlseek.c.obj                                      104     0         0      
       exit.c.obj                                           76      0         24     
       fseek.c.obj                                          100     0         0      
       s_frexp.c.obj                                        100     0         0      
       _io_perm.c.obj                                       98      0         0      
       close.c.obj                                          92      0         0      
       hostread.c.obj                                       88      0         0      
       hostwrite.c.obj                                      88      0         0      
       _ltoa.c.obj                                          84      0         0      
       fs_toull_t2.asm.obj                                  80      0         0      
       atoi.c.obj                                           76      0         0      
       fd_toi_t2.asm.obj                                    72      0         0      
       autoinit.c.obj                                       68      0         0      
       hostclose.c.obj                                      68      0         0      
       hostunlink.c.obj                                     68      0         0      
       fs_tod_t2.asm.obj                                    56      0         0      
       strncpy.c.obj                                        54      0         0      
       boot_cortex_m.c.obj                                  52      0         0      
       fopen.c.obj                                          52      0         0      
       i_tofd_t2.asm.obj                                    46      0         0      
       unlink.c.obj                                         44      0         0      
       lseek.c.obj                                          40      0         0      
       write.c.obj                                          40      0         0      
       memchr.c.obj                                         32      0         0      
       assert.c.obj                                         28      0         0      
       memccpy.c.obj                                        28      0         0      
       s_copysign.c.obj                                     26      0         0      
       strcmp.c.obj                                         24      0         0      
       strchr.c.obj                                         22      0         0      
       strcpy.c.obj                                         20      0         0      
       strlen.c.obj                                         20      0         0      
       _lock.c.obj                                          2       0         16     
       wcslen.c.obj                                         18      0         0      
       errno.c.obj                                          8       0         8      
       copy_decompress_none.c.obj                           14      0         0      
       copy_zero_init.c.obj                                 12      0         0      
       pre_init.c.obj                                       4       0         0      
       div0.asm.obj                                         2       0         0      
    +--+----------------------------------------------------+-------+---------+---------+
       Total:                                               11101   257       1888   
                                                                                     
       Heap:                                                0       0         2048   
       Stack:                                               0       0         1024   
       Linker Generated:                                    0       222       0      
    +--+----------------------------------------------------+-------+---------+---------+
       Grand Total:                                         31799   23115     16448  


LINKER GENERATED COPY TABLES

__TI_cinit_table @ 0000d6a0 records: 2, size/record: 8, table size: 16
	.data: load addr=0000d5d0, load size=000000ba bytes, run addr=20001bb0, run size=00000270 bytes, compression=lzss
	.bss: load addr=0000d698, load size=00000008 bytes, run addr=20000000, run size=000017b0 bytes, compression=zero_init


LINKER GENERATED HANDLER TABLE

__TI_handler_table @ 0000d68c records: 3, size/record: 4, table size: 12
	index: 0, handler: __TI_decompress_lzss
	index: 1, handler: __TI_decompress_none
	index: 2, handler: __TI_zero_init


GLOBAL SYMBOLS: SORTED ALPHABETICALLY BY Name 

address   name                                       
-------   ----                                       
000053e9  ADC14_IRQHandler                           
000053e9  ADC14_IRQHandler                           
00007691  ADC14_clearInterruptFlag                   
00005a51  ADC14_configureConversionMemory            
00005b05  ADC14_configureMultiSequenceMode           
0000785d  ADC14_enableConversion                     
000076c1  ADC14_enableInterrupt                      
00007ce5  ADC14_enableModule                         
00007559  ADC14_enableSampleTimer                    
0000740d  ADC14_getEnabledInterruptStatus            
00007781  ADC14_getInterruptStatus                   
00007885  ADC14_getResult                            
00006dd5  ADC14_initModule                           
000077ad  ADC14_toggleConversionTrigger              
00007ce3  AES256_IRQHandler                          
0000177f  BlueToothHardwareInit                      
00007ce3  BusFault_Handler                           
00007d39  C$$EXIT                                    
00007473  C$$IO$$                                    
00007ce3  COMP_E0_IRQHandler                         
00007ce3  COMP_E1_IRQHandler                         
00007cf1  CPU_cpsid                                  
00007cfd  CPU_cpsie                                  
00007ce3  CS_IRQHandler                              
00004b1d  CS_initClockSignal                         
0000758d  CS_setDCOCenteredFrequency                 
000076f1  CS_setReferenceOscillatorFrequency         
000056dd  Cart_INIT                                  
00005775  Cart_goTo                                  
0000571d  Cart_setSpeed_Percentage                   
00005741  Cart_tryMove                               
00003af9  Claw_INIT                                  
00003c43  Claw_getCurrentPosition                    
00003c25  Claw_setGripperSpeed                       
00003bb1  Claw_setManualMode                         
00003b57  Claw_setTargetMode                         
00003bd1  Claw_setXSpeed                             
00003beb  Claw_setYSpeed                             
00003c07  Claw_setZSpeed                             
00003c65  Claw_tryMove                               
00001b89  CloseGripper                               
00001337  Controller                                 
00000b35  Crystalfontz128x128_Init                   
00000c49  Crystalfontz128x128_SetDrawFrame           
00000d77  Crystalfontz128x128_SetOrientation         
00007ce3  DMA_ERR_IRQHandler                         
00007ce3  DMA_INT0_IRQHandler                        
00007ce3  DMA_INT1_IRQHandler                        
00007ce3  DMA_INT2_IRQHandler                        
00007ce3  DMA_INT3_IRQHandler                        
00007ce3  DebugMon_Handler                           
00007ce3  Default_Handler                            
00002ee5  EUSCIA0_IRQHandler                         
00002ee5  EUSCIA0_IRQHandler                         
00007ce3  EUSCIA1_IRQHandler                         
00002f69  EUSCIA2_IRQHandler                         
00002f69  EUSCIA2_IRQHandler                         
00007ce3  EUSCIA3_IRQHandler                         
00007ce3  EUSCIB0_IRQHandler                         
00007ce3  EUSCIB1_IRQHandler                         
00007ce3  EUSCIB2_IRQHandler                         
00007ce3  EUSCIB3_IRQHandler                         
00007b5d  EUSCI_A_SPI_enable                         
00007b73  EUSCI_B_SPI_enable                         
00007ce3  FLCTL_IRQHandler                           
00007ce3  FPU_IRQHandler                             
00007059  FlashCtl_setWaitState                      
000078ad  GPIO_clearInterruptFlag                    
000078d5  GPIO_enableInterrupt                       
000062dd  GPIO_getEnabledInterruptStatus             
000079ed  GPIO_getInterruptStatus                    
00006c75  GPIO_setAsInputPinWithPullUpResistor       
000072d1  GPIO_setAsOutputPin                        
000060c1  GPIO_setAsPeripheralModuleFunctionInputPin 
00006149  GPIO_setAsPeripheralModuleFunctionOutputPin
000078fd  GPIO_setOutputHighOnPin                    
00007925  GPIO_setOutputLowOnPin                     
000073cf  GPIO_setOutputOnPin                        
0000794d  GPIO_toggleOutputOnPin                     
00001bdd  GoToTarget                                 
00007c35  Graphics_clearDisplay                      
00007ac5  Graphics_clearDisplayOnDisplay             
000074b5  Graphics_drawHorizontalLineOnDisplay       
0000258b  Graphics_drawImage                         
000041d7  Graphics_drawLine                          
00005dc9  Graphics_drawLineH                         
00005e65  Graphics_drawLineV                         
00007179  Graphics_drawMultiplePixelsOnDisplay       
000077d9  Graphics_drawPixelOnDisplay                
0000210d  Graphics_drawString                        
000070a1  Graphics_drawStringCentered                
000074eb  Graphics_drawVerticalLineOnDisplay         
000055e1  Graphics_getStringWidth                    
00006e7d  Graphics_initContext                       
00007adf  Graphics_setBackgroundColor                
00007af9  Graphics_setFont                           
00007b89  Graphics_setForegroundColor                
00007b9f  Graphics_translateColorOnDisplay           
00005985  HAL_LCD_PortInit                           
000059b5  HAL_LCD_SpiInit                            
000059eb  HAL_LCD_writeCommand                       
00005a1b  HAL_LCD_writeData                          
000071c1  HOSTclose                                  
00006705  HOSTlseek                                  
00006afd  HOSTopen                                   
00006ccd  HOSTread                                   
00006699  HOSTrename                                 
00007205  HOSTunlink                                 
00006d25  HOSTwrite                                  
00007ce3  HardFault_Handler                          
000014e1  HorizontalMovement_setMessage              
000017cf  InterpretCommand                           
00007c69  Interrupt_disableMaster                    
00007c79  Interrupt_disableSleepOnIsrExit            
00006361  Interrupt_enableInterrupt                  
00007c89  Interrupt_enableMaster                     
00007c99  Interrupt_enableSleepOnIsrExit             
200017ac  Lcd_FlagRead                               
200017ad  Lcd_FontSolid                              
200017ae  Lcd_Orientation                            
200017af  Lcd_PenSolid                               
20001796  Lcd_ScreenHeigth                           
200017a8  Lcd_ScreenWidth                            
200017aa  Lcd_TouchTrim                              
00007ce3  MemManage_Handler                          
00007ce3  NMI_Handler                                
00001b01  OpenGripper                                
00007ce3  PCM_IRQHandler                             
00006b5d  PCM_getCoreVoltageLevel                    
00006c19  PCM_getPowerMode                           
00007bf9  PCM_getPowerState                          
00007ca9  PCM_setCoreVoltageLevel                    
00007cb9  PCM_setPowerMode                           
00007ce3  PORT1_IRQHandler                           
00007ce3  PORT2_IRQHandler                           
0000546f  PORT3_IRQHandler                           
0000546f  PORT3_IRQHandler                           
00005449  PORT4_IRQHandler                           
00005449  PORT4_IRQHandler                           
00005423  PORT5_IRQHandler                           
00005423  PORT5_IRQHandler                           
00007ce3  PORT6_IRQHandler                           
00007ce3  PSS_IRQHandler                             
00007ce3  PendSV_Handler                             
00007ce3  RTC_C_IRQHandler                           
00001755  ReadFromBlueTooth                          
00007cd7  Reset_Handler                              
20001e1f  SELECTION                                  
00007a55  SPI_enableModule                           
00005c6b  SPI_initMaster                             
00007ce3  SVC_Handler                                
00001c29  SaveTarget                                 
00001765  SendToBlueTooth                            
00004c4d  Servo_INIT                                 
00004c95  Servo_setSpeed                             
00004d07  Servo_tryMove                              
00005d1d  SetNbitToOne                               
000017a9  Settings                                   
00002a21  Stepper_INIT                               
00002ae3  Stepper_setSpeed_Percentage                
00002a87  Stepper_setSpeed_RPM                       
00002b59  Stepper_shouldMoveAfterIncrement           
00002bbd  Stepper_tryMove                            
00007ce3  SysTick_Handler                            
20001e18  SystemCoreClock                            
00003015  SystemCoreClockUpdate                      
0000328d  SystemInit                                 
00007ce3  T32_INT1_IRQHandler                        
00007ce3  T32_INT2_IRQHandler                        
00007ce3  T32_INTC_IRQHandler                        
00007ce3  TA0_0_IRQHandler                           
00003ac7  TA0_N_IRQHandler                           
00003ac7  TA0_N_IRQHandler                           
00003ab5  TA1_0_IRQHandler                           
00003ab5  TA1_0_IRQHandler                           
00005495  TA1_N_IRQHandler                           
00005495  TA1_N_IRQHandler                           
00007ce3  TA2_0_IRQHandler                           
00007ce3  TA2_N_IRQHandler                           
00007ce3  TA3_0_IRQHandler                           
00007ce3  TA3_N_IRQHandler                           
00007805  Timer_A_clearCaptureCompareInterrupt       
00007bb5  Timer_A_clearInterruptFlag                 
000075c1  Timer_A_configureContinuousMode            
0000676d  Timer_A_configureUpMode                    
00006f71  Timer_A_initCompare                        
00007bcb  Timer_A_startCounter                       
0000d498  UART2Config                                
20000000  UARTA0Data                                 
20001798  UARTA0ReadIndex                            
2000179c  UARTA0WriteIndex                           
20000800  UARTA2Data                                 
200017a0  UARTA2ReadIndex                            
200017a4  UARTA2WriteIndex                           
00002e79  UART_Available                             
00002eb1  UART_Flush                                 
00002c9d  UART_Init                                  
00002d81  UART_Read                                  
00002d45  UART_Write                                 
00006909  UART_getEnabledInterruptStatus             
00007b2d  UART_getInterruptStatus                    
00004ea1  UART_initModule                            
00007ce3  UsageFault_Handler                         
00001379  VerticalMovement_setMessage                
4000480c  WDTCTL_SYM                                 
00007ce3  WDT_A_IRQHandler                           
00007a11  WDT_A_holdTimer                            
200015a8  __CIOBUF_                                  
20010000  __STACK_END                                
00000200  __STACK_SIZE                               
00000400  __SYSMEM_SIZE                              
0000d6a0  __TI_CINIT_Base                            
0000d6b0  __TI_CINIT_Limit                           
0000d68c  __TI_Handler_Table_Base                    
0000d698  __TI_Handler_Table_Limit                   
00007249  __TI_auto_init_nobinit_nopinit             
000075f5  __TI_cleanup                               
20001de8  __TI_cleanup_ptr                           
000064d9  __TI_closefile                             
000067d5  __TI_decompress_lzss                       
00007cc9  __TI_decompress_none                       
00006fbf  __TI_doflush                               
20001dec  __TI_dtors_ptr                             
20001df0  __TI_enable_exit_profile_output            
20001dd8  __TI_ft_end                                
00006e29  __TI_ltoa                                  
ffffffff  __TI_pprof_out_hndl                        
000000e5  __TI_printfi                               
ffffffff  __TI_prof_data_size                        
ffffffff  __TI_prof_data_start                       
00007629  __TI_readmsg                               
00000000  __TI_static_base__                         
200016c8  __TI_tmpnams                               
00007445  __TI_writemsg                              
00006a99  __TI_wrt_ok                                
00007d09  __TI_zero_init                             
000061d1  __aeabi_cdcmpeq                            
000061d1  __aeabi_cdcmple                            
00006257  __aeabi_cdrcmple                           
00007131  __aeabi_d2iz                               
00003eab  __aeabi_dadd                               
000049e5  __aeabi_ddiv                               
000054e5  __aeabi_dmul                               
00003ea1  __aeabi_dsub                               
00007d15  __aeabi_errno_addr                         
0000747d  __aeabi_f2d                                
00006f21  __aeabi_f2ulz                              
00007751  __aeabi_i2d                                
0000291b  __aeabi_idiv0                              
0000291b  __aeabi_ldiv0                              
0000645d  __aeabi_memclr                             
0000645d  __aeabi_memclr4                            
0000645d  __aeabi_memclr8                            
00005f01  __aeabi_memcpy                             
00005f01  __aeabi_memcpy4                            
00005f01  __aeabi_memcpy8                            
0000645f  __aeabi_memset                             
0000645f  __aeabi_memset4                            
0000645f  __aeabi_memset8                            
20001de4  __aeabi_stderr                             
20001ddc  __aeabi_stdin                              
20001de0  __aeabi_stdout                             
00005f9d  __aeabi_uldivmod                           
ffffffff  __binit__                                  
ffffffff  __c_args__                                 
UNDEFED   __mpu_init                                 
2000fe00  __stack                                    
20000000  __start___llvm_prf_cnts                    
20000000  __stop___llvm_prf_cnts                     
00007a71  _abort_msg                                 
0000765d  _c_int00_noargs                            
0000d0b8  _ctypes_                                   
20001ca0  _device                                    
20001bb0  _ftable                                    
00001cc1  _graphicsInit                              
20001e00  _lock                                      
00000b33  _nop                                       
00003349  _screenInit                                
0000291d  _step                                      
20001d18  _stream                                    
200017b0  _sys_memory                                
UNDEFED   _system_post_cinit                         
00007d35  _system_pre_init                           
20001e04  _unlock                                    
00007d39  abort                                      
000052e9  aligned_alloc                              
0000700d  atoi                                       
ffffffff  binit                                      
0000d534  bluetooth4BPP_UNCOMP                       
00004585  buttonInit                                 
00001c89  clampX                                     
00001ca5  clampY                                     
0000d544  claw8BPP_UNCOMP                            
20001400  clawMachine                                
00001da5  cleanScreen                                
00006bbd  close                                      
00003935  configureMainLoopTimer_ContinuoiusMode     
00003917  configureMotorsTimer_UpMode                
0000d554  continuousModeConfig                       
00007b13  copysign                                   
00007b13  copysignl                                  
20001dfc  counter                                    
20001e1c  current_mode                               
20001e1d  current_movement                           
20001df4  direction                                  
20001df8  direction_b                                
00001e23  drawImage                                  
00001ea5  drawLine                                   
00005d9b  encodeTarget                               
00005d77  encodeVelocity                             
20001e14  errno                                      
20001e1e  event                                      
000070e9  exit                                       
000063e1  fflush                                     
00007721  finddevice                                 
0000121f  fn_AUTOMATIC_MODE                          
000012bf  fn_HORIZONTAL_MODE                         
000011b5  fn_INIT_MODE                               
000011d9  fn_MANUAL_MODE                             
0000127d  fn_SCREEN_MODE                             
00001243  fn_SELECT_MODE                             
000012fb  fn_VERTICAL_MODE                           
0000696d  fprintf                                    
00006035  fputc                                      
00004fbd  fputs                                      
000057c5  free                                       
000069d1  frexp                                      
000069d1  frexpl                                     
00006a35  fseek                                      
20001d68  fsm                                        
20001768  g_sContext                                 
20001db8  g_sCrystalfontz128x128                     
0000d4e0  g_sCrystalfontz128x128_funcs               
0000d1bc  g_sFontFixed6x8                            
0000728d  getdevice                                  
000044ad  hwInit                                     
00003967  init                                       
0000195d  interpretAutomatic                         
0000180f  interpretManual                            
00000000  interruptVectors                           
0000451b  joystickInit                               
000050d1  ldexp                                      
000050d1  ldexpl                                     
000045cb  ledInit                                    
0000799d  lseek                                      
000038d5  main                                       
20001dc8  mainLoopTimerConfig                        
00007d1d  malloc                                     
00005d39  mapTo15                                    
000052e9  memalign                                   
00007aa9  memccpy                                    
00007a35  memchr                                     
00005f01  memcpy                                     
00006465  memset                                     
20001d88  mfsm                                       
00001abb  moveGripperDown                            
00001a83  moveGripperUp                              
000019cd  moveXBackwards                             
0000198d  moveXForward                               
00001a3d  moveYBackwards                             
00001a05  moveYForward                               
20001784  parmbuf                                    
0000683d  printf                                     
00006035  putc                                       
00007831  remove                                     
20001e10  resultsBuffer                              
000050d1  scalbn                                     
000050d1  scalbnl                                    
00003351  screenBluetoothPairing                     
00003477  screenIntroduction                         
000033c1  screenMenuPosition                         
000033af  screenMoveDown                             
0000339d  screenMoveUp                               
00003501  screenSavingPosition                       
20001da0  servoTimerPWMConfig                        
00001d97  setBackgroundColor                         
00001d89  setForegroundColor                         
000058a9  setvbuf                                    
0000299f  step                                       
00007be1  strchr                                     
00007b45  strcmp                                     
00007c0d  strcpy                                     
00007c21  strlen                                     
00007521  strncpy                                    
0000d564  thumbsup4BPP_UNCOMP                        
0000d51c  timerConfig                                
00004501  timerInit                                  
00007831  unlink                                     
00007c47  wcslen                                     
000079c5  write                                      
00001daf  writeToScreen                              


GLOBAL SYMBOLS: SORTED BY Symbol Address 

address   name                                       
-------   ----                                       
00000000  __TI_static_base__                         
00000000  interruptVectors                           
000000e5  __TI_printfi                               
00000200  __STACK_SIZE                               
00000400  __SYSMEM_SIZE                              
00000b33  _nop                                       
00000b35  Crystalfontz128x128_Init                   
00000c49  Crystalfontz128x128_SetDrawFrame           
00000d77  Crystalfontz128x128_SetOrientation         
000011b5  fn_INIT_MODE                               
000011d9  fn_MANUAL_MODE                             
0000121f  fn_AUTOMATIC_MODE                          
00001243  fn_SELECT_MODE                             
0000127d  fn_SCREEN_MODE                             
000012bf  fn_HORIZONTAL_MODE                         
000012fb  fn_VERTICAL_MODE                           
00001337  Controller                                 
00001379  VerticalMovement_setMessage                
000014e1  HorizontalMovement_setMessage              
00001755  ReadFromBlueTooth                          
00001765  SendToBlueTooth                            
0000177f  BlueToothHardwareInit                      
000017a9  Settings                                   
000017cf  InterpretCommand                           
0000180f  interpretManual                            
0000195d  interpretAutomatic                         
0000198d  moveXForward                               
000019cd  moveXBackwards                             
00001a05  moveYForward                               
00001a3d  moveYBackwards                             
00001a83  moveGripperUp                              
00001abb  moveGripperDown                            
00001b01  OpenGripper                                
00001b89  CloseGripper                               
00001bdd  GoToTarget                                 
00001c29  SaveTarget                                 
00001c89  clampX                                     
00001ca5  clampY                                     
00001cc1  _graphicsInit                              
00001d89  setForegroundColor                         
00001d97  setBackgroundColor                         
00001da5  cleanScreen                                
00001daf  writeToScreen                              
00001e23  drawImage                                  
00001ea5  drawLine                                   
0000210d  Graphics_drawString                        
0000258b  Graphics_drawImage                         
0000291b  __aeabi_idiv0                              
0000291b  __aeabi_ldiv0                              
0000291d  _step                                      
0000299f  step                                       
00002a21  Stepper_INIT                               
00002a87  Stepper_setSpeed_RPM                       
00002ae3  Stepper_setSpeed_Percentage                
00002b59  Stepper_shouldMoveAfterIncrement           
00002bbd  Stepper_tryMove                            
00002c9d  UART_Init                                  
00002d45  UART_Write                                 
00002d81  UART_Read                                  
00002e79  UART_Available                             
00002eb1  UART_Flush                                 
00002ee5  EUSCIA0_IRQHandler                         
00002ee5  EUSCIA0_IRQHandler                         
00002f69  EUSCIA2_IRQHandler                         
00002f69  EUSCIA2_IRQHandler                         
00003015  SystemCoreClockUpdate                      
0000328d  SystemInit                                 
00003349  _screenInit                                
00003351  screenBluetoothPairing                     
0000339d  screenMoveUp                               
000033af  screenMoveDown                             
000033c1  screenMenuPosition                         
00003477  screenIntroduction                         
00003501  screenSavingPosition                       
000038d5  main                                       
00003917  configureMotorsTimer_UpMode                
00003935  configureMainLoopTimer_ContinuoiusMode     
00003967  init                                       
00003ab5  TA1_0_IRQHandler                           
00003ab5  TA1_0_IRQHandler                           
00003ac7  TA0_N_IRQHandler                           
00003ac7  TA0_N_IRQHandler                           
00003af9  Claw_INIT                                  
00003b57  Claw_setTargetMode                         
00003bb1  Claw_setManualMode                         
00003bd1  Claw_setXSpeed                             
00003beb  Claw_setYSpeed                             
00003c07  Claw_setZSpeed                             
00003c25  Claw_setGripperSpeed                       
00003c43  Claw_getCurrentPosition                    
00003c65  Claw_tryMove                               
00003ea1  __aeabi_dsub                               
00003eab  __aeabi_dadd                               
000041d7  Graphics_drawLine                          
000044ad  hwInit                                     
00004501  timerInit                                  
0000451b  joystickInit                               
00004585  buttonInit                                 
000045cb  ledInit                                    
000049e5  __aeabi_ddiv                               
00004b1d  CS_initClockSignal                         
00004c4d  Servo_INIT                                 
00004c95  Servo_setSpeed                             
00004d07  Servo_tryMove                              
00004ea1  UART_initModule                            
00004fbd  fputs                                      
000050d1  ldexp                                      
000050d1  ldexpl                                     
000050d1  scalbn                                     
000050d1  scalbnl                                    
000052e9  aligned_alloc                              
000052e9  memalign                                   
000053e9  ADC14_IRQHandler                           
000053e9  ADC14_IRQHandler                           
00005423  PORT5_IRQHandler                           
00005423  PORT5_IRQHandler                           
00005449  PORT4_IRQHandler                           
00005449  PORT4_IRQHandler                           
0000546f  PORT3_IRQHandler                           
0000546f  PORT3_IRQHandler                           
00005495  TA1_N_IRQHandler                           
00005495  TA1_N_IRQHandler                           
000054e5  __aeabi_dmul                               
000055e1  Graphics_getStringWidth                    
000056dd  Cart_INIT                                  
0000571d  Cart_setSpeed_Percentage                   
00005741  Cart_tryMove                               
00005775  Cart_goTo                                  
000057c5  free                                       
000058a9  setvbuf                                    
00005985  HAL_LCD_PortInit                           
000059b5  HAL_LCD_SpiInit                            
000059eb  HAL_LCD_writeCommand                       
00005a1b  HAL_LCD_writeData                          
00005a51  ADC14_configureConversionMemory            
00005b05  ADC14_configureMultiSequenceMode           
00005c6b  SPI_initMaster                             
00005d1d  SetNbitToOne                               
00005d39  mapTo15                                    
00005d77  encodeVelocity                             
00005d9b  encodeTarget                               
00005dc9  Graphics_drawLineH                         
00005e65  Graphics_drawLineV                         
00005f01  __aeabi_memcpy                             
00005f01  __aeabi_memcpy4                            
00005f01  __aeabi_memcpy8                            
00005f01  memcpy                                     
00005f9d  __aeabi_uldivmod                           
00006035  fputc                                      
00006035  putc                                       
000060c1  GPIO_setAsPeripheralModuleFunctionInputPin 
00006149  GPIO_setAsPeripheralModuleFunctionOutputPin
000061d1  __aeabi_cdcmpeq                            
000061d1  __aeabi_cdcmple                            
00006257  __aeabi_cdrcmple                           
000062dd  GPIO_getEnabledInterruptStatus             
00006361  Interrupt_enableInterrupt                  
000063e1  fflush                                     
0000645d  __aeabi_memclr                             
0000645d  __aeabi_memclr4                            
0000645d  __aeabi_memclr8                            
0000645f  __aeabi_memset                             
0000645f  __aeabi_memset4                            
0000645f  __aeabi_memset8                            
00006465  memset                                     
000064d9  __TI_closefile                             
00006699  HOSTrename                                 
00006705  HOSTlseek                                  
0000676d  Timer_A_configureUpMode                    
000067d5  __TI_decompress_lzss                       
0000683d  printf                                     
00006909  UART_getEnabledInterruptStatus             
0000696d  fprintf                                    
000069d1  frexp                                      
000069d1  frexpl                                     
00006a35  fseek                                      
00006a99  __TI_wrt_ok                                
00006afd  HOSTopen                                   
00006b5d  PCM_getCoreVoltageLevel                    
00006bbd  close                                      
00006c19  PCM_getPowerMode                           
00006c75  GPIO_setAsInputPinWithPullUpResistor       
00006ccd  HOSTread                                   
00006d25  HOSTwrite                                  
00006dd5  ADC14_initModule                           
00006e29  __TI_ltoa                                  
00006e7d  Graphics_initContext                       
00006f21  __aeabi_f2ulz                              
00006f71  Timer_A_initCompare                        
00006fbf  __TI_doflush                               
0000700d  atoi                                       
00007059  FlashCtl_setWaitState                      
000070a1  Graphics_drawStringCentered                
000070e9  exit                                       
00007131  __aeabi_d2iz                               
00007179  Graphics_drawMultiplePixelsOnDisplay       
000071c1  HOSTclose                                  
00007205  HOSTunlink                                 
00007249  __TI_auto_init_nobinit_nopinit             
0000728d  getdevice                                  
000072d1  GPIO_setAsOutputPin                        
000073cf  GPIO_setOutputOnPin                        
0000740d  ADC14_getEnabledInterruptStatus            
00007445  __TI_writemsg                              
00007473  C$$IO$$                                    
0000747d  __aeabi_f2d                                
000074b5  Graphics_drawHorizontalLineOnDisplay       
000074eb  Graphics_drawVerticalLineOnDisplay         
00007521  strncpy                                    
00007559  ADC14_enableSampleTimer                    
0000758d  CS_setDCOCenteredFrequency                 
000075c1  Timer_A_configureContinuousMode            
000075f5  __TI_cleanup                               
00007629  __TI_readmsg                               
0000765d  _c_int00_noargs                            
00007691  ADC14_clearInterruptFlag                   
000076c1  ADC14_enableInterrupt                      
000076f1  CS_setReferenceOscillatorFrequency         
00007721  finddevice                                 
00007751  __aeabi_i2d                                
00007781  ADC14_getInterruptStatus                   
000077ad  ADC14_toggleConversionTrigger              
000077d9  Graphics_drawPixelOnDisplay                
00007805  Timer_A_clearCaptureCompareInterrupt       
00007831  remove                                     
00007831  unlink                                     
0000785d  ADC14_enableConversion                     
00007885  ADC14_getResult                            
000078ad  GPIO_clearInterruptFlag                    
000078d5  GPIO_enableInterrupt                       
000078fd  GPIO_setOutputHighOnPin                    
00007925  GPIO_setOutputLowOnPin                     
0000794d  GPIO_toggleOutputOnPin                     
0000799d  lseek                                      
000079c5  write                                      
000079ed  GPIO_getInterruptStatus                    
00007a11  WDT_A_holdTimer                            
00007a35  memchr                                     
00007a55  SPI_enableModule                           
00007a71  _abort_msg                                 
00007aa9  memccpy                                    
00007ac5  Graphics_clearDisplayOnDisplay             
00007adf  Graphics_setBackgroundColor                
00007af9  Graphics_setFont                           
00007b13  copysign                                   
00007b13  copysignl                                  
00007b2d  UART_getInterruptStatus                    
00007b45  strcmp                                     
00007b5d  EUSCI_A_SPI_enable                         
00007b73  EUSCI_B_SPI_enable                         
00007b89  Graphics_setForegroundColor                
00007b9f  Graphics_translateColorOnDisplay           
00007bb5  Timer_A_clearInterruptFlag                 
00007bcb  Timer_A_startCounter                       
00007be1  strchr                                     
00007bf9  PCM_getPowerState                          
00007c0d  strcpy                                     
00007c21  strlen                                     
00007c35  Graphics_clearDisplay                      
00007c47  wcslen                                     
00007c69  Interrupt_disableMaster                    
00007c79  Interrupt_disableSleepOnIsrExit            
00007c89  Interrupt_enableMaster                     
00007c99  Interrupt_enableSleepOnIsrExit             
00007ca9  PCM_setCoreVoltageLevel                    
00007cb9  PCM_setPowerMode                           
00007cc9  __TI_decompress_none                       
00007cd7  Reset_Handler                              
00007ce3  AES256_IRQHandler                          
00007ce3  BusFault_Handler                           
00007ce3  COMP_E0_IRQHandler                         
00007ce3  COMP_E1_IRQHandler                         
00007ce3  CS_IRQHandler                              
00007ce3  DMA_ERR_IRQHandler                         
00007ce3  DMA_INT0_IRQHandler                        
00007ce3  DMA_INT1_IRQHandler                        
00007ce3  DMA_INT2_IRQHandler                        
00007ce3  DMA_INT3_IRQHandler                        
00007ce3  DebugMon_Handler                           
00007ce3  Default_Handler                            
00007ce3  EUSCIA1_IRQHandler                         
00007ce3  EUSCIA3_IRQHandler                         
00007ce3  EUSCIB0_IRQHandler                         
00007ce3  EUSCIB1_IRQHandler                         
00007ce3  EUSCIB2_IRQHandler                         
00007ce3  EUSCIB3_IRQHandler                         
00007ce3  FLCTL_IRQHandler                           
00007ce3  FPU_IRQHandler                             
00007ce3  HardFault_Handler                          
00007ce3  MemManage_Handler                          
00007ce3  NMI_Handler                                
00007ce3  PCM_IRQHandler                             
00007ce3  PORT1_IRQHandler                           
00007ce3  PORT2_IRQHandler                           
00007ce3  PORT6_IRQHandler                           
00007ce3  PSS_IRQHandler                             
00007ce3  PendSV_Handler                             
00007ce3  RTC_C_IRQHandler                           
00007ce3  SVC_Handler                                
00007ce3  SysTick_Handler                            
00007ce3  T32_INT1_IRQHandler                        
00007ce3  T32_INT2_IRQHandler                        
00007ce3  T32_INTC_IRQHandler                        
00007ce3  TA0_0_IRQHandler                           
00007ce3  TA2_0_IRQHandler                           
00007ce3  TA2_N_IRQHandler                           
00007ce3  TA3_0_IRQHandler                           
00007ce3  TA3_N_IRQHandler                           
00007ce3  UsageFault_Handler                         
00007ce3  WDT_A_IRQHandler                           
00007ce5  ADC14_enableModule                         
00007cf1  CPU_cpsid                                  
00007cfd  CPU_cpsie                                  
00007d09  __TI_zero_init                             
00007d15  __aeabi_errno_addr                         
00007d1d  malloc                                     
00007d35  _system_pre_init                           
00007d39  C$$EXIT                                    
00007d39  abort                                      
0000d0b8  _ctypes_                                   
0000d1bc  g_sFontFixed6x8                            
0000d498  UART2Config                                
0000d4e0  g_sCrystalfontz128x128_funcs               
0000d51c  timerConfig                                
0000d534  bluetooth4BPP_UNCOMP                       
0000d544  claw8BPP_UNCOMP                            
0000d554  continuousModeConfig                       
0000d564  thumbsup4BPP_UNCOMP                        
0000d68c  __TI_Handler_Table_Base                    
0000d698  __TI_Handler_Table_Limit                   
0000d6a0  __TI_CINIT_Base                            
0000d6b0  __TI_CINIT_Limit                           
20000000  UARTA0Data                                 
20000000  __start___llvm_prf_cnts                    
20000000  __stop___llvm_prf_cnts                     
20000800  UARTA2Data                                 
20001400  clawMachine                                
200015a8  __CIOBUF_                                  
200016c8  __TI_tmpnams                               
20001768  g_sContext                                 
20001784  parmbuf                                    
20001796  Lcd_ScreenHeigth                           
20001798  UARTA0ReadIndex                            
2000179c  UARTA0WriteIndex                           
200017a0  UARTA2ReadIndex                            
200017a4  UARTA2WriteIndex                           
200017a8  Lcd_ScreenWidth                            
200017aa  Lcd_TouchTrim                              
200017ac  Lcd_FlagRead                               
200017ad  Lcd_FontSolid                              
200017ae  Lcd_Orientation                            
200017af  Lcd_PenSolid                               
200017b0  _sys_memory                                
20001bb0  _ftable                                    
20001ca0  _device                                    
20001d18  _stream                                    
20001d68  fsm                                        
20001d88  mfsm                                       
20001da0  servoTimerPWMConfig                        
20001db8  g_sCrystalfontz128x128                     
20001dc8  mainLoopTimerConfig                        
20001dd8  __TI_ft_end                                
20001ddc  __aeabi_stdin                              
20001de0  __aeabi_stdout                             
20001de4  __aeabi_stderr                             
20001de8  __TI_cleanup_ptr                           
20001dec  __TI_dtors_ptr                             
20001df0  __TI_enable_exit_profile_output            
20001df4  direction                                  
20001df8  direction_b                                
20001dfc  counter                                    
20001e00  _lock                                      
20001e04  _unlock                                    
20001e10  resultsBuffer                              
20001e14  errno                                      
20001e18  SystemCoreClock                            
20001e1c  current_mode                               
20001e1d  current_movement                           
20001e1e  event                                      
20001e1f  SELECTION                                  
2000fe00  __stack                                    
20010000  __STACK_END                                
4000480c  WDTCTL_SYM                                 
ffffffff  __TI_pprof_out_hndl                        
ffffffff  __TI_prof_data_size                        
ffffffff  __TI_prof_data_start                       
ffffffff  __binit__                                  
ffffffff  __c_args__                                 
ffffffff  binit                                      
UNDEFED   __mpu_init                                 
UNDEFED   _system_post_cinit                         

[391 symbols]
