******************************************************************************
                  TI ARM Linker PC v20.2.0                     
******************************************************************************
>> Linked Sun Feb  4 18:54:07 2024

OUTPUT FILE NAME:   <motors.out>
ENTRY POINT SYMBOL: "_c_int00_noargs"  address: 000018f1


MEMORY CONFIGURATION

         name            origin    length      used     unused   attr    fill
----------------------  --------  ---------  --------  --------  ----  --------
  MAIN                  00000000   00040000  00001e84  0003e17c  R  X
  INFO                  00200000   00004000  00000000  00004000  R  X
  SRAM_CODE             01000000   00010000  000003e4  0000fc1c  RW X
  SRAM_DATA             20000000   00010000  000003e4  0000fc1c  RW  


SEGMENT ALLOCATION MAP

run origin  load origin   length   init length attrs members
----------  ----------- ---------- ----------- ----- -------
00000000    00000000    00001e88   00001e88    r-x
  00000000    00000000    000000e4   000000e4    r-- .intvecs
  000000e4    000000e4    000019e8   000019e8    r-x .text
  00001ad0    00001ad0    00000378   00000378    r-- .const
  00001e48    00001e48    00000040   00000040    r-- .cinit
20000000    20000000    000001e4   00000000    rw-
  20000000    20000000    000001c8   00000000    rw- .bss
  200001c8    200001c8    0000001c   00000000    rw- .data
2000fe00    2000fe00    00000200   00000000    rw-
  2000fe00    2000fe00    00000200   00000000    rw- .stack


SECTION ALLOCATION MAP

 output                                  attributes/
section   page    origin      length       input sections
--------  ----  ----------  ----------   ----------------
.intvecs   0    00000000    000000e4     
                  00000000    000000e4     startup_msp432p401r_ccs.obj (.intvecs:retain)

.text      0    000000e4    000019e8     
                  000000e4    00000334     system_msp432p401r.obj (.text)
                  00000418    00000284     stepper.obj (.text)
                  0000069c    0000022c     blue_lib.obj (.text)
                  000008c8    00000200     claw_machine.obj (.text)
                  00000ac8    000001e0     main.obj (.text)
                  00000ca8    0000015c     msp432p4xx_driverlib.lib : pcm.o (.text:__PCM_setPowerModeAdvanced)
                  00000e04    00000144                              : timer_a.o (.text:privateTimer_AProcessClockSourceDivider)
                  00000f48    0000012c     servo.obj (.text)
                  00001074    0000011c     msp432p4xx_driverlib.lib : uart.o (.text:UART_initModule)
                  00001190    00000108                              : pcm.o (.text:__PCM_setCoreVoltageLevelAdvanced)
                  00001298    000000e8     cart.obj (.text)
                  00001380    0000009c     rtsv7M4_T_le_v4SPD16_eabi.lib : memcpy_t2.asm.obj (.text)
                  0000141c    00000088     msp432p4xx_driverlib.lib : gpio.o (.text:GPIO_setAsPeripheralModuleFunctionOutputPin)
                  000014a4    00000080                              : interrupt.o (.text:Interrupt_enableInterrupt)
                  00001524    00000068                              : timer_a.o (.text:Timer_A_configureUpMode)
                  0000158c    00000068     rtsv7M4_T_le_v4SPD16_eabi.lib : copy_decompress_lzss.c.obj (.text:decompress:lzss:__TI_decompress_lzss)
                  000015f4    00000064     msp432p4xx_driverlib.lib : uart.o (.text:UART_getEnabledInterruptStatus)
                  00001658    0000005e                              : pcm.o (.text:PCM_getCoreVoltageLevel)
                  000016b6    0000005a                              : pcm.o (.text:PCM_getPowerMode)
                  00001710    00000050     rtsv7M4_T_le_v4SPD16_eabi.lib : fs_toull_t2.asm.obj (.text)
                  00001760    0000004e     msp432p4xx_driverlib.lib : timer_a.o (.text:Timer_A_initCompare)
                  000017ae    00000002     --HOLE-- [fill = 0]
                  000017b0    00000048                              : flash.o (.text:FlashCtl_setWaitState)
                  000017f8    00000044     rtsv7M4_T_le_v4SPD16_eabi.lib : autoinit.c.obj (.text:__TI_auto_init_nobinit_nopinit:__TI_auto_init_nobinit_nopinit)
                  0000183c    00000040     msp432p4xx_driverlib.lib : gpio.o (.text:GPIO_setAsOutputPin)
                  0000187c    0000003e     config.obj (.text)
                  000018ba    00000002     --HOLE-- [fill = 0]
                  000018bc    00000034     msp432p4xx_driverlib.lib : cs.o (.text:CS_setDCOCenteredFrequency)
                  000018f0    00000034     rtsv7M4_T_le_v4SPD16_eabi.lib : boot_cortex_m.c.obj (.text:_c_int00_noargs:_c_int00_noargs)
                  00001924    0000002c     msp432p4xx_driverlib.lib : timer_a.o (.text:Timer_A_clearCaptureCompareInterrupt)
                  00001950    00000028                              : gpio.o (.text:GPIO_setOutputHighOnPin)
                  00001978    00000028                              : gpio.o (.text:GPIO_setOutputLowOnPin)
                  000019a0    00000028                              : gpio.o (.text:GPIO_toggleOutputOnPin)
                  000019c8    00000024                              : wdt_a.o (.text:WDT_A_holdTimer)
                  000019ec    0000001c     rtsv7M4_T_le_v4SPD16_eabi.lib : copy_zero_init.c.obj (.text:decompress:ZI:__TI_zero_init_nomemset:__TI_zero_init_nomemset)
                  00001a08    00000018     msp432p4xx_driverlib.lib : uart.o (.text:UART_getInterruptStatus)
                  00001a20    00000016                              : timer_a.o (.text:Timer_A_startCounter)
                  00001a36    00000002     --HOLE-- [fill = 0]
                  00001a38    00000014                              : pcm.o (.text:PCM_getPowerState)
                  00001a4c    00000010                              : interrupt.o (.text:Interrupt_disableSleepOnIsrExit)
                  00001a5c    00000010                              : interrupt.o (.text:Interrupt_enableMaster)
                  00001a6c    00000010                              : interrupt.o (.text:Interrupt_enableSleepOnIsrExit)
                  00001a7c    00000010                              : pcm.o (.text:PCM_setCoreVoltageLevel)
                  00001a8c    00000010                              : pcm.o (.text:PCM_setPowerMode)
                  00001a9c    0000000e     rtsv7M4_T_le_v4SPD16_eabi.lib : copy_decompress_none.c.obj (.text:decompress:none:__TI_decompress_none)
                  00001aaa    0000000e     startup_msp432p401r_ccs.obj (.text)
                  00001ab8    0000000c     msp432p4xx_driverlib.lib : cpu.o (.text:CPU_cpsie)
                  00001ac4    00000004     rtsv7M4_T_le_v4SPD16_eabi.lib : pre_init.c.obj (.text:_system_pre_init)
                  00001ac8    00000004                                   : exit.c.obj (.text:abort:abort)

.const     0    00001ad0    00000378     
                  00001ad0    000001c8     claw_machine.obj (.const:$P$T5$3)
                  00001c98    00000098     cart.obj (.const:$P$T1$1)
                  00001d30    00000048     stepper.obj (.const:$P$T11$6)
                  00001d78    00000030     msp432p4xx_driverlib.lib : gpio.o (.const:GPIO_PORT_TO_BASE)
                  00001da8    00000028     blue_lib.obj (.const:UART2Config)
                  00001dd0    00000020     servo.obj (.const:$P$T0$1)
                  00001df0    00000018     stepper.obj (.const:timerConfig)
                  00001e08    0000000c     claw_machine.obj (.const:$P$T4$2)
                  00001e14    0000000c     claw_machine.obj (.const:$P$T8$4)
                  00001e20    0000000c     claw_machine.obj (.const:$P$T9$5)
                  00001e2c    00000008     msp432p4xx_driverlib.lib : interrupt.o (.const:g_pulEnRegs)
                  00001e34    00000004     stepper.obj (.const:$P$T5$1)
                  00001e38    00000004     stepper.obj (.const:$P$T6$2)
                  00001e3c    00000004     stepper.obj (.const:$P$T7$3)
                  00001e40    00000004     stepper.obj (.const:$P$T8$4)
                  00001e44    00000004     stepper.obj (.const:$P$T9$5)

.cinit     0    00001e48    00000040     
                  00001e48    0000001b     (.cinit..data.load) [load image, compression = lzss]
                  00001e63    00000001     --HOLE-- [fill = 0]
                  00001e64    0000000c     (__TI_handler_table)
                  00001e70    00000008     (.cinit..bss.load) [load image, compression = zero_init]
                  00001e78    00000010     (__TI_cinit_table)

.init_array 
*          0    00000000    00000000     UNINITIALIZED

.binit     0    00000000    00000000     

.bss       0    20000000    000001c8     UNINITIALIZED
                  20000000    000001c8     (.common:clawMachine)

.data      0    200001c8    0000001c     UNINITIALIZED
                  200001c8    00000018     config.obj (.data:servoTimerPWMConfig)
                  200001e0    00000004     system_msp432p401r.obj (.data)

.stack     0    2000fe00    00000200     UNINITIALIZED
                  2000fe00    00000004     rtsv7M4_T_le_v4SPD16_eabi.lib : boot_cortex_m.c.obj (.stack)
                  2000fe04    000001fc     --HOLE--

__llvm_prf_cnts 
*          0    20000000    00000000     UNINITIALIZED

MODULE SUMMARY

       Module                        code   ro data   rw data
       ------                        ----   -------   -------
    .\
       main.obj                      480    0         912    
       system_msp432p401r.obj        820    0         8      
       startup_msp432p401r_ccs.obj   14     228       0      
    +--+-----------------------------+------+---------+---------+
       Total:                        1314   228       920    
                                                             
    .\bluetooth\bluetooth_lib\
       blue_lib.obj                  556    40        0      
    +--+-----------------------------+------+---------+---------+
       Total:                        556    40        0      
                                                             
    .\claw_machine_driver\
       claw_machine.obj              512    492       0      
       cart.obj                      232    152       0      
       config.obj                    62     0         48     
    +--+-----------------------------+------+---------+---------+
       Total:                        806    644       48     
                                                             
    .\claw_machine_driver\hardware\
       stepper.obj                   644    116       0      
       servo.obj                     300    32        0      
    +--+-----------------------------+------+---------+---------+
       Total:                        944    148       0      
                                                             
    C:/Users/HUAWEI/Desktop/msp432Library/source/ti/devices/msp432p4xx/driverlib/ccs/msp432p4xx_driverlib.lib
       pcm.o                         848    0         0      
       timer_a.o                     572    0         0      
       uart.o                        408    0         0      
       gpio.o                        320    48        0      
       interrupt.o                   176    8         0      
       flash.o                       72     0         0      
       cs.o                          52     0         0      
       wdt_a.o                       36     0         0      
       cpu.o                         12     0         0      
    +--+-----------------------------+------+---------+---------+
       Total:                        2496   56        0      
                                                             
    C:\CCS\ccs\tools\compiler\ti-cgt-arm_20.2.0.LTS\lib\rtsv7M4_T_le_v4SPD16_eabi.lib
       memcpy_t2.asm.obj             156    0         0      
       copy_decompress_lzss.c.obj    104    0         0      
       fs_toull_t2.asm.obj           80     0         0      
       autoinit.c.obj                68     0         0      
       boot_cortex_m.c.obj           52     0         0      
       copy_zero_init.c.obj          28     0         0      
       copy_decompress_none.c.obj    14     0         0      
       exit.c.obj                    4      0         0      
       pre_init.c.obj                4      0         0      
    +--+-----------------------------+------+---------+---------+
       Total:                        510    0         0      
                                                             
       Stack:                        0      0         1024   
       Linker Generated:             0      63        0      
    +--+-----------------------------+------+---------+---------+
       Grand Total:                  6626   1179      1992   


LINKER GENERATED COPY TABLES

__TI_cinit_table @ 00001e78 records: 2, size/record: 8, table size: 16
	.data: load addr=00001e48, load size=0000001b bytes, run addr=200001c8, run size=0000001c bytes, compression=lzss
	.bss: load addr=00001e70, load size=00000008 bytes, run addr=20000000, run size=000001c8 bytes, compression=zero_init


LINKER GENERATED HANDLER TABLE

__TI_handler_table @ 00001e64 records: 3, size/record: 4, table size: 12
	index: 0, handler: __TI_decompress_lzss
	index: 1, handler: __TI_decompress_none
	index: 2, handler: __TI_zero_init


GLOBAL SYMBOLS: SORTED ALPHABETICALLY BY Name 

address   name                                       
-------   ----                                       
00001ab7  ADC14_IRQHandler                           
00001ab7  AES256_IRQHandler                          
00001ab7  BusFault_Handler                           
00001ac9  C$$EXIT                                    
00001ab7  COMP_E0_IRQHandler                         
00001ab7  COMP_E1_IRQHandler                         
00001ab9  CPU_cpsie                                  
00001ab7  CS_IRQHandler                              
000018bd  CS_setDCOCenteredFrequency                 
00001299  Cart_INIT                                  
00001331  Cart_goTo                                  
000012d9  Cart_setSpeed                              
000012fd  Cart_tryMove                               
000008c9  Claw_INIT                                  
00000a43  Claw_getCurrentPosition                    
00000a25  Claw_setGripperSpeed                       
000009b1  Claw_setManualMode                         
00000951  Claw_setTargetMode                         
000009d1  Claw_setXSpeed                             
000009ed  Claw_setYSpeed                             
00000a07  Claw_setZSpeed                             
00000a65  Claw_tryMove                               
00000933  Claw_updateTargetValue                     
00001ab7  DMA_ERR_IRQHandler                         
00001ab7  DMA_INT0_IRQHandler                        
00001ab7  DMA_INT1_IRQHandler                        
00001ab7  DMA_INT2_IRQHandler                        
00001ab7  DMA_INT3_IRQHandler                        
00001ab7  DebugMon_Handler                           
00001ab7  Default_Handler                            
00001ab7  EUSCIA0_IRQHandler                         
00001ab7  EUSCIA1_IRQHandler                         
00000c57  EUSCIA2_IRQHandler                         
00000c57  EUSCIA2_IRQHandler                         
00001ab7  EUSCIA3_IRQHandler                         
00001ab7  EUSCIB0_IRQHandler                         
00001ab7  EUSCIB1_IRQHandler                         
00001ab7  EUSCIB2_IRQHandler                         
00001ab7  EUSCIB3_IRQHandler                         
00001ab7  FLCTL_IRQHandler                           
00001ab7  FPU_IRQHandler                             
000017b1  FlashCtl_setWaitState                      
0000183d  GPIO_setAsOutputPin                        
0000141d  GPIO_setAsPeripheralModuleFunctionOutputPin
00001951  GPIO_setOutputHighOnPin                    
00001979  GPIO_setOutputLowOnPin                     
0000187d  GPIO_setOutputOnPin                        
000019a1  GPIO_toggleOutputOnPin                     
00001ab7  HardFault_Handler                          
00001a4d  Interrupt_disableSleepOnIsrExit            
000014a5  Interrupt_enableInterrupt                  
00001a5d  Interrupt_enableMaster                     
00001a6d  Interrupt_enableSleepOnIsrExit             
00001ab7  MemManage_Handler                          
00001ab7  NMI_Handler                                
00001ab7  PCM_IRQHandler                             
00001659  PCM_getCoreVoltageLevel                    
000016b7  PCM_getPowerMode                           
00001a39  PCM_getPowerState                          
00001a7d  PCM_setCoreVoltageLevel                    
00001a8d  PCM_setPowerMode                           
00001ab7  PORT1_IRQHandler                           
00001ab7  PORT2_IRQHandler                           
00001ab7  PORT3_IRQHandler                           
00001ab7  PORT4_IRQHandler                           
00001ab7  PORT5_IRQHandler                           
00001ab7  PORT6_IRQHandler                           
00001ab7  PSS_IRQHandler                             
00001ab7  PendSV_Handler                             
00001ab7  RTC_C_IRQHandler                           
00001aab  Reset_Handler                              
00001ab7  SVC_Handler                                
00000f49  Servo_INIT                                 
00000f91  Servo_setSpeed                             
00000fff  Servo_tryMove                              
0000046f  Stepper_INIT                               
000004d5  Stepper_setSpeed                           
0000057f  Stepper_shouldMoveAfterIncrement           
000005cd  Stepper_tryMove                            
00001ab7  SysTick_Handler                            
200001e0  SystemCoreClock                            
000000e5  SystemCoreClockUpdate                      
0000035d  SystemInit                                 
00001ab7  T32_INT1_IRQHandler                        
00001ab7  T32_INT2_IRQHandler                        
00001ab7  T32_INTC_IRQHandler                        
00001ab7  TA0_0_IRQHandler                           
00001ab7  TA0_N_IRQHandler                           
00000c45  TA1_0_IRQHandler                           
00000c45  TA1_0_IRQHandler                           
00001ab7  TA1_N_IRQHandler                           
00001ab7  TA2_0_IRQHandler                           
00001ab7  TA2_N_IRQHandler                           
00001ab7  TA3_0_IRQHandler                           
00001ab7  TA3_N_IRQHandler                           
00001925  Timer_A_clearCaptureCompareInterrupt       
00001525  Timer_A_configureUpMode                    
00001761  Timer_A_initCompare                        
00001a21  Timer_A_startCounter                       
00001da8  UART2Config                                
000015f5  UART_getEnabledInterruptStatus             
00001a09  UART_getInterruptStatus                    
00001075  UART_initModule                            
00001ab7  UsageFault_Handler                         
4000480c  WDTCTL_SYM                                 
00001ab7  WDT_A_IRQHandler                           
000019c9  WDT_A_holdTimer                            
20010000  __STACK_END                                
00000200  __STACK_SIZE                               
00001e78  __TI_CINIT_Base                            
00001e88  __TI_CINIT_Limit                           
00001e64  __TI_Handler_Table_Base                    
00001e70  __TI_Handler_Table_Limit                   
000017f9  __TI_auto_init_nobinit_nopinit             
0000158d  __TI_decompress_lzss                       
00001a9d  __TI_decompress_none                       
ffffffff  __TI_pprof_out_hndl                        
ffffffff  __TI_prof_data_size                        
ffffffff  __TI_prof_data_start                       
00000000  __TI_static_base__                         
000019ed  __TI_zero_init_nomemset                    
00001711  __aeabi_f2ulz                              
00001381  __aeabi_memcpy                             
00001381  __aeabi_memcpy4                            
00001381  __aeabi_memcpy8                            
ffffffff  __binit__                                  
ffffffff  __c_args__                                 
UNDEFED   __mpu_init                                 
2000fe00  __stack                                    
20000000  __start___llvm_prf_cnts                    
20000000  __stop___llvm_prf_cnts                     
000018f1  _c_int00_noargs                            
UNDEFED   _system_post_cinit                         
00001ac5  _system_pre_init                           
00001ac9  abort                                      
ffffffff  binit                                      
000006b5  bluetoothHardwareInit                      
20000000  clawMachine                                
00000adf  configureMotorsTimer_UpMode                
00000afd  init                                       
0000071d  interpretCommand                           
0000075d  interpretMovement                          
00000863  interpretTarget                            
00000000  interruptVectors                           
00000ac9  main                                       
00001381  memcpy                                     
000006f7  motorSideSettings                          
0000069d  sendToBluetooh                             
200001c8  servoTimerPWMConfig                        
00000419  step                                       
00001df0  timerConfig                                


GLOBAL SYMBOLS: SORTED BY Symbol Address 

address   name                                       
-------   ----                                       
00000000  __TI_static_base__                         
00000000  interruptVectors                           
000000e5  SystemCoreClockUpdate                      
00000200  __STACK_SIZE                               
0000035d  SystemInit                                 
00000419  step                                       
0000046f  Stepper_INIT                               
000004d5  Stepper_setSpeed                           
0000057f  Stepper_shouldMoveAfterIncrement           
000005cd  Stepper_tryMove                            
0000069d  sendToBluetooh                             
000006b5  bluetoothHardwareInit                      
000006f7  motorSideSettings                          
0000071d  interpretCommand                           
0000075d  interpretMovement                          
00000863  interpretTarget                            
000008c9  Claw_INIT                                  
00000933  Claw_updateTargetValue                     
00000951  Claw_setTargetMode                         
000009b1  Claw_setManualMode                         
000009d1  Claw_setXSpeed                             
000009ed  Claw_setYSpeed                             
00000a07  Claw_setZSpeed                             
00000a25  Claw_setGripperSpeed                       
00000a43  Claw_getCurrentPosition                    
00000a65  Claw_tryMove                               
00000ac9  main                                       
00000adf  configureMotorsTimer_UpMode                
00000afd  init                                       
00000c45  TA1_0_IRQHandler                           
00000c45  TA1_0_IRQHandler                           
00000c57  EUSCIA2_IRQHandler                         
00000c57  EUSCIA2_IRQHandler                         
00000f49  Servo_INIT                                 
00000f91  Servo_setSpeed                             
00000fff  Servo_tryMove                              
00001075  UART_initModule                            
00001299  Cart_INIT                                  
000012d9  Cart_setSpeed                              
000012fd  Cart_tryMove                               
00001331  Cart_goTo                                  
00001381  __aeabi_memcpy                             
00001381  __aeabi_memcpy4                            
00001381  __aeabi_memcpy8                            
00001381  memcpy                                     
0000141d  GPIO_setAsPeripheralModuleFunctionOutputPin
000014a5  Interrupt_enableInterrupt                  
00001525  Timer_A_configureUpMode                    
0000158d  __TI_decompress_lzss                       
000015f5  UART_getEnabledInterruptStatus             
00001659  PCM_getCoreVoltageLevel                    
000016b7  PCM_getPowerMode                           
00001711  __aeabi_f2ulz                              
00001761  Timer_A_initCompare                        
000017b1  FlashCtl_setWaitState                      
000017f9  __TI_auto_init_nobinit_nopinit             
0000183d  GPIO_setAsOutputPin                        
0000187d  GPIO_setOutputOnPin                        
000018bd  CS_setDCOCenteredFrequency                 
000018f1  _c_int00_noargs                            
00001925  Timer_A_clearCaptureCompareInterrupt       
00001951  GPIO_setOutputHighOnPin                    
00001979  GPIO_setOutputLowOnPin                     
000019a1  GPIO_toggleOutputOnPin                     
000019c9  WDT_A_holdTimer                            
000019ed  __TI_zero_init_nomemset                    
00001a09  UART_getInterruptStatus                    
00001a21  Timer_A_startCounter                       
00001a39  PCM_getPowerState                          
00001a4d  Interrupt_disableSleepOnIsrExit            
00001a5d  Interrupt_enableMaster                     
00001a6d  Interrupt_enableSleepOnIsrExit             
00001a7d  PCM_setCoreVoltageLevel                    
00001a8d  PCM_setPowerMode                           
00001a9d  __TI_decompress_none                       
00001aab  Reset_Handler                              
00001ab7  ADC14_IRQHandler                           
00001ab7  AES256_IRQHandler                          
00001ab7  BusFault_Handler                           
00001ab7  COMP_E0_IRQHandler                         
00001ab7  COMP_E1_IRQHandler                         
00001ab7  CS_IRQHandler                              
00001ab7  DMA_ERR_IRQHandler                         
00001ab7  DMA_INT0_IRQHandler                        
00001ab7  DMA_INT1_IRQHandler                        
00001ab7  DMA_INT2_IRQHandler                        
00001ab7  DMA_INT3_IRQHandler                        
00001ab7  DebugMon_Handler                           
00001ab7  Default_Handler                            
00001ab7  EUSCIA0_IRQHandler                         
00001ab7  EUSCIA1_IRQHandler                         
00001ab7  EUSCIA3_IRQHandler                         
00001ab7  EUSCIB0_IRQHandler                         
00001ab7  EUSCIB1_IRQHandler                         
00001ab7  EUSCIB2_IRQHandler                         
00001ab7  EUSCIB3_IRQHandler                         
00001ab7  FLCTL_IRQHandler                           
00001ab7  FPU_IRQHandler                             
00001ab7  HardFault_Handler                          
00001ab7  MemManage_Handler                          
00001ab7  NMI_Handler                                
00001ab7  PCM_IRQHandler                             
00001ab7  PORT1_IRQHandler                           
00001ab7  PORT2_IRQHandler                           
00001ab7  PORT3_IRQHandler                           
00001ab7  PORT4_IRQHandler                           
00001ab7  PORT5_IRQHandler                           
00001ab7  PORT6_IRQHandler                           
00001ab7  PSS_IRQHandler                             
00001ab7  PendSV_Handler                             
00001ab7  RTC_C_IRQHandler                           
00001ab7  SVC_Handler                                
00001ab7  SysTick_Handler                            
00001ab7  T32_INT1_IRQHandler                        
00001ab7  T32_INT2_IRQHandler                        
00001ab7  T32_INTC_IRQHandler                        
00001ab7  TA0_0_IRQHandler                           
00001ab7  TA0_N_IRQHandler                           
00001ab7  TA1_N_IRQHandler                           
00001ab7  TA2_0_IRQHandler                           
00001ab7  TA2_N_IRQHandler                           
00001ab7  TA3_0_IRQHandler                           
00001ab7  TA3_N_IRQHandler                           
00001ab7  UsageFault_Handler                         
00001ab7  WDT_A_IRQHandler                           
00001ab9  CPU_cpsie                                  
00001ac5  _system_pre_init                           
00001ac9  C$$EXIT                                    
00001ac9  abort                                      
00001da8  UART2Config                                
00001df0  timerConfig                                
00001e64  __TI_Handler_Table_Base                    
00001e70  __TI_Handler_Table_Limit                   
00001e78  __TI_CINIT_Base                            
00001e88  __TI_CINIT_Limit                           
20000000  __start___llvm_prf_cnts                    
20000000  __stop___llvm_prf_cnts                     
20000000  clawMachine                                
200001c8  servoTimerPWMConfig                        
200001e0  SystemCoreClock                            
2000fe00  __stack                                    
20010000  __STACK_END                                
4000480c  WDTCTL_SYM                                 
ffffffff  __TI_pprof_out_hndl                        
ffffffff  __TI_prof_data_size                        
ffffffff  __TI_prof_data_start                       
ffffffff  __binit__                                  
ffffffff  __c_args__                                 
ffffffff  binit                                      
UNDEFED   __mpu_init                                 
UNDEFED   _system_post_cinit                         

[151 symbols]
