<?xml version="1.0" encoding="ISO-8859-1" ?>
<link_info>
   <banner>TI ARM Linker PC v20.2.0.LTS</banner>
   <copyright>Copyright (c) 1996-2018 Texas Instruments Incorporated</copyright>
   <link_time>0x65bfcf3f</link_time>
   <link_errors>0x0</link_errors>
   <output_file>motors.out</output_file>
   <entry_point>
      <name>_c_int00_noargs</name>
      <address>0x18f1</address>
   </entry_point>
   <input_file_list>
      <input_file id="fl-2">
         <path>.\</path>
         <kind>object</kind>
         <file>main.obj</file>
         <name>main.obj</name>
      </input_file>
      <input_file id="fl-3">
         <path>.\</path>
         <kind>object</kind>
         <file>startup_msp432p401r_ccs.obj</file>
         <name>startup_msp432p401r_ccs.obj</name>
      </input_file>
      <input_file id="fl-4">
         <path>.\</path>
         <kind>object</kind>
         <file>system_msp432p401r.obj</file>
         <name>system_msp432p401r.obj</name>
      </input_file>
      <input_file id="fl-5">
         <path>.\bluetooth\bluetooth_lib\</path>
         <kind>object</kind>
         <file>bit_operations.obj</file>
         <name>bit_operations.obj</name>
      </input_file>
      <input_file id="fl-6">
         <path>.\bluetooth\bluetooth_lib\</path>
         <kind>object</kind>
         <file>blue_lib.obj</file>
         <name>blue_lib.obj</name>
      </input_file>
      <input_file id="fl-7">
         <path>.\claw_machine_driver\</path>
         <kind>object</kind>
         <file>cart.obj</file>
         <name>cart.obj</name>
      </input_file>
      <input_file id="fl-8">
         <path>.\claw_machine_driver\</path>
         <kind>object</kind>
         <file>claw_machine.obj</file>
         <name>claw_machine.obj</name>
      </input_file>
      <input_file id="fl-9">
         <path>.\claw_machine_driver\</path>
         <kind>object</kind>
         <file>config.obj</file>
         <name>config.obj</name>
      </input_file>
      <input_file id="fl-a">
         <path>.\claw_machine_driver\hardware\</path>
         <kind>object</kind>
         <file>servo.obj</file>
         <name>servo.obj</name>
      </input_file>
      <input_file id="fl-b">
         <path>.\claw_machine_driver\hardware\</path>
         <kind>object</kind>
         <file>stepper.obj</file>
         <name>stepper.obj</name>
      </input_file>
      <input_file id="fl-10">
         <kind>object</kind>
         <file>&lt;internal&gt;</file>
         <name>&lt;internal&gt;</name>
      </input_file>
      <input_file id="fl-c6">
         <path>C:\CCS\ccs\tools\compiler\ti-cgt-arm_20.2.0.LTS\lib\</path>
         <kind>archive</kind>
         <file>rtsv7M4_T_le_v4SPD16_eabi.lib</file>
         <name>fs_toull_t2.asm.obj</name>
      </input_file>
      <input_file id="fl-c7">
         <path>C:\CCS\ccs\tools\compiler\ti-cgt-arm_20.2.0.LTS\lib\</path>
         <kind>archive</kind>
         <file>rtsv7M4_T_le_v4SPD16_eabi.lib</file>
         <name>memcpy_t2.asm.obj</name>
      </input_file>
      <input_file id="fl-c8">
         <path>C:\CCS\ccs\tools\compiler\ti-cgt-arm_20.2.0.LTS\lib\</path>
         <kind>archive</kind>
         <file>rtsv7M4_T_le_v4SPD16_eabi.lib</file>
         <name>copy_zero_init.c.obj</name>
      </input_file>
      <input_file id="fl-c9">
         <path>C:\CCS\ccs\tools\compiler\ti-cgt-arm_20.2.0.LTS\lib\</path>
         <kind>archive</kind>
         <file>rtsv7M4_T_le_v4SPD16_eabi.lib</file>
         <name>copy_decompress_none.c.obj</name>
      </input_file>
      <input_file id="fl-ca">
         <path>C:\CCS\ccs\tools\compiler\ti-cgt-arm_20.2.0.LTS\lib\</path>
         <kind>archive</kind>
         <file>rtsv7M4_T_le_v4SPD16_eabi.lib</file>
         <name>copy_decompress_lzss.c.obj</name>
      </input_file>
      <input_file id="fl-cb">
         <path>C:\CCS\ccs\tools\compiler\ti-cgt-arm_20.2.0.LTS\lib\</path>
         <kind>archive</kind>
         <file>rtsv7M4_T_le_v4SPD16_eabi.lib</file>
         <name>boot_cortex_m.c.obj</name>
      </input_file>
      <input_file id="fl-cc">
         <path>C:\CCS\ccs\tools\compiler\ti-cgt-arm_20.2.0.LTS\lib\</path>
         <kind>archive</kind>
         <file>rtsv7M4_T_le_v4SPD16_eabi.lib</file>
         <name>memset_t2.asm.obj</name>
      </input_file>
      <input_file id="fl-cd">
         <path>C:\CCS\ccs\tools\compiler\ti-cgt-arm_20.2.0.LTS\lib\</path>
         <kind>archive</kind>
         <file>rtsv7M4_T_le_v4SPD16_eabi.lib</file>
         <name>autoinit.c.obj</name>
      </input_file>
      <input_file id="fl-ce">
         <path>C:\CCS\ccs\tools\compiler\ti-cgt-arm_20.2.0.LTS\lib\</path>
         <kind>archive</kind>
         <file>rtsv7M4_T_le_v4SPD16_eabi.lib</file>
         <name>pre_init.c.obj</name>
      </input_file>
      <input_file id="fl-cf">
         <path>C:\CCS\ccs\tools\compiler\ti-cgt-arm_20.2.0.LTS\lib\</path>
         <kind>archive</kind>
         <file>rtsv7M4_T_le_v4SPD16_eabi.lib</file>
         <name>cpy_tbl.c.obj</name>
      </input_file>
      <input_file id="fl-d0">
         <path>C:\CCS\ccs\tools\compiler\ti-cgt-arm_20.2.0.LTS\lib\</path>
         <kind>archive</kind>
         <file>rtsv7M4_T_le_v4SPD16_eabi.lib</file>
         <name>exit.c.obj</name>
      </input_file>
      <input_file id="fl-d1">
         <path>C:\CCS\ccs\tools\compiler\ti-cgt-arm_20.2.0.LTS\lib\</path>
         <kind>archive</kind>
         <file>rtsv7M4_T_le_v4SPD16_eabi.lib</file>
         <name>_lock.c.obj</name>
      </input_file>
      <input_file id="fl-d2">
         <path>C:\CCS\ccs\tools\compiler\ti-cgt-arm_20.2.0.LTS\lib\</path>
         <kind>archive</kind>
         <file>rtsv7M4_T_le_v4SPD16_eabi.lib</file>
         <name>args_main.c.obj</name>
      </input_file>
      <input_file id="fl-d3">
         <path>C:\Users\HUAWEI\Desktop\msp432Library\source\ti\devices\msp432p4xx\driverlib\ccs\</path>
         <kind>archive</kind>
         <file>msp432p4xx_driverlib.lib</file>
         <name>cs.o</name>
      </input_file>
      <input_file id="fl-d4">
         <path>C:\Users\HUAWEI\Desktop\msp432Library\source\ti\devices\msp432p4xx\driverlib\ccs\</path>
         <kind>archive</kind>
         <file>msp432p4xx_driverlib.lib</file>
         <name>flash.o</name>
      </input_file>
      <input_file id="fl-d5">
         <path>C:\Users\HUAWEI\Desktop\msp432Library\source\ti\devices\msp432p4xx\driverlib\ccs\</path>
         <kind>archive</kind>
         <file>msp432p4xx_driverlib.lib</file>
         <name>gpio.o</name>
      </input_file>
      <input_file id="fl-d6">
         <path>C:\Users\HUAWEI\Desktop\msp432Library\source\ti\devices\msp432p4xx\driverlib\ccs\</path>
         <kind>archive</kind>
         <file>msp432p4xx_driverlib.lib</file>
         <name>interrupt.o</name>
      </input_file>
      <input_file id="fl-d7">
         <path>C:\Users\HUAWEI\Desktop\msp432Library\source\ti\devices\msp432p4xx\driverlib\ccs\</path>
         <kind>archive</kind>
         <file>msp432p4xx_driverlib.lib</file>
         <name>pcm.o</name>
      </input_file>
      <input_file id="fl-d8">
         <path>C:\Users\HUAWEI\Desktop\msp432Library\source\ti\devices\msp432p4xx\driverlib\ccs\</path>
         <kind>archive</kind>
         <file>msp432p4xx_driverlib.lib</file>
         <name>rtc_c.o</name>
      </input_file>
      <input_file id="fl-d9">
         <path>C:\Users\HUAWEI\Desktop\msp432Library\source\ti\devices\msp432p4xx\driverlib\ccs\</path>
         <kind>archive</kind>
         <file>msp432p4xx_driverlib.lib</file>
         <name>sysctl.o</name>
      </input_file>
      <input_file id="fl-da">
         <path>C:\Users\HUAWEI\Desktop\msp432Library\source\ti\devices\msp432p4xx\driverlib\ccs\</path>
         <kind>archive</kind>
         <file>msp432p4xx_driverlib.lib</file>
         <name>sysctl_a.o</name>
      </input_file>
      <input_file id="fl-db">
         <path>C:\Users\HUAWEI\Desktop\msp432Library\source\ti\devices\msp432p4xx\driverlib\ccs\</path>
         <kind>archive</kind>
         <file>msp432p4xx_driverlib.lib</file>
         <name>timer_a.o</name>
      </input_file>
      <input_file id="fl-dc">
         <path>C:\Users\HUAWEI\Desktop\msp432Library\source\ti\devices\msp432p4xx\driverlib\ccs\</path>
         <kind>archive</kind>
         <file>msp432p4xx_driverlib.lib</file>
         <name>uart.o</name>
      </input_file>
      <input_file id="fl-dd">
         <path>C:\Users\HUAWEI\Desktop\msp432Library\source\ti\devices\msp432p4xx\driverlib\ccs\</path>
         <kind>archive</kind>
         <file>msp432p4xx_driverlib.lib</file>
         <name>wdt_a.o</name>
      </input_file>
      <input_file id="fl-de">
         <path>C:\Users\HUAWEI\Desktop\msp432Library\source\ti\devices\msp432p4xx\driverlib\ccs\</path>
         <kind>archive</kind>
         <file>msp432p4xx_driverlib.lib</file>
         <name>cpu.o</name>
      </input_file>
   </input_file_list>
   <object_component_list>
      <object_component id="oc-26">
         <name>.intvecs:retain</name>
         <load_address>0x0</load_address>
         <run_address>0x0</run_address>
         <size>0xe4</size>
         <input_file_ref idref="fl-3"/>
      </object_component>
      <object_component id="oc-a5">
         <name>.text</name>
         <load_address>0xe4</load_address>
         <run_address>0xe4</run_address>
         <size>0x334</size>
         <input_file_ref idref="fl-4"/>
      </object_component>
      <object_component id="oc-d0">
         <name>.text</name>
         <load_address>0x418</load_address>
         <run_address>0x418</run_address>
         <size>0x284</size>
         <input_file_ref idref="fl-b"/>
      </object_component>
      <object_component id="oc-b2">
         <name>.text</name>
         <load_address>0x69c</load_address>
         <run_address>0x69c</run_address>
         <size>0x22c</size>
         <input_file_ref idref="fl-6"/>
      </object_component>
      <object_component id="oc-dc">
         <name>.text</name>
         <load_address>0x8c8</load_address>
         <run_address>0x8c8</run_address>
         <size>0x200</size>
         <input_file_ref idref="fl-8"/>
      </object_component>
      <object_component id="oc-6d">
         <name>.text</name>
         <load_address>0xac8</load_address>
         <run_address>0xac8</run_address>
         <size>0x1e0</size>
         <input_file_ref idref="fl-2"/>
      </object_component>
      <object_component id="oc-338">
         <name>.text:__PCM_setPowerModeAdvanced</name>
         <load_address>0xca8</load_address>
         <run_address>0xca8</run_address>
         <size>0x15c</size>
         <input_file_ref idref="fl-d7"/>
      </object_component>
      <object_component id="oc-191">
         <name>.text:privateTimer_AProcessClockSourceDivider</name>
         <load_address>0xe04</load_address>
         <run_address>0xe04</run_address>
         <size>0x144</size>
         <input_file_ref idref="fl-db"/>
      </object_component>
      <object_component id="oc-1dd">
         <name>.text</name>
         <load_address>0xf48</load_address>
         <run_address>0xf48</run_address>
         <size>0x12c</size>
         <input_file_ref idref="fl-a"/>
      </object_component>
      <object_component id="oc-16f">
         <name>.text:UART_initModule</name>
         <load_address>0x1074</load_address>
         <run_address>0x1074</run_address>
         <size>0x11c</size>
         <input_file_ref idref="fl-dc"/>
      </object_component>
      <object_component id="oc-246">
         <name>.text:__PCM_setCoreVoltageLevelAdvanced</name>
         <load_address>0x1190</load_address>
         <run_address>0x1190</run_address>
         <size>0x108</size>
         <input_file_ref idref="fl-d7"/>
      </object_component>
      <object_component id="oc-d6">
         <name>.text</name>
         <load_address>0x1298</load_address>
         <run_address>0x1298</run_address>
         <size>0xe8</size>
         <input_file_ref idref="fl-7"/>
      </object_component>
      <object_component id="oc-37">
         <name>.text</name>
         <load_address>0x1380</load_address>
         <run_address>0x1380</run_address>
         <size>0x9c</size>
         <input_file_ref idref="fl-c7"/>
      </object_component>
      <object_component id="oc-2a5">
         <name>.text:GPIO_setAsPeripheralModuleFunctionOutputPin</name>
         <load_address>0x141c</load_address>
         <run_address>0x141c</run_address>
         <size>0x88</size>
         <input_file_ref idref="fl-d5"/>
      </object_component>
      <object_component id="oc-c4">
         <name>.text:Interrupt_enableInterrupt</name>
         <load_address>0x14a4</load_address>
         <run_address>0x14a4</run_address>
         <size>0x80</size>
         <input_file_ref idref="fl-d6"/>
      </object_component>
      <object_component id="oc-b8">
         <name>.text:Timer_A_configureUpMode</name>
         <load_address>0x1524</load_address>
         <run_address>0x1524</run_address>
         <size>0x68</size>
         <input_file_ref idref="fl-db"/>
      </object_component>
      <object_component id="oc-17">
         <name>.text:decompress:lzss:__TI_decompress_lzss</name>
         <load_address>0x158c</load_address>
         <run_address>0x158c</run_address>
         <size>0x68</size>
         <input_file_ref idref="fl-ca"/>
      </object_component>
      <object_component id="oc-ee">
         <name>.text:UART_getEnabledInterruptStatus</name>
         <load_address>0x15f4</load_address>
         <run_address>0x15f4</run_address>
         <size>0x64</size>
         <input_file_ref idref="fl-dc"/>
      </object_component>
      <object_component id="oc-2f7">
         <name>.text:PCM_getCoreVoltageLevel</name>
         <load_address>0x1658</load_address>
         <run_address>0x1658</run_address>
         <size>0x5e</size>
         <input_file_ref idref="fl-d7"/>
      </object_component>
      <object_component id="oc-2f1">
         <name>.text:PCM_getPowerMode</name>
         <load_address>0x16b6</load_address>
         <run_address>0x16b6</run_address>
         <size>0x5a</size>
         <input_file_ref idref="fl-d7"/>
      </object_component>
      <object_component id="oc-1aa">
         <name>.text</name>
         <load_address>0x1710</load_address>
         <run_address>0x1710</run_address>
         <size>0x50</size>
         <input_file_ref idref="fl-c6"/>
      </object_component>
      <object_component id="oc-2ab">
         <name>.text:Timer_A_initCompare</name>
         <load_address>0x1760</load_address>
         <run_address>0x1760</run_address>
         <size>0x4e</size>
         <input_file_ref idref="fl-db"/>
      </object_component>
      <object_component id="oc-175">
         <name>.text:FlashCtl_setWaitState</name>
         <load_address>0x17b0</load_address>
         <run_address>0x17b0</run_address>
         <size>0x48</size>
         <input_file_ref idref="fl-d4"/>
      </object_component>
      <object_component id="oc-133">
         <name>.text:__TI_auto_init_nobinit_nopinit:__TI_auto_init_nobinit_nopinit</name>
         <load_address>0x17f8</load_address>
         <run_address>0x17f8</run_address>
         <size>0x44</size>
         <input_file_ref idref="fl-cd"/>
      </object_component>
      <object_component id="oc-1a4">
         <name>.text:GPIO_setAsOutputPin</name>
         <load_address>0x183c</load_address>
         <run_address>0x183c</run_address>
         <size>0x40</size>
         <input_file_ref idref="fl-d5"/>
      </object_component>
      <object_component id="oc-1af">
         <name>.text</name>
         <load_address>0x187c</load_address>
         <run_address>0x187c</run_address>
         <size>0x3e</size>
         <input_file_ref idref="fl-9"/>
      </object_component>
      <object_component id="oc-181">
         <name>.text:CS_setDCOCenteredFrequency</name>
         <load_address>0x18bc</load_address>
         <run_address>0x18bc</run_address>
         <size>0x34</size>
         <input_file_ref idref="fl-d3"/>
      </object_component>
      <object_component id="oc-55">
         <name>.text:_c_int00_noargs:_c_int00_noargs</name>
         <load_address>0x18f0</load_address>
         <run_address>0x18f0</run_address>
         <size>0x34</size>
         <input_file_ref idref="fl-cb"/>
      </object_component>
      <object_component id="oc-e8">
         <name>.text:Timer_A_clearCaptureCompareInterrupt</name>
         <load_address>0x1924</load_address>
         <run_address>0x1924</run_address>
         <size>0x2c</size>
         <input_file_ref idref="fl-db"/>
      </object_component>
      <object_component id="oc-276">
         <name>.text:GPIO_setOutputHighOnPin</name>
         <load_address>0x1950</load_address>
         <run_address>0x1950</run_address>
         <size>0x28</size>
         <input_file_ref idref="fl-d5"/>
      </object_component>
      <object_component id="oc-27c">
         <name>.text:GPIO_setOutputLowOnPin</name>
         <load_address>0x1978</load_address>
         <run_address>0x1978</run_address>
         <size>0x28</size>
         <input_file_ref idref="fl-d5"/>
      </object_component>
      <object_component id="oc-282">
         <name>.text:GPIO_toggleOutputOnPin</name>
         <load_address>0x19a0</load_address>
         <run_address>0x19a0</run_address>
         <size>0x28</size>
         <input_file_ref idref="fl-d5"/>
      </object_component>
      <object_component id="oc-ac">
         <name>.text:WDT_A_holdTimer</name>
         <load_address>0x19c8</load_address>
         <run_address>0x19c8</run_address>
         <size>0x24</size>
         <input_file_ref idref="fl-dd"/>
      </object_component>
      <object_component id="oc-43">
         <name>.text:decompress:ZI:__TI_zero_init_nomemset:__TI_zero_init_nomemset</name>
         <load_address>0x19ec</load_address>
         <run_address>0x19ec</run_address>
         <size>0x1c</size>
         <input_file_ref idref="fl-c8"/>
      </object_component>
      <object_component id="oc-1fc">
         <name>.text:UART_getInterruptStatus</name>
         <load_address>0x1a08</load_address>
         <run_address>0x1a08</run_address>
         <size>0x18</size>
         <input_file_ref idref="fl-dc"/>
      </object_component>
      <object_component id="oc-ca">
         <name>.text:Timer_A_startCounter</name>
         <load_address>0x1a20</load_address>
         <run_address>0x1a20</run_address>
         <size>0x16</size>
         <input_file_ref idref="fl-db"/>
      </object_component>
      <object_component id="oc-2fd">
         <name>.text:PCM_getPowerState</name>
         <load_address>0x1a38</load_address>
         <run_address>0x1a38</run_address>
         <size>0x14</size>
         <input_file_ref idref="fl-d7"/>
      </object_component>
      <object_component id="oc-f4">
         <name>.text:Interrupt_disableSleepOnIsrExit</name>
         <load_address>0x1a4c</load_address>
         <run_address>0x1a4c</run_address>
         <size>0x10</size>
         <input_file_ref idref="fl-d6"/>
      </object_component>
      <object_component id="oc-e2">
         <name>.text:Interrupt_enableMaster</name>
         <load_address>0x1a5c</load_address>
         <run_address>0x1a5c</run_address>
         <size>0x10</size>
         <input_file_ref idref="fl-d6"/>
      </object_component>
      <object_component id="oc-be">
         <name>.text:Interrupt_enableSleepOnIsrExit</name>
         <load_address>0x1a6c</load_address>
         <run_address>0x1a6c</run_address>
         <size>0x10</size>
         <input_file_ref idref="fl-d6"/>
      </object_component>
      <object_component id="oc-17b">
         <name>.text:PCM_setCoreVoltageLevel</name>
         <load_address>0x1a7c</load_address>
         <run_address>0x1a7c</run_address>
         <size>0x10</size>
         <input_file_ref idref="fl-d7"/>
      </object_component>
      <object_component id="oc-303">
         <name>.text:PCM_setPowerMode</name>
         <load_address>0x1a8c</load_address>
         <run_address>0x1a8c</run_address>
         <size>0x10</size>
         <input_file_ref idref="fl-d7"/>
      </object_component>
      <object_component id="oc-1d">
         <name>.text:decompress:none:__TI_decompress_none</name>
         <load_address>0x1a9c</load_address>
         <run_address>0x1a9c</run_address>
         <size>0xe</size>
         <input_file_ref idref="fl-c9"/>
      </object_component>
      <object_component id="oc-67">
         <name>.text</name>
         <load_address>0x1aaa</load_address>
         <run_address>0x1aaa</run_address>
         <size>0xe</size>
         <input_file_ref idref="fl-3"/>
      </object_component>
      <object_component id="oc-1f4">
         <name>.text:CPU_cpsie</name>
         <load_address>0x1ab8</load_address>
         <run_address>0x1ab8</run_address>
         <size>0xc</size>
         <input_file_ref idref="fl-de"/>
      </object_component>
      <object_component id="oc-93">
         <name>.text:_system_pre_init</name>
         <load_address>0x1ac4</load_address>
         <run_address>0x1ac4</run_address>
         <size>0x4</size>
         <input_file_ref idref="fl-ce"/>
      </object_component>
      <object_component id="oc-127">
         <name>.text:abort:abort</name>
         <load_address>0x1ac8</load_address>
         <run_address>0x1ac8</run_address>
         <size>0x4</size>
         <input_file_ref idref="fl-d0"/>
      </object_component>
      <object_component id="oc-1e6">
         <name>.const:$P$T5$3</name>
         <load_address>0x1ad0</load_address>
         <run_address>0x1ad0</run_address>
         <size>0x1c8</size>
         <input_file_ref idref="fl-8"/>
      </object_component>
      <object_component id="oc-1d8">
         <name>.const:$P$T1$1</name>
         <load_address>0x1c98</load_address>
         <run_address>0x1c98</run_address>
         <size>0x98</size>
         <input_file_ref idref="fl-7"/>
      </object_component>
      <object_component id="oc-1c4">
         <name>.const:$P$T11$6</name>
         <load_address>0x1d30</load_address>
         <run_address>0x1d30</run_address>
         <size>0x48</size>
         <input_file_ref idref="fl-b"/>
      </object_component>
      <object_component id="oc-271">
         <name>.const:GPIO_PORT_TO_BASE</name>
         <load_address>0x1d78</load_address>
         <run_address>0x1d78</run_address>
         <size>0x30</size>
         <input_file_ref idref="fl-d5"/>
      </object_component>
      <object_component id="oc-187">
         <name>.const:UART2Config</name>
         <load_address>0x1da8</load_address>
         <run_address>0x1da8</run_address>
         <size>0x28</size>
         <input_file_ref idref="fl-6"/>
      </object_component>
      <object_component id="oc-2b4">
         <name>.const:$P$T0$1</name>
         <load_address>0x1dd0</load_address>
         <run_address>0x1dd0</run_address>
         <size>0x20</size>
         <input_file_ref idref="fl-a"/>
      </object_component>
      <object_component id="oc-fa">
         <name>.const:timerConfig</name>
         <load_address>0x1df0</load_address>
         <run_address>0x1df0</run_address>
         <size>0x18</size>
         <input_file_ref idref="fl-b"/>
      </object_component>
      <object_component id="oc-1e3">
         <name>.const:$P$T4$2</name>
         <load_address>0x1e08</load_address>
         <run_address>0x1e08</run_address>
         <size>0xc</size>
         <input_file_ref idref="fl-8"/>
      </object_component>
      <object_component id="oc-1e9">
         <name>.const:$P$T8$4</name>
         <load_address>0x1e14</load_address>
         <run_address>0x1e14</run_address>
         <size>0xc</size>
         <input_file_ref idref="fl-8"/>
      </object_component>
      <object_component id="oc-1ec">
         <name>.const:$P$T9$5</name>
         <load_address>0x1e20</load_address>
         <run_address>0x1e20</run_address>
         <size>0xc</size>
         <input_file_ref idref="fl-8"/>
      </object_component>
      <object_component id="oc-19a">
         <name>.const:g_pulEnRegs</name>
         <load_address>0x1e2c</load_address>
         <run_address>0x1e2c</run_address>
         <size>0x8</size>
         <input_file_ref idref="fl-d6"/>
      </object_component>
      <object_component id="oc-1b5">
         <name>.const:$P$T5$1</name>
         <load_address>0x1e34</load_address>
         <run_address>0x1e34</run_address>
         <size>0x4</size>
         <input_file_ref idref="fl-b"/>
      </object_component>
      <object_component id="oc-1b8">
         <name>.const:$P$T6$2</name>
         <load_address>0x1e38</load_address>
         <run_address>0x1e38</run_address>
         <size>0x4</size>
         <input_file_ref idref="fl-b"/>
      </object_component>
      <object_component id="oc-1bb">
         <name>.const:$P$T7$3</name>
         <load_address>0x1e3c</load_address>
         <run_address>0x1e3c</run_address>
         <size>0x4</size>
         <input_file_ref idref="fl-b"/>
      </object_component>
      <object_component id="oc-1be">
         <name>.const:$P$T8$4</name>
         <load_address>0x1e40</load_address>
         <run_address>0x1e40</run_address>
         <size>0x4</size>
         <input_file_ref idref="fl-b"/>
      </object_component>
      <object_component id="oc-1c1">
         <name>.const:$P$T9$5</name>
         <load_address>0x1e44</load_address>
         <run_address>0x1e44</run_address>
         <size>0x4</size>
         <input_file_ref idref="fl-b"/>
      </object_component>
      <object_component id="oc-373">
         <name>.cinit..data.load</name>
         <load_address>0x1e48</load_address>
         <run_address>0x1e48</run_address>
         <size>0x1b</size>
      </object_component>
      <object_component id="oc-371">
         <name>__TI_handler_table</name>
         <load_address>0x1e64</load_address>
         <run_address>0x1e64</run_address>
         <size>0xc</size>
      </object_component>
      <object_component id="oc-374">
         <name>.cinit..bss.load</name>
         <load_address>0x1e70</load_address>
         <run_address>0x1e70</run_address>
         <size>0x8</size>
      </object_component>
      <object_component id="oc-372">
         <name>__TI_cinit_table</name>
         <load_address>0x1e78</load_address>
         <run_address>0x1e78</run_address>
         <size>0x10</size>
      </object_component>
      <object_component id="oc-345">
         <name>.binit</name>
         <load_address>0x0</load_address>
         <run_address>0x0</run_address>
         <size>0x0</size>
      </object_component>
      <object_component id="oc-165">
         <name>.data</name>
         <load_address>0x200001e0</load_address>
         <run_address>0x200001e0</run_address>
         <size>0x4</size>
         <input_file_ref idref="fl-4"/>
      </object_component>
      <object_component id="oc-2b1">
         <name>.data:servoTimerPWMConfig</name>
         <load_address>0x200001c8</load_address>
         <run_address>0x200001c8</run_address>
         <size>0x18</size>
         <input_file_ref idref="fl-9"/>
      </object_component>
      <object_component id="oc-fd">
         <name>.common:clawMachine</name>
         <uninitialized>true</uninitialized>
         <run_address>0x20000000</run_address>
         <size>0x1c8</size>
      </object_component>
      <object_component id="oc-29">
         <name>.stack</name>
         <uninitialized>true</uninitialized>
         <run_address>0x2000fe00</run_address>
         <size>0x4</size>
         <input_file_ref idref="fl-cb"/>
      </object_component>
      <object_component id="oc-376">
         <name>.stack</name>
         <uninitialized>true</uninitialized>
         <run_address>0x2000fe00</run_address>
         <size>0x0</size>
      </object_component>
      <object_component id="oc-fe">
         <name>.debug_info</name>
         <load_address>0x0</load_address>
         <run_address>0x0</run_address>
         <size>0xa79</size>
         <input_file_ref idref="fl-2"/>
      </object_component>
      <object_component id="oc-6e">
         <name>.debug_info</name>
         <load_address>0xa79</load_address>
         <run_address>0xa79</run_address>
         <size>0x5a4</size>
         <input_file_ref idref="fl-2"/>
      </object_component>
      <object_component id="oc-106">
         <name>.debug_info</name>
         <load_address>0x101d</load_address>
         <run_address>0x101d</run_address>
         <size>0x18d</size>
         <input_file_ref idref="fl-2"/>
      </object_component>
      <object_component id="oc-1ee">
         <name>.debug_info</name>
         <load_address>0x11aa</load_address>
         <run_address>0x11aa</run_address>
         <size>0x1bd</size>
         <input_file_ref idref="fl-2"/>
      </object_component>
      <object_component id="oc-1d3">
         <name>.debug_info</name>
         <load_address>0x1367</load_address>
         <run_address>0x1367</run_address>
         <size>0x6b</size>
         <input_file_ref idref="fl-2"/>
      </object_component>
      <object_component id="oc-101">
         <name>.debug_info</name>
         <load_address>0x13d2</load_address>
         <run_address>0x13d2</run_address>
         <size>0x73</size>
         <input_file_ref idref="fl-2"/>
      </object_component>
      <object_component id="oc-2b8">
         <name>.debug_info</name>
         <load_address>0x1445</load_address>
         <run_address>0x1445</run_address>
         <size>0x9a</size>
         <input_file_ref idref="fl-2"/>
      </object_component>
      <object_component id="oc-112">
         <name>.debug_info</name>
         <load_address>0x14df</load_address>
         <run_address>0x14df</run_address>
         <size>0x26b</size>
         <input_file_ref idref="fl-2"/>
      </object_component>
      <object_component id="oc-20d">
         <name>.debug_info</name>
         <load_address>0x174a</load_address>
         <run_address>0x174a</run_address>
         <size>0x1055</size>
         <input_file_ref idref="fl-2"/>
      </object_component>
      <object_component id="oc-208">
         <name>.debug_info</name>
         <load_address>0x279f</load_address>
         <run_address>0x279f</run_address>
         <size>0x37e2</size>
         <input_file_ref idref="fl-2"/>
      </object_component>
      <object_component id="oc-212">
         <name>.debug_info</name>
         <load_address>0x5f81</load_address>
         <run_address>0x5f81</run_address>
         <size>0x341</size>
         <input_file_ref idref="fl-2"/>
      </object_component>
      <object_component id="oc-18b">
         <name>.debug_info</name>
         <load_address>0x62c2</load_address>
         <run_address>0x62c2</run_address>
         <size>0x8b</size>
         <input_file_ref idref="fl-2"/>
      </object_component>
      <object_component id="oc-217">
         <name>.debug_info</name>
         <load_address>0x634d</load_address>
         <run_address>0x634d</run_address>
         <size>0x2a4</size>
         <input_file_ref idref="fl-2"/>
      </object_component>
      <object_component id="oc-1cd">
         <name>.debug_info</name>
         <load_address>0x65f1</load_address>
         <run_address>0x65f1</run_address>
         <size>0xef</size>
         <input_file_ref idref="fl-2"/>
      </object_component>
      <object_component id="oc-10b">
         <name>.debug_info</name>
         <load_address>0x66e0</load_address>
         <run_address>0x66e0</run_address>
         <size>0xbb</size>
         <input_file_ref idref="fl-2"/>
      </object_component>
      <object_component id="oc-252">
         <name>.debug_info</name>
         <load_address>0x679b</load_address>
         <run_address>0x679b</run_address>
         <size>0x102</size>
         <input_file_ref idref="fl-2"/>
      </object_component>
      <object_component id="oc-75">
         <name>.debug_info</name>
         <load_address>0x689d</load_address>
         <run_address>0x689d</run_address>
         <size>0x2c5</size>
         <input_file_ref idref="fl-3"/>
      </object_component>
      <object_component id="oc-27">
         <name>.debug_info</name>
         <load_address>0x6b62</load_address>
         <run_address>0x6b62</run_address>
         <size>0xf1</size>
         <input_file_ref idref="fl-3"/>
      </object_component>
      <object_component id="oc-68">
         <name>.debug_info</name>
         <load_address>0x6c53</load_address>
         <run_address>0x6c53</run_address>
         <size>0x1b8</size>
         <input_file_ref idref="fl-3"/>
      </object_component>
      <object_component id="oc-32">
         <name>.debug_info</name>
         <load_address>0x6e0b</load_address>
         <run_address>0x6e0b</run_address>
         <size>0x84</size>
         <input_file_ref idref="fl-3"/>
      </object_component>
      <object_component id="oc-166">
         <name>.debug_info</name>
         <load_address>0x6e8f</load_address>
         <run_address>0x6e8f</run_address>
         <size>0xea</size>
         <input_file_ref idref="fl-4"/>
      </object_component>
      <object_component id="oc-a6">
         <name>.debug_info</name>
         <load_address>0x6f79</load_address>
         <run_address>0x6f79</run_address>
         <size>0x25c</size>
         <input_file_ref idref="fl-4"/>
      </object_component>
      <object_component id="oc-190">
         <name>.debug_info</name>
         <load_address>0x71d5</load_address>
         <run_address>0x71d5</run_address>
         <size>0x812</size>
         <input_file_ref idref="fl-6"/>
      </object_component>
      <object_component id="oc-188">
         <name>.debug_info</name>
         <load_address>0x79e7</load_address>
         <run_address>0x79e7</run_address>
         <size>0xf0</size>
         <input_file_ref idref="fl-6"/>
      </object_component>
      <object_component id="oc-b4">
         <name>.debug_info</name>
         <load_address>0x7ad7</load_address>
         <run_address>0x7ad7</run_address>
         <size>0x809</size>
         <input_file_ref idref="fl-6"/>
      </object_component>
      <object_component id="oc-1dc">
         <name>.debug_info</name>
         <load_address>0x82e0</load_address>
         <run_address>0x82e0</run_address>
         <size>0x5c6</size>
         <input_file_ref idref="fl-7"/>
      </object_component>
      <object_component id="oc-1d9">
         <name>.debug_info</name>
         <load_address>0x88a6</load_address>
         <run_address>0x88a6</run_address>
         <size>0xdf</size>
         <input_file_ref idref="fl-7"/>
      </object_component>
      <object_component id="oc-da">
         <name>.debug_info</name>
         <load_address>0x8985</load_address>
         <run_address>0x8985</run_address>
         <size>0x49b</size>
         <input_file_ref idref="fl-7"/>
      </object_component>
      <object_component id="oc-2a0">
         <name>.debug_info</name>
         <load_address>0x8e20</load_address>
         <run_address>0x8e20</run_address>
         <size>0x37e2</size>
         <input_file_ref idref="fl-7"/>
      </object_component>
      <object_component id="oc-1f3">
         <name>.debug_info</name>
         <load_address>0xc602</load_address>
         <run_address>0xc602</run_address>
         <size>0x6ec</size>
         <input_file_ref idref="fl-8"/>
      </object_component>
      <object_component id="oc-1e4">
         <name>.debug_info</name>
         <load_address>0xccee</load_address>
         <run_address>0xccee</run_address>
         <size>0xe7</size>
         <input_file_ref idref="fl-8"/>
      </object_component>
      <object_component id="oc-1e7">
         <name>.debug_info</name>
         <load_address>0xcdd5</load_address>
         <run_address>0xcdd5</run_address>
         <size>0xe7</size>
         <input_file_ref idref="fl-8"/>
      </object_component>
      <object_component id="oc-1ea">
         <name>.debug_info</name>
         <load_address>0xcebc</load_address>
         <run_address>0xcebc</run_address>
         <size>0xe7</size>
         <input_file_ref idref="fl-8"/>
      </object_component>
      <object_component id="oc-dd">
         <name>.debug_info</name>
         <load_address>0xcfa3</load_address>
         <run_address>0xcfa3</run_address>
         <size>0xcb6</size>
         <input_file_ref idref="fl-8"/>
      </object_component>
      <object_component id="oc-297">
         <name>.debug_info</name>
         <load_address>0xdc59</load_address>
         <run_address>0xdc59</run_address>
         <size>0x37e2</size>
         <input_file_ref idref="fl-8"/>
      </object_component>
      <object_component id="oc-2b2">
         <name>.debug_info</name>
         <load_address>0x1143b</load_address>
         <run_address>0x1143b</run_address>
         <size>0xfa</size>
         <input_file_ref idref="fl-9"/>
      </object_component>
      <object_component id="oc-1b0">
         <name>.debug_info</name>
         <load_address>0x11535</load_address>
         <run_address>0x11535</run_address>
         <size>0x255</size>
         <input_file_ref idref="fl-9"/>
      </object_component>
      <object_component id="oc-2bd">
         <name>.debug_info</name>
         <load_address>0x1178a</load_address>
         <run_address>0x1178a</run_address>
         <size>0x6de</size>
         <input_file_ref idref="fl-a"/>
      </object_component>
      <object_component id="oc-2b5">
         <name>.debug_info</name>
         <load_address>0x11e68</load_address>
         <run_address>0x11e68</run_address>
         <size>0xe9</size>
         <input_file_ref idref="fl-a"/>
      </object_component>
      <object_component id="oc-1de">
         <name>.debug_info</name>
         <load_address>0x11f51</load_address>
         <run_address>0x11f51</run_address>
         <size>0x39a</size>
         <input_file_ref idref="fl-a"/>
      </object_component>
      <object_component id="oc-31a">
         <name>.debug_info</name>
         <load_address>0x122eb</load_address>
         <run_address>0x122eb</run_address>
         <size>0x37e2</size>
         <input_file_ref idref="fl-a"/>
      </object_component>
      <object_component id="oc-1d2">
         <name>.debug_info</name>
         <load_address>0x15acd</load_address>
         <run_address>0x15acd</run_address>
         <size>0x61d</size>
         <input_file_ref idref="fl-b"/>
      </object_component>
      <object_component id="oc-fb">
         <name>.debug_info</name>
         <load_address>0x160ea</load_address>
         <run_address>0x160ea</run_address>
         <size>0xf4</size>
         <input_file_ref idref="fl-b"/>
      </object_component>
      <object_component id="oc-1b6">
         <name>.debug_info</name>
         <load_address>0x161de</load_address>
         <run_address>0x161de</run_address>
         <size>0xeb</size>
         <input_file_ref idref="fl-b"/>
      </object_component>
      <object_component id="oc-1b9">
         <name>.debug_info</name>
         <load_address>0x162c9</load_address>
         <run_address>0x162c9</run_address>
         <size>0xeb</size>
         <input_file_ref idref="fl-b"/>
      </object_component>
      <object_component id="oc-1bc">
         <name>.debug_info</name>
         <load_address>0x163b4</load_address>
         <run_address>0x163b4</run_address>
         <size>0xeb</size>
         <input_file_ref idref="fl-b"/>
      </object_component>
      <object_component id="oc-1bf">
         <name>.debug_info</name>
         <load_address>0x1649f</load_address>
         <run_address>0x1649f</run_address>
         <size>0xeb</size>
         <input_file_ref idref="fl-b"/>
      </object_component>
      <object_component id="oc-1c2">
         <name>.debug_info</name>
         <load_address>0x1658a</load_address>
         <run_address>0x1658a</run_address>
         <size>0xeb</size>
         <input_file_ref idref="fl-b"/>
      </object_component>
      <object_component id="oc-1c5">
         <name>.debug_info</name>
         <load_address>0x16675</load_address>
         <run_address>0x16675</run_address>
         <size>0xed</size>
         <input_file_ref idref="fl-b"/>
      </object_component>
      <object_component id="oc-d3">
         <name>.debug_info</name>
         <load_address>0x16762</load_address>
         <run_address>0x16762</run_address>
         <size>0x88c</size>
         <input_file_ref idref="fl-b"/>
      </object_component>
      <object_component id="oc-1c8">
         <name>.debug_info</name>
         <load_address>0x16fee</load_address>
         <run_address>0x16fee</run_address>
         <size>0x8a</size>
         <input_file_ref idref="fl-b"/>
      </object_component>
      <object_component id="oc-1ac">
         <name>.debug_info</name>
         <load_address>0x17078</load_address>
         <run_address>0x17078</run_address>
         <size>0x13b</size>
         <input_file_ref idref="fl-c6"/>
      </object_component>
      <object_component id="oc-38">
         <name>.debug_info</name>
         <load_address>0x171b3</load_address>
         <run_address>0x171b3</run_address>
         <size>0x119</size>
         <input_file_ref idref="fl-c7"/>
      </object_component>
      <object_component id="oc-8c">
         <name>.debug_info</name>
         <load_address>0x172cc</load_address>
         <run_address>0x172cc</run_address>
         <size>0x2d4</size>
         <input_file_ref idref="fl-c8"/>
      </object_component>
      <object_component id="oc-44">
         <name>.debug_info</name>
         <load_address>0x175a0</load_address>
         <run_address>0x175a0</run_address>
         <size>0x1d2</size>
         <input_file_ref idref="fl-c8"/>
      </object_component>
      <object_component id="oc-87">
         <name>.debug_info</name>
         <load_address>0x17772</load_address>
         <run_address>0x17772</run_address>
         <size>0x46</size>
         <input_file_ref idref="fl-c8"/>
      </object_component>
      <object_component id="oc-11e">
         <name>.debug_info</name>
         <load_address>0x177b8</load_address>
         <run_address>0x177b8</run_address>
         <size>0x2c</size>
         <input_file_ref idref="fl-c8"/>
      </object_component>
      <object_component id="oc-42">
         <name>.debug_info</name>
         <load_address>0x177e4</load_address>
         <run_address>0x177e4</run_address>
         <size>0x2a8</size>
         <input_file_ref idref="fl-c9"/>
      </object_component>
      <object_component id="oc-1e">
         <name>.debug_info</name>
         <load_address>0x17a8c</load_address>
         <run_address>0x17a8c</run_address>
         <size>0x1ea</size>
         <input_file_ref idref="fl-c9"/>
      </object_component>
      <object_component id="oc-3d">
         <name>.debug_info</name>
         <load_address>0x17c76</load_address>
         <run_address>0x17c76</run_address>
         <size>0x46</size>
         <input_file_ref idref="fl-c9"/>
      </object_component>
      <object_component id="oc-7f">
         <name>.debug_info</name>
         <load_address>0x17cbc</load_address>
         <run_address>0x17cbc</run_address>
         <size>0x2c</size>
         <input_file_ref idref="fl-c9"/>
      </object_component>
      <object_component id="oc-7d">
         <name>.debug_info</name>
         <load_address>0x17ce8</load_address>
         <run_address>0x17ce8</run_address>
         <size>0x29e</size>
         <input_file_ref idref="fl-ca"/>
      </object_component>
      <object_component id="oc-1a">
         <name>.debug_info</name>
         <load_address>0x17f86</load_address>
         <run_address>0x17f86</run_address>
         <size>0x250</size>
         <input_file_ref idref="fl-ca"/>
      </object_component>
      <object_component id="oc-2d">
         <name>.debug_info</name>
         <load_address>0x181d6</load_address>
         <run_address>0x181d6</run_address>
         <size>0x60</size>
         <input_file_ref idref="fl-ca"/>
      </object_component>
      <object_component id="oc-117">
         <name>.debug_info</name>
         <load_address>0x18236</load_address>
         <run_address>0x18236</run_address>
         <size>0x46</size>
         <input_file_ref idref="fl-ca"/>
      </object_component>
      <object_component id="oc-78">
         <name>.debug_info</name>
         <load_address>0x1827c</load_address>
         <run_address>0x1827c</run_address>
         <size>0x39</size>
         <input_file_ref idref="fl-ca"/>
      </object_component>
      <object_component id="oc-2a">
         <name>.debug_info</name>
         <load_address>0x182b5</load_address>
         <run_address>0x182b5</run_address>
         <size>0x10b</size>
         <input_file_ref idref="fl-cb"/>
      </object_component>
      <object_component id="oc-58">
         <name>.debug_info</name>
         <load_address>0x183c0</load_address>
         <run_address>0x183c0</run_address>
         <size>0x1a9</size>
         <input_file_ref idref="fl-cb"/>
      </object_component>
      <object_component id="oc-227">
         <name>.debug_info</name>
         <load_address>0x18569</load_address>
         <run_address>0x18569</run_address>
         <size>0x4b3</size>
         <input_file_ref idref="fl-cd"/>
      </object_component>
      <object_component id="oc-134">
         <name>.debug_info</name>
         <load_address>0x18a1c</load_address>
         <run_address>0x18a1c</run_address>
         <size>0x1a6</size>
         <input_file_ref idref="fl-cd"/>
      </object_component>
      <object_component id="oc-2d8">
         <name>.debug_info</name>
         <load_address>0x18bc2</load_address>
         <run_address>0x18bc2</run_address>
         <size>0x39</size>
         <input_file_ref idref="fl-cd"/>
      </object_component>
      <object_component id="oc-322">
         <name>.debug_info</name>
         <load_address>0x18bfb</load_address>
         <run_address>0x18bfb</run_address>
         <size>0x39</size>
         <input_file_ref idref="fl-cd"/>
      </object_component>
      <object_component id="oc-2dd">
         <name>.debug_info</name>
         <load_address>0x18c34</load_address>
         <run_address>0x18c34</run_address>
         <size>0x39</size>
         <input_file_ref idref="fl-cd"/>
      </object_component>
      <object_component id="oc-2e2">
         <name>.debug_info</name>
         <load_address>0x18c6d</load_address>
         <run_address>0x18c6d</run_address>
         <size>0xcd</size>
         <input_file_ref idref="fl-cd"/>
      </object_component>
      <object_component id="oc-96">
         <name>.debug_info</name>
         <load_address>0x18d3a</load_address>
         <run_address>0x18d3a</run_address>
         <size>0x153</size>
         <input_file_ref idref="fl-ce"/>
      </object_component>
      <object_component id="oc-128">
         <name>.debug_info</name>
         <load_address>0x18e8d</load_address>
         <run_address>0x18e8d</run_address>
         <size>0x122</size>
         <input_file_ref idref="fl-d0"/>
      </object_component>
      <object_component id="oc-2e9">
         <name>.debug_info</name>
         <load_address>0x18faf</load_address>
         <run_address>0x18faf</run_address>
         <size>0x807</size>
         <input_file_ref idref="fl-d3"/>
      </object_component>
      <object_component id="oc-182">
         <name>.debug_info</name>
         <load_address>0x197b6</load_address>
         <run_address>0x197b6</run_address>
         <size>0x1e5</size>
         <input_file_ref idref="fl-d3"/>
      </object_component>
      <object_component id="oc-25a">
         <name>.debug_info</name>
         <load_address>0x1999b</load_address>
         <run_address>0x1999b</run_address>
         <size>0x431a</size>
         <input_file_ref idref="fl-d3"/>
      </object_component>
      <object_component id="oc-330">
         <name>.debug_info</name>
         <load_address>0x1dcb5</load_address>
         <run_address>0x1dcb5</run_address>
         <size>0x1b5</size>
         <input_file_ref idref="fl-d3"/>
      </object_component>
      <object_component id="oc-269">
         <name>.debug_info</name>
         <load_address>0x1de6a</load_address>
         <run_address>0x1de6a</run_address>
         <size>0x26b</size>
         <input_file_ref idref="fl-d3"/>
      </object_component>
      <object_component id="oc-25f">
         <name>.debug_info</name>
         <load_address>0x1e0d5</load_address>
         <run_address>0x1e0d5</run_address>
         <size>0x1028</size>
         <input_file_ref idref="fl-d3"/>
      </object_component>
      <object_component id="oc-23e">
         <name>.debug_info</name>
         <load_address>0x1f0fd</load_address>
         <run_address>0x1f0fd</run_address>
         <size>0x297</size>
         <input_file_ref idref="fl-d3"/>
      </object_component>
      <object_component id="oc-19f">
         <name>.debug_info</name>
         <load_address>0x1f394</load_address>
         <run_address>0x1f394</run_address>
         <size>0xef</size>
         <input_file_ref idref="fl-d3"/>
      </object_component>
      <object_component id="oc-16a">
         <name>.debug_info</name>
         <load_address>0x1f483</load_address>
         <run_address>0x1f483</run_address>
         <size>0xbb</size>
         <input_file_ref idref="fl-d3"/>
      </object_component>
      <object_component id="oc-176">
         <name>.debug_info</name>
         <load_address>0x1f53e</load_address>
         <run_address>0x1f53e</run_address>
         <size>0x224</size>
         <input_file_ref idref="fl-d4"/>
      </object_component>
      <object_component id="oc-30e">
         <name>.debug_info</name>
         <load_address>0x1f762</load_address>
         <run_address>0x1f762</run_address>
         <size>0x701</size>
         <input_file_ref idref="fl-d5"/>
      </object_component>
      <object_component id="oc-272">
         <name>.debug_info</name>
         <load_address>0x1fe63</load_address>
         <run_address>0x1fe63</run_address>
         <size>0x135</size>
         <input_file_ref idref="fl-d5"/>
      </object_component>
      <object_component id="oc-1a7">
         <name>.debug_info</name>
         <load_address>0x1ff98</load_address>
         <run_address>0x1ff98</run_address>
         <size>0x252</size>
         <input_file_ref idref="fl-d5"/>
      </object_component>
      <object_component id="oc-2a7">
         <name>.debug_info</name>
         <load_address>0x201ea</load_address>
         <run_address>0x201ea</run_address>
         <size>0x2a5</size>
         <input_file_ref idref="fl-d5"/>
      </object_component>
      <object_component id="oc-278">
         <name>.debug_info</name>
         <load_address>0x2048f</load_address>
         <run_address>0x2048f</run_address>
         <size>0x25a</size>
         <input_file_ref idref="fl-d5"/>
      </object_component>
      <object_component id="oc-27e">
         <name>.debug_info</name>
         <load_address>0x206e9</load_address>
         <run_address>0x206e9</run_address>
         <size>0x258</size>
         <input_file_ref idref="fl-d5"/>
      </object_component>
      <object_component id="oc-284">
         <name>.debug_info</name>
         <load_address>0x20941</load_address>
         <run_address>0x20941</run_address>
         <size>0x258</size>
         <input_file_ref idref="fl-d5"/>
      </object_component>
      <object_component id="oc-270">
         <name>.debug_info</name>
         <load_address>0x20b99</load_address>
         <run_address>0x20b99</run_address>
         <size>0x68f</size>
         <input_file_ref idref="fl-d6"/>
      </object_component>
      <object_component id="oc-19b">
         <name>.debug_info</name>
         <load_address>0x21228</load_address>
         <run_address>0x21228</run_address>
         <size>0x12e</size>
         <input_file_ref idref="fl-d6"/>
      </object_component>
      <object_component id="oc-e4">
         <name>.debug_info</name>
         <load_address>0x21356</load_address>
         <run_address>0x21356</run_address>
         <size>0x1d5</size>
         <input_file_ref idref="fl-d6"/>
      </object_component>
      <object_component id="oc-c5">
         <name>.debug_info</name>
         <load_address>0x2152b</load_address>
         <run_address>0x2152b</run_address>
         <size>0x219</size>
         <input_file_ref idref="fl-d6"/>
      </object_component>
      <object_component id="oc-bf">
         <name>.debug_info</name>
         <load_address>0x21744</load_address>
         <run_address>0x21744</run_address>
         <size>0x1d4</size>
         <input_file_ref idref="fl-d6"/>
      </object_component>
      <object_component id="oc-f5">
         <name>.debug_info</name>
         <load_address>0x21918</load_address>
         <run_address>0x21918</run_address>
         <size>0x1d6</size>
         <input_file_ref idref="fl-d6"/>
      </object_component>
      <object_component id="oc-247">
         <name>.debug_info</name>
         <load_address>0x21aee</load_address>
         <run_address>0x21aee</run_address>
         <size>0x3a5</size>
         <input_file_ref idref="fl-d7"/>
      </object_component>
      <object_component id="oc-17c">
         <name>.debug_info</name>
         <load_address>0x21e93</load_address>
         <run_address>0x21e93</run_address>
         <size>0x220</size>
         <input_file_ref idref="fl-d7"/>
      </object_component>
      <object_component id="oc-2f2">
         <name>.debug_info</name>
         <load_address>0x220b3</load_address>
         <run_address>0x220b3</run_address>
         <size>0x1eb</size>
         <input_file_ref idref="fl-d7"/>
      </object_component>
      <object_component id="oc-2f9">
         <name>.debug_info</name>
         <load_address>0x2229e</load_address>
         <run_address>0x2229e</run_address>
         <size>0x1f9</size>
         <input_file_ref idref="fl-d7"/>
      </object_component>
      <object_component id="oc-33a">
         <name>.debug_info</name>
         <load_address>0x22497</load_address>
         <run_address>0x22497</run_address>
         <size>0x346</size>
         <input_file_ref idref="fl-d7"/>
      </object_component>
      <object_component id="oc-305">
         <name>.debug_info</name>
         <load_address>0x227dd</load_address>
         <run_address>0x227dd</run_address>
         <size>0x202</size>
         <input_file_ref idref="fl-d7"/>
      </object_component>
      <object_component id="oc-2fe">
         <name>.debug_info</name>
         <load_address>0x229df</load_address>
         <run_address>0x229df</run_address>
         <size>0x1ac</size>
         <input_file_ref idref="fl-d7"/>
      </object_component>
      <object_component id="oc-198">
         <name>.debug_info</name>
         <load_address>0x22b8b</load_address>
         <run_address>0x22b8b</run_address>
         <size>0x725</size>
         <input_file_ref idref="fl-db"/>
      </object_component>
      <object_component id="oc-192">
         <name>.debug_info</name>
         <load_address>0x232b0</load_address>
         <run_address>0x232b0</run_address>
         <size>0x25e</size>
         <input_file_ref idref="fl-db"/>
      </object_component>
      <object_component id="oc-cb">
         <name>.debug_info</name>
         <load_address>0x2350e</load_address>
         <run_address>0x2350e</run_address>
         <size>0x215</size>
         <input_file_ref idref="fl-db"/>
      </object_component>
      <object_component id="oc-b9">
         <name>.debug_info</name>
         <load_address>0x23723</load_address>
         <run_address>0x23723</run_address>
         <size>0x23d</size>
         <input_file_ref idref="fl-db"/>
      </object_component>
      <object_component id="oc-2ac">
         <name>.debug_info</name>
         <load_address>0x23960</load_address>
         <run_address>0x23960</run_address>
         <size>0x21a</size>
         <input_file_ref idref="fl-db"/>
      </object_component>
      <object_component id="oc-e9">
         <name>.debug_info</name>
         <load_address>0x23b7a</load_address>
         <run_address>0x23b7a</run_address>
         <size>0x27c</size>
         <input_file_ref idref="fl-db"/>
      </object_component>
      <object_component id="oc-264">
         <name>.debug_info</name>
         <load_address>0x23df6</load_address>
         <run_address>0x23df6</run_address>
         <size>0x341</size>
         <input_file_ref idref="fl-db"/>
      </object_component>
      <object_component id="oc-244">
         <name>.debug_info</name>
         <load_address>0x24137</load_address>
         <run_address>0x24137</run_address>
         <size>0x6eb</size>
         <input_file_ref idref="fl-dc"/>
      </object_component>
      <object_component id="oc-170">
         <name>.debug_info</name>
         <load_address>0x24822</load_address>
         <run_address>0x24822</run_address>
         <size>0x234</size>
         <input_file_ref idref="fl-dc"/>
      </object_component>
      <object_component id="oc-1fd">
         <name>.debug_info</name>
         <load_address>0x24a56</load_address>
         <run_address>0x24a56</run_address>
         <size>0x229</size>
         <input_file_ref idref="fl-dc"/>
      </object_component>
      <object_component id="oc-ef">
         <name>.debug_info</name>
         <load_address>0x24c7f</load_address>
         <run_address>0x24c7f</run_address>
         <size>0x26c</size>
         <input_file_ref idref="fl-dc"/>
      </object_component>
      <object_component id="oc-2ec">
         <name>.debug_info</name>
         <load_address>0x24eeb</load_address>
         <run_address>0x24eeb</run_address>
         <size>0x102</size>
         <input_file_ref idref="fl-dc"/>
      </object_component>
      <object_component id="oc-ad">
         <name>.debug_info</name>
         <load_address>0x24fed</load_address>
         <run_address>0x24fed</run_address>
         <size>0x1c9</size>
         <input_file_ref idref="fl-dd"/>
      </object_component>
      <object_component id="oc-1f5">
         <name>.debug_info</name>
         <load_address>0x251b6</load_address>
         <run_address>0x251b6</run_address>
         <size>0x19a</size>
         <input_file_ref idref="fl-de"/>
      </object_component>
      <object_component id="oc-377">
         <name>.debug_info</name>
         <load_address>0x25350</load_address>
         <run_address>0x25350</run_address>
         <size>0x9d</size>
      </object_component>
      <object_component id="oc-207">
         <name>.debug_line</name>
         <load_address>0x0</load_address>
         <run_address>0x0</run_address>
         <size>0x28c</size>
         <input_file_ref idref="fl-2"/>
      </object_component>
      <object_component id="oc-71">
         <name>.debug_line</name>
         <load_address>0x28c</load_address>
         <run_address>0x28c</run_address>
         <size>0xd7</size>
         <input_file_ref idref="fl-2"/>
      </object_component>
      <object_component id="oc-109">
         <name>.debug_line</name>
         <load_address>0x363</load_address>
         <run_address>0x363</run_address>
         <size>0x6b</size>
         <input_file_ref idref="fl-2"/>
      </object_component>
      <object_component id="oc-1f1">
         <name>.debug_line</name>
         <load_address>0x3ce</load_address>
         <run_address>0x3ce</run_address>
         <size>0x67</size>
         <input_file_ref idref="fl-2"/>
      </object_component>
      <object_component id="oc-1d6">
         <name>.debug_line</name>
         <load_address>0x435</load_address>
         <run_address>0x435</run_address>
         <size>0x6d</size>
         <input_file_ref idref="fl-2"/>
      </object_component>
      <object_component id="oc-104">
         <name>.debug_line</name>
         <load_address>0x4a2</load_address>
         <run_address>0x4a2</run_address>
         <size>0x5f</size>
         <input_file_ref idref="fl-2"/>
      </object_component>
      <object_component id="oc-2bb">
         <name>.debug_line</name>
         <load_address>0x501</load_address>
         <run_address>0x501</run_address>
         <size>0x69</size>
         <input_file_ref idref="fl-2"/>
      </object_component>
      <object_component id="oc-115">
         <name>.debug_line</name>
         <load_address>0x56a</load_address>
         <run_address>0x56a</run_address>
         <size>0x68</size>
         <input_file_ref idref="fl-2"/>
      </object_component>
      <object_component id="oc-210">
         <name>.debug_line</name>
         <load_address>0x5d2</load_address>
         <run_address>0x5d2</run_address>
         <size>0x54</size>
         <input_file_ref idref="fl-2"/>
      </object_component>
      <object_component id="oc-20b">
         <name>.debug_line</name>
         <load_address>0x626</load_address>
         <run_address>0x626</run_address>
         <size>0x78</size>
         <input_file_ref idref="fl-2"/>
      </object_component>
      <object_component id="oc-215">
         <name>.debug_line</name>
         <load_address>0x69e</load_address>
         <run_address>0x69e</run_address>
         <size>0x7a</size>
         <input_file_ref idref="fl-2"/>
      </object_component>
      <object_component id="oc-18e">
         <name>.debug_line</name>
         <load_address>0x718</load_address>
         <run_address>0x718</run_address>
         <size>0x20</size>
         <input_file_ref idref="fl-2"/>
      </object_component>
      <object_component id="oc-21a">
         <name>.debug_line</name>
         <load_address>0x738</load_address>
         <run_address>0x738</run_address>
         <size>0x6c</size>
         <input_file_ref idref="fl-2"/>
      </object_component>
      <object_component id="oc-1d0">
         <name>.debug_line</name>
         <load_address>0x7a4</load_address>
         <run_address>0x7a4</run_address>
         <size>0x68</size>
         <input_file_ref idref="fl-2"/>
      </object_component>
      <object_component id="oc-10e">
         <name>.debug_line</name>
         <load_address>0x80c</load_address>
         <run_address>0x80c</run_address>
         <size>0x69</size>
         <input_file_ref idref="fl-2"/>
      </object_component>
      <object_component id="oc-255">
         <name>.debug_line</name>
         <load_address>0x875</load_address>
         <run_address>0x875</run_address>
         <size>0x77</size>
         <input_file_ref idref="fl-2"/>
      </object_component>
      <object_component id="oc-111">
         <name>.debug_line</name>
         <load_address>0x8ec</load_address>
         <run_address>0x8ec</run_address>
         <size>0x40</size>
         <input_file_ref idref="fl-3"/>
      </object_component>
      <object_component id="oc-74">
         <name>.debug_line</name>
         <load_address>0x92c</load_address>
         <run_address>0x92c</run_address>
         <size>0x40</size>
         <input_file_ref idref="fl-3"/>
      </object_component>
      <object_component id="oc-6c">
         <name>.debug_line</name>
         <load_address>0x96c</load_address>
         <run_address>0x96c</run_address>
         <size>0x71</size>
         <input_file_ref idref="fl-3"/>
      </object_component>
      <object_component id="oc-35">
         <name>.debug_line</name>
         <load_address>0x9dd</load_address>
         <run_address>0x9dd</run_address>
         <size>0x20</size>
         <input_file_ref idref="fl-3"/>
      </object_component>
      <object_component id="oc-23d">
         <name>.debug_line</name>
         <load_address>0x9fd</load_address>
         <run_address>0x9fd</run_address>
         <size>0x3b</size>
         <input_file_ref idref="fl-4"/>
      </object_component>
      <object_component id="oc-aa">
         <name>.debug_line</name>
         <load_address>0xa38</load_address>
         <run_address>0xa38</run_address>
         <size>0x134</size>
         <input_file_ref idref="fl-4"/>
      </object_component>
      <object_component id="oc-251">
         <name>.debug_line</name>
         <load_address>0xb6c</load_address>
         <run_address>0xb6c</run_address>
         <size>0x21d</size>
         <input_file_ref idref="fl-6"/>
      </object_component>
      <object_component id="oc-24f">
         <name>.debug_line</name>
         <load_address>0xd89</load_address>
         <run_address>0xd89</run_address>
         <size>0x49</size>
         <input_file_ref idref="fl-6"/>
      </object_component>
      <object_component id="oc-b7">
         <name>.debug_line</name>
         <load_address>0xdd2</load_address>
         <run_address>0xdd2</run_address>
         <size>0x14a</size>
         <input_file_ref idref="fl-6"/>
      </object_component>
      <object_component id="oc-29f">
         <name>.debug_line</name>
         <load_address>0xf1c</load_address>
         <run_address>0xf1c</run_address>
         <size>0x4d</size>
         <input_file_ref idref="fl-7"/>
      </object_component>
      <object_component id="oc-29d">
         <name>.debug_line</name>
         <load_address>0xf69</load_address>
         <run_address>0xf69</run_address>
         <size>0x41</size>
         <input_file_ref idref="fl-7"/>
      </object_component>
      <object_component id="oc-d9">
         <name>.debug_line</name>
         <load_address>0xfaa</load_address>
         <run_address>0xfaa</run_address>
         <size>0xb8</size>
         <input_file_ref idref="fl-7"/>
      </object_component>
      <object_component id="oc-2a3">
         <name>.debug_line</name>
         <load_address>0x1062</load_address>
         <run_address>0x1062</run_address>
         <size>0x51</size>
         <input_file_ref idref="fl-7"/>
      </object_component>
      <object_component id="oc-2c5">
         <name>.debug_line</name>
         <load_address>0x10b3</load_address>
         <run_address>0x10b3</run_address>
         <size>0xc2</size>
         <input_file_ref idref="fl-8"/>
      </object_component>
      <object_component id="oc-2bf">
         <name>.debug_line</name>
         <load_address>0x1175</load_address>
         <run_address>0x1175</run_address>
         <size>0x49</size>
         <input_file_ref idref="fl-8"/>
      </object_component>
      <object_component id="oc-2c1">
         <name>.debug_line</name>
         <load_address>0x11be</load_address>
         <run_address>0x11be</run_address>
         <size>0x49</size>
         <input_file_ref idref="fl-8"/>
      </object_component>
      <object_component id="oc-2c3">
         <name>.debug_line</name>
         <load_address>0x1207</load_address>
         <run_address>0x1207</run_address>
         <size>0x49</size>
         <input_file_ref idref="fl-8"/>
      </object_component>
      <object_component id="oc-e1">
         <name>.debug_line</name>
         <load_address>0x1250</load_address>
         <run_address>0x1250</run_address>
         <size>0x169</size>
         <input_file_ref idref="fl-8"/>
      </object_component>
      <object_component id="oc-29a">
         <name>.debug_line</name>
         <load_address>0x13b9</load_address>
         <run_address>0x13b9</run_address>
         <size>0x51</size>
         <input_file_ref idref="fl-8"/>
      </object_component>
      <object_component id="oc-315">
         <name>.debug_line</name>
         <load_address>0x140a</load_address>
         <run_address>0x140a</run_address>
         <size>0x43</size>
         <input_file_ref idref="fl-9"/>
      </object_component>
      <object_component id="oc-1b4">
         <name>.debug_line</name>
         <load_address>0x144d</load_address>
         <run_address>0x144d</run_address>
         <size>0x62</size>
         <input_file_ref idref="fl-9"/>
      </object_component>
      <object_component id="oc-319">
         <name>.debug_line</name>
         <load_address>0x14af</load_address>
         <run_address>0x14af</run_address>
         <size>0x100</size>
         <input_file_ref idref="fl-a"/>
      </object_component>
      <object_component id="oc-317">
         <name>.debug_line</name>
         <load_address>0x15af</load_address>
         <run_address>0x15af</run_address>
         <size>0x4b</size>
         <input_file_ref idref="fl-a"/>
      </object_component>
      <object_component id="oc-1e1">
         <name>.debug_line</name>
         <load_address>0x15fa</load_address>
         <run_address>0x15fa</run_address>
         <size>0xc3</size>
         <input_file_ref idref="fl-a"/>
      </object_component>
      <object_component id="oc-31d">
         <name>.debug_line</name>
         <load_address>0x16bd</load_address>
         <run_address>0x16bd</run_address>
         <size>0x51</size>
         <input_file_ref idref="fl-a"/>
      </object_component>
      <object_component id="oc-296">
         <name>.debug_line</name>
         <load_address>0x170e</load_address>
         <run_address>0x170e</run_address>
         <size>0xa6</size>
         <input_file_ref idref="fl-b"/>
      </object_component>
      <object_component id="oc-205">
         <name>.debug_line</name>
         <load_address>0x17b4</load_address>
         <run_address>0x17b4</run_address>
         <size>0x4d</size>
         <input_file_ref idref="fl-b"/>
      </object_component>
      <object_component id="oc-28a">
         <name>.debug_line</name>
         <load_address>0x1801</load_address>
         <run_address>0x1801</run_address>
         <size>0x4d</size>
         <input_file_ref idref="fl-b"/>
      </object_component>
      <object_component id="oc-28c">
         <name>.debug_line</name>
         <load_address>0x184e</load_address>
         <run_address>0x184e</run_address>
         <size>0x4d</size>
         <input_file_ref idref="fl-b"/>
      </object_component>
      <object_component id="oc-28e">
         <name>.debug_line</name>
         <load_address>0x189b</load_address>
         <run_address>0x189b</run_address>
         <size>0x4d</size>
         <input_file_ref idref="fl-b"/>
      </object_component>
      <object_component id="oc-290">
         <name>.debug_line</name>
         <load_address>0x18e8</load_address>
         <run_address>0x18e8</run_address>
         <size>0x4d</size>
         <input_file_ref idref="fl-b"/>
      </object_component>
      <object_component id="oc-292">
         <name>.debug_line</name>
         <load_address>0x1935</load_address>
         <run_address>0x1935</run_address>
         <size>0x4d</size>
         <input_file_ref idref="fl-b"/>
      </object_component>
      <object_component id="oc-294">
         <name>.debug_line</name>
         <load_address>0x1982</load_address>
         <run_address>0x1982</run_address>
         <size>0x4d</size>
         <input_file_ref idref="fl-b"/>
      </object_component>
      <object_component id="oc-d2">
         <name>.debug_line</name>
         <load_address>0x19cf</load_address>
         <run_address>0x19cf</run_address>
         <size>0x113</size>
         <input_file_ref idref="fl-b"/>
      </object_component>
      <object_component id="oc-1cb">
         <name>.debug_line</name>
         <load_address>0x1ae2</load_address>
         <run_address>0x1ae2</run_address>
         <size>0x4d</size>
         <input_file_ref idref="fl-b"/>
      </object_component>
      <object_component id="oc-1ab">
         <name>.debug_line</name>
         <load_address>0x1b2f</load_address>
         <run_address>0x1b2f</run_address>
         <size>0x63</size>
         <input_file_ref idref="fl-c6"/>
      </object_component>
      <object_component id="oc-3b">
         <name>.debug_line</name>
         <load_address>0x1b92</load_address>
         <run_address>0x1b92</run_address>
         <size>0x88</size>
         <input_file_ref idref="fl-c7"/>
      </object_component>
      <object_component id="oc-124">
         <name>.debug_line</name>
         <load_address>0x1c1a</load_address>
         <run_address>0x1c1a</run_address>
         <size>0x92</size>
         <input_file_ref idref="fl-c8"/>
      </object_component>
      <object_component id="oc-48">
         <name>.debug_line</name>
         <load_address>0x1cac</load_address>
         <run_address>0x1cac</run_address>
         <size>0x56</size>
         <input_file_ref idref="fl-c8"/>
      </object_component>
      <object_component id="oc-8a">
         <name>.debug_line</name>
         <load_address>0x1d02</load_address>
         <run_address>0x1d02</run_address>
         <size>0x34</size>
         <input_file_ref idref="fl-c8"/>
      </object_component>
      <object_component id="oc-121">
         <name>.debug_line</name>
         <load_address>0x1d36</load_address>
         <run_address>0x1d36</run_address>
         <size>0x92</size>
         <input_file_ref idref="fl-c8"/>
      </object_component>
      <object_component id="oc-85">
         <name>.debug_line</name>
         <load_address>0x1dc8</load_address>
         <run_address>0x1dc8</run_address>
         <size>0x20</size>
         <input_file_ref idref="fl-c9"/>
      </object_component>
      <object_component id="oc-21">
         <name>.debug_line</name>
         <load_address>0x1de8</load_address>
         <run_address>0x1de8</run_address>
         <size>0x55</size>
         <input_file_ref idref="fl-c9"/>
      </object_component>
      <object_component id="oc-40">
         <name>.debug_line</name>
         <load_address>0x1e3d</load_address>
         <run_address>0x1e3d</run_address>
         <size>0x3a</size>
         <input_file_ref idref="fl-c9"/>
      </object_component>
      <object_component id="oc-82">
         <name>.debug_line</name>
         <load_address>0x1e77</load_address>
         <run_address>0x1e77</run_address>
         <size>0x92</size>
         <input_file_ref idref="fl-c9"/>
      </object_component>
      <object_component id="oc-11d">
         <name>.debug_line</name>
         <load_address>0x1f09</load_address>
         <run_address>0x1f09</run_address>
         <size>0x20</size>
         <input_file_ref idref="fl-ca"/>
      </object_component>
      <object_component id="oc-19">
         <name>.debug_line</name>
         <load_address>0x1f29</load_address>
         <run_address>0x1f29</run_address>
         <size>0xa9</size>
         <input_file_ref idref="fl-ca"/>
      </object_component>
      <object_component id="oc-30">
         <name>.debug_line</name>
         <load_address>0x1fd2</load_address>
         <run_address>0x1fd2</run_address>
         <size>0x3a</size>
         <input_file_ref idref="fl-ca"/>
      </object_component>
      <object_component id="oc-11a">
         <name>.debug_line</name>
         <load_address>0x200c</load_address>
         <run_address>0x200c</run_address>
         <size>0x9a</size>
         <input_file_ref idref="fl-ca"/>
      </object_component>
      <object_component id="oc-7b">
         <name>.debug_line</name>
         <load_address>0x20a6</load_address>
         <run_address>0x20a6</run_address>
         <size>0x96</size>
         <input_file_ref idref="fl-ca"/>
      </object_component>
      <object_component id="oc-77">
         <name>.debug_line</name>
         <load_address>0x213c</load_address>
         <run_address>0x213c</run_address>
         <size>0x33</size>
         <input_file_ref idref="fl-cb"/>
      </object_component>
      <object_component id="oc-5a">
         <name>.debug_line</name>
         <load_address>0x216f</load_address>
         <run_address>0x216f</run_address>
         <size>0x45</size>
         <input_file_ref idref="fl-cb"/>
      </object_component>
      <object_component id="oc-2d7">
         <name>.debug_line</name>
         <load_address>0x21b4</load_address>
         <run_address>0x21b4</run_address>
         <size>0xbf</size>
         <input_file_ref idref="fl-cd"/>
      </object_component>
      <object_component id="oc-138">
         <name>.debug_line</name>
         <load_address>0x2273</load_address>
         <run_address>0x2273</run_address>
         <size>0x6f</size>
         <input_file_ref idref="fl-cd"/>
      </object_component>
      <object_component id="oc-2db">
         <name>.debug_line</name>
         <load_address>0x22e2</load_address>
         <run_address>0x22e2</run_address>
         <size>0x2e</size>
         <input_file_ref idref="fl-cd"/>
      </object_component>
      <object_component id="oc-325">
         <name>.debug_line</name>
         <load_address>0x2310</load_address>
         <run_address>0x2310</run_address>
         <size>0x9a</size>
         <input_file_ref idref="fl-cd"/>
      </object_component>
      <object_component id="oc-2e0">
         <name>.debug_line</name>
         <load_address>0x23aa</load_address>
         <run_address>0x23aa</run_address>
         <size>0x97</size>
         <input_file_ref idref="fl-cd"/>
      </object_component>
      <object_component id="oc-2e5">
         <name>.debug_line</name>
         <load_address>0x2441</load_address>
         <run_address>0x2441</run_address>
         <size>0x93</size>
         <input_file_ref idref="fl-cd"/>
      </object_component>
      <object_component id="oc-98">
         <name>.debug_line</name>
         <load_address>0x24d4</load_address>
         <run_address>0x24d4</run_address>
         <size>0x40</size>
         <input_file_ref idref="fl-ce"/>
      </object_component>
      <object_component id="oc-12c">
         <name>.debug_line</name>
         <load_address>0x2514</load_address>
         <run_address>0x2514</run_address>
         <size>0x3c</size>
         <input_file_ref idref="fl-d0"/>
      </object_component>
      <object_component id="oc-32f">
         <name>.debug_line</name>
         <load_address>0x2550</load_address>
         <run_address>0x2550</run_address>
         <size>0x8b</size>
         <input_file_ref idref="fl-d3"/>
      </object_component>
      <object_component id="oc-185">
         <name>.debug_line</name>
         <load_address>0x25db</load_address>
         <run_address>0x25db</run_address>
         <size>0x69</size>
         <input_file_ref idref="fl-d3"/>
      </object_component>
      <object_component id="oc-25d">
         <name>.debug_line</name>
         <load_address>0x2644</load_address>
         <run_address>0x2644</run_address>
         <size>0x51</size>
         <input_file_ref idref="fl-d3"/>
      </object_component>
      <object_component id="oc-333">
         <name>.debug_line</name>
         <load_address>0x2695</load_address>
         <run_address>0x2695</run_address>
         <size>0x55</size>
         <input_file_ref idref="fl-d3"/>
      </object_component>
      <object_component id="oc-26c">
         <name>.debug_line</name>
         <load_address>0x26ea</load_address>
         <run_address>0x26ea</run_address>
         <size>0x51</size>
         <input_file_ref idref="fl-d3"/>
      </object_component>
      <object_component id="oc-262">
         <name>.debug_line</name>
         <load_address>0x273b</load_address>
         <run_address>0x273b</run_address>
         <size>0x4f</size>
         <input_file_ref idref="fl-d3"/>
      </object_component>
      <object_component id="oc-241">
         <name>.debug_line</name>
         <load_address>0x278a</load_address>
         <run_address>0x278a</run_address>
         <size>0x55</size>
         <input_file_ref idref="fl-d3"/>
      </object_component>
      <object_component id="oc-1a2">
         <name>.debug_line</name>
         <load_address>0x27df</load_address>
         <run_address>0x27df</run_address>
         <size>0x51</size>
         <input_file_ref idref="fl-d3"/>
      </object_component>
      <object_component id="oc-16d">
         <name>.debug_line</name>
         <load_address>0x2830</load_address>
         <run_address>0x2830</run_address>
         <size>0x52</size>
         <input_file_ref idref="fl-d3"/>
      </object_component>
      <object_component id="oc-179">
         <name>.debug_line</name>
[...]
      </symbol>
      <symbol id="sm-b">
         <name>__STACK_END</name>
         <value>0x20010000</value>
      </symbol>
      <symbol id="sm-c">
         <name>__c_args__</name>
         <value>0xffffffff</value>
      </symbol>
      <symbol id="sm-d">
         <name>__TI_pprof_out_hndl</name>
         <value>0xffffffff</value>
      </symbol>
      <symbol id="sm-e">
         <name>__TI_prof_data_start</name>
         <value>0xffffffff</value>
      </symbol>
      <symbol id="sm-f">
         <name>__TI_prof_data_size</name>
         <value>0xffffffff</value>
      </symbol>
      <symbol id="sm-8b">
         <name>clawMachine</name>
         <value>0x20000000</value>
      </symbol>
      <symbol id="sm-8c">
         <name>EUSCIA2_IRQHandler</name>
         <value>0xc57</value>
         <object_component_ref idref="oc-6d"/>
      </symbol>
      <symbol id="sm-8d">
         <name>main</name>
         <value>0xac9</value>
         <object_component_ref idref="oc-6d"/>
      </symbol>
      <symbol id="sm-8e">
         <name>init</name>
         <value>0xafd</value>
         <object_component_ref idref="oc-6d"/>
      </symbol>
      <symbol id="sm-8f">
         <name>TA1_0_IRQHandler</name>
         <value>0xc45</value>
         <object_component_ref idref="oc-6d"/>
      </symbol>
      <symbol id="sm-90">
         <name>configureMotorsTimer_UpMode</name>
         <value>0xadf</value>
         <object_component_ref idref="oc-6d"/>
      </symbol>
      <symbol id="sm-aa">
         <name>Reset_Handler</name>
         <value>0x1aab</value>
         <object_component_ref idref="oc-67"/>
      </symbol>
      <symbol id="sm-ab">
         <name>Default_Handler</name>
         <value>0x1ab7</value>
         <object_component_ref idref="oc-67"/>
      </symbol>
      <symbol id="sm-ac">
         <name>interruptVectors</name>
         <value>0x0</value>
         <object_component_ref idref="oc-26"/>
      </symbol>
      <symbol id="sm-f4">
         <name>SystemInit</name>
         <value>0x35d</value>
         <object_component_ref idref="oc-a5"/>
      </symbol>
      <symbol id="sm-f5">
         <name>SystemCoreClockUpdate</name>
         <value>0xe5</value>
         <object_component_ref idref="oc-a5"/>
      </symbol>
      <symbol id="sm-f6">
         <name>SystemCoreClock</name>
         <value>0x200001e0</value>
         <object_component_ref idref="oc-165"/>
      </symbol>
      <symbol id="sm-127">
         <name>interpretMovement</name>
         <value>0x75d</value>
         <object_component_ref idref="oc-b2"/>
      </symbol>
      <symbol id="sm-128">
         <name>sendToBluetooh</name>
         <value>0x69d</value>
         <object_component_ref idref="oc-b2"/>
      </symbol>
      <symbol id="sm-129">
         <name>interpretCommand</name>
         <value>0x71d</value>
         <object_component_ref idref="oc-b2"/>
      </symbol>
      <symbol id="sm-12a">
         <name>UART2Config</name>
         <value>0x1da8</value>
         <object_component_ref idref="oc-187"/>
      </symbol>
      <symbol id="sm-12b">
         <name>bluetoothHardwareInit</name>
         <value>0x6b5</value>
         <object_component_ref idref="oc-b2"/>
      </symbol>
      <symbol id="sm-12c">
         <name>motorSideSettings</name>
         <value>0x6f7</value>
         <object_component_ref idref="oc-b2"/>
      </symbol>
      <symbol id="sm-12d">
         <name>interpretTarget</name>
         <value>0x863</value>
         <object_component_ref idref="oc-b2"/>
      </symbol>
      <symbol id="sm-152">
         <name>Cart_setSpeed</name>
         <value>0x12d9</value>
         <object_component_ref idref="oc-d6"/>
      </symbol>
      <symbol id="sm-153">
         <name>Cart_INIT</name>
         <value>0x1299</value>
         <object_component_ref idref="oc-d6"/>
      </symbol>
      <symbol id="sm-154">
         <name>Cart_goTo</name>
         <value>0x1331</value>
         <object_component_ref idref="oc-d6"/>
      </symbol>
      <symbol id="sm-155">
         <name>Cart_tryMove</name>
         <value>0x12fd</value>
         <object_component_ref idref="oc-d6"/>
      </symbol>
      <symbol id="sm-18f">
         <name>Claw_INIT</name>
         <value>0x8c9</value>
         <object_component_ref idref="oc-dc"/>
      </symbol>
      <symbol id="sm-190">
         <name>Claw_setTargetMode</name>
         <value>0x951</value>
         <object_component_ref idref="oc-dc"/>
      </symbol>
      <symbol id="sm-191">
         <name>Claw_setGripperSpeed</name>
         <value>0xa25</value>
         <object_component_ref idref="oc-dc"/>
      </symbol>
      <symbol id="sm-192">
         <name>Claw_setZSpeed</name>
         <value>0xa07</value>
         <object_component_ref idref="oc-dc"/>
      </symbol>
      <symbol id="sm-193">
         <name>Claw_setXSpeed</name>
         <value>0x9d1</value>
         <object_component_ref idref="oc-dc"/>
      </symbol>
      <symbol id="sm-194">
         <name>Claw_setYSpeed</name>
         <value>0x9ed</value>
         <object_component_ref idref="oc-dc"/>
      </symbol>
      <symbol id="sm-195">
         <name>Claw_getCurrentPosition</name>
         <value>0xa43</value>
         <object_component_ref idref="oc-dc"/>
      </symbol>
      <symbol id="sm-196">
         <name>Claw_tryMove</name>
         <value>0xa65</value>
         <object_component_ref idref="oc-dc"/>
      </symbol>
      <symbol id="sm-197">
         <name>Claw_setManualMode</name>
         <value>0x9b1</value>
         <object_component_ref idref="oc-dc"/>
      </symbol>
      <symbol id="sm-198">
         <name>Claw_updateTargetValue</name>
         <value>0x933</value>
         <object_component_ref idref="oc-dc"/>
      </symbol>
      <symbol id="sm-1ad">
         <name>servoTimerPWMConfig</name>
         <value>0x200001c8</value>
         <object_component_ref idref="oc-2b1"/>
      </symbol>
      <symbol id="sm-1ae">
         <name>GPIO_setOutputOnPin</name>
         <value>0x187d</value>
         <object_component_ref idref="oc-1af"/>
      </symbol>
      <symbol id="sm-1d7">
         <name>Servo_setSpeed</name>
         <value>0xf91</value>
         <object_component_ref idref="oc-1dd"/>
      </symbol>
      <symbol id="sm-1d8">
         <name>Servo_tryMove</name>
         <value>0xfff</value>
         <object_component_ref idref="oc-1dd"/>
      </symbol>
      <symbol id="sm-1d9">
         <name>Servo_INIT</name>
         <value>0xf49</value>
         <object_component_ref idref="oc-1dd"/>
      </symbol>
      <symbol id="sm-23b">
         <name>Stepper_INIT</name>
         <value>0x46f</value>
         <object_component_ref idref="oc-d0"/>
      </symbol>
      <symbol id="sm-23c">
         <name>Stepper_shouldMoveAfterIncrement</name>
         <value>0x57f</value>
         <object_component_ref idref="oc-d0"/>
      </symbol>
      <symbol id="sm-23d">
         <name>Stepper_setSpeed</name>
         <value>0x4d5</value>
         <object_component_ref idref="oc-d0"/>
      </symbol>
      <symbol id="sm-23e">
         <name>Stepper_tryMove</name>
         <value>0x5cd</value>
         <object_component_ref idref="oc-d0"/>
      </symbol>
      <symbol id="sm-23f">
         <name>step</name>
         <value>0x419</value>
         <object_component_ref idref="oc-d0"/>
      </symbol>
      <symbol id="sm-240">
         <name>timerConfig</name>
         <value>0x1df0</value>
         <object_component_ref idref="oc-fa"/>
      </symbol>
      <symbol id="sm-24a">
         <name>__aeabi_f2ulz</name>
         <value>0x1711</value>
         <object_component_ref idref="oc-1aa"/>
      </symbol>
      <symbol id="sm-265">
         <name>memcpy</name>
         <value>0x1381</value>
         <object_component_ref idref="oc-37"/>
      </symbol>
      <symbol id="sm-266">
         <name>__aeabi_memcpy</name>
         <value>0x1381</value>
         <object_component_ref idref="oc-37"/>
      </symbol>
      <symbol id="sm-267">
         <name>__aeabi_memcpy8</name>
         <value>0x1381</value>
         <object_component_ref idref="oc-37"/>
      </symbol>
      <symbol id="sm-268">
         <name>__aeabi_memcpy4</name>
         <value>0x1381</value>
         <object_component_ref idref="oc-37"/>
      </symbol>
      <symbol id="sm-281">
         <name>__TI_zero_init_nomemset</name>
         <value>0x19ed</value>
         <object_component_ref idref="oc-43"/>
      </symbol>
      <symbol id="sm-298">
         <name>__TI_decompress_none</name>
         <value>0x1a9d</value>
         <object_component_ref idref="oc-1d"/>
      </symbol>
      <symbol id="sm-2bb">
         <name>__TI_decompress_lzss</name>
         <value>0x158d</value>
         <object_component_ref idref="oc-17"/>
      </symbol>
      <symbol id="sm-2ce">
         <name>__stack</name>
         <value>0x2000fe00</value>
         <object_component_ref idref="oc-29"/>
      </symbol>
      <symbol id="sm-2cf">
         <name>_c_int00_noargs</name>
         <value>0x18f1</value>
         <object_component_ref idref="oc-55"/>
      </symbol>
      <symbol id="sm-2f8">
         <name>__TI_auto_init_nobinit_nopinit</name>
         <value>0x17f9</value>
         <object_component_ref idref="oc-133"/>
      </symbol>
      <symbol id="sm-302">
         <name>_system_pre_init</name>
         <value>0x1ac5</value>
         <object_component_ref idref="oc-93"/>
      </symbol>
      <symbol id="sm-30e">
         <name>C$$EXIT</name>
         <value>0x1ac9</value>
         <object_component_ref idref="oc-127"/>
      </symbol>
      <symbol id="sm-30f">
         <name>abort</name>
         <value>0x1ac9</value>
         <object_component_ref idref="oc-127"/>
      </symbol>
      <symbol id="sm-345">
         <name>CS_setDCOCenteredFrequency</name>
         <value>0x18bd</value>
         <object_component_ref idref="oc-181"/>
      </symbol>
      <symbol id="sm-354">
         <name>FlashCtl_setWaitState</name>
         <value>0x17b1</value>
         <object_component_ref idref="oc-175"/>
      </symbol>
      <symbol id="sm-397">
         <name>GPIO_setOutputHighOnPin</name>
         <value>0x1951</value>
         <object_component_ref idref="oc-276"/>
      </symbol>
      <symbol id="sm-398">
         <name>GPIO_setAsOutputPin</name>
         <value>0x183d</value>
         <object_component_ref idref="oc-1a4"/>
      </symbol>
      <symbol id="sm-399">
         <name>GPIO_setOutputLowOnPin</name>
         <value>0x1979</value>
         <object_component_ref idref="oc-27c"/>
      </symbol>
      <symbol id="sm-39a">
         <name>GPIO_toggleOutputOnPin</name>
         <value>0x19a1</value>
         <object_component_ref idref="oc-282"/>
      </symbol>
      <symbol id="sm-39b">
         <name>GPIO_setAsPeripheralModuleFunctionOutputPin</name>
         <value>0x141d</value>
         <object_component_ref idref="oc-2a5"/>
      </symbol>
      <symbol id="sm-3d5">
         <name>Interrupt_enableSleepOnIsrExit</name>
         <value>0x1a6d</value>
         <object_component_ref idref="oc-be"/>
      </symbol>
      <symbol id="sm-3d6">
         <name>Interrupt_enableMaster</name>
         <value>0x1a5d</value>
         <object_component_ref idref="oc-e2"/>
      </symbol>
      <symbol id="sm-3d7">
         <name>Interrupt_enableInterrupt</name>
         <value>0x14a5</value>
         <object_component_ref idref="oc-c4"/>
      </symbol>
      <symbol id="sm-3d8">
         <name>Interrupt_disableSleepOnIsrExit</name>
         <value>0x1a4d</value>
         <object_component_ref idref="oc-f4"/>
      </symbol>
      <symbol id="sm-456">
         <name>PCM_setCoreVoltageLevel</name>
         <value>0x1a7d</value>
         <object_component_ref idref="oc-17b"/>
      </symbol>
      <symbol id="sm-457">
         <name>PCM_getCoreVoltageLevel</name>
         <value>0x1659</value>
         <object_component_ref idref="oc-2f7"/>
      </symbol>
      <symbol id="sm-458">
         <name>PCM_getPowerMode</name>
         <value>0x16b7</value>
         <object_component_ref idref="oc-2f1"/>
      </symbol>
      <symbol id="sm-459">
         <name>PCM_getPowerState</name>
         <value>0x1a39</value>
         <object_component_ref idref="oc-2fd"/>
      </symbol>
      <symbol id="sm-45a">
         <name>PCM_setPowerMode</name>
         <value>0x1a8d</value>
         <object_component_ref idref="oc-303"/>
      </symbol>
      <symbol id="sm-4a5">
         <name>Timer_A_clearCaptureCompareInterrupt</name>
         <value>0x1925</value>
         <object_component_ref idref="oc-e8"/>
      </symbol>
      <symbol id="sm-4a6">
         <name>Timer_A_initCompare</name>
         <value>0x1761</value>
         <object_component_ref idref="oc-2ab"/>
      </symbol>
      <symbol id="sm-4a7">
         <name>Timer_A_startCounter</name>
         <value>0x1a21</value>
         <object_component_ref idref="oc-ca"/>
      </symbol>
      <symbol id="sm-4a8">
         <name>Timer_A_configureUpMode</name>
         <value>0x1525</value>
         <object_component_ref idref="oc-b8"/>
      </symbol>
      <symbol id="sm-4e0">
         <name>UART_getEnabledInterruptStatus</name>
         <value>0x15f5</value>
         <object_component_ref idref="oc-ee"/>
      </symbol>
      <symbol id="sm-4e1">
         <name>UART_getInterruptStatus</name>
         <value>0x1a09</value>
         <object_component_ref idref="oc-1fc"/>
      </symbol>
      <symbol id="sm-4e2">
         <name>UART_initModule</name>
         <value>0x1075</value>
         <object_component_ref idref="oc-16f"/>
      </symbol>
      <symbol id="sm-4ee">
         <name>WDT_A_holdTimer</name>
         <value>0x19c9</value>
         <object_component_ref idref="oc-ac"/>
      </symbol>
      <symbol id="sm-4f8">
         <name>CPU_cpsie</name>
         <value>0x1ab9</value>
         <object_component_ref idref="oc-1f4"/>
      </symbol>
      <symbol id="sm-4f9">
         <name>__TI_static_base__</name>
         <value>0x0</value>
      </symbol>
      <symbol id="sm-4fc">
         <name>__mpu_init</name>
         <value>0x0</value>
      </symbol>
      <symbol id="sm-4fd">
         <name>_system_post_cinit</name>
         <value>0x0</value>
      </symbol>
      <symbol id="sm-4fe">
         <name>NMI_Handler</name>
         <value>0x1ab7</value>
      </symbol>
      <symbol id="sm-4ff">
         <name>HardFault_Handler</name>
         <value>0x1ab7</value>
      </symbol>
      <symbol id="sm-500">
         <name>MemManage_Handler</name>
         <value>0x1ab7</value>
      </symbol>
      <symbol id="sm-501">
         <name>BusFault_Handler</name>
         <value>0x1ab7</value>
      </symbol>
      <symbol id="sm-502">
         <name>UsageFault_Handler</name>
         <value>0x1ab7</value>
      </symbol>
      <symbol id="sm-503">
         <name>SVC_Handler</name>
         <value>0x1ab7</value>
      </symbol>
      <symbol id="sm-504">
         <name>DebugMon_Handler</name>
         <value>0x1ab7</value>
      </symbol>
      <symbol id="sm-505">
         <name>PendSV_Handler</name>
         <value>0x1ab7</value>
      </symbol>
      <symbol id="sm-506">
         <name>SysTick_Handler</name>
         <value>0x1ab7</value>
      </symbol>
      <symbol id="sm-507">
         <name>PSS_IRQHandler</name>
         <value>0x1ab7</value>
      </symbol>
      <symbol id="sm-508">
         <name>CS_IRQHandler</name>
         <value>0x1ab7</value>
      </symbol>
      <symbol id="sm-509">
         <name>PCM_IRQHandler</name>
         <value>0x1ab7</value>
      </symbol>
      <symbol id="sm-50a">
         <name>WDT_A_IRQHandler</name>
         <value>0x1ab7</value>
      </symbol>
      <symbol id="sm-50b">
         <name>FPU_IRQHandler</name>
         <value>0x1ab7</value>
      </symbol>
      <symbol id="sm-50c">
         <name>FLCTL_IRQHandler</name>
         <value>0x1ab7</value>
      </symbol>
      <symbol id="sm-50d">
         <name>COMP_E0_IRQHandler</name>
         <value>0x1ab7</value>
      </symbol>
      <symbol id="sm-50e">
         <name>COMP_E1_IRQHandler</name>
         <value>0x1ab7</value>
      </symbol>
      <symbol id="sm-50f">
         <name>TA0_0_IRQHandler</name>
         <value>0x1ab7</value>
      </symbol>
      <symbol id="sm-510">
         <name>TA0_N_IRQHandler</name>
         <value>0x1ab7</value>
      </symbol>
      <symbol id="sm-511">
         <name>TA1_0_IRQHandler</name>
         <value>0xc45</value>
      </symbol>
      <symbol id="sm-512">
         <name>TA1_N_IRQHandler</name>
         <value>0x1ab7</value>
      </symbol>
      <symbol id="sm-513">
         <name>TA2_0_IRQHandler</name>
         <value>0x1ab7</value>
      </symbol>
      <symbol id="sm-514">
         <name>TA2_N_IRQHandler</name>
         <value>0x1ab7</value>
      </symbol>
      <symbol id="sm-515">
         <name>TA3_0_IRQHandler</name>
         <value>0x1ab7</value>
      </symbol>
      <symbol id="sm-516">
         <name>TA3_N_IRQHandler</name>
         <value>0x1ab7</value>
      </symbol>
      <symbol id="sm-517">
         <name>EUSCIA0_IRQHandler</name>
         <value>0x1ab7</value>
      </symbol>
      <symbol id="sm-518">
         <name>EUSCIA1_IRQHandler</name>
         <value>0x1ab7</value>
      </symbol>
      <symbol id="sm-519">
         <name>EUSCIA2_IRQHandler</name>
         <value>0xc57</value>
      </symbol>
      <symbol id="sm-51a">
         <name>EUSCIA3_IRQHandler</name>
         <value>0x1ab7</value>
      </symbol>
      <symbol id="sm-51b">
         <name>EUSCIB0_IRQHandler</name>
         <value>0x1ab7</value>
      </symbol>
      <symbol id="sm-51c">
         <name>EUSCIB1_IRQHandler</name>
         <value>0x1ab7</value>
      </symbol>
      <symbol id="sm-51d">
         <name>EUSCIB2_IRQHandler</name>
         <value>0x1ab7</value>
      </symbol>
      <symbol id="sm-51e">
         <name>EUSCIB3_IRQHandler</name>
         <value>0x1ab7</value>
      </symbol>
      <symbol id="sm-51f">
         <name>ADC14_IRQHandler</name>
         <value>0x1ab7</value>
      </symbol>
      <symbol id="sm-520">
         <name>T32_INT1_IRQHandler</name>
         <value>0x1ab7</value>
      </symbol>
      <symbol id="sm-521">
         <name>T32_INT2_IRQHandler</name>
         <value>0x1ab7</value>
      </symbol>
      <symbol id="sm-522">
         <name>T32_INTC_IRQHandler</name>
         <value>0x1ab7</value>
      </symbol>
      <symbol id="sm-523">
         <name>AES256_IRQHandler</name>
         <value>0x1ab7</value>
      </symbol>
      <symbol id="sm-524">
         <name>RTC_C_IRQHandler</name>
         <value>0x1ab7</value>
      </symbol>
      <symbol id="sm-525">
         <name>DMA_ERR_IRQHandler</name>
         <value>0x1ab7</value>
      </symbol>
      <symbol id="sm-526">
         <name>DMA_INT3_IRQHandler</name>
         <value>0x1ab7</value>
      </symbol>
      <symbol id="sm-527">
         <name>DMA_INT2_IRQHandler</name>
         <value>0x1ab7</value>
      </symbol>
      <symbol id="sm-528">
         <name>DMA_INT1_IRQHandler</name>
         <value>0x1ab7</value>
      </symbol>
      <symbol id="sm-529">
         <name>DMA_INT0_IRQHandler</name>
         <value>0x1ab7</value>
      </symbol>
      <symbol id="sm-52a">
         <name>PORT1_IRQHandler</name>
         <value>0x1ab7</value>
      </symbol>
      <symbol id="sm-52b">
         <name>PORT2_IRQHandler</name>
         <value>0x1ab7</value>
      </symbol>
      <symbol id="sm-52c">
         <name>PORT3_IRQHandler</name>
         <value>0x1ab7</value>
      </symbol>
      <symbol id="sm-52d">
         <name>PORT4_IRQHandler</name>
         <value>0x1ab7</value>
      </symbol>
      <symbol id="sm-52e">
         <name>PORT5_IRQHandler</name>
         <value>0x1ab7</value>
      </symbol>
      <symbol id="sm-52f">
         <name>PORT6_IRQHandler</name>
         <value>0x1ab7</value>
      </symbol>
   </symbol_table>
   <title>Link successful</title>
</link_info>
