******************************************************************************
                  TI ARM Linker PC v20.2.7                     
******************************************************************************
>> Linked Wed Jan 31 18:59:58 2024

OUTPUT FILE NAME:   <Controller.out>
ENTRY POINT SYMBOL: "_c_int00_noargs"  address: 00002b95


MEMORY CONFIGURATION

         name            origin    length      used     unused   attr    fill
----------------------  --------  ---------  --------  --------  ----  --------
  MAIN                  00000000   00040000  00002fbd  0003d043  R  X
  INFO                  00200000   00004000  00000000  00004000  R  X
  SRAM_CODE             01000000   00010000  000009b4  0000f64c  RW X
  SRAM_DATA             20000000   00010000  000009b4  0000f64c  RW  


SEGMENT ALLOCATION MAP

run origin  load origin   length   init length attrs members
----------  ----------- ---------- ----------- ----- -------
00000000    00000000    00002fc0   00002fc0    r-x
  00000000    00000000    000000e4   000000e4    r-- .intvecs
  000000e4    000000e4    00002d48   00002d48    r-x .text
  00002e2c    00002e2c    00000101   00000101    r-- .const
  00002f30    00002f30    00000090   00000090    r-- .cinit
20000000    20000000    000007b4   00000000    rw-
  20000000    20000000    00000400   00000000    rw- .sysmem
  20000400    20000400    000001ec   00000000    rw- .data
  200005ec    200005ec    000001c8   00000000    rw- .bss
2000fe00    2000fe00    00000200   00000000    rw-
  2000fe00    2000fe00    00000200   00000000    rw- .stack


SECTION ALLOCATION MAP

 output                                  attributes/
section   page    origin      length       input sections
--------  ----  ----------  ----------   ----------------
.intvecs   0    00000000    000000e4     
                  00000000    000000e4     startup_msp432p401r_ccs.obj (.intvecs:retain)

.text      0    000000e4    00002d48     
                  000000e4    00000a4e     rtsv7M4_T_le_v4SPD16_eabi.lib : _printfi.c.obj (.text:__TI_printfi)
                  00000b32    00000002                                   : _lock.c.obj (.text:_nop)
                  00000b34    00000270                                   : _printfi.c.obj (.text:_pconv_a)
                  00000da4    000001e0     system_msp432p401r.obj (.text)
                  00000f84    000001d0     rtsv7M4_T_le_v4SPD16_eabi.lib : _printfi.c.obj (.text:_pconv_g)
                  00001154    000001b6                                   : fd_add_t2.asm.obj (.text)
                  0000130a    00000002                                   : div0.asm.obj (.text)
                  0000130c    0000013c                                   : _printfi.c.obj (.text:_pconv_e)
                  00001448    00000136                                   : fd_div_t2.asm.obj (.text)
                  0000157e    00000002     --HOLE-- [fill = 0]
                  00001580    00000124                                   : _printfi.c.obj (.text:fcvt)
                  000016a4    00000114                                   : fputs.c.obj (.text:fputs)
                  000017b8    00000110                                   : s_scalbn.c.obj (.text:scalbn)
                  000018c8    00000100                                   : memory.c.obj (.text:aligned_alloc)
                  000019c8    000000fc                                   : fd_mul_t2.asm.obj (.text)
                  00001ac4    000000e4                                   : memory.c.obj (.text:free)
                  00001ba8    000000dc                                   : setvbuf.c.obj (.text:setvbuf)
                  00001c84    000000b1                                   : _printfi.c.obj (.text:_ltostr)
                  00001d35    00000001     --HOLE-- [fill = 0]
                  00001d36    0000009c                                   : memcpy_t2.asm.obj (.text)
                  00001dd2    00000096                                   : ull_div_t2.asm.obj (.text)
                  00001e68    0000008c                                   : fputc.c.obj (.text:fputc)
                  00001ef4    00000086                                   : fd_cmp_t2.asm.obj (.text:__aeabi_cdcmple)
                  00001f7a    00000086                                   : fd_cmp_t2.asm.obj (.text:__aeabi_cdrcmple)
                  00002000    0000007c                                   : fflush.c.obj (.text:fflush)
                  0000207c    0000007a                                   : memset_t2.asm.obj (.text)
                  000020f6    00000002     --HOLE-- [fill = 0]
                  000020f8    00000074                                   : fclose.c.obj (.text:__TI_closefile)
                  0000216c    00000070                                   : memory.c.obj (.text:split)
                  000021dc    0000006e                                   : _printfi.c.obj (.text:_mcpy)
                  0000224a    00000002     --HOLE-- [fill = 0]
                  0000224c    0000006c                                   : hostrename.c.obj (.text:HOSTrename)
                  000022b8    00000068                                   : hostlseek.c.obj (.text:HOSTlseek)
                  00002320    00000068                                   : copy_decompress_lzss.c.obj (.text:decompress:lzss:__TI_decompress_lzss)
                  00002388    00000068                                   : printf.c.obj (.text:printf)
                  000023f0    00000064                                   : fprintf.c.obj (.text:fprintf)
                  00002454    00000064                                   : s_frexp.c.obj (.text:frexp)
                  000024b8    00000064                                   : fseek.c.obj (.text:fseek)
                  0000251c    00000062                                   : _io_perm.c.obj (.text:__TI_wrt_ok)
                  0000257e    00000002     --HOLE-- [fill = 0]
                  00002580    00000060                                   : hostopen.c.obj (.text:HOSTopen)
                  000025e0    0000005c                                   : close.c.obj (.text:close)
                  0000263c    0000005c     main.obj (.text)
                  00002698    00000058     rtsv7M4_T_le_v4SPD16_eabi.lib : hostread.c.obj (.text:HOSTread)
                  000026f0    00000058                                   : hostwrite.c.obj (.text:HOSTwrite)
                  00002748    00000056                                   : _printfi.c.obj (.text:_pconv_f)
                  0000279e    00000054                                   : _ltoa.c.obj (.text:__TI_ltoa)
                  000027f2    00000052                                   : _printfi.c.obj (.text:_ecpy)
                  00002844    0000004c                                   : fflush.c.obj (.text:__TI_doflush)
                  00002890    0000004c                                   : atoi.c.obj (.text:atoi)
                  000028dc    00000048                                   : exit.c.obj (.text:exit)
                  00002924    00000048                                   : fd_toi_t2.asm.obj (.text)
                  0000296c    00000044                                   : hostclose.c.obj (.text:HOSTclose)
                  000029b0    00000044                                   : hostunlink.c.obj (.text:HOSTunlink)
                  000029f4    00000044                                   : autoinit.c.obj (.text:__TI_auto_init_nobinit_nopinit:__TI_auto_init_nobinit_nopinit)
                  00002a38    00000044                                   : getdevice.c.obj (.text:getdevice)
                  00002a7c    0000003e                                   : _printfi.c.obj (.text:_fcpy)
                  00002aba    00000002     --HOLE-- [fill = 0]
                  00002abc    00000038                                   : trgmsg.c.obj (.text:__TI_writemsg)
                  00002af4    00000036                                   : strncpy.c.obj (.text:strncpy)
                  00002b2a    00000002     --HOLE-- [fill = 0]
                  00002b2c    00000034                                   : fopen.c.obj (.text:__TI_cleanup)
                  00002b60    00000034                                   : trgmsg.c.obj (.text:__TI_readmsg)
                  00002b94    00000034                                   : boot_cortex_m.c.obj (.text:_c_int00_noargs:_c_int00_noargs)
                  00002bc8    00000030                                   : getdevice.c.obj (.text:finddevice)
                  00002bf8    0000002e                                   : i_tofd_t2.asm.obj (.text)
                  00002c26    00000002     --HOLE-- [fill = 0]
                  00002c28    0000002c                                   : unlink.c.obj (.text:unlink)
                  00002c54    00000028                                   : memory.c.obj (.text:free_list_insert)
                  00002c7c    00000028                                   : lseek.c.obj (.text:lseek)
                  00002ca4    00000028                                   : write.c.obj (.text:write)
                  00002ccc    00000024     msp432p4xx_driverlib.lib : wdt_a.o (.text:WDT_A_holdTimer)
                  00002cf0    00000020     rtsv7M4_T_le_v4SPD16_eabi.lib : memchr.c.obj (.text:memchr)
                  00002d10    0000001c                                   : copy_zero_init.c.obj (.text:decompress:ZI:__TI_zero_init_nomemset:__TI_zero_init_nomemset)
                  00002d2c    0000001c                                   : memory.c.obj (.text:free_list_remove)
                  00002d48    0000001c                                   : memccpy.c.obj (.text:memccpy)
                  00002d64    0000001a                                   : s_copysign.c.obj (.text:copysign)
                  00002d7e    00000018                                   : strcmp.c.obj (.text:strcmp)
                  00002d96    00000016                                   : strchr.c.obj (.text:strchr)
                  00002dac    00000014                                   : strcpy.c.obj (.text:strcpy)
                  00002dc0    00000014                                   : strlen.c.obj (.text:strlen)
                  00002dd4    00000012                                   : wcslen.c.obj (.text:wcslen)
                  00002de6    0000000e                                   : copy_decompress_none.c.obj (.text:decompress:none:__TI_decompress_none)
                  00002df4    0000000e     startup_msp432p401r_ccs.obj (.text)
                  00002e02    00000002     --HOLE-- [fill = 0]
                  00002e04    00000008     rtsv7M4_T_le_v4SPD16_eabi.lib : errno.c.obj (.text:__aeabi_errno_addr)
                  00002e0c    00000008                                   : memory.c.obj (.text:malloc)
                  00002e14    00000004                                   : fprintf.c.obj (.text:_outc)
                  00002e18    00000004                                   : printf.c.obj (.text:_outc)
                  00002e1c    00000004                                   : fprintf.c.obj (.text:_outs)
                  00002e20    00000004                                   : printf.c.obj (.text:_outs)
                  00002e24    00000004                                   : pre_init.c.obj (.text:_system_pre_init)
                  00002e28    00000004                                   : exit.c.obj (.text:abort:abort)

.const     0    00002e2c    00000101     
                  00002e2c    00000101     rtsv7M4_T_le_v4SPD16_eabi.lib : ctype.c.obj (.const:.string:_ctypes_)

.cinit     0    00002f30    00000090     
                  00002f30    0000006b     (.cinit..data.load) [load image, compression = lzss]
                  00002f9b    00000001     --HOLE-- [fill = 0]
                  00002f9c    0000000c     (__TI_handler_table)
                  00002fa8    00000008     (.cinit..bss.load) [load image, compression = zero_init]
                  00002fb0    00000010     (__TI_cinit_table)

.init_array 
*          0    00000000    00000000     UNINITIALIZED

.binit     0    00000000    00000000     

.sysmem    0    20000000    00000400     UNINITIALIZED
                  20000000    00000010     rtsv7M4_T_le_v4SPD16_eabi.lib : memory.c.obj (.sysmem)
                  20000010    000003f0     --HOLE--

.data      0    20000400    000001ec     UNINITIALIZED
                  20000400    000000f0     rtsv7M4_T_le_v4SPD16_eabi.lib : defs.c.obj (.data:_ftable)
                  200004f0    00000078                                   : host_device.c.obj (.data:_device)
                  20000568    00000050                                   : host_device.c.obj (.data:_stream)
                  200005b8    00000010                                   : defs.c.obj (.data)
                  200005c8    0000000c                                   : exit.c.obj (.data:$O1$$)
                  200005d4    00000008                                   : _lock.c.obj (.data:$O1$$)
                  200005dc    00000008                                   : memory.c.obj (.data:$O1$$)
                  200005e4    00000004                                   : errno.c.obj (.data)
                  200005e8    00000004     system_msp432p401r.obj (.data)

.bss       0    200005ec    000001c8     UNINITIALIZED
                  200005ec    00000120     rtsv7M4_T_le_v4SPD16_eabi.lib : trgmsg.c.obj (.bss:_CIOBUF_)
                  2000070c    000000a0     (.common:__TI_tmpnams)
                  200007ac    00000008     (.common:parmbuf)

.stack     0    2000fe00    00000200     UNINITIALIZED
                  2000fe00    00000004     rtsv7M4_T_le_v4SPD16_eabi.lib : boot_cortex_m.c.obj (.stack)
                  2000fe04    000001fc     --HOLE--

__llvm_prf_cnts 
*          0    20000000    00000000     UNINITIALIZED

MODULE SUMMARY

       Module                        code    ro data   rw data
       ------                        ----    -------   -------
    .\
       system_msp432p401r.obj        480     0         8      
       startup_msp432p401r_ccs.obj   14      228       0      
       main.obj                      92      0         0      
    +--+-----------------------------+-------+---------+---------+
       Total:                        586     228       8      
                                                              
    C:/Users/angel/Desktop/EMBEDDED SYSTEMS/simplelink_msp432p4_sdk_3_40_01_02/source/ti/devices/msp432p4xx/driverlib/ccs/msp432p4xx_driverlib.lib
       wdt_a.o                       36      0         0      
    +--+-----------------------------+-------+---------+---------+
       Total:                        36      0         0      
                                                              
    C:\ti\ccs1250\ccs\tools\compiler\ti-cgt-arm_20.2.7.LTS\lib\rtsv7M4_T_le_v4SPD16_eabi.lib
       _printfi.c.obj                4851    0         0      
       defs.c.obj                    0       0         832    
       memory.c.obj                  672     0         16     
       trgmsg.c.obj                  108     0         576    
       fd_add_t2.asm.obj             438     0         0      
       host_device.c.obj             0       0         400    
       fd_div_t2.asm.obj             310     0         0      
       fputs.c.obj                   276     0         0      
       s_scalbn.c.obj                272     0         0      
       fd_cmp_t2.asm.obj             268     0         0      
       ctype.c.obj                   0       257       0      
       fd_mul_t2.asm.obj             252     0         0      
       setvbuf.c.obj                 220     0         0      
       fflush.c.obj                  200     0         0      
       memcpy_t2.asm.obj             156     0         0      
       ull_div_t2.asm.obj            150     0         0      
       fputc.c.obj                   140     0         0      
       memset_t2.asm.obj             122     0         0      
       fclose.c.obj                  116     0         0      
       getdevice.c.obj               116     0         0      
       hostopen.c.obj                96      0         16     
       printf.c.obj                  112     0         0      
       fprintf.c.obj                 108     0         0      
       hostrename.c.obj              108     0         0      
       copy_decompress_lzss.c.obj    104     0         0      
       hostlseek.c.obj               104     0         0      
       exit.c.obj                    76      0         24     
       fseek.c.obj                   100     0         0      
       s_frexp.c.obj                 100     0         0      
       _io_perm.c.obj                98      0         0      
       close.c.obj                   92      0         0      
       hostread.c.obj                88      0         0      
       hostwrite.c.obj               88      0         0      
       _ltoa.c.obj                   84      0         0      
       atoi.c.obj                    76      0         0      
       fd_toi_t2.asm.obj             72      0         0      
       autoinit.c.obj                68      0         0      
       hostclose.c.obj               68      0         0      
       hostunlink.c.obj              68      0         0      
       strncpy.c.obj                 54      0         0      
       boot_cortex_m.c.obj           52      0         0      
       fopen.c.obj                   52      0         0      
       i_tofd_t2.asm.obj             46      0         0      
       unlink.c.obj                  44      0         0      
       lseek.c.obj                   40      0         0      
       write.c.obj                   40      0         0      
       memchr.c.obj                  32      0         0      
       copy_zero_init.c.obj          28      0         0      
       memccpy.c.obj                 28      0         0      
       s_copysign.c.obj              26      0         0      
       strcmp.c.obj                  24      0         0      
       strchr.c.obj                  22      0         0      
       strcpy.c.obj                  20      0         0      
       strlen.c.obj                  20      0         0      
       _lock.c.obj                   2       0         16     
       wcslen.c.obj                  18      0         0      
       errno.c.obj                   8       0         8      
       copy_decompress_none.c.obj    14      0         0      
       pre_init.c.obj                4       0         0      
       div0.asm.obj                  2       0         0      
    +--+-----------------------------+-------+---------+---------+
       Total:                        10953   257       1888   
                                                              
       Heap:                         0       0         2048   
       Stack:                        0       0         1024   
       Linker Generated:             0       143       0      
    +--+-----------------------------+-------+---------+---------+
       Grand Total:                  11575   628       4968   


LINKER GENERATED COPY TABLES

__TI_cinit_table @ 00002fb0 records: 2, size/record: 8, table size: 16
	.data: load addr=00002f30, load size=0000006b bytes, run addr=20000400, run size=000001ec bytes, compression=lzss
	.bss: load addr=00002fa8, load size=00000008 bytes, run addr=200005ec, run size=000001c8 bytes, compression=zero_init


LINKER GENERATED HANDLER TABLE

__TI_handler_table @ 00002f9c records: 3, size/record: 4, table size: 12
	index: 0, handler: __TI_decompress_lzss
	index: 1, handler: __TI_decompress_none
	index: 2, handler: __TI_zero_init


GLOBAL SYMBOLS: SORTED ALPHABETICALLY BY Name 

address   name                           
-------   ----                           
00002e01  ADC14_IRQHandler               
00002e01  AES256_IRQHandler              
00002e01  BusFault_Handler               
00002e29  C$$EXIT                        
00002aeb  C$$IO$$                        
00002e01  COMP_E0_IRQHandler             
00002e01  COMP_E1_IRQHandler             
00002e01  CS_IRQHandler                  
00002e01  DMA_ERR_IRQHandler             
00002e01  DMA_INT0_IRQHandler            
00002e01  DMA_INT1_IRQHandler            
00002e01  DMA_INT2_IRQHandler            
00002e01  DMA_INT3_IRQHandler            
00002e01  DebugMon_Handler               
00002e01  Default_Handler                
00002e01  EUSCIA0_IRQHandler             
00002e01  EUSCIA1_IRQHandler             
00002e01  EUSCIA2_IRQHandler             
00002e01  EUSCIA3_IRQHandler             
00002e01  EUSCIB0_IRQHandler             
00002e01  EUSCIB1_IRQHandler             
00002e01  EUSCIB2_IRQHandler             
00002e01  EUSCIB3_IRQHandler             
00002e01  FLCTL_IRQHandler               
00002e01  FPU_IRQHandler                 
0000296d  HOSTclose                      
000022b9  HOSTlseek                      
00002581  HOSTopen                       
00002699  HOSTread                       
0000224d  HOSTrename                     
000029b1  HOSTunlink                     
000026f1  HOSTwrite                      
00002e01  HardFault_Handler              
00002e01  MemManage_Handler              
00002e01  NMI_Handler                    
00002e01  PCM_IRQHandler                 
00002e01  PORT1_IRQHandler               
00002e01  PORT2_IRQHandler               
00002e01  PORT3_IRQHandler               
00002e01  PORT4_IRQHandler               
00002e01  PORT5_IRQHandler               
00002e01  PORT6_IRQHandler               
00002e01  PSS_IRQHandler                 
00002e01  PendSV_Handler                 
00002e01  RTC_C_IRQHandler               
00002df5  Reset_Handler                  
00002e01  SVC_Handler                    
00002e01  SysTick_Handler                
200005e8  SystemCoreClock                
00000dfb  SystemCoreClockUpdate          
00000da5  SystemInit                     
00002e01  T32_INT1_IRQHandler            
00002e01  T32_INT2_IRQHandler            
00002e01  T32_INTC_IRQHandler            
00002e01  TA0_0_IRQHandler               
00002e01  TA0_N_IRQHandler               
00002e01  TA1_0_IRQHandler               
00002e01  TA1_N_IRQHandler               
00002e01  TA2_0_IRQHandler               
00002e01  TA2_N_IRQHandler               
00002e01  TA3_0_IRQHandler               
00002e01  TA3_N_IRQHandler               
00002e01  UsageFault_Handler             
4000480c  WDTCTL_SYM                     
00002e01  WDT_A_IRQHandler               
00002ccd  WDT_A_holdTimer                
200005ec  __CIOBUF_                      
20010000  __STACK_END                    
00000200  __STACK_SIZE                   
00000400  __SYSMEM_SIZE                  
00002fb0  __TI_CINIT_Base                
00002fc0  __TI_CINIT_Limit               
00002f9c  __TI_Handler_Table_Base        
00002fa8  __TI_Handler_Table_Limit       
000029f5  __TI_auto_init_nobinit_nopinit 
00002b2d  __TI_cleanup                   
200005c8  __TI_cleanup_ptr               
000020f9  __TI_closefile                 
00002321  __TI_decompress_lzss           
00002de7  __TI_decompress_none           
00002845  __TI_doflush                   
200005cc  __TI_dtors_ptr                 
200005d0  __TI_enable_exit_profile_output
200005b8  __TI_ft_end                    
0000279f  __TI_ltoa                      
ffffffff  __TI_pprof_out_hndl            
000000e5  __TI_printfi                   
ffffffff  __TI_prof_data_size            
ffffffff  __TI_prof_data_start           
00002b61  __TI_readmsg                   
00000000  __TI_static_base__             
2000070c  __TI_tmpnams                   
00002abd  __TI_writemsg                  
0000251d  __TI_wrt_ok                    
00002d11  __TI_zero_init_nomemset        
00001ef5  __aeabi_cdcmpeq                
00001ef5  __aeabi_cdcmple                
00001f7b  __aeabi_cdrcmple               
00002925  __aeabi_d2iz                   
0000115f  __aeabi_dadd                   
00001449  __aeabi_ddiv                   
000019c9  __aeabi_dmul                   
00001155  __aeabi_dsub                   
00002e05  __aeabi_errno_addr             
00002bf9  __aeabi_i2d                    
0000130b  __aeabi_idiv0                  
0000130b  __aeabi_ldiv0                  
0000207d  __aeabi_memclr                 
0000207d  __aeabi_memclr4                
0000207d  __aeabi_memclr8                
00001d37  __aeabi_memcpy                 
00001d37  __aeabi_memcpy4                
00001d37  __aeabi_memcpy8                
0000207f  __aeabi_memset                 
0000207f  __aeabi_memset4                
0000207f  __aeabi_memset8                
200005c4  __aeabi_stderr                 
200005bc  __aeabi_stdin                  
200005c0  __aeabi_stdout                 
00001dd3  __aeabi_uldivmod               
ffffffff  __binit__                      
ffffffff  __c_args__                     
UNDEFED   __mpu_init                     
2000fe00  __stack                        
20000000  __start___llvm_prf_cnts        
20000000  __stop___llvm_prf_cnts         
00002b95  _c_int00_noargs                
00002e2c  _ctypes_                       
200004f0  _device                        
20000400  _ftable                        
200005d4  _lock                          
00000b33  _nop                           
20000568  _stream                        
20000000  _sys_memory                    
UNDEFED   _system_post_cinit             
00002e25  _system_pre_init               
200005d8  _unlock                        
00002e29  abort                          
000018c9  aligned_alloc                  
00002891  atoi                           
ffffffff  binit                          
000025e1  close                          
00002d65  copysign                       
00002d65  copysignl                      
200005e4  errno                          
000028dd  exit                           
00002001  fflush                         
00002bc9  finddevice                     
000023f1  fprintf                        
00001e69  fputc                          
000016a5  fputs                          
00001ac5  free                           
00002455  frexp                          
00002455  frexpl                         
000024b9  fseek                          
00002a39  getdevice                      
00000000  interruptVectors               
000017b9  ldexp                          
000017b9  ldexpl                         
00002c7d  lseek                          
0000263d  main                           
00002e0d  malloc                         
000018c9  memalign                       
00002d49  memccpy                        
00002cf1  memchr                         
00001d37  memcpy                         
00002085  memset                         
200007ac  parmbuf                        
00002389  printf                         
00001e69  putc                           
00002c29  remove                         
000017b9  scalbn                         
000017b9  scalbnl                        
00001ba9  setvbuf                        
00002d97  strchr                         
00002d7f  strcmp                         
00002dad  strcpy                         
00002dc1  strlen                         
00002af5  strncpy                        
00002c29  unlink                         
00002dd5  wcslen                         
00002ca5  write                          


GLOBAL SYMBOLS: SORTED BY Symbol Address 

address   name                           
-------   ----                           
00000000  __TI_static_base__             
00000000  interruptVectors               
000000e5  __TI_printfi                   
00000200  __STACK_SIZE                   
00000400  __SYSMEM_SIZE                  
00000b33  _nop                           
00000da5  SystemInit                     
00000dfb  SystemCoreClockUpdate          
00001155  __aeabi_dsub                   
0000115f  __aeabi_dadd                   
0000130b  __aeabi_idiv0                  
0000130b  __aeabi_ldiv0                  
00001449  __aeabi_ddiv                   
000016a5  fputs                          
000017b9  ldexp                          
000017b9  ldexpl                         
000017b9  scalbn                         
000017b9  scalbnl                        
000018c9  aligned_alloc                  
000018c9  memalign                       
000019c9  __aeabi_dmul                   
00001ac5  free                           
00001ba9  setvbuf                        
00001d37  __aeabi_memcpy                 
00001d37  __aeabi_memcpy4                
00001d37  __aeabi_memcpy8                
00001d37  memcpy                         
00001dd3  __aeabi_uldivmod               
00001e69  fputc                          
00001e69  putc                           
00001ef5  __aeabi_cdcmpeq                
00001ef5  __aeabi_cdcmple                
00001f7b  __aeabi_cdrcmple               
00002001  fflush                         
0000207d  __aeabi_memclr                 
0000207d  __aeabi_memclr4                
0000207d  __aeabi_memclr8                
0000207f  __aeabi_memset                 
0000207f  __aeabi_memset4                
0000207f  __aeabi_memset8                
00002085  memset                         
000020f9  __TI_closefile                 
0000224d  HOSTrename                     
000022b9  HOSTlseek                      
00002321  __TI_decompress_lzss           
00002389  printf                         
000023f1  fprintf                        
00002455  frexp                          
00002455  frexpl                         
000024b9  fseek                          
0000251d  __TI_wrt_ok                    
00002581  HOSTopen                       
000025e1  close                          
0000263d  main                           
00002699  HOSTread                       
000026f1  HOSTwrite                      
0000279f  __TI_ltoa                      
00002845  __TI_doflush                   
00002891  atoi                           
000028dd  exit                           
00002925  __aeabi_d2iz                   
0000296d  HOSTclose                      
000029b1  HOSTunlink                     
000029f5  __TI_auto_init_nobinit_nopinit 
00002a39  getdevice                      
00002abd  __TI_writemsg                  
00002aeb  C$$IO$$                        
00002af5  strncpy                        
00002b2d  __TI_cleanup                   
00002b61  __TI_readmsg                   
00002b95  _c_int00_noargs                
00002bc9  finddevice                     
00002bf9  __aeabi_i2d                    
00002c29  remove                         
00002c29  unlink                         
00002c7d  lseek                          
00002ca5  write                          
00002ccd  WDT_A_holdTimer                
00002cf1  memchr                         
00002d11  __TI_zero_init_nomemset        
00002d49  memccpy                        
00002d65  copysign                       
00002d65  copysignl                      
00002d7f  strcmp                         
00002d97  strchr                         
00002dad  strcpy                         
00002dc1  strlen                         
00002dd5  wcslen                         
00002de7  __TI_decompress_none           
00002df5  Reset_Handler                  
00002e01  ADC14_IRQHandler               
00002e01  AES256_IRQHandler              
00002e01  BusFault_Handler               
00002e01  COMP_E0_IRQHandler             
00002e01  COMP_E1_IRQHandler             
00002e01  CS_IRQHandler                  
00002e01  DMA_ERR_IRQHandler             
00002e01  DMA_INT0_IRQHandler            
00002e01  DMA_INT1_IRQHandler            
00002e01  DMA_INT2_IRQHandler            
00002e01  DMA_INT3_IRQHandler            
00002e01  DebugMon_Handler               
00002e01  Default_Handler                
00002e01  EUSCIA0_IRQHandler             
00002e01  EUSCIA1_IRQHandler             
00002e01  EUSCIA2_IRQHandler             
00002e01  EUSCIA3_IRQHandler             
00002e01  EUSCIB0_IRQHandler             
00002e01  EUSCIB1_IRQHandler             
00002e01  EUSCIB2_IRQHandler             
00002e01  EUSCIB3_IRQHandler             
00002e01  FLCTL_IRQHandler               
00002e01  FPU_IRQHandler                 
00002e01  HardFault_Handler              
00002e01  MemManage_Handler              
00002e01  NMI_Handler                    
00002e01  PCM_IRQHandler                 
00002e01  PORT1_IRQHandler               
00002e01  PORT2_IRQHandler               
00002e01  PORT3_IRQHandler               
00002e01  PORT4_IRQHandler               
00002e01  PORT5_IRQHandler               
00002e01  PORT6_IRQHandler               
00002e01  PSS_IRQHandler                 
00002e01  PendSV_Handler                 
00002e01  RTC_C_IRQHandler               
00002e01  SVC_Handler                    
00002e01  SysTick_Handler                
00002e01  T32_INT1_IRQHandler            
00002e01  T32_INT2_IRQHandler            
00002e01  T32_INTC_IRQHandler            
00002e01  TA0_0_IRQHandler               
00002e01  TA0_N_IRQHandler               
00002e01  TA1_0_IRQHandler               
00002e01  TA1_N_IRQHandler               
00002e01  TA2_0_IRQHandler               
00002e01  TA2_N_IRQHandler               
00002e01  TA3_0_IRQHandler               
00002e01  TA3_N_IRQHandler               
00002e01  UsageFault_Handler             
00002e01  WDT_A_IRQHandler               
00002e05  __aeabi_errno_addr             
00002e0d  malloc                         
00002e25  _system_pre_init               
00002e29  C$$EXIT                        
00002e29  abort                          
00002e2c  _ctypes_                       
00002f9c  __TI_Handler_Table_Base        
00002fa8  __TI_Handler_Table_Limit       
00002fb0  __TI_CINIT_Base                
00002fc0  __TI_CINIT_Limit               
20000000  __start___llvm_prf_cnts        
20000000  __stop___llvm_prf_cnts         
20000000  _sys_memory                    
20000400  _ftable                        
200004f0  _device                        
20000568  _stream                        
200005b8  __TI_ft_end                    
200005bc  __aeabi_stdin                  
200005c0  __aeabi_stdout                 
200005c4  __aeabi_stderr                 
200005c8  __TI_cleanup_ptr               
200005cc  __TI_dtors_ptr                 
200005d0  __TI_enable_exit_profile_output
200005d4  _lock                          
200005d8  _unlock                        
200005e4  errno                          
200005e8  SystemCoreClock                
200005ec  __CIOBUF_                      
2000070c  __TI_tmpnams                   
200007ac  parmbuf                        
2000fe00  __stack                        
20010000  __STACK_END                    
4000480c  WDTCTL_SYM                     
ffffffff  __TI_pprof_out_hndl            
ffffffff  __TI_prof_data_size            
ffffffff  __TI_prof_data_start           
ffffffff  __binit__                      
ffffffff  __c_args__                     
ffffffff  binit                          
UNDEFED   __mpu_init                     
UNDEFED   _system_post_cinit             

[182 symbols]
